# n +  89Y : Direct Capture to  90Y 
# Q-value    = 6.85703E+00 mass=  89.907142 Emax=   6.857032
# # transitions from   0.5- GS to  90Y  levels: 32
# # energies =     4
#    E         xs                     xs(E1)      xs(E2)      xs(M1)     xs(tot)
 1.00000E-06 1.39696E+01             1.39693E+01 4.92122E-06 2.78114E-04 3.10864E+04
 1.00000E-05 4.42199E+00             4.42189E+00 1.55655E-06 9.33826E-05 4.11486E+03
 1.00000E-04 1.41232E+00             1.41227E+00 4.93251E-07 4.67228E-05 5.70682E+02
 1.00000E-03 4.90883E-01             4.90813E-01 1.59238E-07 6.93072E-05 1.45290E+02
 2.00000E-03 3.82056E-01             3.81964E-01 1.15172E-07 9.20999E-05 9.24001E+01
 4.00000E-03 3.19963E-01             3.19836E-01 8.51105E-08 1.26622E-04 5.47637E+01
 7.00000E-03 2.99068E-01             2.98901E-01 6.85624E-08 1.66506E-04 3.45662E+01
 1.00000E-02 2.98803E-01             2.98604E-01 6.09601E-08 1.99605E-04 2.55634E+01
 2.00000E-02 3.29564E-01             3.29276E-01 5.19032E-08 2.88805E-04 1.44737E+01
 4.00000E-02 4.12807E-01             4.12376E-01 5.02168E-08 4.31659E-04 9.09012E+00
 7.00000E-02 5.39893E-01             5.39273E-01 5.53813E-08 6.20693E-04 6.98246E+00
 1.00000E-01 6.66136E-01             6.65333E-01 6.30444E-08 8.03004E-04 6.22629E+00
 2.00000E-01 1.07106E+00             1.06966E+00 9.32274E-08 1.40244E-03 5.64638E+00
 3.00000E-01 1.36801E+00             1.36612E+00 1.18697E-07 1.88847E-03 5.47345E+00
 4.00000E-01 1.45803E+00             1.45592E+00 1.28771E-07 2.10269E-03 5.25744E+00
 5.00000E-01 1.36488E+00             1.36283E+00 1.23526E-07 2.04672E-03 4.99574E+00
 6.00000E-01 1.18847E+00             1.18662E+00 1.10406E-07 1.84775E-03 4.75756E+00
 7.00000E-01 1.00458E+00             1.00297E+00 9.57473E-08 1.61646E-03 4.58946E+00
 8.00000E-01 8.44814E-01             8.43408E-01 8.24888E-08 1.40602E-03 4.50669E+00
 9.00000E-01 7.15054E-01             7.13822E-01 7.13867E-08 1.23181E-03 4.50299E+00
 1.00000E+00 6.12026E-01             6.10932E-01 6.23391E-08 1.09416E-03 3.27760E+00
 1.20000E+00 4.65480E-01             4.64567E-01 4.90327E-08 9.13495E-04 3.00158E+00
 1.40000E+00 3.70938E-01             3.70093E-01 4.00744E-08 8.45057E-04 2.97112E+00
 1.60000E+00 3.07803E-01             3.06893E-01 3.38214E-08 9.10894E-04 2.66808E+00
 1.80000E+00 2.65195E-01             2.63982E-01 2.93129E-08 1.21320E-03 2.27456E+00
 2.00000E+00 2.38029E-01             2.36056E-01 2.59774E-08 1.97362E-03 1.91662E+00
 2.20000E+00 2.21345E-01             2.18237E-01 2.34599E-08 3.10795E-03 1.88541E+00
 2.40000E+00 2.02520E-01             1.99239E-01 2.15296E-08 3.28061E-03 1.81226E+00
 2.60000E+00 1.80947E-01             1.78424E-01 2.00305E-08 2.52341E-03 1.80545E+00
 2.80000E+00 1.63373E-01             1.61509E-01 1.88517E-08 1.86404E-03 1.75826E+00
 3.00000E+00 1.49990E-01             1.48542E-01 1.79150E-08 1.44817E-03 1.69572E+00
 3.20000E+00 1.39562E-01             1.38374E-01 1.71637E-08 1.18776E-03 1.58883E+00
 3.40000E+00 1.31216E-01             1.30200E-01 1.65573E-08 1.01653E-03 1.38195E+00
 3.60000E+00 1.24419E-01             1.23521E-01 1.60667E-08 8.97955E-04 1.28206E+00
 3.80000E+00 1.18834E-01             1.18022E-01 1.56728E-08 8.12204E-04 1.15818E+00
 4.00000E+00 1.14234E-01             1.13486E-01 1.53617E-08 7.47953E-04 1.07252E+00
 4.20000E+00 1.10462E-01             1.09763E-01 1.51253E-08 6.98462E-04 8.36503E-01
 4.40000E+00 1.07397E-01             1.06738E-01 1.49574E-08 6.59451E-04 6.62380E-01
 4.60000E+00 1.04950E-01             1.04322E-01 1.48534E-08 6.28149E-04 5.58321E-01
 4.80000E+00 1.03048E-01             1.02445E-01 1.48090E-08 6.02655E-04 4.82955E-01
 5.00000E+00 1.01631E-01             1.01050E-01 1.48192E-08 5.81631E-04 4.42719E-01
