
    TALYS-2.0 (Version: December 29, 2023)

 Copyright (C) 2023  A.J. Koning, S. Hilaire and S. Goriely

 Dimensions - Cross sections: mb, Energies: MeV, Angles: degrees

 ########## USER INPUT ##########

 USER INPUT FILE

 #
 # n-nb093-14mev-structure
 #
 # general
 #
 projectile n
 element nb
 mass 93
 energy 14.
 #
 # output
 #
 outlevels y
 outdensity y
 outgamma y
 filepsf y

 USER INPUT FILE + DEFAULTS

 Keyword           Value   Variable     Explanation

 #
 # Four main keywords
 #
 projectile          n     ptype0       type of incident particle
 element            Nb     Starget      symbol of target nucleus
 mass               93     mass         mass number of target nucleus
 energy             14.000 eninc        incident energy in MeV
 #
 # Basic physical and numerical parameters
 #
 ejectiles g n p d t h a   outtype      outgoing particles
 maxz               12     maxZ         maximal number of protons from the initial compound nucleus
 maxn               32     maxN         maximal number of neutrons from the initial compound nucleus
 bins               40     nbins        number of continuum excitation energy bins
 equidistant         y     flagequi     flag to use equidistant excitation bins instead of logarithmic bins
 equispec            n     flagequispec flag to use equidistant bins for emission spectra
 popmev              n     flagpopmev   flag to use initial population per MeV instead of histograms
 segment             1     segment      number of segments to divide emission energy grid
 maxlevelstar       30     nlevmax      maximum number of included discrete levels for target
 maxlevelsres       10     nlevmaxres   maximum number of included discrete levels for residual nucleus
 maxlevelsbin g     10     nlevbin      maximum number of included discrete levels for gamma    channel
 maxlevelsbin n     30     nlevbin      maximum number of included discrete levels for neutron  channel
 maxlevelsbin p     10     nlevbin      maximum number of included discrete levels for proton   channel
 maxlevelsbin d      5     nlevbin      maximum number of included discrete levels for deuteron channel
 maxlevelsbin t      5     nlevbin      maximum number of included discrete levels for triton   channel
 maxlevelsbin h      5     nlevbin      maximum number of included discrete levels for helium-3 channel
 maxlevelsbin a     10     nlevbin      maximum number of included discrete levels for alpha    channel
 ltarget             0     ltarget      excited level of target
 isomer           1.00E+00 isomer       definition of isomer in seconds
 transpower          5     transpower   power for transmission coefficient limit
 transeps         1.00E-08 transeps     limit for transmission coefficient
 xseps            1.00E-07 xseps        limit for cross sections
 popeps           1.00E-03 popeps       limit for population cross section per nucleus
 Rfiseps          1.00E-03 Rfiseps      ratio for limit for fission cross section per nucleus
 elow             1.00E-06 elow         minimal incident energy for nuclear model calculations
 angles             90     nangle       number of angles
 anglescont         18     nanglecont   number of angles for continuum
 anglesrec           1     nanglerec    number of recoil angles
 maxenrec           20     maxenrec     number of recoil energies
 channels            n     flagchannels flag for exclusive channels calculation
 maxchannel          4     maxchannel   maximal number of outgoing particles in individual channel description
 micro               n     flagmicro    flag for completely microscopic Talys calculation
 best                n     flagbest     flag to use best set of adjusted parameters
 bestbranch          y     flagbestbr   flag to use flag to use only best set of branching ratios
 bestend             n     flagbestend  flag to put best set of parameters at end of input file
 relativistic        y     flagrel      flag for relativistic kinematics
 recoil              n     flagrecoil   flag for calculation of recoils
 labddx              n     flaglabddx   flag for calculation of DDX in LAB system
 recoilaverage       n     flagrecoilav flag for average velocity in recoil calculation
 channelenergy       n     flagEchannel flag for channel energy for emission spectrum
 reaction            y     flagreaction flag for calculation of nuclear reactions
 fit                 n     flagfit      flag to use automatically fitted parameters
 ngfit               n     flagngfit    flag for using fitted (n,g) nuclear model parameters
 nffit               n     flagnffit    flag for using fitted (n,f) nuclear model parameters
 nnfit               n     flagnnfit    flag for using fitted (n,n), (n,2n) and (n,p) nuclear model parameters
 nafit               n     flagnafit    flag for using fitted (n,a) nuclear model parameters
 pnfit               n     flagpnfit    flag for using fitted (p,n) nuclear model parameters
 dnfit               n     flagdnfit    flag for using fitted (d,n) nuclear model parameters
 gnfit               n     flaggnfit    flag for using fitted (g,n) nuclear model parameters
 anfit               n     flaganfit    flag for using fitted (a,n) nuclear model parameters
 gamgamfit           n    flaggamgamfit flag for using fitted Gamma_gamma nuclear model parameters
 macsfit             n     flagmacsfit  flag for using fitted MACS nuclear model parameters
 astro               n     flagastro    flag for calculation of astrophysics reaction rate
 astrogs             n     flagastrogs  flag for calculation of astrophysics reaction rate with target in ground state only
 astroex             n     flagastroex  flag for calculation of astrophysics reaction rate to long-lived excited states
 nonthermlev        -1     nonthermlev  excited level non-thermalized in the calculation of astrophysics rate
 massmodel           2     massmodel    model for theoretical nuclear mass
 expmass             y     flagexpmass  flag for using experimental nuclear mass if available
 disctable           1     disctable    table with discrete levels
 production          n     flagprod     flag for isotope production
 outfy               n     flagoutfy    flag for output detailed fission yield calculation
 gefran          50000     gefran       number of random events for GEF calculation
 Estop            1000.000 Estop        incident energy above which TALYS stops
 rpevap              n     flagrpevap   flag for evaporation of residual products at high incident energies
 maxZrp             12     maxZrp       maximal number of protons from the initial compound nucleus before residual evaporation
 maxNrp             32     maxNrp       maximal number of neutrons from the initial compound nucleus before residual evaporation
 user      Arjan Koning    user         user for this calculation
 source    TALYS-2.0       source       source for this calculation
 format    YANDF-0.1       oformat      format for output
 #
 # Optical model
 #
 localomp            y     flaglocalomp flag for local (y) or global (n) optical model
 dispersion          n     flagdisp     flag for dispersive optical model
 jlmomp              n     flagjlm      flag for using semi-microscopic JLM OMP
 riplomp             n     flagriplomp  flag for RIPL OMP
 riplrisk            n     flagriplrisk flag for going outside RIPL mass validity range
 optmodall           n     flagompall   flag for new optical model calculation for all residual nuclei
 incadjust           y     flagincadj   flag for OMP adjustment on incident channel also
 omponly             n     flagomponly  flag to execute ONLY an optical model calculation
 autorot             n     flagautorot  flag for automatic rotational coupled channels calculations for A > 150
 spherical           n     flagspher    flag to force spherical optical model
 soukho              y     flagsoukho   flag for Soukhovitskii OMP for actinides
 coulomb             y     flagcoulomb  flag for Coulomb excitation calculation with ECIS
 statepot            n     flagstate    flag for optical model potential for each excited state
 maxband             0     maxband      highest vibrational band added to rotational model
 maxrot              2     maxrot       number of included excited rotational levels
 sysreaction               sysreaction  particles with reaction cross section from systematics
 rotational                rotational   particles with possible rotational optical model
 core               -1     core         even-even core for weakcoupling (-1 or 1)
 ecissave            n     flagecissave flag for saving ECIS input and output files
 eciscalc            y     flageciscalc flag for new ECIS calculation for outgoing particles and energy grid
 inccalc             y     flaginccalc  flag for new ECIS calculation for incident channel
 endfecis            y     flagendfecis flag for new ECIS calculation for ENDF-6 files
 radialmodel         2     radialmodel  model for radial matter densities (JLM OMP only)
 jlmmode             0     jlmmode      option for JLM imaginary potential normalization
 alphaomp            6     alphaomp     alpha OMP (1=normal, 2= McFadden-Satchler, 3-5= folding potential, 6,8= Avrigeanu, 7=Nolte)
 deuteronomp         4     deuteronomp  deuteron OMP (1=normal, 2=Daehnick, 3=Bojowald, 4=Han-Shi-Shen, 5=An-Cai)
 #
 # Compound nucleus
 #
 widthfluc           n     flagwidth    flag for width fluctuation calculation
 widthmode           1     wmode        designator for width fluctuation model
 WFCfactor           1     WFCfactor    enhancement factor for WFC: 1: Original, 2: Ernebjerg and Herman
 compound            y     flagcomp     flag for compound nucleus model
 fullhf              n     flagfullhf   flag for full spin dependence of transmission coefficients
 eciscompound        n     flageciscomp flag for compound nucleus calculation by ECIS
 cpang               n     flagcpang    flag for compound angular distribution calculation for incident charged particles
 urr                 n     flagurr      flag for URR calculation
 urrnjoy             n     flagurrnjoy  flag for normalization of URR parameters with NJOY method
 lurr                2     lurr         maximal orbital angular momentum for URR
 #
 # Gamma emission
 #
 gammax              2     gammax       number of l-values for gamma multipolarity
 strength            9     strength     model for E1 gamma-ray strength function
 strengthM1          3     strengthM1   model for M1 gamma-ray strength function
 electronconv        y     flagelectron flag for application of electron conversion coefficient
 racap               n     flagracap    flag for radiative capture model
 ldmodelracap        3     ldmodelracap level density model for direct radiative capture
 upbend              y     flagupbend   flag for low-energy upbend of photon strength function
 psfglobal           n    flagpsfglobal flag for global photon strength functions only
 gnorm               n     flaggnorm    flag to normalize PSF to average radiative width
 #
 # Pre-equilibrium
 #
 preequilibrium      y     flagpreeq    flag for pre-equilibrium calculation
 preeqmode           2     preeqmode    designator for pre-equilibrium model
 multipreeq          n     flagmulpre   flag for multiple pre-equilibrium calculation
 mpreeqmode          2     mpreeqmode   designator for multiple pre-equilibrium model
 breakupmodel        1     breakupmodel model for break-up reaction: 1. Kalbach 2. Avrigeanu
 phmodel             1     phmodel      particle-hole state density model
 pairmodel           2     pairmodel    designator for pre-equilibrium pairing model
 preeqspin           1     pespinmodel  model for pre-equilibrium spin distribution
 giantresonance      y     flaggiant    flag for collective contribution from giant resonances
 preeqsurface        y     flagsurface  flag for surface effects in exciton model
 preeqcomplex        y     flagpecomp   flag for Kalbach complex particle emission model
 twocomponent        y     flag2comp    flag for two-component pre-equilibrium model
 ecisdwba            y     flagecisdwba flag for new ECIS calculation for DWBA for MSD
 onestep             n     flagonestep  flag for continuum one-step direct only
 #
 # Level densities
 #
 ldmodel             1     ldmodelall   level density model
 ldmodelCN           1     ldmodelCN    level density model for compound nucleus
 shellmodel          1     shellmodel   model for shell correction energies
 kvibmodel           2     kvibmodel    model for vibrational enhancement
 spincutmodel        1     spincutmodel model for spin cutoff factor for ground state
 asys                n     flagasys     flag for all level density parameters a from systematics
 parity              n     flagparity   flag for non-equal parity distribution
 colenhance          n     flagcolall   flag for collective enhancement of level density for all nuclides
 ctmglobal           n     flagctmglob  flag for global CTM model (no discrete level info)
 gshell              n     flaggshell   flag for energy dependence of single particle level density parameter g
 colldamp            n     flagcolldamp flag for damping of collective effects in effective level density
 #
 # Fission
 #
 fission             n     flagfission  flag for fission
 fismodel            3     fismodel     fission model
 fismodelalt         3     fismodelalt  alternative fission model for default barriers
 hbstate             n     flaghbstate  flag for head band states in fission
 class2              n     flagclass2   flag for class2 states in fission
 fispartdamp         n  flagfispartdamp flag for fission partial damping
 massdis             n     flagmassdis  flag for calculation of fission fragment mass yields
 ffevaporation       y     flagffevap   flag for calculation of particle evaporation from fission fragment mass yields
 fisfeed             n     flagfisfeed  flag for output of fission per excitation bin
 fymodel             2     fymodel      fission yield model, 1: Brosa 2: GEF
 ffmodel             1     ffmodel      fission fragment model, 1: GEF 2: HF3D (Okumura) 3: SPY 4: Langevin-4D 0: own files
 pfnsmodel           1     pfnsmodel    PFNS model, 1: Iwamoto 2: from FF decay
 ffspin              n     flagffspin   flag to use spin distribution in initial FF population
 #
 # Output
 #
 outmain             y     flagmain     flag for main output
 outbasic            n     flagbasic    flag for output of basic information and results
 outall              n     flagoutall   flag for output of all data in main output file
 outpopulation       n     flagpop      flag for output of population
 outcheck            n     flagcheck    flag for output of numerical checks
 outlevels           y     flaglevels   flag for output of discrete level information
 outdensity          y     flagdensity  flag for output of level densities
 outomp              n     flagoutomp   flag for output of optical model parameters
 outkd               n     flagoutkd    flag for output of KD03 OMP parameters
 outdirect           n     flagdirect   flag for output of direct reaction results
 outinverse          n     flaginverse  flag for output of transmission coefficients and inverse reaction cross sections
 outdecay            n     flagdecay    flag for output of decay of each population bin
 outtransenergy      y     flagtransen  flag for output of transmission coefficients per energy
 outecis             n     flagoutecis  flag for output of ECIS results
 outgamma            y     flaggamma    flag for output of gamma-ray information
 outpreequilibrium   n     flagpeout    flag for output of pre-equilibrium results 
 outfission          n     flagfisout   flag for output of fission information
 outdiscrete         n     flagdisc     flag for output of discrete state cross sections
 outspectra          n     flagspec     flag for output of double-differential cross sections
 outbinspectra       n     flagbinspec  flag for output of emission spectrum per excitation bin
 resonance           n     flagres      flag for output of low energy resonance cross sections
 group               n     flaggroup    flag for output of low energy groupwise cross sections
 adddiscrete         y     flagadd      flag for addition of discrete states to spectra
 addelastic          y     flagaddel    flag for addition of elastic peak to spectra
 outangle            n     flagang      flag for output of angular distributions
 outlegendre         n     flaglegendre flag for output of Legendre coefficients
 ddxmode             0     ddxmode      mode for double-differential cross sections
 outdwba             n     flagoutdwba  flag for output of DWBA cross sections for MSD
 outgamdis           n     flaggamdis   flag for output of discrete gamma-ray intensities
 outexcitation       n     flagexc      flag for output of excitation functions
 components          n     flagcompo    flag for output of cross section components
 endf                n     flagendf     flag for information for ENDF-6 file
 endfdetail          y     flagendfdet  flag for detailed ENDF-6 information per channel
 sacs                n     flagsacs     flag for statistical analysis of cross sections
 partable            n     flagpartable flag for output of model parameters on separate file
 block               n     flagblock    flag to block spectra, angle and gamma files

 ########## BASIC REACTION PARAMETERS ##########

 Projectile           : neutron     Mass in a.m.u.      :   1.008665
 Target               : Nb93        Mass in a.m.u.      :  92.906373

 Included channels:
                     gamma   
                     neutron 
                     proton  
                     deuteron
                     triton  
                     helium-3
                     alpha   

     1 incident energy (LAB):

     14.000

 Q-values for binary reactions:

 Q(n,g):  7.22755
 Q(n,n):  0.00000
 Q(n,p):  0.69154
 Q(n,d): -3.81821
 Q(n,t): -6.19572
 Q(n,h): -7.72140
 Q(n,a):  4.93048

 NUCLEAR STRUCTURE INFORMATION FOR Z= 41 N= 52 ( 93Nb) 

 Mass in a.m.u.     :  92.906373

 Separation energies:

 Particle        S         

 neutron      8.83087
 proton       6.04279
 deuteron    12.45297
 triton      13.39009
 helium-3    15.64713
 alpha        1.92655

 Discrete levels of Z= 41 N= 52 ( 93Nb) 

 Number  Energy Spin Parity  Branching Ratio (%) Lifetime(sec) Assignment        ENSDF

   0     0.0000  4.5   +                                                          9/2+*
   1     0.0308  0.5   -                           5.087E+08                       1/2-
                               --->  0  100.0000                   
   2     0.6868  1.5   -                                                           3/2-
                               --->  1  100.0000                   
   3     0.7440  3.5   +                                                           7/2+
                               --->  0  100.0000                   
   4     0.8088  2.5   +                                                           5/2+
                               --->  3    2.1580                   
                               --->  0   97.8420                   
   5     0.8103  2.5   -                                                           5/2-
                               --->  2    1.3149                   
                               --->  1   98.6851                   
   6     0.9498  6.5   +                                                          13/2+
                               --->  0  100.0000                   
   7     0.9700  1.5   -                                           J          1/2-,3/2-
                               --->  0  100.0000                  B
   8     0.9789  5.5   +                                                          11/2+
                               --->  0  100.0000                   
   9     1.0827  4.5   +                                                           9/2+
                               --->  8    9.6228                   
                               --->  3   67.0954                   
                               --->  0   23.2819                   
  10     1.1271  2.5   +                                           J        3/2,5/2,7/2
                               --->  4  100.0000                   
  11     1.2843  2.5   -                                                         (5/2)-
                               --->  5    3.8600                   
                               --->  2   19.2600                   
                               --->  1   76.8800                   
  12     1.2900  0.5   -                                           J          1/2-,3/2-
                               --->  0  100.0000                  B
  13     1.2972  4.5   +                                                           9/2+
                               --->  8   22.5900                   
                               --->  3   26.5900                   
                               --->  0   50.8200                   
  14     1.3155  2.5   +                                                           5/2+
                               --->  4   19.0500                   
                               --->  3   80.9500                   
  15     1.3350  8.5   +                                                          17/2+
                               --->  6  100.0000                   
  16     1.3699  2.5   -                                                           5/2-
                               --->  5   69.4742                   
                               --->  2   20.8212                   
                               --->  1    9.7046                   
  17     1.3954  3.5   -                                                         (7/2-)
                               --->  5   91.7482                   
                               --->  2    8.2518                   
  18     1.4550  1.5   +                                           J        (1/2+,3/2+)
                               --->  4  100.0000                   
  19     1.4836  3.5   +                                                         7/2(+)
                               --->  9    6.2234                   
                               --->  4   18.4113                   
                               --->  0   75.3653                   
  20     1.4910  7.5   +                                                          15/2+
                               ---> 15   20.1400                   
                               --->  6   79.8600                   
  21     1.4999  4.5   -                                                         (9/2-)
                               --->  8    1.5771                   
                               --->  5   14.2009                   
                               --->  3    5.4373                   
                               --->  0   78.7847                   
  22     1.5718  1.5   -                                                           3/2-
                               ---> 11   12.9500                   
                               --->  5   63.5500                   
                               --->  2   23.5000                   
  23     1.5881  1.5   -                                           J      3/2(-),5/2(-)
                               --->  5   15.2600                   
                               --->  2   84.7400                   
  24     1.6032  4.5   -                                                         (9/2-)
                               --->  9   18.5100                   
                               --->  8   50.0000                   
                               --->  3   31.4900                   
  25     1.6345  5.5   +                                                          11/2+
                               --->  9    6.6763                   
                               --->  8   16.9307                   
                               --->  6   51.2920                   
                               --->  3   13.3205                   
                               --->  0   11.7805                   
  26     1.6657  2.5   +                                                           5/2+
                               --->  4    0.9710                   
                               --->  3   97.0881                   
                               --->  0    1.9410                   
  27     1.6795  2.5   +                                           J         5/2(+),7/2
                               ---> 14   27.3389                   
                               ---> 13    7.3147                   
                               --->  4    3.1689                   
                               --->  3   45.2582                   
                               --->  0   16.9193                   
  28     1.6834  4.5   +                                                           9/2+
                               --->  9    7.8672                   
                               --->  8   19.4206                   
                               --->  3   46.2014                   
                               --->  0   26.5108                   
  29     1.6863  6.5   +                                                          13/2+
                               --->  8   31.6700                   
                               --->  6   32.3800                   
                               --->  0   35.9500                   
  30     1.6940  2.5   -                                                               
                               --->  3  100.0000                   

 Level density parameters for Z= 41 N= 52 ( 93Nb) 

 Model: Gilbert-Cameron          
 Collective enhancement: no

 a(Sn)           :  12.33156
 Experimental D0 :              0.00 eV +-         0.00000
 Theoretical D0  :             77.95 eV
 Theoretical D1  :             39.32 eV
 Av. res. energy :          10000.00 eV
 Asymptotic a    :  12.24515
 Damping gamma   :   0.09559
 Pairing energy  :   1.24434
 Shell correction:   0.10379
 Last disc. level:        15
 Nlow            :         5
 Ntop            :        15
 Matching Ex     :   7.61561
 Temperature     :   0.86700
 E0              :  -1.34586
 Adj. pair shift :   0.00000
 Discrete sigma  :   3.41383
 Sigma (Sn)      :   4.57798
 Rhotot(Sn= 8.83): 1.374E+05

 Level density per parity for ground state
 (Total level density also per parity)

    Ex     a    sigma   total   JP=  0.5  JP=  1.5  JP=  2.5  JP=  3.5  JP=  4.5  JP=  5.5  JP=  6.5  JP=  7.5  JP=  8.5

   0.25 12.367  3.414 3.634E+00 2.987E-01 5.252E-01 6.357E-01 6.278E-01 5.334E-01 3.992E-01 2.667E-01 1.601E-01 8.687E-02                              
   0.50 12.367  3.414 4.848E+00 3.985E-01 7.008E-01 8.482E-01 8.376E-01 7.116E-01 5.327E-01 3.558E-01 2.136E-01 1.159E-01                              
   0.75 12.367  3.414 6.468E+00 5.317E-01 9.350E-01 1.132E+00 1.118E+00 9.494E-01 7.107E-01 4.747E-01 2.851E-01 1.546E-01                              
   1.00 12.367  3.414 8.630E+00 7.094E-01 1.248E+00 1.510E+00 1.491E+00 1.267E+00 9.483E-01 6.334E-01 3.803E-01 2.063E-01                              
   1.25 12.367  3.444 1.151E+01 9.309E-01 1.641E+00 1.993E+00 1.978E+00 1.692E+00 1.277E+00 8.611E-01 5.229E-01 2.873E-01                              
   1.50 12.365  3.485 1.536E+01 1.214E+00 2.145E+00 2.620E+00 2.618E+00 2.260E+00 1.724E+00 1.178E+00 7.262E-01 4.058E-01                              
   1.75 12.364  3.527 2.050E+01 1.583E+00 2.807E+00 3.443E+00 3.465E+00 3.016E+00 2.326E+00 1.609E+00 1.006E+00 5.714E-01                              
   2.00 12.362  3.567 2.735E+01 2.066E+00 3.673E+00 4.527E+00 4.585E+00 4.024E+00 3.134E+00 2.194E+00 1.391E+00 8.022E-01                              
   2.25 12.361  3.607 3.649E+01 2.698E+00 4.809E+00 5.953E+00 6.065E+00 5.365E+00 4.219E+00 2.987E+00 1.918E+00 1.123E+00                              
   2.50 12.360  3.647 4.869E+01 3.525E+00 6.298E+00 7.828E+00 8.023E+00 7.151E+00 5.675E+00 4.062E+00 2.641E+00 1.568E+00                              
   2.75 12.358  3.687 6.496E+01 4.607E+00 8.251E+00 1.030E+01 1.061E+01 9.526E+00 7.627E+00 5.516E+00 3.630E+00 2.185E+00                              
   3.00 12.357  3.726 8.667E+01 6.023E+00 1.081E+01 1.355E+01 1.404E+01 1.269E+01 1.024E+01 7.481E+00 4.981E+00 3.037E+00                              
   3.25 12.356  3.764 1.156E+02 7.878E+00 1.417E+01 1.782E+01 1.856E+01 1.689E+01 1.375E+01 1.014E+01 6.823E+00 4.213E+00                              
   3.50 12.354  3.802 1.543E+02 1.031E+01 1.859E+01 2.345E+01 2.455E+01 2.247E+01 1.844E+01 1.372E+01 9.333E+00 5.832E+00                              
   3.75 12.353  3.840 2.058E+02 1.349E+01 2.438E+01 3.086E+01 3.246E+01 2.990E+01 2.471E+01 1.855E+01 1.275E+01 8.059E+00                              
   4.00 12.352  3.877 2.746E+02 1.767E+01 3.198E+01 4.063E+01 4.292E+01 3.977E+01 3.310E+01 2.506E+01 1.739E+01 1.112E+01                              
   4.25 12.351  3.914 3.664E+02 2.315E+01 4.198E+01 5.348E+01 5.675E+01 5.289E+01 4.432E+01 3.383E+01 2.370E+01 1.531E+01                              
   4.50 12.350  3.951 4.889E+02 3.033E+01 5.510E+01 7.042E+01 7.504E+01 7.031E+01 5.932E+01 4.564E+01 3.226E+01 2.106E+01                              
   4.75 12.348  3.988 6.523E+02 3.975E+01 7.235E+01 9.274E+01 9.922E+01 9.345E+01 7.935E+01 6.151E+01 4.386E+01 2.891E+01                              
   5.00 12.347  4.024 8.703E+02 5.212E+01 9.502E+01 1.221E+02 1.312E+02 1.242E+02 1.061E+02 8.285E+01 5.958E+01 3.965E+01                              
   5.50 12.345  4.095 1.549E+03 8.969E+01 1.640E+02 2.120E+02 2.294E+02 2.192E+02 1.895E+02 1.500E+02 1.096E+02 7.428E+01                              
   6.00 12.343  4.165 2.758E+03 1.545E+02 2.834E+02 3.680E+02 4.010E+02 3.867E+02 3.380E+02 2.711E+02 2.010E+02 1.385E+02                              
   6.50 12.341  4.233 4.910E+03 2.664E+02 4.901E+02 6.394E+02 7.013E+02 6.819E+02 6.021E+02 4.887E+02 3.675E+02 2.573E+02                              
   7.00 12.339  4.301 8.740E+03 4.599E+02 8.481E+02 1.111E+03 1.226E+03 1.202E+03 1.071E+03 8.796E+02 6.702E+02 4.762E+02                              
   7.50 12.337  4.368 1.556E+04 7.945E+02 1.469E+03 1.933E+03 2.145E+03 2.118E+03 1.905E+03 1.581E+03 1.219E+03 8.784E+02                              
   8.00 12.335  4.447 2.755E+04 1.358E+03 2.518E+03 3.329E+03 3.718E+03 3.702E+03 3.364E+03 2.826E+03 2.210E+03 1.618E+03                              
   8.50 12.333  4.527 4.800E+04 2.285E+03 4.248E+03 5.641E+03 6.340E+03 6.363E+03 5.839E+03 4.961E+03 3.932E+03 2.922E+03                              
   9.00 12.331  4.603 8.234E+04 3.795E+03 7.072E+03 9.427E+03 1.066E+04 1.077E+04 9.971E+03 8.560E+03 6.866E+03 5.172E+03                              
   9.50 12.329  4.676 1.393E+05 6.227E+03 1.163E+04 1.556E+04 1.767E+04 1.798E+04 1.678E+04 1.454E+04 1.179E+04 8.992E+03                              
  10.00 12.327  4.745 2.325E+05 1.010E+04 1.890E+04 2.537E+04 2.896E+04 2.964E+04 2.786E+04 2.435E+04 1.994E+04 1.538E+04                              
  11.00 12.324  4.874 6.254E+05 2.577E+04 4.839E+04 6.534E+04 7.519E+04 7.777E+04 7.404E+04 6.570E+04 5.476E+04 4.308E+04                              
  12.00 12.321  4.994 1.613E+06 6.338E+04 1.194E+05 1.620E+05 1.877E+05 1.959E+05 1.885E+05 1.695E+05 1.434E+05 1.147E+05                              
  13.00 12.318  5.106 4.008E+06 1.508E+05 2.848E+05 3.881E+05 4.525E+05 4.759E+05 4.625E+05 4.205E+05 3.605E+05 2.927E+05                              
  14.00 12.315  5.211 9.641E+06 3.485E+05 6.596E+05 9.024E+05 1.058E+06 1.120E+06 1.098E+06 1.008E+06 8.741E+05 7.191E+05                              
  15.00 12.313  5.310 2.251E+07 7.844E+05 1.488E+06 2.042E+06 2.405E+06 2.563E+06 2.530E+06 2.344E+06 2.053E+06 1.709E+06                              
  16.00 12.310  5.404 5.120E+07 1.724E+06 3.275E+06 4.509E+06 5.333E+06 5.714E+06 5.680E+06 5.304E+06 4.689E+06 3.943E+06                              
  17.00 12.308  5.493 1.137E+08 3.705E+06 7.051E+06 9.736E+06 1.156E+07 1.245E+07 1.245E+07 1.171E+07 1.044E+07 8.858E+06                              
  18.00 12.306  5.578 2.468E+08 7.807E+06 1.488E+07 2.060E+07 2.454E+07 2.654E+07 2.669E+07 2.527E+07 2.269E+07 1.943E+07                              
  19.00 12.304  5.659 5.253E+08 1.615E+07 3.082E+07 4.276E+07 5.111E+07 5.551E+07 5.610E+07 5.343E+07 4.831E+07 4.168E+07                              
  20.00 12.302  5.737 1.097E+09 3.283E+07 6.274E+07 8.722E+07 1.046E+08 1.140E+08 1.157E+08 1.108E+08 1.009E+08 8.764E+07                              
  22.50 12.297  5.919 6.427E+09 1.809E+08 3.466E+08 4.841E+08 5.841E+08 6.421E+08 6.585E+08 6.382E+08 5.888E+08 5.197E+08                              
  25.00 12.293  6.085 3.437E+10 9.157E+08 1.759E+09 2.466E+09 2.991E+09 3.311E+09 3.425E+09 3.352E+09 3.129E+09 2.798E+09                              
  30.00 12.287  6.382 7.852E+11 1.904E+10 3.671E+10 5.179E+10 6.336E+10 7.092E+10 7.435E+10 7.395E+10 7.030E+10 6.419E+10                              
  40.00 12.277  6.875 2.094E+14 4.383E+12 8.492E+12 1.208E+13 1.496E+13 1.700E+13 1.816E+13 1.846E+13 1.801E+13 1.692E+13                              
  50.00 12.271  7.280 2.954E+16 5.521E+14 1.073E+15 1.536E+15 1.917E+15 2.201E+15 2.381E+15 2.457E+15 2.438E+15 2.336E+15                              
  60.00 12.267  7.627 2.643E+18 4.504E+16 8.779E+16 1.261E+17 1.584E+17 1.832E+17 2.000E+17 2.087E+17 2.097E+17 2.038E+17                              
  70.00 12.264  7.932 1.671E+20 2.635E+18 5.146E+18 7.418E+18 9.355E+18 1.089E+19 1.197E+19 1.259E+19 1.278E+19 1.256E+19                              
  80.00 12.261  8.206 8.016E+21 1.182E+20 2.311E+20 3.340E+20 4.228E+20 4.944E+20 5.467E+20 5.791E+20 5.921E+20 5.871E+20                              
  90.00 12.259  8.454 3.065E+23 4.258E+21 8.339E+21 1.208E+22 1.534E+22 1.800E+22 2.000E+22 2.130E+22 2.192E+22 2.190E+22                              
 100.00 12.258  8.683 9.685E+24 1.276E+23 2.502E+23 3.631E+23 4.621E+23 5.442E+23 6.071E+23 6.497E+23 6.722E+23 6.756E+23                              
 110.00 12.257  8.894 2.600E+26 3.265E+24 6.408E+24 9.313E+24 1.188E+25 1.403E+25 1.570E+25 1.688E+25 1.754E+25 1.773E+25                              
 120.00 12.256  9.092 6.056E+27 7.282E+25 1.430E+26 2.082E+26 2.660E+26 3.149E+26 3.536E+26 3.813E+26 3.980E+26 4.040E+26                              
 130.00 12.255  9.277 1.246E+29 1.439E+27 2.828E+27 4.120E+27 5.275E+27 6.258E+27 7.044E+27 7.621E+27 7.983E+27 8.136E+27                              
 140.00 12.254  9.452 2.293E+30 2.552E+28 5.019E+28 7.321E+28 9.387E+28 1.116E+29 1.259E+29 1.366E+29 1.435E+29 1.468E+29                              
 150.00 12.254  9.618 3.823E+31 4.110E+29 8.087E+29 1.181E+30 1.516E+30 1.805E+30 2.041E+30 2.219E+30 2.339E+30 2.400E+30                              
 160.00 12.253  9.776 5.825E+32 6.064E+30 1.194E+31 1.745E+31 2.242E+31 2.674E+31 3.030E+31 3.302E+31 3.489E+31 3.591E+31                              
 170.00 12.253  9.926 8.183E+33 8.263E+31 1.628E+32 2.380E+32 3.063E+32 3.658E+32 4.151E+32 4.534E+32 4.802E+32 4.955E+32                              
 180.00 12.252 10.070 1.067E+35 1.047E+33 2.063E+33 3.019E+33 3.889E+33 4.650E+33 5.286E+33 5.784E+33 6.139E+33 6.351E+33                              
 190.00 12.252 10.208 1.299E+36 1.240E+34 2.445E+34 3.581E+34 4.617E+34 5.528E+34 6.292E+34 6.897E+34 7.335E+34 7.605E+34                              
 200.00 12.252 10.340 1.484E+37 1.382E+35 2.725E+35 3.993E+35 5.152E+35 6.175E+35 7.038E+35 7.727E+35 8.233E+35 8.554E+35                              

 Discrete levels versus total level density

   Energy Level   N_cumulative

   0.9498   6       7.096
   0.9700   7       7.429
   0.9789   8       7.579
   1.0827   9       9.435
   1.1271  10      10.300
   1.2843  11      13.739
   1.2900  12      13.877
   1.2972  13      14.052
   1.3155  14      14.501
   1.3350  15      14.992
   1.3699  16      15.894
   1.3954  17      16.580
   1.4550  18      18.260
   1.4836  19      19.107
   1.4910  20      19.331
   1.4999  21      19.605
   1.5718  22      21.907
   1.5881  23      22.454
   1.6032  24      22.975
   1.6345  25      24.078
   1.6657  26      25.215
   1.6795  27      25.734
   1.6834  28      25.880
   1.6863  29      25.993
   1.6940  30      26.287
   1.7035  31      26.654
   1.7730  32      29.463
   1.7793  33      29.729
   1.7844  34      29.948
   1.8123  35      31.159
   1.8401  36      32.400
   1.9081  37      35.618
   1.9107  38      35.745
   1.9159  39      36.005
   1.9477  40      37.613
   1.9497  41      37.716
   1.9590  42      38.199
   1.9683  43      38.683
   1.9830  44      39.466
   1.9971  45      40.230
   2.0025  46      40.526
   2.0124  47      41.071
   2.0197  48      41.477
   2.0239  49      41.714
   2.0372  50      42.467
   2.0992  51      46.137
   2.1227  52      47.594
   2.1269  53      47.861
   2.1326  54      48.224
   2.1536  55      49.578
   2.1626  56      50.172
   2.1707  57      50.703
   2.1800  58      51.329
   2.1821  59      51.470
   2.1841  60      51.608
   2.2035  61      52.932
   2.2500  62      56.236
   2.2807  63      58.517
   2.3109  64      60.840
   2.3200  65      61.556
   2.3300  66      62.352
   2.3675  67      65.419
   2.5069  68      78.042
   2.5200  69      79.339
   2.5842  70      85.978
   2.7528  71     105.921
   2.8328  72     116.835
   2.8380  73     117.581
   2.9800  74     139.742
   3.0860  75     158.828
   3.1500  76     171.538
   3.5120  77     263.455
   3.6678  78     316.781
   3.6740  79     319.111
   3.6848  80     323.210
   3.7200  81     336.927
   3.8400  82     388.069
   3.9300  83     431.364
   4.0600  84     502.360
   4.1047  85     529.360
   4.2240  86     608.567
   4.3400  87     696.776
   4.4030  88     749.892
   4.4600  89     801.394
   4.5480  90     887.839
   4.6500  91     999.640
   4.7000  92    1059.465
   4.8100  93    1203.803
   4.8646  94    1282.582
   5.0000  95    1500.563
   5.1551  96    1795.799
   5.3400  97    2224.004
   5.4900  98    2645.392
   5.9043  99    4256.928
   6.4643 100    8077.544
   7.3723 101   22522.035
   7.4353 102   24276.517
   7.8283 103   38513.829
   8.3254 104   68378.809
   8.3774 105   72618.753

 NUCLEAR STRUCTURE INFORMATION FOR Z= 41 N= 53 ( 94Nb) 

 Mass in a.m.u.     :  93.907279

 Separation energies:

 Particle        S         

 neutron      7.22755
 proton       6.53600
 deuteron    11.04576
 triton      13.42326
 helium-3    14.94895
 alpha        2.29706

 Discrete levels of Z= 41 N= 53 ( 94Nb) 

 Number  Energy Spin Parity  Branching Ratio (%) Lifetime(sec) Assignment        ENSDF

   0     0.0000  6.0   +                           6.438E+11                         6+
   1     0.0409  3.0   +                           3.758E+02                         3+
                               --->  0  100.0000                   
   2     0.0587  4.0   +                                                           (4)+
                               --->  1  100.0000                   
   3     0.0787  7.0   +                                                           (7)+
                               --->  0  100.0000                   
   4     0.1134  5.0   +                                                           (5)+
                               --->  2   13.0000                   
                               --->  0   87.0000                   
   5     0.1403  2.0   -                                                           (2)-
                               --->  1  100.0000                   
   6     0.3016  2.0   -                                                           (2)-
                               --->  5  100.0000                   
   7     0.3118  4.0   +                                           J             (4,5)+
                               --->  2  100.0000                   
   8     0.3341  3.0   +                                                           (3)+
                               --->  5    3.3081                   
                               --->  1   96.6919                   
   9     0.3962  3.0   -                                                           (3)-
                               --->  5   73.4415                   
                               --->  2   23.8105                   
                               --->  1    2.7481                   
  10     0.4502  3.0   -                                                           (3)-
                               --->  6    0.1933                   
                               --->  5   97.8668                   
                               --->  1    1.9399                   

 Level density parameters for Z= 41 N= 53 ( 94Nb) 

 Model: Gilbert-Cameron          
 Collective enhancement: no

 a(Sn)           :  12.42168
 Experimental D0 :             80.00 eV +-        10.00000
 Theoretical D0  :             79.89 eV
 Theoretical D1  :             41.70 eV
 Av. res. energy :          10000.00 eV
 Asymptotic a    :  11.94364
 Damping gamma   :   0.09525
 Pairing energy  :   0.00000
 Shell correction:   0.58131
 Last disc. level:        10
 Nlow            :         8
 Ntop            :        19
 Matching Ex     :   3.93048
 Temperature     :   0.72017
 E0              :  -1.20603
 Adj. pair shift :   0.00000
 Discrete sigma  :   2.70298
 Sigma (Sn)      :   4.62899
 Rhotot(Sn= 7.23): 9.717E+04

 Level density per parity for ground state
 (Total level density also per parity)

    Ex     a    sigma   total   JP=  0.0  JP=  1.0  JP=  2.0  JP=  3.0  JP=  4.0  JP=  5.0  JP=  6.0  JP=  7.0  JP=  8.0

   0.25 12.597  2.703 5.243E+00 3.527E-01 9.228E-01 1.170E+00 1.086E+00 8.077E-01 4.980E-01 2.589E-01 1.146E-01 4.345E-02                              
   0.50 12.589  2.703 7.419E+00 4.991E-01 1.306E+00 1.655E+00 1.537E+00 1.143E+00 7.046E-01 3.663E-01 1.621E-01 6.148E-02                              
   0.75 12.582  2.758 1.050E+01 6.787E-01 1.785E+00 2.288E+00 2.159E+00 1.641E+00 1.039E+00 5.583E-01 2.567E-01 1.017E-01                              
   1.00 12.574  2.873 1.485E+01 8.861E-01 2.355E+00 3.081E+00 2.999E+00 2.375E+00 1.584E+00 9.052E-01 4.474E-01 1.924E-01                              
   1.25 12.567  2.984 2.102E+01 1.164E+00 3.121E+00 4.155E+00 4.153E+00 3.407E+00 2.375E+00 1.431E+00 7.521E-01 3.471E-01                              
   1.50 12.560  3.091 2.974E+01 1.537E+00 4.152E+00 5.613E+00 5.740E+00 4.855E+00 3.515E+00 2.217E+00 1.229E+00 6.028E-01                              
   1.75 12.553  3.194 4.209E+01 2.038E+00 5.543E+00 7.594E+00 7.922E+00 6.881E+00 5.151E+00 3.380E+00 1.964E+00 1.016E+00                              
   2.00 12.546  3.293 5.955E+01 2.714E+00 7.424E+00 1.029E+01 1.093E+01 9.715E+00 7.488E+00 5.090E+00 3.080E+00 1.670E+00                              
   2.25 12.539  3.390 8.427E+01 3.626E+00 9.972E+00 1.397E+01 1.506E+01 1.367E+01 1.082E+01 7.585E+00 4.760E+00 2.690E+00                              
   2.50 12.532  3.485 1.192E+02 4.860E+00 1.343E+01 1.898E+01 2.076E+01 1.920E+01 1.554E+01 1.121E+01 7.265E+00 4.260E+00                              
   2.75 12.525  3.576 1.687E+02 6.532E+00 1.812E+01 2.583E+01 2.860E+01 2.690E+01 2.224E+01 1.644E+01 1.097E+01 6.654E+00                              
   3.00 12.519  3.666 2.388E+02 8.802E+00 2.451E+01 3.520E+01 3.942E+01 3.764E+01 3.171E+01 2.398E+01 1.643E+01 1.027E+01                              
   3.25 12.512  3.753 3.378E+02 1.189E+01 3.322E+01 4.803E+01 5.435E+01 5.260E+01 4.508E+01 3.479E+01 2.442E+01 1.569E+01                              
   3.50 12.506  3.838 4.781E+02 1.609E+01 4.509E+01 6.562E+01 7.494E+01 7.344E+01 6.393E+01 5.028E+01 3.607E+01 2.375E+01                              
   3.75 12.500  3.922 6.764E+02 2.181E+01 6.132E+01 8.973E+01 1.034E+02 1.025E+02 9.048E+01 7.239E+01 5.299E+01 3.570E+01                              
   4.00 12.494  3.998 9.570E+02 2.970E+01 8.369E+01 1.231E+02 1.428E+02 1.430E+02 1.278E+02 1.038E+02 7.730E+01 5.311E+01                              
   4.25 12.487  4.059 1.346E+03 4.053E+01 1.144E+02 1.689E+02 1.971E+02 1.988E+02 1.794E+02 1.473E+02 1.111E+02 7.749E+01                              
   4.50 12.481  4.117 1.878E+03 5.500E+01 1.555E+02 2.304E+02 2.702E+02 2.744E+02 2.497E+02 2.071E+02 1.581E+02 1.118E+02                              
   4.75 12.476  4.172 2.603E+03 7.421E+01 2.102E+02 3.123E+02 3.680E+02 3.761E+02 3.449E+02 2.888E+02 2.229E+02 1.595E+02                              
   5.00 12.470  4.226 3.583E+03 9.961E+01 2.826E+02 4.210E+02 4.983E+02 5.121E+02 4.730E+02 3.995E+02 3.115E+02 2.255E+02                              
   5.50 12.458  4.327 6.665E+03 1.768E+02 5.029E+02 7.532E+02 8.983E+02 9.328E+02 8.728E+02 7.487E+02 5.943E+02 4.393E+02                              
   6.00 12.447  4.421 1.212E+04 3.082E+02 8.785E+02 1.322E+03 1.587E+03 1.663E+03 1.574E+03 1.368E+03 1.103E+03 8.305E+02                              
   6.50 12.437  4.509 2.162E+04 5.284E+02 1.509E+03 2.280E+03 2.754E+03 2.908E+03 2.779E+03 2.445E+03 2.000E+03 1.529E+03                              
   7.00 12.426  4.593 3.786E+04 8.922E+02 2.553E+03 3.870E+03 4.699E+03 4.998E+03 4.819E+03 4.286E+03 3.548E+03 2.752E+03                              
   7.50 12.416  4.671 6.521E+04 1.486E+03 4.257E+03 6.474E+03 7.900E+03 8.456E+03 8.218E+03 7.378E+03 6.177E+03 4.852E+03                              
   8.00 12.406  4.747 1.106E+05 2.442E+03 7.008E+03 1.069E+04 1.310E+04 1.410E+04 1.380E+04 1.250E+04 1.057E+04 8.399E+03                              
   8.50 12.397  4.818 1.852E+05 3.966E+03 1.140E+04 1.743E+04 2.144E+04 2.320E+04 2.287E+04 2.087E+04 1.781E+04 1.430E+04                              
   9.00 12.388  4.887 3.059E+05 6.371E+03 1.833E+04 2.810E+04 3.469E+04 3.772E+04 3.739E+04 3.437E+04 2.958E+04 2.398E+04                              
   9.50 12.379  4.952 4.993E+05 1.013E+04 2.917E+04 4.481E+04 5.551E+04 6.063E+04 6.044E+04 5.592E+04 4.851E+04 3.967E+04                              
  10.00 12.370  5.015 8.062E+05 1.595E+04 4.597E+04 7.077E+04 8.793E+04 9.644E+04 9.662E+04 8.995E+04 7.857E+04 6.479E+04                              
  11.00 12.353  5.134 2.039E+06 3.848E+04 1.111E+05 1.717E+05 2.145E+05 2.370E+05 2.396E+05 2.255E+05 1.996E+05 1.670E+05                              
  12.00 12.338  5.246 4.971E+06 8.991E+04 2.601E+05 4.031E+05 5.061E+05 5.626E+05 5.734E+05 5.449E+05 4.875E+05 4.131E+05                              
  13.00 12.323  5.350 1.173E+07 2.041E+05 5.913E+05 9.189E+05 1.158E+06 1.295E+06 1.329E+06 1.274E+06 1.151E+06 9.864E+05                              
  14.00 12.309  5.449 2.691E+07 4.514E+05 1.309E+06 2.040E+06 2.581E+06 2.901E+06 2.996E+06 2.892E+06 2.636E+06 2.282E+06                              
  15.00 12.296  5.542 6.013E+07 9.749E+05 2.831E+06 4.421E+06 5.613E+06 6.336E+06 6.580E+06 6.397E+06 5.876E+06 5.133E+06                              
  16.00 12.283  5.631 1.312E+08 2.061E+06 5.991E+06 9.374E+06 1.194E+07 1.353E+07 1.412E+07 1.381E+07 1.278E+07 1.125E+07                              
  17.00 12.271  5.715 2.801E+08 4.271E+06 1.243E+07 1.948E+07 2.488E+07 2.830E+07 2.968E+07 2.919E+07 2.719E+07 2.412E+07                              
  18.00 12.260  5.796 5.862E+08 8.692E+06 2.531E+07 3.975E+07 5.089E+07 5.809E+07 6.118E+07 6.048E+07 5.666E+07 5.060E+07                              
  19.00 12.249  5.874 1.204E+09 1.739E+07 5.069E+07 7.972E+07 1.023E+08 1.172E+08 1.239E+08 1.230E+08 1.159E+08 1.041E+08                              
  20.00 12.239  5.948 2.433E+09 3.427E+07 9.993E+07 1.574E+08 2.024E+08 2.325E+08 2.467E+08 2.461E+08 2.329E+08 2.106E+08                              
  22.50 12.216  6.123 1.320E+10 1.755E+08 5.125E+08 8.099E+08 1.047E+09 1.209E+09 1.294E+09 1.303E+09 1.247E+09 1.142E+09                              
  25.00 12.196  6.284 6.586E+10 8.313E+08 2.432E+09 3.853E+09 4.999E+09 5.808E+09 6.255E+09 6.350E+09 6.136E+09 5.679E+09                              
  30.00 12.162  6.572 1.333E+12 1.539E+10 4.511E+10 7.178E+10 9.375E+10 1.099E+11 1.196E+11 1.230E+11 1.207E+11 1.137E+11                              
  40.00 12.113  7.055 2.930E+14 2.936E+12 8.632E+12 1.382E+13 1.822E+13 2.161E+13 2.389E+13 2.503E+13 2.509E+13 2.421E+13                              
  50.00 12.081  7.455 3.552E+16 3.189E+14 9.395E+14 1.510E+15 2.004E+15 2.397E+15 2.678E+15 2.841E+15 2.890E+15 2.836E+15                              
  60.00 12.059  7.799 2.806E+18 2.302E+16 6.792E+16 1.095E+17 1.460E+17 1.757E+17 1.979E+17 2.119E+17 2.179E+17 2.165E+17                              
  70.00 12.043  8.103 1.596E+20 1.213E+18 3.583E+18 5.793E+18 7.748E+18 9.373E+18 1.062E+19 1.145E+19 1.188E+19 1.192E+19                              
  80.00 12.030  8.376 6.976E+21 4.963E+19 1.468E+20 2.378E+20 3.189E+20 3.873E+20 4.408E+20 4.783E+20 4.994E+20 5.050E+20                              
  90.00 12.021  8.625 2.456E+23 1.648E+21 4.878E+21 7.914E+21 1.064E+22 1.297E+22 1.482E+22 1.615E+22 1.697E+22 1.727E+22                              
 100.00 12.013  8.853 7.202E+24 4.587E+22 1.359E+23 2.207E+23 2.974E+23 3.634E+23 4.167E+23 4.561E+23 4.813E+23 4.926E+23                              
 110.00 12.007  9.066 1.805E+26 1.097E+24 3.250E+24 5.287E+24 7.136E+24 8.739E+24 1.005E+25 1.104E+25 1.170E+25 1.203E+25                              
 120.00 12.001  9.264 3.948E+27 2.297E+25 6.811E+25 1.109E+26 1.499E+26 1.840E+26 2.121E+26 2.338E+26 2.486E+26 2.567E+26                              
 130.00 11.997  9.450 7.655E+28 4.279E+26 1.270E+27 2.069E+27 2.801E+27 3.443E+27 3.980E+27 4.398E+27 4.692E+27 4.862E+27                              
 140.00 11.993  9.626 1.333E+30 7.184E+27 2.132E+28 3.478E+28 4.714E+28 5.805E+28 6.722E+28 7.446E+28 7.966E+28 8.282E+28                              
 150.00 11.990  9.793 2.109E+31 1.098E+29 3.261E+29 5.323E+29 7.222E+29 8.906E+29 1.033E+30 1.147E+30 1.230E+30 1.283E+30                              
 160.00 11.987  9.952 3.059E+32 1.543E+30 4.581E+30 7.483E+30 1.016E+31 1.255E+31 1.458E+31 1.622E+31 1.744E+31 1.823E+31                              
 170.00 11.984 10.103 4.099E+33 2.006E+31 5.958E+31 9.737E+31 1.324E+32 1.637E+32 1.905E+32 2.122E+32 2.287E+32 2.396E+32                              
 180.00 11.982 10.248 5.109E+34 2.429E+32 7.219E+32 1.180E+33 1.606E+33 1.988E+33 2.317E+33 2.586E+33 2.791E+33 2.931E+33                              
 190.00 11.980 10.387 5.957E+35 2.757E+33 8.195E+33 1.341E+34 1.826E+34 2.262E+34 2.639E+34 2.950E+34 3.191E+34 3.358E+34                              
 200.00 11.978 10.521 6.530E+36 2.947E+34 8.760E+34 1.434E+35 1.954E+35 2.423E+35 2.830E+35 3.169E+35 3.432E+35 3.618E+35                              

 Discrete levels versus total level density

   Energy Level   N_cumulative

   0.3962   9       8.764
   0.4502  10       9.484
   0.6315  11      12.332
   0.6410  12      12.502
   0.6661  13      12.963
   0.7857  14      15.390
   0.7926  15      15.544
   0.8168  16      16.093
   0.8957  17      18.011
   0.9243  18      18.761
   0.9327  19      18.988
   0.9360  20      19.079
   0.9480  21      19.407
   0.9574  22      19.667
   0.9702  23      20.029
   0.9768  24      20.218
   0.9793  25      20.290
   0.9913  26      20.640
   1.0062  27      21.082
   1.0109  28      21.223
   1.0234  29      21.602
   1.0302  30      21.813
   1.0612  31      22.795
   1.0860  32      23.609
   1.1587  33      26.171
   1.1632  34      26.338
   1.1699  35      26.588
   1.1796  36      26.956
   1.1824  37      27.063
   1.2020  38      27.823
   1.2301  39      28.950
   1.2319  40      29.025
   1.2473  41      29.660
   1.2569  42      30.065
   1.2628  43      30.319
   1.2728  44      30.750
   1.2814  45      31.126
   1.3234  46      33.024
   1.3326  47      33.454
   1.3467  48      34.125
   1.3611  49      34.825
   1.3927  50      36.411
   1.4050  51      37.045
   1.4280  52      38.264
   1.4481  53      39.361
   1.4581  54      39.919
   1.4641  55      40.256
   1.4849  56      41.451
   1.4889  57      41.684
   1.4929  58      41.919
   1.4999  59      42.335
   1.5190  60      43.485
   1.5597  61      46.042
   1.5696  62      46.686
   1.5819  63      47.502
   1.6096  64      49.381
   1.6154  65      49.784
   1.6206  66      50.149
   1.6361  67      51.254
   1.6393  68      51.479
   1.6551  69      52.633
   1.6590  70      52.923
   1.6785  71      54.389
   1.6957  72      55.719
   1.7167  73      57.376
   1.7201  74      57.653
   1.7314  75      58.573
   1.7637  76      61.282
   1.7703  77      61.851
   1.7769  78      62.427
   1.7797  79      62.672
   1.8055  80      64.974
   1.8158  81      65.913
   1.8212  82      66.417
   1.8281  83      67.062
   1.8598  84      70.097
   1.8641  85      70.527
   1.8793  86      72.045
   1.8824  87      72.351
   1.9000  88      74.155
   1.9121  89      75.420
   1.9200  90      76.257
   1.9268  91      76.985
   1.9309  92      77.428
   1.9375  93      78.140
   1.9438  94      78.832
   1.9504  95      79.567
   1.9567  96      80.274
   1.9702  97      81.801
   1.9755  98      82.407
   1.9831  99      83.286
   1.9974 100      84.963
   2.0000 101      85.276
   2.0104 102      86.523
   2.0142 103      86.982
   2.0200 104      87.691
   2.0336 105      89.372
   2.0479 106      91.180
   2.0620 107      92.987
   2.0714 108      94.216
   2.0768 109      94.928
   2.0988 110      97.886
   2.1020 111      98.327
   2.1246 112     101.480
   2.1349 113     102.946
   2.1406 114     103.764
   2.1501 115     105.153
   2.1577 116     106.269
   2.1623 117     106.955
   2.1682 118     107.842
   2.1752 119     108.900
   2.1817 120     109.892
   2.1895 121     111.094
   2.1959 122     112.084
   2.2070 123     113.839
   2.2154 124     115.181
   2.2212 125     116.110
   2.2300 126     117.547
   2.2365 127     118.617
   2.2453 128     120.085
   2.2505 129     120.958
   2.2530 130     121.381
   2.2785 131     125.774
   2.2849 132     126.901
   2.2864 133     127.168
   2.3000 134     129.608
   2.3047 135     130.452
   2.3144 136     132.228
   2.3205 137     133.357
   2.3259 138     134.364
   2.3367 139     136.402
   2.3463 140     138.239
   2.3553 141     139.984
   2.3635 142     141.601
   2.3698 143     142.841
   2.3785 144     144.583
   2.3931 145     147.555
   2.3986 146     148.690
   2.4070 147     150.440
   2.4123 148     151.555
   2.4178 149     152.721
   2.4206 150     153.318
   2.4365 151     156.752
   2.4423 152     158.023
   2.4492 153     159.549
   2.4527 154     160.329
   2.4557 155     161.000
   2.4717 156     164.624
   2.4789 157     166.288
   2.4890 158     168.639
   2.5030 159     171.959
   2.5096 160     173.551
   2.5164 161     175.198
   2.5283 162     178.130
   2.5373 163     180.377
   2.5459 164     182.557
   2.5558 165     185.083
   2.5656 166     187.634
   2.5760 167     190.362
   2.5858 168     192.977
   2.5925 169     194.797
   2.5981 170     196.302
   2.6077 171     198.954
   2.6201 172     202.415
   2.6335 173     206.232
   2.6450 174     209.554
   2.6496 175     210.900
   2.6541 176     212.225
   2.6622 177     214.631
   2.6695 178     216.808
   2.6741 179     218.215
   2.6850 180     221.551
   2.6893 181     222.893
   2.6965 182     225.125
   2.7039 183     227.446
   2.7090 184     229.076
   2.7223 185     233.355
   2.7266 186     234.739
   2.7302 187     235.934
   2.7381 188     238.542
   2.7426 189     240.041
   2.7573 190     244.991
   2.7615 191     246.437
   2.7691 192     249.057
   2.7727 193     250.297
   2.7774 194     251.949
   2.7809 195     253.179
   2.7906 196     256.619
   2.7960 197     258.558
   2.8016 198     260.577
   2.8104 199     263.787

 ########## GAMMA STRENGTH FUNCTIONS, TRANSMISSION COEFFICIENTS AND CROSS SECTIONS ##########

 Gamma-ray information for Z= 41 N= 53 ( 94Nb) 

 S-wave strength function parameters:

 Exp. total radiative width=   0.14500 eV +/- 0.01000 Theor. total radiative width for l=0:        0.12362 eV
                                                      Theor. total radiative width for l=0:        0.12362 eV
                                                      Theor. total radiative width for l=1:        0.12943 eV
 Exp. D0                   =     80.00 eV +/-   10.00 Theor. D0                   =       79.88686 eV
                                                      Theor. D1                   =       41.70206 eV
 Theor. S-wave strength f. =  15.47386E-4
 Average resonance energy  =     10000.00 eV

 Incident energy: E[MeV]=  14.000

 Gamma-ray strength function model for E1: IAEA-CRP SMLO 2019 Tables

 Gamma-ray strength function model for M1: IAEA GSF CRP (2018)      

 Adjustable parameters for E1: etable=   0.00000 ftable=   1.00000 wtable=   1.08100 number of T= 11

 Inclusion of an E1 upbend C x U*/ (1+exp(E-eta)) with  C=  0.00E+00 eta=    0.00

 Inclusion of an M1 upbend C exp(-F*|beta2|) exp(-eta*E) with C=  3.50E-08 eta=    0.80 F=    6.00

 Normalized gamma-ray strength functions and transmission coefficients for l= 1

 Giant resonance parameters :

 sigma0(M1) =   1.322       sigma0(E1) = 192.148    PR: sigma0(M1) =   0.066       sigma0(E1) =   0.000
      E(M1) =   8.441            E(E1) =  16.523    PR:      E(M1) =   3.174            E(E1) =   0.000
  gamma(M1) =   4.000        gamma(E1) =   5.515    PR:  gamma(M1) =   1.500        gamma(E1) =   0.000
      k(M1) =   8.67373E-08      k(E1) =   8.67373E-08

      E       f(M1)        f(E1)        T(M1)        T(E1)

    0.001  1.79672E-08  1.56975E-09  1.12891E-16  2.65817E-17
    0.002  1.79538E-08  1.57089E-09  9.02457E-16  2.12748E-16
    0.005  1.79122E-08  1.57435E-09  1.40682E-14  3.32861E-15
    0.010  1.78432E-08  1.58011E-09  1.12112E-13  2.66879E-14
    0.020  1.77059E-08  1.59153E-09  8.89998E-13  2.14444E-13
    0.050  1.73010E-08  1.62634E-09  1.35881E-11  3.39519E-12
    0.100  1.66480E-08  1.68642E-09  1.04602E-10  2.77668E-11
    0.200  1.54209E-08  1.81158E-09  7.75139E-10  2.32103E-10
    0.300  1.42923E-08  1.94243E-09  2.42463E-09  8.18228E-10
    0.400  1.32549E-08  2.07792E-09  5.33009E-09  2.02525E-09
    0.500  1.23018E-08  2.22150E-09  9.66183E-09  4.12887E-09
    0.600  1.14270E-08  2.37539E-09  1.55083E-08  7.44431E-09
    0.700  1.06247E-08  2.53530E-09  2.28976E-08  1.23295E-08
    0.800  9.88967E-09  2.69991E-09  3.18150E-08  1.91868E-08
    0.900  9.21722E-09  2.87687E-09  4.22189E-08  2.84706E-08
    1.000  8.60301E-09  3.05729E-09  5.40543E-08  4.06907E-08
    1.100  8.04312E-09  3.24221E-09  6.72639E-08  5.63858E-08
    1.200  7.53403E-09  3.44277E-09  8.17996E-08  7.62725E-08
    1.300  7.07262E-09  3.65072E-09  9.76315E-08  1.00971E-07
    1.400  6.65611E-09  3.85998E-09  1.14758E-07  1.31265E-07
    1.500  6.28212E-09  4.08134E-09  1.33217E-07  1.67902E-07
    1.600  5.94865E-09  4.31293E-09  1.53094E-07  2.11819E-07
    1.700  5.65408E-09  4.55248E-09  1.74538E-07  2.64335E-07
    1.800  5.39719E-09  4.80148E-09  1.97772E-07  3.26109E-07
    1.900  5.17715E-09  5.05852E-09  2.23116E-07  3.98536E-07
    2.000  4.99354E-09  5.32328E-09  2.51003E-07  4.82859E-07
    2.200  4.73551E-09  5.88168E-09  3.16822E-07  6.92414E-07
    2.400  4.62347E-09  6.47863E-09  4.01589E-07  9.70788E-07
    2.600  4.64689E-09  7.11147E-09  5.13172E-07  1.32132E-06
    2.800  4.75208E-09  7.79009E-09  6.55448E-07  1.77985E-06
    3.000  4.81243E-09  8.53161E-09  8.16410E-07  2.34773E-06
    3.200  4.69446E-09  9.31382E-09  9.66530E-07  3.06109E-06
    3.400  4.40720E-09  1.01545E-08  1.08838E-06  3.93348E-06
    3.600  4.08360E-09  1.10114E-08  1.19710E-06  4.99416E-06
    3.800  3.82958E-09  1.19532E-08  1.32033E-06  6.28929E-06
    4.000  3.67871E-09  1.29403E-08  1.47930E-06  7.85378E-06
    4.500  3.70441E-09  1.57112E-08  2.12098E-06  1.32091E-05
    5.000  4.17420E-09  1.88906E-08  3.27841E-06  2.13482E-05
    5.500  5.03154E-09  2.26550E-08  5.25980E-06  3.33695E-05
    6.000  6.30444E-09  2.70770E-08  8.55619E-06  5.07586E-05
    6.500  8.03512E-09  3.22062E-08  1.38648E-05  7.56657E-05
    7.000  1.01637E-08  3.82687E-08  2.19042E-05  1.10652E-04
    7.500  1.23205E-08  4.57222E-08  3.26582E-05  1.59622E-04
    8.000  1.37009E-08  5.49315E-08  4.40756E-05  2.27374E-04
    8.500  1.35311E-08  6.61581E-08  5.22119E-05  3.21018E-04
    9.000  1.19117E-08  7.97514E-08  5.45606E-05  4.50430E-04
    9.500  9.68898E-09  9.65082E-08  5.21950E-05  6.29343E-04
   10.000  7.58669E-09  1.17069E-07  4.76685E-05  8.72934E-04
   10.500  5.88484E-09  1.43301E-07  4.28038E-05  1.20791E-03
   11.000  4.59176E-09  1.75324E-07  3.84005E-05  1.66965E-03
   11.500  3.62821E-09  2.16920E-07  3.46710E-05  2.31104E-03
   12.000  2.90942E-09  2.68979E-07  3.15886E-05  3.19555E-03
   12.500  2.36767E-09  3.35645E-07  2.90557E-05  4.41485E-03
   13.000  1.95365E-09  4.20590E-07  2.69684E-05  6.08752E-03
   13.500  1.63250E-09  5.25048E-07  2.52368E-05  8.31978E-03
   14.000  1.37974E-09  6.50156E-07  2.37881E-05  1.12094E-02
   14.500  1.17805E-09  7.87410E-07  2.25656E-05  1.47506E-02
   15.000  1.01505E-09  9.17799E-07  2.15249E-05  1.87070E-02
   15.500  8.81784E-10  1.01556E-06  2.06318E-05  2.26155E-02
   16.000  7.71660E-10  1.05993E-06  1.98594E-05  2.57898E-02
   16.500  6.79777E-10  1.04465E-06  1.91866E-05  2.79554E-02
   17.000  6.02435E-10  9.70368E-07  1.85968E-05  2.86597E-02
   17.500  5.36808E-10  8.63853E-07  1.80764E-05  2.81196E-02
   18.000  4.80710E-10  7.48697E-07  1.76149E-05  2.67851E-02
   18.500  4.32434E-10  6.39829E-07  1.72034E-05  2.50683E-02
   19.000  3.90632E-10  5.44092E-07  1.68348E-05  2.32790E-02
   19.500  3.54229E-10  4.64102E-07  1.65032E-05  2.15495E-02
   20.000  3.22360E-10  3.97921E-07  1.62036E-05  1.99741E-02
   21.000  2.69549E-10  2.99348E-07  1.56847E-05  1.74186E-02
   22.000  2.27975E-10  2.32383E-07  1.52523E-05  1.55472E-02

 Normalized gamma-ray strength functions and transmission coefficients for l= 2

 Giant resonance parameters :

 sigma0(M2) =   0.001       sigma0(E2) =   0.144    PR: sigma0(M2) =   0.000       sigma0(E2) =   0.000
      E(M2) =   8.441            E(E2) =  13.856    PR:      E(M2) =   0.000            E(E2) =   0.000
  gamma(M2) =   4.000        gamma(E2) =   4.982    PR:  gamma(M2) =   0.000        gamma(E2) =   0.000
      k(M2) =   5.20424E-08      k(E2) =   5.20424E-08

      E       f(M2)        f(E2)        T(M2)        T(E2)

    0.001  0.00000E+00  0.00000E+00  0.00000E+00  0.00000E+00
    0.002  8.67481E-11  2.52246E-09  1.74417E-23  5.07170E-22
    0.005  3.46993E-11  1.00898E-09  6.81318E-22  1.98113E-20
    0.010  1.73497E-11  5.04492E-10  1.09011E-20  3.16981E-19
    0.020  8.67490E-12  2.52247E-10  1.74419E-19  5.07172E-18
    0.050  3.47014E-12  1.00901E-10  6.81360E-18  1.98118E-16
    0.100  1.73539E-12  5.04540E-11  1.09038E-16  3.17012E-15
    0.200  8.68346E-13  2.52344E-11  1.74591E-15  5.07367E-14
    0.300  5.79620E-13  1.68311E-11  8.84971E-15  2.56980E-13
    0.400  4.35474E-13  1.26320E-11  2.80183E-14  8.12738E-13
    0.500  3.49163E-13  1.01144E-11  6.85580E-14  1.98597E-12
    0.600  2.91770E-13  8.43775E-12  1.42553E-13  4.12252E-12
    0.700  2.50903E-13  7.24155E-12  2.64957E-13  7.64718E-12
    0.800  2.20366E-13  6.34564E-12  4.53707E-13  1.30649E-11
    0.900  1.96718E-13  5.64995E-12  7.29856E-13  2.09622E-11
    1.000  1.77894E-13  5.09441E-12  1.11774E-12  3.20091E-11
    1.100  1.62578E-13  4.64082E-12  1.64515E-12  4.69610E-11
    1.200  1.49897E-13  4.26368E-12  2.34358E-12  6.66608E-11
    1.300  1.39244E-13  3.94537E-12  3.24842E-12  9.20416E-11
    1.400  1.30185E-13  3.67328E-12  4.39927E-12  1.24129E-10
    1.500  1.22404E-13  3.43818E-12  5.84027E-12  1.64046E-10
    1.600  1.15663E-13  3.23315E-12  7.62037E-12  2.13013E-10
    1.700  1.09781E-13  3.05287E-12  9.79382E-12  2.72354E-10
    1.800  1.04616E-13  2.89325E-12  1.24205E-11  3.43501E-10
    1.900  1.00057E-13  2.75101E-12  1.55666E-11  4.27997E-10
    2.000  9.60147E-14  2.62357E-12  1.93049E-11  5.27501E-10
    2.200  8.92082E-14  2.40504E-12  2.88867E-11  7.78781E-10
    2.400  8.37642E-14  2.22492E-12  4.19078E-11  1.11314E-09
    2.600  7.93860E-14  2.07442E-12  5.92640E-11  1.54862E-09
    2.800  7.58639E-14  1.94727E-12  8.20362E-11  2.10570E-09
    3.000  7.30471E-14  1.83886E-12  1.11529E-10  2.80760E-09
    3.200  7.08253E-14  1.74576E-12  1.49320E-10  3.68057E-09
    3.400  6.91169E-14  1.66535E-12  1.97315E-10  4.75423E-09
    3.600  6.78620E-14  1.59559E-12  2.57822E-10  6.06198E-09
    3.800  6.70165E-14  1.53489E-12  3.33641E-10  7.64146E-09
    4.000  6.65489E-14  1.48199E-12  4.28175E-10  9.53508E-09
    4.500  6.69109E-14  1.37759E-12  7.75781E-10  1.59721E-08
    5.000  6.93723E-14  1.30469E-12  1.36212E-09  2.56175E-08
    5.500  7.39612E-14  1.25640E-12  2.33882E-09  3.97304E-08
    6.000  8.07127E-14  1.22860E-12  3.94347E-09  6.00270E-08
    6.500  8.93149E-14  1.21893E-12  6.51135E-09  8.88638E-08
    7.000  9.83661E-14  1.22635E-12  1.03876E-08  1.29505E-07
    7.500  1.04388E-13  1.25090E-12  1.55646E-08  1.86513E-07
    8.000  1.02278E-13  1.29356E-12  2.10578E-08  2.66327E-07
    8.500  8.95809E-14  1.35627E-12  2.49741E-08  3.78112E-07
    9.000  7.03758E-14  1.44199E-12  2.61105E-08  5.35000E-07
    9.500  5.13851E-14  1.55469E-12  2.49824E-08  7.55858E-07
   10.000  3.63125E-14  1.69921E-12  2.28158E-08  1.06764E-06
   10.500  2.55460E-14  1.88057E-12  2.04856E-08  1.50805E-06
   11.000  1.81596E-14  2.10199E-12  1.83760E-08  2.12703E-06
   11.500  1.31265E-14  2.36025E-12  1.65889E-08  2.98282E-06
   12.000  9.66568E-15  2.63682E-12  1.51119E-08  4.12255E-06
   12.500  7.24812E-15  2.88562E-12  1.38981E-08  5.53310E-06
   13.000  5.52864E-15  3.02853E-12  1.28978E-08  7.06526E-06
   13.500  4.28332E-15  2.98242E-12  1.20678E-08  8.40268E-06
   14.000  3.36568E-15  2.72113E-12  1.13735E-08  9.19536E-06
   14.500  2.67855E-15  2.30966E-12  1.07875E-08  9.30183E-06
   15.000  2.15635E-15  1.85718E-12  1.02886E-08  8.86118E-06
   15.500  1.75410E-15  1.44659E-12  9.86038E-09  8.13175E-06
   16.000  1.44042E-15  1.11186E-12  9.49004E-09  7.32539E-06
   16.500  1.19302E-15  8.53721E-13  9.16745E-09  6.56017E-06
   17.000  9.95894E-16  6.59483E-13  8.88460E-09  5.88340E-06
   17.500  8.37330E-16  5.14337E-13  8.63509E-09  5.30418E-06
   18.000  7.08676E-16  4.05576E-13  8.41376E-09  4.81520E-06
   18.500  6.03454E-16  3.23442E-13  8.21642E-09  4.40387E-06
   19.000  5.16759E-16  2.60785E-13  8.03963E-09  4.05723E-06
   19.500  4.44841E-16  2.12455E-13  7.88057E-09  3.76375E-06
   20.000  3.84800E-16  1.74760E-13  7.73687E-09  3.51377E-06
   21.000  2.91803E-16  1.21367E-13  7.48800E-09  3.11443E-06
   22.000  2.24841E-16  8.68762E-14  7.28063E-09  2.81316E-06

 Photoabsorption cross sections

  E [MeV]   xs [mb]

   1.000000E-03   2.559201E-04
   2.000000E-03   6.118469E-04
   5.000000E-03   1.377138E-03
   1.000000E-02   2.647125E-03
   2.000000E-02   5.166643E-03
   5.000000E-02   1.256542E-02
   9.999999E-02   2.438883E-02
   2.000000E-01   4.630524E-02
   3.000000E-01   6.621535E-02
   4.000000E-01   8.445283E-02
   5.000000E-01   1.013192E-01
   6.000000E-01   1.170896E-01
   7.000000E-01   1.320159E-01
   8.000000E-01   1.463252E-01
   9.000000E-01   1.602355E-01
   1.000000E+00   1.739497E-01
   1.100000E+00   1.876105E-01
   1.200000E+00   2.015238E-01
   1.300000E+00   2.157340E-01
   1.400000E+00   2.304239E-01
   1.500000E+00   2.456695E-01
   1.600000E+00   2.616585E-01
   1.700000E+00   2.787509E-01
   1.800000E+00   2.967928E-01
   1.900000E+00   3.160807E-01
   2.000000E+00   3.367468E-01
   2.200000E+00   3.827201E-01
   2.400000E+00   4.372915E-01
   2.600000E+00   4.980545E-01
   2.800000E+00   5.700770E-01
   3.000000E+00   6.452101E-01
   3.200001E+00   7.218217E-01
   3.400001E+00   7.972282E-01
   3.600001E+00   8.766896E-01
   3.800001E+00   9.670815E-01
   4.000000E+00   1.070456E+00
   4.500000E+00   1.389257E+00
   5.000000E+00   1.807776E+00
   5.500000E+00   2.343851E+00
   6.000000E+00   3.024939E+00
   6.500000E+00   3.892167E+00
   7.000000E+00   4.971869E+00
   7.500000E+00   6.287421E+00
   8.000000E+00   7.808735E+00
   8.500000E+00   9.521018E+00
   9.000000E+00   1.150398E+01
   9.500000E+00   1.394995E+01
   1.000000E+01   1.702217E+01
   1.050000E+01   2.099049E+01
   1.100000E+01   2.612954E+01
   1.150000E+01   3.283509E+01
   1.200000E+01   4.148091E+01
   1.250000E+01   5.262415E+01
   1.300000E+01   6.691091E+01
   1.350000E+01   8.463451E+01
   1.400000E+01   1.058781E+02
   1.450000E+01   1.297501E+02
   1.500000E+01   1.536652E+02
   1.550000E+01   1.739303E+02
   1.600000E+01   1.861598E+02
   1.650000E+01   1.898318E+02
   1.700000E+01   1.834973E+02
   1.750000E+01   1.701289E+02
   1.800000E+01   1.534614E+02
   1.850000E+01   1.362901E+02
   1.900000E+01   1.203381E+02
   1.950000E+01   1.061257E+02
   2.000000E+01   9.388836E+01
   2.100000E+01   7.483248E+01
   2.200000E+01   6.141352E+01

 ########## RESULTS FOR E=  14.00000 ##########

 Energy dependent input flags

 Width fluctuations (flagwidth)            : n
 Unresolved resonance parameters (flagurr) : n
 Preequilibrium (flagpreeq)                : y
 Multiple preequilibrium (flagmulpre)      : n
 Number of continuum excitation energy bins: 40

 ########### REACTION SUMMARY FOR E=  14.00000 ###########

 Center-of-mass energy:   13.849

 1. Total (binary) cross sections

 Total           = 3.98195E+03
   Shape elastic   = 2.21132E+03
   Reaction        = 1.77063E+03
     Compound elastic= 6.02817E-04
     Non-elastic     = 1.77063E+03
       Direct          = 3.09942E+01
       Pre-equilibrium = 4.19247E+02
       Giant resonance = 5.69210E+01
       Compound non-el = 1.26347E+03
     Total elastic   = 2.21132E+03

 2. Binary non-elastic cross sections (non-exclusive)

 gamma   = 2.79389E+00
 neutron = 1.69529E+03
 proton  = 3.85805E+01
 deuteron= 4.96449E+00
 triton  = 1.81757E-01
 helium-3= 7.29505E-10
 alpha   = 2.88177E+01

 3. Total particle production cross sections

 gamma   = 2.21097E+03    Multiplicity= 1.24869E+00
 neutron = 3.08736E+03    Multiplicity= 1.74365E+00
 proton  = 4.10702E+01    Multiplicity= 2.31953E-02
 deuteron= 4.96449E+00    Multiplicity= 2.80380E-03
 triton  = 1.81757E-01    Multiplicity= 1.02651E-04
 helium-3= 7.29505E-10    Multiplicity= 4.12003E-13
 alpha   = 2.93826E+01    Multiplicity= 1.65944E-02

 4. Residual production cross sections

   a. Per isotope

   Z   A  nuclide    total     level   isomeric    isomeric    lifetime
                 cross section       cross section  ratio

   41  94 ( 94Nb) 1.19960E+00    0    5.71296E-01  0.47624
                                 1    6.28304E-01  0.52376   3.75800E+02 sec. 
   41  93 ( 93Nb) 3.14864E+02    0    2.77770E+02  0.88219
                                 1    3.70943E+01  0.11781   5.08700E+08 sec. 
   40  93 ( 93Zr) 2.97680E+01    0    2.97680E+01  1.00000
   41  92 ( 92Nb) 1.37917E+03    0    8.65640E+02  0.62765
                                 1    5.13527E+02  0.37235   8.77000E+05 sec. 
   40  92 ( 92Zr) 1.62764E+01    0    1.62764E+01  1.00000
   40  91 ( 91Zr) 1.81764E-01    0    1.81764E-01  1.00000
   39  90 ( 90Y ) 2.63291E+01    0    1.25952E+01  0.47837
                                 2    1.37340E+01  0.52163   1.14800E+04 sec. 
   39  89 ( 89Y ) 3.05343E+00    0    1.27030E+00  0.41602
                                 1    1.78314E+00  0.58398   1.56600E+01 sec. 

   b. Per mass

   A  cross section

   94 1.19960E+00
   93 3.44632E+02
   92 1.39544E+03
   91 1.81764E-01
   90 2.63291E+01
   89 3.05343E+00

 Total residual production cross section:  1770.8403320
 Non-elastic cross section              :  1770.6293945

 Execution time:  0 hours  0 minutes  1.95 seconds 

 The TALYS team congratulates you with this successful calculation.
