
    TALYS-1.96 (Version: December 30, 2021)

 Copyright (C) 2021  A.J. Koning, S. Hilaire and S. Goriely

 Dimensions - Cross sections: mb, Energies: MeV, Angles: degrees

 ########## USER INPUT ##########

 USER INPUT FILE

 #
 # g-zr090-xs
 #
 # general
 #
 projectile g
 element zr
 mass 90
 energy energies

 USER INPUT FILE + DEFAULTS

 Keyword           Value   Variable     Explanation

 #
 # Four main keywords
 #
 projectile          g     ptype0       type of incident particle
 element            Zr     Starget      symbol of target nucleus
 mass               90     mass         mass number of target nucleus
 energy energies           energyfile   file with incident energies
 #
 # Basic physical and numerical parameters
 #
 ejectiles g n p d t h a   outtype      outgoing particles
 maxz               12     maxZ         maximal number of protons away from the initial compound nucleus
 maxn               32     maxN         maximal number of neutrons away from the initial compound nucleus
 bins               40     nbins        number of continuum excitation energy bins
 equidistant         y     flagequi     flag to use equidistant excitation bins instead of logarithmic bins
 equispec            n     flagequispec flag to use equidistant bins for emission spectra
 popmev              n     flagpopmev   flag to use initial population per MeV instead of histograms
 segment             1     segment      number of segments to divide emission energy grid
 maxlevelstar       30     nlevmax      maximum number of included discrete levels for target
 maxlevelsres       10     nlevmaxres   maximum number of included discrete levels for residual nucleus
 maxlevelsbin g     30     nlevbin      maximum number of included discrete levels for gamma    channel
 maxlevelsbin n     10     nlevbin      maximum number of included discrete levels for neutron  channel
 maxlevelsbin p     10     nlevbin      maximum number of included discrete levels for proton   channel
 maxlevelsbin d      5     nlevbin      maximum number of included discrete levels for deuteron channel
 maxlevelsbin t      5     nlevbin      maximum number of included discrete levels for triton   channel
 maxlevelsbin h      5     nlevbin      maximum number of included discrete levels for helium-3 channel
 maxlevelsbin a     10     nlevbin      maximum number of included discrete levels for alpha    channel
 ltarget             0     ltarget      excited level of target
 isomer           1.00E+00 isomer       definition of isomer in seconds
 transpower          5     transpower   power for transmission coefficient limit
 transeps         1.00E-08 transeps     limit for transmission coefficient
 xseps            1.00E-07 xseps        limit for cross sections
 popeps           1.00E-03 popeps       limit for population cross section per nucleus
 Rfiseps          1.00E-03 Rfiseps      ratio for limit for fission cross section per nucleus
 elow             1.00E-06 elow         minimal incident energy for nuclear model calculations
 angles             90     nangle       number of angles
 anglescont         18     nanglecont   number of angles for continuum
 anglesrec           1     nanglerec    number of recoil angles
 maxenrec           20     maxenrec     number of recoil energies
 channels            n     flagchannels flag for exclusive channels calculation
 maxchannel          4     maxchannel   maximal number of outgoing particles in individual channel description
 micro               n     flagmicro    flag for completely microscopic Talys calculation
 best                n     flagbest     flag to use best set of adjusted parameters
 bestbranch          y     flagbestbr   flag to use flag to use only best set of branching ratios
 bestend             n     flagbestend  flag to put best set of parameters at end of input file
 relativistic        y     flagrel      flag for relativistic kinematics
 recoil              n     flagrecoil   flag for calculation of recoils
 labddx              n     flaglabddx   flag for calculation of DDX in LAB system
 recoilaverage       n     flagrecoilav flag for average velocity in recoil calculation
 channelenergy       n     flagEchannel flag for channel energy for emission spectrum
 reaction            y     flagreaction flag for calculation of nuclear reactions
 ngfit               n     flagngfit    flag for using fitted (n,g) nuclear model parameters
 nnfit               n     flagnnfit    flag for using fitted (n,n), (n,2n) and (n,p) nuclear model parameters
 nafit               n     flagnafit    flag for using fitted (n,a) nuclear model parameters
 astro               n     flagastro    flag for calculation of astrophysics reaction rate
 astrogs             n     flagastrogs  flag for calculation of astrophysics reaction rate with target in ground state only
 astroex             n     flagastroex  flag for calculation of astrophysics reaction rate to long-lived excited states
 nonthermlev        -1     nonthermlev  excited level non-thermalized in the calculation of astrophysics rate
 massmodel           2     massmodel    model for theoretical nuclear mass
 expmass             y     flagexpmass  flag for using experimental nuclear mass if available
 disctable           1     disctable    table with discrete levels
 production          n     flagprod     flag for isotope production
 outfy               n     flagoutfy    flag for output detailed fission yield calculation
 gefran          50000     gefran       number of random events for GEF calculation
 Estop            1000.000 Estop        incident energy above which TALYS stops
 rpevap              n     flagrpevap   flag for evaporation of residual products at high incident energies
 maxZrp             12     maxZrp       maximal number of protons away from the initial compound nucleus before residual evaporation
 maxNrp             32     maxNrp       maximal number of neutrons away from the initial compound nucleus before residual evaporation
 #
 # Optical model
 #
 localomp            y     flaglocalomp flag for local (y) or global (n) optical model
 dispersion          n     flagdisp     flag for dispersive optical model
 jlmomp              n     flagjlm      flag for using semi-microscopic JLM OMP
 riplomp             n     flagriplomp  flag for RIPL OMP
 riplrisk            n     flagriplrisk flag for going outside RIPL mass validity range
 optmodall           n     flagompall   flag for new optical model calculation for all residual nuclei
 incadjust           y     flagincadj   flag for OMP adjustment on incident channel also
 omponly             n     flagomponly  flag to execute ONLY an optical model calculation
 autorot             n     flagautorot  flag for automatic rotational coupled channels calculations for A > 150
 spherical           y     flagspher    flag to force spherical optical model
 soukho              y     flagsoukho   flag for Soukhovitskii OMP for actinides
 coulomb             y     flagcoulomb  flag for Coulomb excitation calculation with ECIS
 statepot            n     flagstate    flag for optical model potential for each excited state
 maxband             0     maxband      highest vibrational band added to rotational model
 maxrot              2     maxrot       number of included excited rotational levels
 sysreaction               sysreaction  particles with reaction cross section from systematics
 rotational                rotational   particles with possible rotational optical model
 core               -1     core         even-even core for weakcoupling (-1 or 1)
 ecissave            n     flagecissave flag for saving ECIS input and output files
 eciscalc            y     flageciscalc flag for new ECIS calculation for outgoing particles and energy grid
 inccalc             y     flaginccalc  flag for new ECIS calculation for incident channel
 endfecis            y     flagendfecis flag for new ECIS calculation for ENDF-6 files
 radialmodel         2     radialmodel  model for radial matter densities (JLM OMP only)
 jlmmode             0     jlmmode      option for JLM imaginary potential normalization
 alphaomp            6     alphaomp     alpha OMP (1=normal, 2= McFadden-Satchler, 3-5= folding potential, 6,8= Avrigeanu, 7=Nolte)
 deuteronomp         1     deuteronomp  deuteron OMP (1=normal, 2=Daehnick, 3=Bojowald, 4=Han-Shi-Shen, 5=An-Cai)
 #
 # Compound nucleus
 #
 widthfluc           n     flagwidth    flag for width fluctuation calculation
 widthmode           1     wmode        designator for width fluctuation model
 compound            y     flagcomp     flag for compound nucleus model
 fullhf              n     flagfullhf   flag for full spin dependence of transmission coefficients
 eciscompound        n     flageciscomp flag for compound nucleus calculation by ECIS
 cpang               n     flagcpang    flag for compound angular distribution calculation for incident charged particles
 urr                 n     flagurr      flag for URR calculation
 urrnjoy             n     flagurrnjoy  flag for normalization of URR parameters with NJOY method
 lurr                2     lurr         maximal orbital angular momentum for URR
 #
 # Gamma emission
 #
 gammax              2     gammax       number of l-values for gamma multipolarity
 strength            9     strength     model for E1 gamma-ray strength function
 strengthM1          3     strengthM1   model for M1 gamma-ray strength function
 electronconv        y     flagelectron flag for application of electron conversion coefficient
 racap               n     flagracap    flag for radiative capture model
 ldmodelracap        1     ldmodelracap level density model for direct radiative capture
 upbend              n     flagupbend   flag for low-energy upbend of photon strength function
 psfglobal           n    flagpsfglobal flag for global photon strength functions only
 #
 # Pre-equilibrium
 #
 preequilibrium      y     flagpreeq    flag for pre-equilibrium calculation
 preeqmode           2     preeqmode    designator for pre-equilibrium model
 multipreeq         20.000 emulpre      on-set incident energy for multiple preequilibrium
 mpreeqmode          2     mpreeqmode   designator for multiple pre-equilibrium model
 breakupmodel        1     breakupmodel model for break-up reaction: 1. Kalbach 2. Avrigeanu
 phmodel             1     phmodel      particle-hole state density model
 pairmodel           2     pairmodel    designator for pre-equilibrium pairing model
 preeqspin           1     pespinmodel  model for pre-equilibrium spin distribution
 giantresonance      n     flaggiant    flag for collective contribution from giant resonances
 preeqsurface        n     flagsurface  flag for surface effects in exciton model
 preeqcomplex        n     flagpecomp   flag for Kalbach complex particle emission model
 twocomponent        y     flag2comp    flag for two-component pre-equilibrium model
 ecisdwba            y     flagecisdwba flag for new ECIS calculation for DWBA for MSD
 onestep             n     flagonestep  flag for continuum one-step direct only
 #
 # Level densities
 #
 ldmodel             1     ldmodelall   level density model
 ldmodelCN           1     ldmodelCN    level density model for compound nucleus
 shellmodel          1     shellmodel   model for shell correction energies
 kvibmodel           2     kvibmodel    model for vibrational enhancement
 spincutmodel        1     spincutmodel model for spin cutoff factor for ground state
 asys                n     flagasys     flag for all level density parameters a from systematics
 parity              n     flagparity   flag for non-equal parity distribution
 colenhance          n     flagcolall   flag for collective enhancement of level density for all nuclides
 ctmglobal           n     flagctmglob  flag for global CTM model (no discrete level info)
 gshell              n     flaggshell   flag for energy dependence of single particle level density parameter g
 colldamp            n     flagcolldamp flag for damping of collective effects in effective level density
 #
 # Fission
 #
 fission             n     flagfission  flag for fission
 fismodel            3     fismodel     fission model
 fismodelalt         3     fismodelalt  alternative fission model for default barriers
 hbstate             y     flaghbstate  flag for head band states in fission
 class2              y     flagclass2   flag for class2 states in fission
 fispartdamp         n  flagfispartdamp flag for fission partial damping
 massdis             n     flagmassdis  flag for calculation of fission fragment mass yields
 ffevaporation       y     flagffevap   flag for calculation of particle evaporation from fission fragment mass yields
 fisfeed             n     flagfisfeed  flag for output of fission per excitation bin
 fymodel             2     fymodel      fission yield model, 1: Brosa 2: GEF
 ffmodel             1     ffmodel      fission fragment model, 1: GEF 2: HF3D (Okumura) 3: SPY
 pfnsmodel           1     pfnsmodel    PFNS model, 1: Iwamoto 2: from FF decay
 ffspin              n     flagffspin   flag to use spin distribution in initial FF population
 #
 # Output
 #
 outmain             y     flagmain     flag for main output
 outbasic            n     flagbasic    flag for output of basic information and results
 outpopulation       n     flagpop      flag for output of population
 outcheck            n     flagcheck    flag for output of numerical checks
 outlevels           n     flaglevels   flag for output of discrete level information
 outdensity          n     flagdensity  flag for output of level densities
 outomp              n     flagoutomp   flag for output of optical model parameters
 outkd               n     flagoutkd    flag for output of KD03 OMP parameters
 outdirect           n     flagdirect   flag for output of direct reaction results
 outinverse          n     flaginverse  flag for output of transmission coefficients and inverse reaction cross sections
 outdecay            n     flagdecay    flag for output of decay of each population bin
 outtransenergy      y     flagtransen  flag for output of transmission coefficients per energy
 outecis             n     flagoutecis  flag for output of ECIS results
 outgamma            n     flaggamma    flag for output of gamma-ray information
 outpreequilibrium   n     flagpeout    flag for output of pre-equilibrium results 
 outfission          n     flagfisout   flag for output of fission information
 outdiscrete         n     flagdisc     flag for output of discrete state cross sections
 outspectra          n     flagspec     flag for output of double-differential cross sections
 outbinspectra       n     flagbinspec  flag for output of emission spectrum per excitation bin
 resonance           n     flagres      flag for output of low energy resonance cross sections
 group               n     flaggroup    flag for output of low energy groupwise cross sections
 addiscrete          y     flagadd      flag for addition of discrete states to spectra
 addelastic          y     flagaddel    flag for addition of elastic peak to spectra
 outangle            n     flagang      flag for output of angular distributions
 outlegendre         n     flaglegendre flag for output of Legendre coefficients
 ddxmode             0     ddxmode      mode for double-differential cross sections
 outdwba             n     flagoutdwba  flag for output of DWBA cross sections for MSD
 outgamdis           n     flaggamdis   flag for output of discrete gamma-ray intensities
 outexcitation       y     flagexc      flag for output of excitation functions
 components          n     flagcompo    flag for output of cross section components
 endf                n     flagendf     flag for information for ENDF-6 file
 endfdetail          y     flagendfdet  flag for detailed ENDF-6 information per channel
 sacs                n     flagsacs     flag for statistical analysis of cross sections
 partable            n     flagpartable flag for output of model parameters on separate file
 block               n     flagblock    flag to block spectra, angle and gamma files

 ########## BASIC REACTION PARAMETERS ##########

 Projectile           : gamma       Mass in a.m.u.      :   0.000000
 Target               :  90Zr       Mass in a.m.u.      :  89.904699

 Included channels:
                     gamma   
                     neutron 
                     proton  
                     deuteron
                     triton  
                     helium-3
                     alpha   

    20 incident energies (LAB):

     10.000
     11.000
     12.000
     13.000
     14.000
     15.000
     16.000
     16.500
     17.000
     17.500
     18.000
     18.500
     19.000
     20.000
     21.000
     22.000
     23.000
     24.000
     25.000
     26.000

 Q-values for binary reactions:

 Q(g,g):  0.00000
 Q(g,n):-11.96589
 Q(g,p): -8.35031
 Q(g,d):-17.60924
 Q(g,t):-20.70395
 Q(g,h):-18.82367
 Q(g,a): -6.67436

 ########## RESULTS FOR E=  10.00000 ##########

 Energy dependent input flags

 Width fluctuations (flagwidth)            : n
 Unresolved resonance parameters (flagurr) : n
 Preequilibrium (flagpreeq)                : y
 Multiple preequilibrium (flagmulpre)      : n
 Number of continuum excitation energy bins: 40

 ########### REACTION SUMMARY FOR E=  10.00000 ###########

 Center-of-mass energy:    9.999

 1. Total (binary) cross sections

   Reaction        = 8.24137E+00
     Compound elastic= 2.71814E+00
     Non-elastic     = 5.52323E+00
       Direct          = 0.00000E+00
       Pre-equilibrium = 0.00000E+00
       Compound non-el = 5.52323E+00

 2. Binary non-elastic cross sections (non-exclusive)

 gamma   = 5.50907E+00
 neutron = 0.00000E+00
 proton  = 3.23751E-02
 deuteron= 0.00000E+00
 triton  = 0.00000E+00
 helium-3= 0.00000E+00
 alpha   = 0.00000E+00

 3. Total particle production cross sections

 gamma   = 8.85532E+00    Multiplicity= 1.60329E+00
 neutron = 0.00000E+00    Multiplicity= 0.00000E+00
 proton  = 3.23751E-02    Multiplicity= 5.86163E-03
 deuteron= 0.00000E+00    Multiplicity= 0.00000E+00
 triton  = 0.00000E+00    Multiplicity= 0.00000E+00
 helium-3= 0.00000E+00    Multiplicity= 0.00000E+00
 alpha   = 0.00000E+00    Multiplicity= 0.00000E+00

 4. Residual production cross sections

   a. Per isotope

   Z   A  nuclide    total     level   isomeric    isomeric    lifetime
                 cross section       cross section  ratio

   40  90 ( 90Zr) 5.50907E+00    0    5.50907E+00  1.00000
   39  89 ( 89Y ) 3.23751E-02    0    3.23751E-02  1.00000
                                 1    0.00000E+00  0.00000   1.56600E+01 sec. 

   b. Per mass

   A  cross section

   90 5.50907E+00
   89 3.23751E-02

 Total residual production cross section:     5.5414405
 Non-elastic cross section              :     5.5232325

 ########## RESULTS FOR E=  11.00000 ##########

 Energy dependent input flags

 Width fluctuations (flagwidth)            : n
 Unresolved resonance parameters (flagurr) : n
 Preequilibrium (flagpreeq)                : y
 Multiple preequilibrium (flagmulpre)      : n
 Number of continuum excitation energy bins: 40

 ########### REACTION SUMMARY FOR E=  11.00000 ###########

 Center-of-mass energy:   10.999

 1. Total (binary) cross sections

   Reaction        = 1.28951E+01
     Compound elastic= 2.30403E+00
     Non-elastic     = 1.05911E+01
       Direct          = 0.00000E+00
       Pre-equilibrium = 0.00000E+00
       Compound non-el = 1.05911E+01

 2. Binary non-elastic cross sections (non-exclusive)

 gamma   = 6.80572E+00
 neutron = 0.00000E+00
 proton  = 3.81477E+00
 deuteron= 0.00000E+00
 triton  = 0.00000E+00
 helium-3= 0.00000E+00
 alpha   = 8.13731E-33

 3. Total particle production cross sections

 gamma   = 1.21836E+01    Multiplicity= 1.15036E+00
 neutron = 0.00000E+00    Multiplicity= 0.00000E+00
 proton  = 3.81505E+00    Multiplicity= 3.60213E-01
 deuteron= 0.00000E+00    Multiplicity= 0.00000E+00
 triton  = 0.00000E+00    Multiplicity= 0.00000E+00
 helium-3= 0.00000E+00    Multiplicity= 0.00000E+00
 alpha   = 8.13731E-33    Multiplicity= 7.68316E-34

 4. Residual production cross sections

   a. Per isotope

   Z   A  nuclide    total     level   isomeric    isomeric    lifetime
                 cross section       cross section  ratio

   40  90 ( 90Zr) 6.80544E+00    0    6.80544E+00  1.00000
   39  89 ( 89Y ) 3.81505E+00    0    3.81494E+00  0.99997
                                 1    1.09193E-04  0.00003   1.56600E+01 sec. 

   b. Per mass

   A  cross section

   90 6.80544E+00
   89 3.81505E+00

 Total residual production cross section:    10.6204929
 Non-elastic cross section              :    10.5911036

 ########## RESULTS FOR E=  12.00000 ##########

 Energy dependent input flags

 Width fluctuations (flagwidth)            : n
 Unresolved resonance parameters (flagurr) : n
 Preequilibrium (flagpreeq)                : y
 Multiple preequilibrium (flagmulpre)      : n
 Number of continuum excitation energy bins: 40

 ########### REACTION SUMMARY FOR E=  12.00000 ###########

 Center-of-mass energy:   11.999

 1. Total (binary) cross sections

   Reaction        = 2.13600E+01
     Compound elastic= 1.14585E+00
     Non-elastic     = 2.02141E+01
       Direct          = 0.00000E+00
       Pre-equilibrium = 8.31979E-05
       Compound non-el = 2.02140E+01

 2. Binary non-elastic cross sections (non-exclusive)

 gamma   = 4.93046E+00
 neutron = 5.46108E-04
 proton  = 1.53307E+01
 deuteron= 0.00000E+00
 triton  = 0.00000E+00
 helium-3= 0.00000E+00
 alpha   = 1.33477E-22

 3. Total particle production cross sections

 gamma   = 9.69508E+00    Multiplicity= 4.79619E-01
 neutron = 5.46108E-04    Multiplicity= 2.70162E-05
 proton  = 1.53388E+01    Multiplicity= 7.58817E-01
 deuteron= 0.00000E+00    Multiplicity= 0.00000E+00
 triton  = 0.00000E+00    Multiplicity= 0.00000E+00
 helium-3= 0.00000E+00    Multiplicity= 0.00000E+00
 alpha   = 1.33477E-22    Multiplicity= 6.60316E-24

 4. Residual production cross sections

   a. Per isotope

   Z   A  nuclide    total     level   isomeric    isomeric    lifetime
                 cross section       cross section  ratio

   40  90 ( 90Zr) 4.92242E+00    0    4.92242E+00  1.00000
   39  89 ( 89Y ) 1.53388E+01    0    1.53263E+01  0.99919
                                 1    1.24819E-02  0.00081   1.56600E+01 sec. 

   b. Per mass

   A  cross section

   90 4.92242E+00
   89 1.53388E+01

 Total residual production cross section:    20.2612171
 Non-elastic cross section              :    20.2141056

 ########## RESULTS FOR E=  13.00000 ##########

 Energy dependent input flags

 Width fluctuations (flagwidth)            : n
 Unresolved resonance parameters (flagurr) : n
 Preequilibrium (flagpreeq)                : y
 Multiple preequilibrium (flagmulpre)      : n
 Number of continuum excitation energy bins: 40

 ########### REACTION SUMMARY FOR E=  13.00000 ###########

 Center-of-mass energy:   12.999

 1. Total (binary) cross sections

   Reaction        = 3.73630E+01
     Compound elastic= 2.77792E-01
     Non-elastic     = 3.70852E+01
       Direct          = 0.00000E+00
       Pre-equilibrium = 2.57130E-04
       Compound non-el = 3.70850E+01

 2. Binary non-elastic cross sections (non-exclusive)

 gamma   = 1.66422E+00
 neutron = 2.63959E+01
 proton  = 9.09602E+00
 deuteron= 0.00000E+00
 triton  = 0.00000E+00
 helium-3= 0.00000E+00
 alpha   = 2.64817E-04

 3. Total particle production cross sections

 gamma   = 3.51612E+00    Multiplicity= 9.48118E-02
 neutron = 2.63960E+01    Multiplicity= 7.11766E-01
 proton  = 9.11914E+00    Multiplicity= 2.45897E-01
 deuteron= 0.00000E+00    Multiplicity= 0.00000E+00
 triton  = 0.00000E+00    Multiplicity= 0.00000E+00
 helium-3= 0.00000E+00    Multiplicity= 0.00000E+00
 alpha   = 2.64818E-04    Multiplicity= 7.14079E-06

 4. Residual production cross sections

   a. Per isotope

   Z   A  nuclide    total     level   isomeric    isomeric    lifetime
                 cross section       cross section  ratio

   40  90 ( 90Zr) 1.64110E+00    0    1.64110E+00  1.00000
   40  89 ( 89Zr) 2.63960E+01    0    6.01589E+00  0.22791
                                 1    2.03801E+01  0.77209   2.49700E+02 sec. 
   39  89 ( 89Y ) 9.11913E+00    0    9.06644E+00  0.99422
                                 1    5.26972E-02  0.00578   1.56600E+01 sec. 

   b. Per mass

   A  cross section

   90 1.64110E+00
   89 3.55151E+01

 Total residual production cross section:    37.1562500
 Non-elastic cross section              :    37.0852165

 ########## RESULTS FOR E=  14.00000 ##########

 Energy dependent input flags

 Width fluctuations (flagwidth)            : n
 Unresolved resonance parameters (flagurr) : n
 Preequilibrium (flagpreeq)                : y
 Multiple preequilibrium (flagmulpre)      : n
 Number of continuum excitation energy bins: 40

 ########### REACTION SUMMARY FOR E=  14.00000 ###########

 Center-of-mass energy:   13.999

 1. Total (binary) cross sections

   Reaction        = 6.85453E+01
     Compound elastic= 1.47458E-01
     Non-elastic     = 6.83978E+01
       Direct          = 0.00000E+00
       Pre-equilibrium = 8.37784E-04
       Compound non-el = 6.83970E+01

 2. Binary non-elastic cross sections (non-exclusive)

 gamma   = 1.19158E+00
 neutron = 6.02115E+01
 proton  = 7.07751E+00
 deuteron= 0.00000E+00
 triton  = 0.00000E+00
 helium-3= 0.00000E+00
 alpha   = 1.82818E-03

 3. Total particle production cross sections

 gamma   = 2.78511E+00    Multiplicity= 4.07193E-02
 neutron = 6.02161E+01    Multiplicity= 8.80381E-01
 proton  = 7.13821E+00    Multiplicity= 1.04363E-01
 deuteron= 0.00000E+00    Multiplicity= 0.00000E+00
 triton  = 0.00000E+00    Multiplicity= 0.00000E+00
 helium-3= 0.00000E+00    Multiplicity= 0.00000E+00
 alpha   = 1.82820E-03    Multiplicity= 2.67289E-05

 4. Residual production cross sections

   a. Per isotope

   Z   A  nuclide    total     level   isomeric    isomeric    lifetime
                 cross section       cross section  ratio

   40  90 ( 90Zr) 1.12653E+00    0    1.12653E+00  1.00000
   40  89 ( 89Zr) 6.02161E+01    0    2.93925E+01  0.48812
                                 1    3.08236E+01  0.51188   2.49700E+02 sec. 
   39  89 ( 89Y ) 7.13821E+00    0    6.94005E+00  0.97224
                                 1    1.98158E-01  0.02776   1.56600E+01 sec. 
   38  86 ( 86Sr) 1.82820E-03    0    1.82820E-03  1.00000

   b. Per mass

   A  cross section

   90 1.12653E+00
   89 6.73543E+01
   86 1.82820E-03

 Total residual production cross section:    68.4826736
 Non-elastic cross section              :    68.3978271

 ########## RESULTS FOR E=  15.00000 ##########

 Energy dependent input flags

 Width fluctuations (flagwidth)            : n
 Unresolved resonance parameters (flagurr) : n
 Preequilibrium (flagpreeq)                : y
 Multiple preequilibrium (flagmulpre)      : n
 Number of continuum excitation energy bins: 40

 ########### REACTION SUMMARY FOR E=  15.00000 ###########

 Center-of-mass energy:   14.999

 1. Total (binary) cross sections

   Reaction        = 1.29219E+02
     Compound elastic= 1.12028E-01
     Non-elastic     = 1.29107E+02
       Direct          = 0.00000E+00
       Pre-equilibrium = 4.16096E-01
       Compound non-el = 1.28691E+02

 2. Binary non-elastic cross sections (non-exclusive)

 gamma   = 1.16733E+00
 neutron = 1.20021E+02
 proton  = 7.97915E+00
 deuteron= 0.00000E+00
 triton  = 0.00000E+00
 helium-3= 0.00000E+00
 alpha   = 1.40054E-02

 3. Total particle production cross sections

 gamma   = 7.24458E+01    Multiplicity= 5.61129E-01
 neutron = 1.20058E+02    Multiplicity= 9.29906E-01
 proton  = 8.09405E+00    Multiplicity= 6.26924E-02
 deuteron= 0.00000E+00    Multiplicity= 0.00000E+00
 triton  = 0.00000E+00    Multiplicity= 0.00000E+00
 helium-3= 0.00000E+00    Multiplicity= 0.00000E+00
 alpha   = 1.40056E-02    Multiplicity= 1.08480E-04

 4. Residual production cross sections

   a. Per isotope

   Z   A  nuclide    total     level   isomeric    isomeric    lifetime
                 cross section       cross section  ratio

   40  90 ( 90Zr) 1.01681E+00    0    1.01681E+00  1.00000
   40  89 ( 89Zr) 1.20073E+02    0    2.73314E+01  0.22762
                                 1    9.27419E+01  0.77238   2.49700E+02 sec. 
   39  89 ( 89Y ) 8.09409E+00    0    7.49624E+00  0.92614
                                 1    5.97847E-01  0.07386   1.56600E+01 sec. 
   38  86 ( 86Sr) 1.40044E-02    0    1.40044E-02  1.00000

   b. Per mass

   A  cross section

   90 1.01681E+00
   89 1.28167E+02
   86 1.40044E-02

 Total residual production cross section:   129.1982117
 Non-elastic cross section              :   129.1073456

 ########## RESULTS FOR E=  16.00000 ##########

 Energy dependent input flags

 Width fluctuations (flagwidth)            : n
 Unresolved resonance parameters (flagurr) : n
 Preequilibrium (flagpreeq)                : y
 Multiple preequilibrium (flagmulpre)      : n
 Number of continuum excitation energy bins: 40

 ########### REACTION SUMMARY FOR E=  16.00000 ###########

 Center-of-mass energy:   15.998

 1. Total (binary) cross sections

   Reaction        = 2.18869E+02
     Compound elastic= 9.73966E-02
     Non-elastic     = 2.18772E+02
       Direct          = 0.00000E+00
       Pre-equilibrium = 2.25207E+00
       Compound non-el = 2.16520E+02

 2. Binary non-elastic cross sections (non-exclusive)

 gamma   = 1.43108E+00
 neutron = 2.01726E+02
 proton  = 1.55733E+01
 deuteron= 0.00000E+00
 triton  = 0.00000E+00
 helium-3= 0.00000E+00
 alpha   = 9.59270E-02

 3. Total particle production cross sections

 gamma   = 1.85316E+02    Multiplicity= 8.47075E-01
 neutron = 2.01866E+02    Multiplicity= 9.22725E-01
 proton  = 1.57629E+01    Multiplicity= 7.20516E-02
 deuteron= 0.00000E+00    Multiplicity= 0.00000E+00
 triton  = 0.00000E+00    Multiplicity= 0.00000E+00
 helium-3= 0.00000E+00    Multiplicity= 0.00000E+00
 alpha   = 9.59278E-02    Multiplicity= 4.38483E-04

 4. Residual production cross sections

   a. Per isotope

   Z   A  nuclide    total     level   isomeric    isomeric    lifetime
                 cross section       cross section  ratio

   40  90 ( 90Zr) 1.10388E+00    0    1.10388E+00  1.00000
   40  89 ( 89Zr) 2.01946E+02    0    3.56980E+01  0.17677
                                 1    1.66248E+02  0.82323   2.49700E+02 sec. 
   39  89 ( 89Y ) 1.57633E+01    0    1.41651E+01  0.89862
                                 1    1.59816E+00  0.10138   1.56600E+01 sec. 
   38  86 ( 86Sr) 9.59220E-02    0    9.59220E-02  1.00000

   b. Per mass

   A  cross section

   90 1.10388E+00
   89 2.17710E+02
   86 9.59220E-02

 Total residual production cross section:   218.9093323
 Non-elastic cross section              :   218.7718353

 ########## RESULTS FOR E=  16.50000 ##########

 Energy dependent input flags

 Width fluctuations (flagwidth)            : n
 Unresolved resonance parameters (flagurr) : n
 Preequilibrium (flagpreeq)                : y
 Multiple preequilibrium (flagmulpre)      : n
 Number of continuum excitation energy bins: 40

 ########### REACTION SUMMARY FOR E=  16.50000 ###########

 Center-of-mass energy:   16.498

 1. Total (binary) cross sections

   Reaction        = 2.48710E+02
     Compound elastic= 7.23783E-02
     Non-elastic     = 2.48638E+02
       Direct          = 0.00000E+00
       Pre-equilibrium = 3.81136E+00
       Compound non-el = 2.44826E+02

 2. Binary non-elastic cross sections (non-exclusive)

 gamma   = 1.43830E+00
 neutron = 2.26824E+02
 proton  = 2.02543E+01
 deuteron= 0.00000E+00
 triton  = 0.00000E+00
 helium-3= 0.00000E+00
 alpha   = 1.67378E-01

 3. Total particle production cross sections

 gamma   = 2.35758E+02    Multiplicity= 9.48199E-01
 neutron = 2.27029E+02    Multiplicity= 9.13091E-01
 proton  = 2.04597E+01    Multiplicity= 8.22873E-02
 deuteron= 0.00000E+00    Multiplicity= 0.00000E+00
 triton  = 0.00000E+00    Multiplicity= 0.00000E+00
 helium-3= 0.00000E+00    Multiplicity= 0.00000E+00
 alpha   = 1.67380E-01    Multiplicity= 6.73188E-04

 4. Residual production cross sections

   a. Per isotope

   Z   A  nuclide    total     level   isomeric    isomeric    lifetime
                 cross section       cross section  ratio

   40  90 ( 90Zr) 1.03100E+00    0    1.03100E+00  1.00000
   40  89 ( 89Zr) 2.27161E+02    0    4.09171E+01  0.18012
                                 1    1.86244E+02  0.81988   2.49700E+02 sec. 
   39  89 ( 89Y ) 2.04607E+01    0    1.82954E+01  0.89417
                                 1    2.16535E+00  0.10583   1.56600E+01 sec. 
   38  86 ( 86Sr) 1.67377E-01    0    1.67377E-01  1.00000

   b. Per mass

   A  cross section

   90 1.03100E+00
   89 2.47622E+02
   86 1.67377E-01

 Total residual production cross section:   248.8200531
 Non-elastic cross section              :   248.6377716

 ########## RESULTS FOR E=  17.00000 ##########

 Energy dependent input flags

 Width fluctuations (flagwidth)            : n
 Unresolved resonance parameters (flagurr) : n
 Preequilibrium (flagpreeq)                : y
 Multiple preequilibrium (flagmulpre)      : n
 Number of continuum excitation energy bins: 40

 ########### REACTION SUMMARY FOR E=  17.00000 ###########

 Center-of-mass energy:   16.998

 1. Total (binary) cross sections

   Reaction        = 2.52405E+02
     Compound elastic= 4.34681E-02
     Non-elastic     = 2.52362E+02
       Direct          = 0.00000E+00
       Pre-equilibrium = 5.34651E+00
       Compound non-el = 2.47015E+02

 2. Binary non-elastic cross sections (non-exclusive)

 gamma   = 1.30429E+00
 neutron = 2.27834E+02
 proton  = 2.30374E+01
 deuteron= 0.00000E+00
 triton  = 0.00000E+00
 helium-3= 0.00000E+00
 alpha   = 2.25020E-01

 3. Total particle production cross sections

 gamma   = 2.63108E+02    Multiplicity= 1.04258E+00
 neutron = 2.28083E+02    Multiplicity= 9.03795E-01
 proton  = 2.32339E+01    Multiplicity= 9.20657E-02
 deuteron= 0.00000E+00    Multiplicity= 0.00000E+00
 triton  = 0.00000E+00    Multiplicity= 0.00000E+00
 helium-3= 0.00000E+00    Multiplicity= 0.00000E+00
 alpha   = 2.25023E-01    Multiplicity= 8.91669E-04

 4. Residual production cross sections

   a. Per isotope

   Z   A  nuclide    total     level   isomeric    isomeric    lifetime
                 cross section       cross section  ratio

   40  90 ( 90Zr) 8.62688E-01    0    8.62688E-01  1.00000
   40  89 ( 89Zr) 2.28276E+02    0    4.32348E+01  0.18940
                                 1    1.85042E+02  0.81060   2.49700E+02 sec. 
   39  89 ( 89Y ) 2.32359E+01    0    2.06919E+01  0.89051
                                 1    2.54399E+00  0.10949   1.56600E+01 sec. 
   38  86 ( 86Sr) 2.25019E-01    0    2.25019E-01  1.00000

   b. Per mass

   A  cross section

   90 8.62688E-01
   89 2.51512E+02
   86 2.25019E-01

 Total residual production cross section:   252.6000366
 Non-elastic cross section              :   252.3619690

 ########## RESULTS FOR E=  17.50000 ##########

 Energy dependent input flags

 Width fluctuations (flagwidth)            : n
 Unresolved resonance parameters (flagurr) : n
 Preequilibrium (flagpreeq)                : y
 Multiple preequilibrium (flagmulpre)      : n
 Number of continuum excitation energy bins: 40

 ########### REACTION SUMMARY FOR E=  17.50000 ###########

 Center-of-mass energy:   17.498

 1. Total (binary) cross sections

   Reaction        = 2.27524E+02
     Compound elastic= 2.07605E-02
     Non-elastic     = 2.27503E+02
       Direct          = 0.00000E+00
       Pre-equilibrium = 6.32029E+00
       Compound non-el = 2.21183E+02

 2. Binary non-elastic cross sections (non-exclusive)

 gamma   = 1.05543E+00
 neutron = 2.03791E+02
 proton  = 2.24505E+01
 deuteron= 0.00000E+00
 triton  = 0.00000E+00
 helium-3= 0.00000E+00
 alpha   = 2.38848E-01

 3. Total particle production cross sections

 gamma   = 2.58706E+02    Multiplicity= 1.13715E+00
 neutron = 2.04045E+02    Multiplicity= 8.96890E-01
 proton  = 2.26165E+01    Multiplicity= 9.94119E-02
 deuteron= 0.00000E+00    Multiplicity= 0.00000E+00
 triton  = 0.00000E+00    Multiplicity= 0.00000E+00
 helium-3= 0.00000E+00    Multiplicity= 0.00000E+00
 alpha   = 2.38854E-01    Multiplicity= 1.04989E-03

 4. Residual production cross sections

   a. Per isotope

   Z   A  nuclide    total     level   isomeric    isomeric    lifetime
                 cross section       cross section  ratio

   40  90 ( 90Zr) 6.40284E-01    0    6.40284E-01  1.00000
   40  89 ( 89Zr) 2.04279E+02    0    4.05651E+01  0.19858
                                 1    1.63714E+02  0.80142   2.49700E+02 sec. 
   39  89 ( 89Y ) 2.26196E+01    0    2.00242E+01  0.88526
                                 1    2.59537E+00  0.11474   1.56600E+01 sec. 
   38  86 ( 86Sr) 2.38850E-01    0    2.38850E-01  1.00000

   b. Per mass

   A  cross section

   90 6.40284E-01
   89 2.26899E+02
   86 2.38850E-01

 Total residual production cross section:   227.7780762
 Non-elastic cross section              :   227.5032959

 ########## RESULTS FOR E=  18.00000 ##########

 Energy dependent input flags

 Width fluctuations (flagwidth)            : n
 Unresolved resonance parameters (flagurr) : n
 Preequilibrium (flagpreeq)                : y
 Multiple preequilibrium (flagmulpre)      : n
 Number of continuum excitation energy bins: 40

 ########### REACTION SUMMARY FOR E=  18.00000 ###########

 Center-of-mass energy:   17.998

 1. Total (binary) cross sections

   Reaction        = 1.93235E+02
     Compound elastic= 8.84120E-03
     Non-elastic     = 1.93227E+02
       Direct          = 0.00000E+00
       Pre-equilibrium = 6.77145E+00
       Compound non-el = 1.86455E+02

 2. Binary non-elastic cross sections (non-exclusive)

 gamma   = 8.06584E-01
 neutron = 1.72372E+02
 proton  = 1.98564E+01
 deuteron= 0.00000E+00
 triton  = 0.00000E+00
 helium-3= 0.00000E+00
 alpha   = 2.19038E-01

 3. Total particle production cross sections

 gamma   = 2.38351E+02    Multiplicity= 1.23353E+00
 neutron = 1.72606E+02    Multiplicity= 8.93284E-01
 proton  = 1.99879E+01    Multiplicity= 1.03443E-01
 deuteron= 0.00000E+00    Multiplicity= 0.00000E+00
 triton  = 0.00000E+00    Multiplicity= 0.00000E+00
 helium-3= 0.00000E+00    Multiplicity= 0.00000E+00
 alpha   = 2.19047E-01    Multiplicity= 1.13363E-03

 4. Residual production cross sections

   a. Per isotope

   Z   A  nuclide    total     level   isomeric    isomeric    lifetime
                 cross section       cross section  ratio

   40  90 ( 90Zr) 4.46724E-01    0    4.46724E-01  1.00000
   40  89 ( 89Zr) 1.72857E+02    0    3.56875E+01  0.20646
                                 1    1.37170E+02  0.79354   2.49700E+02 sec. 
   39  89 ( 89Y ) 1.99920E+01    0    1.75479E+01  0.87774
                                 1    2.44413E+00  0.12226   1.56600E+01 sec. 
   38  86 ( 86Sr) 2.19045E-01    0    2.19045E-01  1.00000

   b. Per mass

   A  cross section

   90 4.46724E-01
   89 1.92849E+02
   86 2.19045E-01

 Total residual production cross section:   193.5148926
 Non-elastic cross section              :   193.2265930

 ########## RESULTS FOR E=  18.50000 ##########

 Energy dependent input flags

 Width fluctuations (flagwidth)            : n
 Unresolved resonance parameters (flagurr) : n
 Preequilibrium (flagpreeq)                : y
 Multiple preequilibrium (flagmulpre)      : n
 Number of continuum excitation energy bins: 40

 ########### REACTION SUMMARY FOR E=  18.50000 ###########

 Center-of-mass energy:   18.498

 1. Total (binary) cross sections

   Reaction        = 1.59675E+02
     Compound elastic= 3.57203E-03
     Non-elastic     = 1.59672E+02
       Direct          = 0.00000E+00
       Pre-equilibrium = 6.82160E+00
       Compound non-el = 1.52850E+02

 2. Binary non-elastic cross sections (non-exclusive)

 gamma   = 6.00275E-01
 neutron = 1.42366E+02
 proton  = 1.65432E+01
 deuteron= 1.40130E-45
 triton  = 0.00000E+00
 helium-3= 0.00000E+00
 alpha   = 1.86342E-01

 3. Total particle production cross sections

 gamma   = 2.12355E+02    Multiplicity= 1.32994E+00
 neutron = 1.42570E+02    Multiplicity= 8.92891E-01
 proton  = 1.66428E+01    Multiplicity= 1.04231E-01
 deuteron= 1.40130E-45    Multiplicity= 0.00000E+00
 triton  = 0.00000E+00    Multiplicity= 0.00000E+00
 helium-3= 0.00000E+00    Multiplicity= 0.00000E+00
 alpha   = 1.86353E-01    Multiplicity= 1.16710E-03

 4. Residual production cross sections

   a. Per isotope

   Z   A  nuclide    total     level   isomeric    isomeric    lifetime
                 cross section       cross section  ratio

   40  90 ( 90Zr) 3.03057E-01    0    3.03057E-01  1.00000
   40  89 ( 89Zr) 1.42827E+02    0    3.06571E+01  0.21464
                                 1    1.12170E+02  0.78536   2.49700E+02 sec. 
   39  89 ( 89Y ) 1.66480E+01    0    1.44553E+01  0.86829
                                 1    2.19273E+00  0.13171   1.56600E+01 sec. 
   38  86 ( 86Sr) 1.86350E-01    0    1.86350E-01  1.00000

   b. Per mass

   A  cross section

   90 3.03057E-01
   89 1.59475E+02
   86 1.86350E-01

 Total residual production cross section:   159.9648590
 Non-elastic cross section              :   159.6718597

 ########## RESULTS FOR E=  19.00000 ##########

 Energy dependent input flags

 Width fluctuations (flagwidth)            : n
 Unresolved resonance parameters (flagurr) : n
 Preequilibrium (flagpreeq)                : y
 Multiple preequilibrium (flagmulpre)      : n
 Number of continuum excitation energy bins: 40

 ########### REACTION SUMMARY FOR E=  19.00000 ###########

 Center-of-mass energy:   18.998

 1. Total (binary) cross sections

   Reaction        = 1.31419E+02
     Compound elastic= 1.43337E-03
     Non-elastic     = 1.31417E+02
       Direct          = 0.00000E+00
       Pre-equilibrium = 6.69978E+00
       Compound non-el = 1.24718E+02

 2. Binary non-elastic cross sections (non-exclusive)

 gamma   = 4.46114E-01
 neutron = 1.17435E+02
 proton  = 1.34014E+01
 deuteron= 7.93993E-21
 triton  = 0.00000E+00
 helium-3= 0.00000E+00
 alpha   = 1.54961E-01

 3. Total particle production cross sections

 gamma   = 1.87289E+02    Multiplicity= 1.42515E+00
 neutron = 1.17610E+02    Multiplicity= 8.94938E-01
 proton  = 1.34732E+01    Multiplicity= 1.02522E-01
 deuteron= 7.93993E-21    Multiplicity= 6.04177E-23
 triton  = 0.00000E+00    Multiplicity= 0.00000E+00
 helium-3= 0.00000E+00    Multiplicity= 0.00000E+00
 alpha   = 1.54974E-01    Multiplicity= 1.17925E-03

 4. Residual production cross sections

   a. Per isotope

   Z   A  nuclide    total     level   isomeric    isomeric    lifetime
                 cross section       cross section  ratio

   40  90 ( 90Zr) 2.06054E-01    0    2.06054E-01  1.00000
   40  89 ( 89Zr) 1.17873E+02    0    2.63978E+01  0.22395
                                 1    9.14752E+01  0.77605   2.49700E+02 sec. 
   39  89 ( 89Y ) 1.34790E+01    0    1.15623E+01  0.85780
                                 1    1.91673E+00  0.14220   1.56600E+01 sec. 
   38  86 ( 86Sr) 1.54970E-01    0    1.54970E-01  1.00000

   b. Per mass

   A  cross section

   90 2.06054E-01
   89 1.31352E+02
   86 1.54970E-01

 Total residual production cross section:   131.7130432
 Non-elastic cross section              :   131.4172974

 ########## RESULTS FOR E=  20.00000 ##########

 Energy dependent input flags

 Width fluctuations (flagwidth)            : n
 Unresolved resonance parameters (flagurr) : n
 Preequilibrium (flagpreeq)                : y
 Multiple preequilibrium (flagmulpre)      : y
 Number of continuum excitation energy bins: 40

 ########### REACTION SUMMARY FOR E=  20.00000 ###########

 Center-of-mass energy:   19.998

 1. Total (binary) cross sections

   Reaction        = 9.21124E+01
     Compound elastic= 2.50743E-04
     Non-elastic     = 9.21122E+01
       Direct          = 0.00000E+00
       Pre-equilibrium = 6.33547E+00
       Compound non-el = 8.57767E+01

 2. Binary non-elastic cross sections (non-exclusive)

 gamma   = 2.62733E-01
 neutron = 8.29083E+01
 proton  = 8.84747E+00
 deuteron= 8.47939E-08
 triton  = 0.00000E+00
 helium-3= 0.00000E+00
 alpha   = 1.09498E-01

 3. Total particle production cross sections

 gamma   = 1.48189E+02    Multiplicity= 1.60879E+00
 neutron = 8.30323E+01    Multiplicity= 9.01426E-01
 proton  = 8.88646E+00    Multiplicity= 9.64743E-02
 deuteron= 8.47939E-08    Multiplicity= 9.20551E-10
 triton  = 0.00000E+00    Multiplicity= 0.00000E+00
 helium-3= 0.00000E+00    Multiplicity= 0.00000E+00
 alpha   = 1.09513E-01    Multiplicity= 1.18891E-03

 4. Residual production cross sections

   a. Per isotope

   Z   A  nuclide    total     level   isomeric    isomeric    lifetime
                 cross section       cross section  ratio

   40  90 ( 90Zr) 1.08824E-01    0    1.08824E-01  1.00000
   40  89 ( 89Zr) 8.32833E+01    0    2.05077E+01  0.24624
                                 1    6.27756E+01  0.75376   2.49700E+02 sec. 
   39  89 ( 89Y ) 8.89279E+00    0    7.43669E+00  0.83626
                                 1    1.45610E+00  0.16374   1.56600E+01 sec. 
   38  86 ( 86Sr) 1.09509E-01    0    1.09509E-01  1.00000

   b. Per mass

   A  cross section

   90 1.08824E-01
   89 9.21761E+01
   86 1.09509E-01

 Total residual production cross section:    92.3944244
 Non-elastic cross section              :    92.1121750

 ########## RESULTS FOR E=  21.00000 ##########

 Energy dependent input flags

 Width fluctuations (flagwidth)            : n
 Unresolved resonance parameters (flagurr) : n
 Preequilibrium (flagpreeq)                : y
 Multiple preequilibrium (flagmulpre)      : y
 Number of continuum excitation energy bins: 40

 ########### REACTION SUMMARY FOR E=  21.00000 ###########

 Center-of-mass energy:   20.997

 1. Total (binary) cross sections

   Reaction        = 6.81410E+01
     Compound elastic= 5.03987E-05
     Non-elastic     = 6.81410E+01
       Direct          = 0.00000E+00
       Pre-equilibrium = 6.00016E+00
       Compound non-el = 6.21408E+01

 2. Binary non-elastic cross sections (non-exclusive)

 gamma   = 1.73705E-01
 neutron = 6.16846E+01
 proton  = 6.21189E+00
 deuteron= 7.91297E-06
 triton  = 0.00000E+00
 helium-3= 0.00000E+00
 alpha   = 8.33129E-02

 3. Total particle production cross sections

 gamma   = 1.21549E+02    Multiplicity= 1.78379E+00
 neutron = 6.17736E+01    Multiplicity= 9.06556E-01
 proton  = 6.24723E+00    Multiplicity= 9.16809E-02
 deuteron= 7.91297E-06    Multiplicity= 1.16127E-07
 triton  = 0.00000E+00    Multiplicity= 0.00000E+00
 helium-3= 0.00000E+00    Multiplicity= 0.00000E+00
 alpha   = 8.33285E-02    Multiplicity= 1.22288E-03

 4. Residual production cross sections

   a. Per isotope

   Z   A  nuclide    total     level   isomeric    isomeric    lifetime
                 cross section       cross section  ratio

   40  90 ( 90Zr) 7.48481E-02    0    7.48481E-02  1.00000
   40  89 ( 89Zr) 6.20277E+01    0    1.68460E+01  0.27159
                                 1    4.51817E+01  0.72841   2.49700E+02 sec. 
   39  89 ( 89Y ) 6.22674E+00    0    5.07848E+00  0.81559
                                 1    1.14826E+00  0.18441   1.56600E+01 sec. 
   38  88 ( 88Sr) 1.50190E-02    0    1.50190E-02  1.00000
   38  86 ( 86Sr) 8.33258E-02    0    8.33258E-02  1.00000

   b. Per mass

   A  cross section

   90 7.48481E-02
   89 6.82544E+01
   88 1.50190E-02
   86 8.33258E-02

 Total residual production cross section:    68.4276199
 Non-elastic cross section              :    68.1409531

 ########## RESULTS FOR E=  22.00000 ##########

 Energy dependent input flags

 Width fluctuations (flagwidth)            : n
 Unresolved resonance parameters (flagurr) : n
 Preequilibrium (flagpreeq)                : y
 Multiple preequilibrium (flagmulpre)      : y
 Number of continuum excitation energy bins: 40

 ########### REACTION SUMMARY FOR E=  22.00000 ###########

 Center-of-mass energy:   21.997

 1. Total (binary) cross sections

   Reaction        = 5.31281E+01
     Compound elastic= 1.16351E-05
     Non-elastic     = 5.31280E+01
       Direct          = 0.00000E+00
       Pre-equilibrium = 5.74935E+00
       Compound non-el = 4.73787E+01

 2. Binary non-elastic cross sections (non-exclusive)

 gamma   = 1.27490E-01
 neutron = 4.81994E+01
 proton  = 4.73944E+00
 deuteron= 1.26193E-04
 triton  = 0.00000E+00
 helium-3= 0.00000E+00
 alpha   = 7.18129E-02

 3. Total particle production cross sections

 gamma   = 8.62852E+01    Multiplicity= 1.62410E+00
 neutron = 5.62135E+01    Multiplicity= 1.05807E+00
 proton  = 4.83774E+00    Multiplicity= 9.10582E-02
 deuteron= 1.26193E-04    Multiplicity= 2.37526E-06
 triton  = 0.00000E+00    Multiplicity= 0.00000E+00
 helium-3= 0.00000E+00    Multiplicity= 0.00000E+00
 alpha   = 7.18285E-02    Multiplicity= 1.35199E-03

 4. Residual production cross sections

   a. Per isotope

   Z   A  nuclide    total     level   isomeric    isomeric    lifetime
                 cross section       cross section  ratio

   40  90 ( 90Zr) 6.30544E-02    0    6.30544E-02  1.00000
   40  89 ( 89Zr) 4.05738E+01    0    1.29442E+01  0.31903
                                 1    2.76296E+01  0.68097   2.49700E+02 sec. 
   39  89 ( 89Y ) 4.67683E+00    0    3.71376E+00  0.79408
                                 1    9.63076E-01  0.20592   1.56600E+01 sec. 
   40  88 ( 88Zr) 7.94924E+00    0    7.94924E+00  1.00000
   39  88 ( 88Y ) 1.02186E-03    0    1.02186E-03  1.00000
   38  88 ( 88Sr) 8.54144E-02    0    8.54144E-02  1.00000
   38  86 ( 86Sr) 7.18241E-02    0    7.18241E-02  1.00000

   b. Per mass

   A  cross section

   90 6.30544E-02
   89 4.52506E+01
   88 8.03567E+00
   86 7.18241E-02

 Total residual production cross section:    53.4211617
 Non-elastic cross section              :    53.1280441

 ########## RESULTS FOR E=  23.00000 ##########

 Energy dependent input flags

 Width fluctuations (flagwidth)            : n
 Unresolved resonance parameters (flagurr) : n
 Preequilibrium (flagpreeq)                : y
 Multiple preequilibrium (flagmulpre)      : y
 Number of continuum excitation energy bins: 40

 ########### REACTION SUMMARY FOR E=  23.00000 ###########

 Center-of-mass energy:   22.997

 1. Total (binary) cross sections

   Reaction        = 4.33459E+01
     Compound elastic= 3.03981E-06
     Non-elastic     = 4.33459E+01
       Direct          = 0.00000E+00
       Pre-equilibrium = 5.59968E+00
       Compound non-el = 3.77462E+01

 2. Binary non-elastic cross sections (non-exclusive)

 gamma   = 9.95325E-02
 neutron = 3.92858E+01
 proton  = 3.89819E+00
 deuteron= 7.95641E-04
 triton  = 7.20869E-10
 helium-3= 7.25072E-35
 alpha   = 6.99818E-02

 3. Total particle production cross sections

 gamma   = 4.98953E+01    Multiplicity= 1.15110E+00
 neutron = 5.72490E+01    Multiplicity= 1.32075E+00
 proton  = 4.16779E+00    Multiplicity= 9.61519E-02
 deuteron= 7.95642E-04    Multiplicity= 1.83556E-05
 triton  = 7.20869E-10    Multiplicity= 1.66306E-11
 helium-3= 7.25072E-35    Multiplicity= 1.67276E-36
 alpha   = 6.99970E-02    Multiplicity= 1.61485E-03

 4. Residual production cross sections

   a. Per isotope

   Z   A  nuclide    total     level   isomeric    isomeric    lifetime
                 cross section       cross section  ratio

   40  90 ( 90Zr) 5.58951E-02    0    5.58951E-02  1.00000
   40  89 ( 89Zr) 2.16624E+01    0    8.63430E+00  0.39859
                                 1    1.30281E+01  0.60141   2.49700E+02 sec. 
   39  89 ( 89Y ) 3.66740E+00    0    2.81783E+00  0.76835
                                 1    8.49566E-01  0.23165   1.56600E+01 sec. 
   40  88 ( 88Zr) 1.79024E+01    0    1.79024E+01  1.00000
   39  88 ( 88Y ) 3.42299E-02    0    3.42299E-02  1.00000
   38  88 ( 88Sr) 2.40138E-01    0    2.40138E-01  1.00000
   38  86 ( 86Sr) 6.99918E-02    0    6.99918E-02  1.00000

   b. Per mass

   A  cross section

   90 5.58951E-02
   89 2.53298E+01
   88 1.81768E+01
   86 6.99918E-02

 Total residual production cross section:    43.6324120
 Non-elastic cross section              :    43.3458786

 ########## RESULTS FOR E=  24.00000 ##########

 Energy dependent input flags

 Width fluctuations (flagwidth)            : n
 Unresolved resonance parameters (flagurr) : n
 Preequilibrium (flagpreeq)                : y
 Multiple preequilibrium (flagmulpre)      : y
 Number of continuum excitation energy bins: 40

 ########### REACTION SUMMARY FOR E=  24.00000 ###########

 Center-of-mass energy:   23.997

 1. Total (binary) cross sections

   Reaction        = 3.64237E+01
     Compound elastic= 8.68997E-07
     Non-elastic     = 3.64237E+01
       Direct          = 0.00000E+00
       Pre-equilibrium = 5.48332E+00
       Compound non-el = 3.09404E+01

 2. Binary non-elastic cross sections (non-exclusive)

 gamma   = 8.01956E-02
 neutron = 3.29054E+01
 proton  = 3.36856E+00
 deuteron= 2.94478E-03
 triton  = 1.28951E-07
 helium-3= 1.72050E-11
 alpha   = 7.36870E-02

 3. Total particle production cross sections

 gamma   = 3.16577E+01    Multiplicity= 8.69151E-01
 neutron = 5.34016E+01    Multiplicity= 1.46612E+00
 proton  = 3.97918E+00    Multiplicity= 1.09247E-01
 deuteron= 2.94478E-03    Multiplicity= 8.08480E-05
 triton  = 1.28951E-07    Multiplicity= 3.54032E-09
 helium-3= 1.72050E-11    Multiplicity= 4.72358E-13
 alpha   = 7.37017E-02    Multiplicity= 2.02345E-03

 4. Residual production cross sections

   a. Per isotope

   Z   A  nuclide    total     level   isomeric    isomeric    lifetime
                 cross section       cross section  ratio

   40  90 ( 90Zr) 4.92677E-02    0    4.92677E-02  1.00000
   40  89 ( 89Zr) 1.26383E+01    0    5.96758E+00  0.47218
                                 1    6.67068E+00  0.52782   2.49700E+02 sec. 
   39  89 ( 89Y ) 2.88220E+00    0    2.12613E+00  0.73767
                                 1    7.56075E-01  0.26233   1.56600E+01 sec. 
   40  88 ( 88Zr) 2.03571E+01    0    2.03571E+01  1.00000
   39  88 ( 88Y ) 3.01726E-01    0    3.01726E-01  1.00000
   38  88 ( 88Sr) 4.06673E-01    0    4.06673E-01  1.00000
   38  86 ( 86Sr) 7.36996E-02    0    7.36996E-02  1.00000

   b. Per mass

   A  cross section

   90 4.92677E-02
   89 1.55205E+01
   88 2.10655E+01
   86 7.36996E-02

 Total residual production cross section:    36.7089424
 Non-elastic cross section              :    36.4237137

 ########## RESULTS FOR E=  25.00000 ##########

 Energy dependent input flags

 Width fluctuations (flagwidth)            : n
 Unresolved resonance parameters (flagurr) : n
 Preequilibrium (flagpreeq)                : y
 Multiple preequilibrium (flagmulpre)      : y
 Number of continuum excitation energy bins: 40

 ########### REACTION SUMMARY FOR E=  25.00000 ###########

 Center-of-mass energy:   24.996

 1. Total (binary) cross sections

   Reaction        = 3.14727E+01
     Compound elastic= 2.70024E-07
     Non-elastic     = 3.14727E+01
       Direct          = 0.00000E+00
       Pre-equilibrium = 5.41723E+00
       Compound non-el = 2.60554E+01

 2. Binary non-elastic cross sections (non-exclusive)

 gamma   = 6.67468E-02
 neutron = 2.82996E+01
 proton  = 3.02393E+00
 deuteron= 7.31504E-03
 triton  = 1.88033E-06
 helium-3= 5.15826E-10
 alpha   = 8.11227E-02

 3. Total particle production cross sections

 gamma   = 2.28810E+01    Multiplicity= 7.27011E-01
 neutron = 4.90644E+01    Multiplicity= 1.55895E+00
 proton  = 4.05028E+00    Multiplicity= 1.28692E-01
 deuteron= 7.31505E-03    Multiplicity= 2.32426E-04
 triton  = 1.88033E-06    Multiplicity= 5.97449E-08
 helium-3= 5.15826E-10    Multiplicity= 1.63897E-11
 alpha   = 8.11404E-02    Multiplicity= 2.57812E-03

 4. Residual production cross sections

   a. Per isotope

   Z   A  nuclide    total     level   isomeric    isomeric    lifetime
                 cross section       cross section  ratio

   40  90 ( 90Zr) 4.33630E-02    0    4.33630E-02  1.00000
   40  89 ( 89Zr) 7.64740E+00    0    4.00274E+00  0.52341
                                 1    3.64465E+00  0.47659   2.49700E+02 sec. 
   39  89 ( 89Y ) 2.22669E+00    0    1.56741E+00  0.70392
                                 1    6.59273E-01  0.29608   1.56600E+01 sec. 
   40  88 ( 88Zr) 2.03837E+01    0    2.03837E+01  1.00000
   39  88 ( 88Y ) 9.09643E-01    0    9.09643E-01  1.00000
   38  88 ( 88Sr) 4.68666E-01    0    4.68666E-01  1.00000
   38  86 ( 86Sr) 8.11053E-02    0    8.11053E-02  1.00000

   b. Per mass

   A  cross section

   90 4.33630E-02
   89 9.87408E+00
   88 2.17620E+01
   86 8.11053E-02

 Total residual production cross section:    31.7605534
 Non-elastic cross section              :    31.4726543

 ########## RESULTS FOR E=  26.00000 ##########

 Energy dependent input flags

 Width fluctuations (flagwidth)            : n
 Unresolved resonance parameters (flagurr) : n
 Preequilibrium (flagpreeq)                : y
 Multiple preequilibrium (flagmulpre)      : y
 Number of continuum excitation energy bins: 40

 ########### REACTION SUMMARY FOR E=  26.00000 ###########

 Center-of-mass energy:   25.996

 1. Total (binary) cross sections

   Reaction        = 2.78236E+01
     Compound elastic= 9.01395E-08
     Non-elastic     = 2.78236E+01
       Direct          = 0.00000E+00
       Pre-equilibrium = 5.39156E+00
       Compound non-el = 2.24321E+01

 2. Binary non-elastic cross sections (non-exclusive)

 gamma   = 5.70469E-02
 neutron = 2.48783E+01
 proton  = 2.78921E+00
 deuteron= 1.35768E-02
 triton  = 8.20169E-06
 helium-3= 4.97441E-09
 alpha   = 9.07838E-02

 3. Total particle production cross sections

 gamma   = 2.13680E+01    Multiplicity= 7.67981E-01
 neutron = 4.49596E+01    Multiplicity= 1.61588E+00
 proton  = 4.06248E+00    Multiplicity= 1.46008E-01
 deuteron= 1.35768E-02    Multiplicity= 4.87961E-04
 triton  = 8.20169E-06    Multiplicity= 2.94774E-07
 helium-3= 4.97441E-09    Multiplicity= 1.78783E-10
 alpha   = 9.08350E-02    Multiplicity= 3.26467E-03

 4. Residual production cross sections

   a. Per isotope

   Z   A  nuclide    total     level   isomeric    isomeric    lifetime
                 cross section       cross section  ratio

   40  90 ( 90Zr) 3.76431E-02    0    3.76431E-02  1.00000
   40  89 ( 89Zr) 4.98708E+00    0    2.75177E+00  0.55178
                                 1    2.23531E+00  0.44822   2.49700E+02 sec. 
   39  89 ( 89Y ) 1.67382E+00    0    1.12034E+00  0.66933
                                 1    5.53481E-01  0.33067   1.56600E+01 sec. 
   40  88 ( 88Zr) 1.93120E+01    0    1.93120E+01  1.00000
   39  88 ( 88Y ) 1.62767E+00    0    1.62767E+00  1.00000
   38  88 ( 88Sr) 3.95817E-01    0    3.95817E-01  1.00000
   38  86 ( 86Sr) 9.03227E-02    0    9.03227E-02  1.00000

   b. Per mass

   A  cross section

   90 3.76431E-02
   89 6.66091E+00
   88 2.13355E+01
   86 9.03227E-02

 Total residual production cross section:    28.1243820
 Non-elastic cross section              :    27.8236408

 ########## EXCITATION FUNCTIONS ###########

 1. Total (binary) cross sections

   Energy    Non-elastic  Elastic     Total    Comp. el.  Shape el.  Reaction   Comp non-el  Direct   Pre-equil.

  1.00000E+01 5.52323E+00 2.71814E+00 0.00000E+00 2.71814E+00 0.00000E+00 8.24137E+00 5.52323E+00 0.00000E+00 0.0
  1.10000E+01 1.05911E+01 2.30403E+00 0.00000E+00 2.30403E+00 0.00000E+00 1.28951E+01 1.05911E+01 0.00000E+00 0.0
  1.20000E+01 2.02141E+01 1.14585E+00 0.00000E+00 1.14585E+00 0.00000E+00 2.13600E+01 2.02140E+01 0.00000E+00 8.3
  1.30000E+01 3.70852E+01 2.77792E-01 0.00000E+00 2.77792E-01 0.00000E+00 3.73630E+01 3.70850E+01 0.00000E+00 2.5
  1.40000E+01 6.83978E+01 1.47458E-01 0.00000E+00 1.47458E-01 0.00000E+00 6.85453E+01 6.83970E+01 0.00000E+00 8.3
  1.50000E+01 1.29107E+02 1.12028E-01 0.00000E+00 1.12028E-01 0.00000E+00 1.29219E+02 1.28691E+02 0.00000E+00 4.1
  1.60000E+01 2.18772E+02 9.73966E-02 0.00000E+00 9.73966E-02 0.00000E+00 2.18869E+02 2.16520E+02 0.00000E+00 2.2
  1.65000E+01 2.48638E+02 7.23783E-02 0.00000E+00 7.23783E-02 0.00000E+00 2.48710E+02 2.44826E+02 0.00000E+00 3.8
  1.70000E+01 2.52362E+02 4.34681E-02 0.00000E+00 4.34681E-02 0.00000E+00 2.52405E+02 2.47015E+02 0.00000E+00 5.3
  1.75000E+01 2.27503E+02 2.07605E-02 0.00000E+00 2.07605E-02 0.00000E+00 2.27524E+02 2.21183E+02 0.00000E+00 6.3
  1.80000E+01 1.93227E+02 8.84120E-03 0.00000E+00 8.84120E-03 0.00000E+00 1.93235E+02 1.86455E+02 0.00000E+00 6.7
  1.85000E+01 1.59672E+02 3.57203E-03 0.00000E+00 3.57203E-03 0.00000E+00 1.59675E+02 1.52850E+02 0.00000E+00 6.8
  1.90000E+01 1.31417E+02 1.43337E-03 0.00000E+00 1.43337E-03 0.00000E+00 1.31419E+02 1.24718E+02 0.00000E+00 6.6
  2.00000E+01 9.21122E+01 2.50743E-04 0.00000E+00 2.50743E-04 0.00000E+00 9.21124E+01 8.57767E+01 0.00000E+00 6.3
  2.10000E+01 6.81410E+01 5.03987E-05 0.00000E+00 5.03987E-05 0.00000E+00 6.81410E+01 6.21408E+01 0.00000E+00 6.0
  2.20000E+01 5.31280E+01 1.16351E-05 0.00000E+00 1.16351E-05 0.00000E+00 5.31281E+01 4.73787E+01 0.00000E+00 5.7
  2.30000E+01 4.33459E+01 3.03981E-06 0.00000E+00 3.03981E-06 0.00000E+00 4.33459E+01 3.77462E+01 0.00000E+00 5.5
  2.40000E+01 3.64237E+01 8.68997E-07 0.00000E+00 8.68997E-07 0.00000E+00 3.64237E+01 3.09404E+01 0.00000E+00 5.4
  2.50000E+01 3.14727E+01 2.70024E-07 0.00000E+00 2.70024E-07 0.00000E+00 3.14727E+01 2.60554E+01 0.00000E+00 5.4
  2.60000E+01 2.78236E+01 9.01395E-08 0.00000E+00 9.01395E-08 0.00000E+00 2.78236E+01 2.24321E+01 0.00000E+00 5.3

 2. Binary non-elastic cross sections (non-exclusive)

   Energy     gamma      neutron    proton     deuteron   triton     helium-3   alpha   

  1.00000E+01 5.50907E+00 0.00000E+00 3.23751E-02 0.00000E+00 0.00000E+00 0.00000E+00 0.00000E+00                
  1.10000E+01 6.80572E+00 0.00000E+00 3.81477E+00 0.00000E+00 0.00000E+00 0.00000E+00 8.13731E-33                
  1.20000E+01 4.93046E+00 5.46108E-04 1.53307E+01 0.00000E+00 0.00000E+00 0.00000E+00 1.33477E-22                
  1.30000E+01 1.66422E+00 2.63959E+01 9.09602E+00 0.00000E+00 0.00000E+00 0.00000E+00 2.64817E-04                
  1.40000E+01 1.19158E+00 6.02115E+01 7.07751E+00 0.00000E+00 0.00000E+00 0.00000E+00 1.82818E-03                
  1.50000E+01 1.16733E+00 1.20021E+02 7.97915E+00 0.00000E+00 0.00000E+00 0.00000E+00 1.40054E-02                
  1.60000E+01 1.43108E+00 2.01726E+02 1.55733E+01 0.00000E+00 0.00000E+00 0.00000E+00 9.59270E-02                
  1.65000E+01 1.43830E+00 2.26824E+02 2.02543E+01 0.00000E+00 0.00000E+00 0.00000E+00 1.67378E-01                
  1.70000E+01 1.30429E+00 2.27834E+02 2.30374E+01 0.00000E+00 0.00000E+00 0.00000E+00 2.25020E-01                
  1.75000E+01 1.05543E+00 2.03791E+02 2.24505E+01 0.00000E+00 0.00000E+00 0.00000E+00 2.38848E-01                
  1.80000E+01 8.06584E-01 1.72372E+02 1.98564E+01 0.00000E+00 0.00000E+00 0.00000E+00 2.19038E-01                
  1.85000E+01 6.00275E-01 1.42366E+02 1.65432E+01 1.40130E-45 0.00000E+00 0.00000E+00 1.86342E-01                
  1.90000E+01 4.46114E-01 1.17435E+02 1.34014E+01 7.93993E-21 0.00000E+00 0.00000E+00 1.54961E-01                
  2.00000E+01 2.62733E-01 8.29083E+01 8.84747E+00 8.47939E-08 0.00000E+00 0.00000E+00 1.09498E-01                
  2.10000E+01 1.73705E-01 6.16846E+01 6.21189E+00 7.91297E-06 0.00000E+00 0.00000E+00 8.33129E-02                
  2.20000E+01 1.27490E-01 4.81994E+01 4.73944E+00 1.26193E-04 0.00000E+00 0.00000E+00 7.18129E-02                
  2.30000E+01 9.95325E-02 3.92858E+01 3.89819E+00 7.95641E-04 7.20869E-10 7.25072E-35 6.99818E-02                
  2.40000E+01 8.01956E-02 3.29054E+01 3.36856E+00 2.94478E-03 1.28951E-07 1.72050E-11 7.36870E-02                
  2.50000E+01 6.67468E-02 2.82996E+01 3.02393E+00 7.31504E-03 1.88033E-06 5.15826E-10 8.11227E-02                
  2.60000E+01 5.70469E-02 2.48783E+01 2.78921E+00 1.35768E-02 8.20169E-06 4.97441E-09 9.07838E-02                

 3. Total particle production cross sections

 gamma    production

 Energy   Cross section Multiplicity

  1.00000E+01 8.85532E+00 1.60329E+00                                            
  1.10000E+01 1.21836E+01 1.15036E+00                                            
  1.20000E+01 9.69508E+00 4.79619E-01                                            
  1.30000E+01 3.51612E+00 9.48118E-02                                            
  1.40000E+01 2.78511E+00 4.07193E-02                                            
  1.50000E+01 7.24458E+01 5.61129E-01                                            
  1.60000E+01 1.85316E+02 8.47075E-01                                            
  1.65000E+01 2.35758E+02 9.48199E-01                                            
  1.70000E+01 2.63108E+02 1.04258E+00                                            
  1.75000E+01 2.58706E+02 1.13715E+00                                            
  1.80000E+01 2.38351E+02 1.23353E+00                                            
  1.85000E+01 2.12355E+02 1.32994E+00                                            
  1.90000E+01 1.87289E+02 1.42515E+00                                            
  2.00000E+01 1.48189E+02 1.60879E+00                                            
  2.10000E+01 1.21549E+02 1.78379E+00                                            
  2.20000E+01 8.62852E+01 1.62410E+00                                            
  2.30000E+01 4.98953E+01 1.15110E+00                                            
  2.40000E+01 3.16577E+01 8.69151E-01                                            
  2.50000E+01 2.28810E+01 7.27011E-01                                            
  2.60000E+01 2.13680E+01 7.67981E-01                                            

 neutron  production

 Energy   Cross section Multiplicity

  1.00000E+01 0.00000E+00 0.00000E+00                                            
  1.10000E+01 0.00000E+00 0.00000E+00                                            
  1.20000E+01 5.46108E-04 2.70162E-05                                            
  1.30000E+01 2.63960E+01 7.11766E-01                                            
  1.40000E+01 6.02161E+01 8.80381E-01                                            
  1.50000E+01 1.20058E+02 9.29906E-01                                            
  1.60000E+01 2.01866E+02 9.22725E-01                                            
  1.65000E+01 2.27029E+02 9.13091E-01                                            
  1.70000E+01 2.28083E+02 9.03795E-01                                            
  1.75000E+01 2.04045E+02 8.96890E-01                                            
  1.80000E+01 1.72606E+02 8.93284E-01                                            
  1.85000E+01 1.42570E+02 8.92891E-01                                            
  1.90000E+01 1.17610E+02 8.94938E-01                                            
  2.00000E+01 8.30323E+01 9.01426E-01                                            
  2.10000E+01 6.17736E+01 9.06556E-01                                            
  2.20000E+01 5.62135E+01 1.05807E+00                                            
  2.30000E+01 5.72490E+01 1.32075E+00                                            
  2.40000E+01 5.34016E+01 1.46612E+00                                            
  2.50000E+01 4.90644E+01 1.55895E+00                                            
  2.60000E+01 4.49596E+01 1.61588E+00                                            

 proton   production

 Energy   Cross section Multiplicity

  1.00000E+01 3.23751E-02 5.86163E-03                                            
  1.10000E+01 3.81505E+00 3.60213E-01                                            
  1.20000E+01 1.53388E+01 7.58817E-01                                            
  1.30000E+01 9.11914E+00 2.45897E-01                                            
  1.40000E+01 7.13821E+00 1.04363E-01                                            
  1.50000E+01 8.09405E+00 6.26924E-02                                            
  1.60000E+01 1.57629E+01 7.20516E-02                                            
  1.65000E+01 2.04597E+01 8.22873E-02                                            
  1.70000E+01 2.32339E+01 9.20657E-02                                            
  1.75000E+01 2.26165E+01 9.94119E-02                                            
  1.80000E+01 1.99879E+01 1.03443E-01                                            
  1.85000E+01 1.66428E+01 1.04231E-01                                            
  1.90000E+01 1.34732E+01 1.02522E-01                                            
  2.00000E+01 8.88646E+00 9.64743E-02                                            
  2.10000E+01 6.24723E+00 9.16809E-02                                            
  2.20000E+01 4.83774E+00 9.10582E-02                                            
  2.30000E+01 4.16779E+00 9.61519E-02                                            
  2.40000E+01 3.97918E+00 1.09247E-01                                            
  2.50000E+01 4.05028E+00 1.28692E-01                                            
  2.60000E+01 4.06248E+00 1.46008E-01                                            

 deuteron production

 Energy   Cross section Multiplicity

  1.00000E+01 0.00000E+00 0.00000E+00                                            
  1.10000E+01 0.00000E+00 0.00000E+00                                            
  1.20000E+01 0.00000E+00 0.00000E+00                                            
  1.30000E+01 0.00000E+00 0.00000E+00                                            
  1.40000E+01 0.00000E+00 0.00000E+00                                            
  1.50000E+01 0.00000E+00 0.00000E+00                                            
  1.60000E+01 0.00000E+00 0.00000E+00                                            
  1.65000E+01 0.00000E+00 0.00000E+00                                            
  1.70000E+01 0.00000E+00 0.00000E+00                                            
  1.75000E+01 0.00000E+00 0.00000E+00                                            
  1.80000E+01 0.00000E+00 0.00000E+00                                            
  1.85000E+01 1.40130E-45 0.00000E+00                                            
  1.90000E+01 7.93993E-21 6.04177E-23                                            
  2.00000E+01 8.47939E-08 9.20551E-10                                            
  2.10000E+01 7.91297E-06 1.16127E-07                                            
  2.20000E+01 1.26193E-04 2.37526E-06                                            
  2.30000E+01 7.95642E-04 1.83556E-05                                            
  2.40000E+01 2.94478E-03 8.08480E-05                                            
  2.50000E+01 7.31505E-03 2.32426E-04                                            
  2.60000E+01 1.35768E-02 4.87961E-04                                            

 triton   production

 Energy   Cross section Multiplicity

  1.00000E+01 0.00000E+00 0.00000E+00                                            
  1.10000E+01 0.00000E+00 0.00000E+00                                            
  1.20000E+01 0.00000E+00 0.00000E+00                                            
  1.30000E+01 0.00000E+00 0.00000E+00                                            
  1.40000E+01 0.00000E+00 0.00000E+00                                            
  1.50000E+01 0.00000E+00 0.00000E+00                                            
  1.60000E+01 0.00000E+00 0.00000E+00                                            
  1.65000E+01 0.00000E+00 0.00000E+00                                            
  1.70000E+01 0.00000E+00 0.00000E+00                                            
  1.75000E+01 0.00000E+00 0.00000E+00                                            
  1.80000E+01 0.00000E+00 0.00000E+00                                            
  1.85000E+01 0.00000E+00 0.00000E+00                                            
  1.90000E+01 0.00000E+00 0.00000E+00                                            
  2.00000E+01 0.00000E+00 0.00000E+00                                            
  2.10000E+01 0.00000E+00 0.00000E+00                                            
  2.20000E+01 0.00000E+00 0.00000E+00                                            
  2.30000E+01 7.20869E-10 1.66306E-11                                            
  2.40000E+01 1.28951E-07 3.54032E-09                                            
  2.50000E+01 1.88033E-06 5.97449E-08                                            
  2.60000E+01 8.20169E-06 2.94774E-07                                            

 helium-3 production

 Energy   Cross section Multiplicity

  1.00000E+01 0.00000E+00 0.00000E+00                                            
  1.10000E+01 0.00000E+00 0.00000E+00                                            
  1.20000E+01 0.00000E+00 0.00000E+00                                            
  1.30000E+01 0.00000E+00 0.00000E+00                                            
  1.40000E+01 0.00000E+00 0.00000E+00                                            
  1.50000E+01 0.00000E+00 0.00000E+00                                            
  1.60000E+01 0.00000E+00 0.00000E+00                                            
  1.65000E+01 0.00000E+00 0.00000E+00                                            
  1.70000E+01 0.00000E+00 0.00000E+00                                            
  1.75000E+01 0.00000E+00 0.00000E+00                                            
  1.80000E+01 0.00000E+00 0.00000E+00                                            
  1.85000E+01 0.00000E+00 0.00000E+00                                            
  1.90000E+01 0.00000E+00 0.00000E+00                                            
  2.00000E+01 0.00000E+00 0.00000E+00                                            
  2.10000E+01 0.00000E+00 0.00000E+00                                            
  2.20000E+01 0.00000E+00 0.00000E+00                                            
  2.30000E+01 7.25072E-35 1.67276E-36                                            
  2.40000E+01 1.72050E-11 4.72358E-13                                            
  2.50000E+01 5.15826E-10 1.63897E-11                                            
  2.60000E+01 4.97441E-09 1.78783E-10                                            

 alpha    production

 Energy   Cross section Multiplicity

  1.00000E+01 0.00000E+00 0.00000E+00                                            
  1.10000E+01 8.13731E-33 7.68316E-34                                            
  1.20000E+01 1.33477E-22 6.60316E-24                                            
  1.30000E+01 2.64818E-04 7.14079E-06                                            
  1.40000E+01 1.82820E-03 2.67289E-05                                            
  1.50000E+01 1.40056E-02 1.08480E-04                                            
  1.60000E+01 9.59278E-02 4.38483E-04                                            
  1.65000E+01 1.67380E-01 6.73188E-04                                            
  1.70000E+01 2.25023E-01 8.91669E-04                                            
  1.75000E+01 2.38854E-01 1.04989E-03                                            
  1.80000E+01 2.19047E-01 1.13363E-03                                            
  1.85000E+01 1.86353E-01 1.16710E-03                                            
  1.90000E+01 1.54974E-01 1.17925E-03                                            
  2.00000E+01 1.09513E-01 1.18891E-03                                            
  2.10000E+01 8.33285E-02 1.22288E-03                                            
  2.20000E+01 7.18285E-02 1.35199E-03                                            
  2.30000E+01 6.99970E-02 1.61485E-03                                            
  2.40000E+01 7.37017E-02 2.02345E-03                                            
  2.50000E+01 8.11404E-02 2.57812E-03                                            
  2.60000E+01 9.08350E-02 3.26467E-03                                            

 4. Residual production cross sections

 Production of Z= 40 A= 90 ( 90Zr) - Total

 Q-value    =   0.000000
 E-threshold=  -0.000000

 Energy   Cross section

  1.00000E+01 5.50907E+00                                                        
  1.10000E+01 6.80544E+00                                                        
  1.20000E+01 4.92242E+00                                                        
  1.30000E+01 1.64110E+00                                                        
  1.40000E+01 1.12653E+00                                                        
  1.50000E+01 1.01681E+00                                                        
  1.60000E+01 1.10388E+00                                                        
  1.65000E+01 1.03100E+00                                                        
  1.70000E+01 8.62688E-01                                                        
  1.75000E+01 6.40284E-01                                                        
  1.80000E+01 4.46724E-01                                                        
  1.85000E+01 3.03057E-01                                                        
  1.90000E+01 2.06054E-01                                                        
  2.00000E+01 1.08824E-01                                                        
  2.10000E+01 7.48481E-02                                                        
  2.20000E+01 6.30544E-02                                                        
  2.30000E+01 5.58951E-02                                                        
  2.40000E+01 4.92677E-02                                                        
  2.50000E+01 4.33630E-02                                                        
  2.60000E+01 3.76431E-02                                                        

 Production of Z= 40 A= 89 ( 89Zr) - Total

 Q-value    = -11.965895
 E-threshold=  11.965895

 Energy   Cross section

  1.00000E+01 0.00000E+00                                                        
  1.10000E+01 0.00000E+00                                                        
  1.20000E+01 0.00000E+00                                                        
  1.30000E+01 2.63960E+01                                                        
  1.40000E+01 6.02161E+01                                                        
  1.50000E+01 1.20073E+02                                                        
  1.60000E+01 2.01946E+02                                                        
  1.65000E+01 2.27161E+02                                                        
  1.70000E+01 2.28276E+02                                                        
  1.75000E+01 2.04279E+02                                                        
  1.80000E+01 1.72857E+02                                                        
  1.85000E+01 1.42827E+02                                                        
  1.90000E+01 1.17873E+02                                                        
  2.00000E+01 8.32833E+01                                                        
  2.10000E+01 6.20277E+01                                                        
  2.20000E+01 4.05738E+01                                                        
  2.30000E+01 2.16624E+01                                                        
  2.40000E+01 1.26383E+01                                                        
  2.50000E+01 7.64740E+00                                                        
  2.60000E+01 4.98708E+00                                                        

 Production of Z= 40 A= 89 ( 89Zr) - Level  0  (lifetime: 2.82300E+05 sec.)

 Q-value    = -11.965895
 E-threshold=  11.965895

 Energy   Cross section Branching ratio

  1.00000E+01 0.00000E+00 0.00000E+00                                            
  1.10000E+01 0.00000E+00 0.00000E+00                                            
  1.20000E+01 0.00000E+00 0.00000E+00                                            
  1.30000E+01 6.01589E+00 2.27909E-01                                            
  1.40000E+01 2.93925E+01 4.88117E-01                                            
  1.50000E+01 2.73314E+01 2.27622E-01                                            
  1.60000E+01 3.56980E+01 1.76770E-01                                            
  1.65000E+01 4.09171E+01 1.80124E-01                                            
  1.70000E+01 4.32348E+01 1.89397E-01                                            
  1.75000E+01 4.05651E+01 1.98576E-01                                            
  1.80000E+01 3.56875E+01 2.06457E-01                                            
  1.85000E+01 3.06571E+01 2.14645E-01                                            
  1.90000E+01 2.63978E+01 2.23951E-01                                            
  2.00000E+01 2.05077E+01 2.46241E-01                                            
  2.10000E+01 1.68460E+01 2.71588E-01                                            
  2.20000E+01 1.29442E+01 3.19029E-01                                            
  2.30000E+01 8.63430E+00 3.98585E-01                                            
  2.40000E+01 5.96758E+00 4.72184E-01                                            
  2.50000E+01 4.00274E+00 5.23413E-01                                            
  2.60000E+01 2.75177E+00 5.51779E-01                                            

 Production of Z= 40 A= 89 ( 89Zr) - Level  1  (lifetime: 2.49700E+02 sec.)

 Q-value    = -12.553715
 E-threshold=  12.553715

 Energy   Cross section Branching ratio

  1.00000E+01 0.00000E+00 0.00000E+00                                            
  1.10000E+01 0.00000E+00 0.00000E+00                                            
  1.20000E+01 0.00000E+00 0.00000E+00                                            
  1.30000E+01 2.03801E+01 7.72091E-01                                            
  1.40000E+01 3.08236E+01 5.11883E-01                                            
  1.50000E+01 9.27419E+01 7.72378E-01                                            
  1.60000E+01 1.66248E+02 8.23230E-01                                            
  1.65000E+01 1.86244E+02 8.19876E-01                                            
  1.70000E+01 1.85042E+02 8.10603E-01                                            
  1.75000E+01 1.63714E+02 8.01424E-01                                            
  1.80000E+01 1.37170E+02 7.93543E-01                                            
  1.85000E+01 1.12170E+02 7.85355E-01                                            
  1.90000E+01 9.14752E+01 7.76049E-01                                            
  2.00000E+01 6.27756E+01 7.53759E-01                                            
  2.10000E+01 4.51817E+01 7.28412E-01                                            
  2.20000E+01 2.76296E+01 6.80971E-01                                            
  2.30000E+01 1.30281E+01 6.01415E-01                                            
  2.40000E+01 6.67068E+00 5.27816E-01                                            
  2.50000E+01 3.64465E+00 4.76587E-01                                            
  2.60000E+01 2.23531E+00 4.48221E-01                                            

 Production of Z= 39 A= 89 ( 89Y ) - Total

 Q-value    =  -8.350314
 E-threshold=   8.350314

 Energy   Cross section

  1.00000E+01 3.23751E-02                                                        
  1.10000E+01 3.81505E+00                                                        
  1.20000E+01 1.53388E+01                                                        
  1.30000E+01 9.11913E+00                                                        
  1.40000E+01 7.13821E+00                                                        
  1.50000E+01 8.09409E+00                                                        
  1.60000E+01 1.57633E+01                                                        
  1.65000E+01 2.04607E+01                                                        
  1.70000E+01 2.32359E+01                                                        
  1.75000E+01 2.26196E+01                                                        
  1.80000E+01 1.99920E+01                                                        
  1.85000E+01 1.66480E+01                                                        
  1.90000E+01 1.34790E+01                                                        
  2.00000E+01 8.89279E+00                                                        
  2.10000E+01 6.22674E+00                                                        
  2.20000E+01 4.67683E+00                                                        
  2.30000E+01 3.66740E+00                                                        
  2.40000E+01 2.88220E+00                                                        
  2.50000E+01 2.22669E+00                                                        
  2.60000E+01 1.67382E+00                                                        

 Production of Z= 39 A= 89 ( 89Y ) - Level  0  (lifetime: 0.00000E+00 sec.)

 Q-value    =  -8.350314
 E-threshold=   8.350314

 Energy   Cross section Branching ratio

  1.00000E+01 3.23751E-02 1.00000E+00                                            
  1.10000E+01 3.81494E+00 9.99971E-01                                            
  1.20000E+01 1.53263E+01 9.99186E-01                                            
  1.30000E+01 9.06644E+00 9.94221E-01                                            
  1.40000E+01 6.94005E+00 9.72240E-01                                            
  1.50000E+01 7.49624E+00 9.26138E-01                                            
  1.60000E+01 1.41651E+01 8.98615E-01                                            
  1.65000E+01 1.82954E+01 8.94170E-01                                            
  1.70000E+01 2.06919E+01 8.90515E-01                                            
  1.75000E+01 2.00242E+01 8.85260E-01                                            
  1.80000E+01 1.75479E+01 8.77745E-01                                            
  1.85000E+01 1.44553E+01 8.68289E-01                                            
  1.90000E+01 1.15623E+01 8.57799E-01                                            
  2.00000E+01 7.43669E+00 8.36261E-01                                            
  2.10000E+01 5.07848E+00 8.15592E-01                                            
  2.20000E+01 3.71376E+00 7.94075E-01                                            
  2.30000E+01 2.81783E+00 7.68346E-01                                            
  2.40000E+01 2.12613E+00 7.37675E-01                                            
  2.50000E+01 1.56741E+00 7.03922E-01                                            
  2.60000E+01 1.12034E+00 6.69331E-01                                            

 Production of Z= 39 A= 89 ( 89Y ) - Level  1  (lifetime: 1.56600E+01 sec.)

 Q-value    =  -9.259284
 E-threshold=   9.259284

 Energy   Cross section Branching ratio

  1.00000E+01 0.00000E+00 0.00000E+00                                            
  1.10000E+01 1.09193E-04 2.86215E-05                                            
  1.20000E+01 1.24819E-02 8.13749E-04                                            
  1.30000E+01 5.26972E-02 5.77876E-03                                            
  1.40000E+01 1.98158E-01 2.77601E-02                                            
  1.50000E+01 5.97847E-01 7.38621E-02                                            
  1.60000E+01 1.59816E+00 1.01385E-01                                            
  1.65000E+01 2.16535E+00 1.05830E-01                                            
  1.70000E+01 2.54399E+00 1.09485E-01                                            
  1.75000E+01 2.59537E+00 1.14740E-01                                            
  1.80000E+01 2.44413E+00 1.22255E-01                                            
  1.85000E+01 2.19273E+00 1.31711E-01                                            
  1.90000E+01 1.91673E+00 1.42201E-01                                            
  2.00000E+01 1.45610E+00 1.63739E-01                                            
  2.10000E+01 1.14826E+00 1.84408E-01                                            
  2.20000E+01 9.63076E-01 2.05925E-01                                            
  2.30000E+01 8.49566E-01 2.31654E-01                                            
  2.40000E+01 7.56075E-01 2.62325E-01                                            
  2.50000E+01 6.59273E-01 2.96078E-01                                            
  2.60000E+01 5.53481E-01 3.30669E-01                                            

 Production of Z= 40 A= 88 ( 88Zr) - Total

 Q-value    = -21.286316
 E-threshold=  21.286316

 Energy   Cross section

  1.00000E+01 0.00000E+00                                                        
  1.10000E+01 0.00000E+00                                                        
  1.20000E+01 0.00000E+00                                                        
  1.30000E+01 0.00000E+00                                                        
  1.40000E+01 0.00000E+00                                                        
  1.50000E+01 0.00000E+00                                                        
  1.60000E+01 0.00000E+00                                                        
  1.65000E+01 0.00000E+00                                                        
  1.70000E+01 0.00000E+00                                                        
  1.75000E+01 0.00000E+00                                                        
  1.80000E+01 0.00000E+00                                                        
  1.85000E+01 0.00000E+00                                                        
  1.90000E+01 0.00000E+00                                                        
  2.00000E+01 0.00000E+00                                                        
  2.10000E+01 0.00000E+00                                                        
  2.20000E+01 7.94924E+00                                                        
  2.30000E+01 1.79024E+01                                                        
  2.40000E+01 2.03571E+01                                                        
  2.50000E+01 2.03837E+01                                                        
  2.60000E+01 1.93120E+01                                                        

 Production of Z= 39 A= 88 ( 88Y ) - Total

 Q-value    = -17.609238
 E-threshold=  17.609238

 Energy   Cross section

  1.00000E+01 0.00000E+00                                                        
  1.10000E+01 0.00000E+00                                                        
  1.20000E+01 0.00000E+00                                                        
  1.30000E+01 0.00000E+00                                                        
  1.40000E+01 0.00000E+00                                                        
  1.50000E+01 0.00000E+00                                                        
  1.60000E+01 0.00000E+00                                                        
  1.65000E+01 0.00000E+00                                                        
  1.70000E+01 0.00000E+00                                                        
  1.75000E+01 0.00000E+00                                                        
  1.80000E+01 0.00000E+00                                                        
  1.85000E+01 0.00000E+00                                                        
  1.90000E+01 0.00000E+00                                                        
  2.00000E+01 0.00000E+00                                                        
  2.10000E+01 0.00000E+00                                                        
  2.20000E+01 1.02186E-03                                                        
  2.30000E+01 3.42299E-02                                                        
  2.40000E+01 3.01726E-01                                                        
  2.50000E+01 9.09643E-01                                                        
  2.60000E+01 1.62767E+00                                                        

 Production of Z= 38 A= 88 ( 88Sr) - Total

 Q-value    = -15.428856
 E-threshold=  15.428856

 Energy   Cross section

  1.00000E+01 0.00000E+00                                                        
  1.10000E+01 0.00000E+00                                                        
  1.20000E+01 0.00000E+00                                                        
  1.30000E+01 0.00000E+00                                                        
  1.40000E+01 0.00000E+00                                                        
  1.50000E+01 0.00000E+00                                                        
  1.60000E+01 0.00000E+00                                                        
  1.65000E+01 0.00000E+00                                                        
  1.70000E+01 0.00000E+00                                                        
  1.75000E+01 0.00000E+00                                                        
  1.80000E+01 0.00000E+00                                                        
  1.85000E+01 0.00000E+00                                                        
  1.90000E+01 0.00000E+00                                                        
  2.00000E+01 0.00000E+00                                                        
  2.10000E+01 1.50190E-02                                                        
  2.20000E+01 8.54144E-02                                                        
  2.30000E+01 2.40138E-01                                                        
  2.40000E+01 4.06673E-01                                                        
  2.50000E+01 4.68666E-01                                                        
  2.60000E+01 3.95817E-01                                                        

 Production of Z= 38 A= 86 ( 86Sr) - Total

 Q-value    =  -6.674358
 E-threshold=   6.674358

 Energy   Cross section

  1.00000E+01 0.00000E+00                                                        
  1.10000E+01 0.00000E+00                                                        
  1.20000E+01 0.00000E+00                                                        
  1.30000E+01 0.00000E+00                                                        
  1.40000E+01 1.82820E-03                                                        
  1.50000E+01 1.40044E-02                                                        
  1.60000E+01 9.59220E-02                                                        
  1.65000E+01 1.67377E-01                                                        
  1.70000E+01 2.25019E-01                                                        
  1.75000E+01 2.38850E-01                                                        
  1.80000E+01 2.19045E-01                                                        
  1.85000E+01 1.86350E-01                                                        
  1.90000E+01 1.54970E-01                                                        
  2.00000E+01 1.09509E-01                                                        
  2.10000E+01 8.33258E-02                                                        
  2.20000E+01 7.18241E-02                                                        
  2.30000E+01 6.99918E-02                                                        
  2.40000E+01 7.36996E-02                                                        
  2.50000E+01 8.11053E-02                                                        
  2.60000E+01 9.03227E-02                                                        

 Execution time:  0 hours  0 minutes  5.78 seconds 

 The TALYS team congratulates you with this successful calculation.
