
    TALYS-2.0 (Version: December 29, 2023)

 Copyright (C) 2023  A.J. Koning, S. Hilaire and S. Goriely

 Dimensions - Cross sections: mb, Energies: MeV, Angles: degrees

 ########## USER INPUT ##########

 USER INPUT FILE

 #
 # p-bi209-500mev
 #
 # general
 #
 projectile p
 element bi
 mass 209
 energy 500.
 bins 60
 #
 # to get excitation curves, create an energy range
 # at the expense of longer computer times.
 #

 USER INPUT FILE + DEFAULTS

 Keyword           Value   Variable     Explanation

 #
 # Four main keywords
 #
 projectile          p     ptype0       type of incident particle
 element            Bi     Starget      symbol of target nucleus
 mass              209     mass         mass number of target nucleus
 energy            500.000 eninc        incident energy in MeV
 #
 # Basic physical and numerical parameters
 #
 ejectiles g n p d t h a   outtype      outgoing particles
 maxz               12     maxZ         maximal number of protons from the initial compound nucleus
 maxn               32     maxN         maximal number of neutrons from the initial compound nucleus
 bins               60     nbins        number of continuum excitation energy bins
 equidistant         y     flagequi     flag to use equidistant excitation bins instead of logarithmic bins
 equispec            n     flagequispec flag to use equidistant bins for emission spectra
 popmev              n     flagpopmev   flag to use initial population per MeV instead of histograms
 segment             1     segment      number of segments to divide emission energy grid
 maxlevelstar       30     nlevmax      maximum number of included discrete levels for target
 maxlevelsres       10     nlevmaxres   maximum number of included discrete levels for residual nucleus
 maxlevelsbin g     10     nlevbin      maximum number of included discrete levels for gamma    channel
 maxlevelsbin n     10     nlevbin      maximum number of included discrete levels for neutron  channel
 maxlevelsbin p     30     nlevbin      maximum number of included discrete levels for proton   channel
 maxlevelsbin d      5     nlevbin      maximum number of included discrete levels for deuteron channel
 maxlevelsbin t      5     nlevbin      maximum number of included discrete levels for triton   channel
 maxlevelsbin h      5     nlevbin      maximum number of included discrete levels for helium-3 channel
 maxlevelsbin a     10     nlevbin      maximum number of included discrete levels for alpha    channel
 ltarget             0     ltarget      excited level of target
 isomer           1.00E+00 isomer       definition of isomer in seconds
 transpower          5     transpower   power for transmission coefficient limit
 transeps         1.00E-08 transeps     limit for transmission coefficient
 xseps            1.00E-07 xseps        limit for cross sections
 popeps           1.00E-03 popeps       limit for population cross section per nucleus
 Rfiseps          1.00E-03 Rfiseps      ratio for limit for fission cross section per nucleus
 elow             1.00E-06 elow         minimal incident energy for nuclear model calculations
 angles             90     nangle       number of angles
 anglescont         18     nanglecont   number of angles for continuum
 anglesrec           1     nanglerec    number of recoil angles
 maxenrec           20     maxenrec     number of recoil energies
 channels            n     flagchannels flag for exclusive channels calculation
 maxchannel          4     maxchannel   maximal number of outgoing particles in individual channel description
 micro               n     flagmicro    flag for completely microscopic Talys calculation
 best                n     flagbest     flag to use best set of adjusted parameters
 bestbranch          y     flagbestbr   flag to use flag to use only best set of branching ratios
 bestend             n     flagbestend  flag to put best set of parameters at end of input file
 relativistic        y     flagrel      flag for relativistic kinematics
 recoil              n     flagrecoil   flag for calculation of recoils
 labddx              n     flaglabddx   flag for calculation of DDX in LAB system
 recoilaverage       n     flagrecoilav flag for average velocity in recoil calculation
 channelenergy       n     flagEchannel flag for channel energy for emission spectrum
 reaction            y     flagreaction flag for calculation of nuclear reactions
 fit                 n     flagfit      flag to use automatically fitted parameters
 ngfit               n     flagngfit    flag for using fitted (n,g) nuclear model parameters
 nffit               n     flagnffit    flag for using fitted (n,f) nuclear model parameters
 nnfit               n     flagnnfit    flag for using fitted (n,n), (n,2n) and (n,p) nuclear model parameters
 nafit               n     flagnafit    flag for using fitted (n,a) nuclear model parameters
 pnfit               n     flagpnfit    flag for using fitted (p,n) nuclear model parameters
 dnfit               n     flagdnfit    flag for using fitted (d,n) nuclear model parameters
 gnfit               n     flaggnfit    flag for using fitted (g,n) nuclear model parameters
 anfit               n     flaganfit    flag for using fitted (a,n) nuclear model parameters
 gamgamfit           n    flaggamgamfit flag for using fitted Gamma_gamma nuclear model parameters
 macsfit             n     flagmacsfit  flag for using fitted MACS nuclear model parameters
 astro               n     flagastro    flag for calculation of astrophysics reaction rate
 astrogs             n     flagastrogs  flag for calculation of astrophysics reaction rate with target in ground state only
 astroex             n     flagastroex  flag for calculation of astrophysics reaction rate to long-lived excited states
 nonthermlev        -1     nonthermlev  excited level non-thermalized in the calculation of astrophysics rate
 massmodel           2     massmodel    model for theoretical nuclear mass
 expmass             y     flagexpmass  flag for using experimental nuclear mass if available
 disctable           1     disctable    table with discrete levels
 production          n     flagprod     flag for isotope production
 outfy               n     flagoutfy    flag for output detailed fission yield calculation
 gefran          50000     gefran       number of random events for GEF calculation
 Estop            1000.000 Estop        incident energy above which TALYS stops
 rpevap              n     flagrpevap   flag for evaporation of residual products at high incident energies
 maxZrp             12     maxZrp       maximal number of protons from the initial compound nucleus before residual evaporation
 maxNrp             32     maxNrp       maximal number of neutrons from the initial compound nucleus before residual evaporation
 user      Arjan Koning    user         user for this calculation
 source    TALYS-2.0       source       source for this calculation
 format    YANDF-0.1       oformat      format for output
 #
 # Optical model
 #
 localomp            y     flaglocalomp flag for local (y) or global (n) optical model
 dispersion          n     flagdisp     flag for dispersive optical model
 jlmomp              n     flagjlm      flag for using semi-microscopic JLM OMP
 riplomp             n     flagriplomp  flag for RIPL OMP
 riplrisk            n     flagriplrisk flag for going outside RIPL mass validity range
 optmodall           n     flagompall   flag for new optical model calculation for all residual nuclei
 incadjust           y     flagincadj   flag for OMP adjustment on incident channel also
 omponly             n     flagomponly  flag to execute ONLY an optical model calculation
 autorot             n     flagautorot  flag for automatic rotational coupled channels calculations for A > 150
 spherical           n     flagspher    flag to force spherical optical model
 soukho              y     flagsoukho   flag for Soukhovitskii OMP for actinides
 coulomb             y     flagcoulomb  flag for Coulomb excitation calculation with ECIS
 statepot            n     flagstate    flag for optical model potential for each excited state
 maxband             0     maxband      highest vibrational band added to rotational model
 maxrot              2     maxrot       number of included excited rotational levels
 sysreaction               sysreaction  particles with reaction cross section from systematics
 rotational                rotational   particles with possible rotational optical model
 core               -1     core         even-even core for weakcoupling (-1 or 1)
 ecissave            n     flagecissave flag for saving ECIS input and output files
 eciscalc            y     flageciscalc flag for new ECIS calculation for outgoing particles and energy grid
 inccalc             y     flaginccalc  flag for new ECIS calculation for incident channel
 endfecis            y     flagendfecis flag for new ECIS calculation for ENDF-6 files
 radialmodel         2     radialmodel  model for radial matter densities (JLM OMP only)
 jlmmode             0     jlmmode      option for JLM imaginary potential normalization
 alphaomp            6     alphaomp     alpha OMP (1=normal, 2= McFadden-Satchler, 3-5= folding potential, 6,8= Avrigeanu, 7=Nolte)
 deuteronomp         4     deuteronomp  deuteron OMP (1=normal, 2=Daehnick, 3=Bojowald, 4=Han-Shi-Shen, 5=An-Cai)
 #
 # Compound nucleus
 #
 widthfluc           n     flagwidth    flag for width fluctuation calculation
 widthmode           2     wmode        designator for width fluctuation model
 WFCfactor           1     WFCfactor    enhancement factor for WFC: 1: Original, 2: Ernebjerg and Herman
 compound            y     flagcomp     flag for compound nucleus model
 fullhf              n     flagfullhf   flag for full spin dependence of transmission coefficients
 eciscompound        n     flageciscomp flag for compound nucleus calculation by ECIS
 cpang               n     flagcpang    flag for compound angular distribution calculation for incident charged particles
 urr                 n     flagurr      flag for URR calculation
 urrnjoy             n     flagurrnjoy  flag for normalization of URR parameters with NJOY method
 lurr                2     lurr         maximal orbital angular momentum for URR
 #
 # Gamma emission
 #
 gammax              2     gammax       number of l-values for gamma multipolarity
 strength            9     strength     model for E1 gamma-ray strength function
 strengthM1          3     strengthM1   model for M1 gamma-ray strength function
 electronconv        y     flagelectron flag for application of electron conversion coefficient
 racap               n     flagracap    flag for radiative capture model
 ldmodelracap        3     ldmodelracap level density model for direct radiative capture
 upbend              y     flagupbend   flag for low-energy upbend of photon strength function
 psfglobal           n    flagpsfglobal flag for global photon strength functions only
 gnorm               n     flaggnorm    flag to normalize PSF to average radiative width
 #
 # Pre-equilibrium
 #
 preequilibrium      y     flagpreeq    flag for pre-equilibrium calculation
 preeqmode           2     preeqmode    designator for pre-equilibrium model
 multipreeq          y     flagmulpre   flag for multiple pre-equilibrium calculation
 mpreeqmode          2     mpreeqmode   designator for multiple pre-equilibrium model
 breakupmodel        1     breakupmodel model for break-up reaction: 1. Kalbach 2. Avrigeanu
 phmodel             1     phmodel      particle-hole state density model
 pairmodel           2     pairmodel    designator for pre-equilibrium pairing model
 preeqspin           2     pespinmodel  model for pre-equilibrium spin distribution
 giantresonance      y     flaggiant    flag for collective contribution from giant resonances
 preeqsurface        y     flagsurface  flag for surface effects in exciton model
 preeqcomplex        y     flagpecomp   flag for Kalbach complex particle emission model
 twocomponent        y     flag2comp    flag for two-component pre-equilibrium model
 ecisdwba            y     flagecisdwba flag for new ECIS calculation for DWBA for MSD
 onestep             n     flagonestep  flag for continuum one-step direct only
 #
 # Level densities
 #
 ldmodel             1     ldmodelall   level density model
 ldmodelCN           1     ldmodelCN    level density model for compound nucleus
 shellmodel          1     shellmodel   model for shell correction energies
 kvibmodel           2     kvibmodel    model for vibrational enhancement
 spincutmodel        1     spincutmodel model for spin cutoff factor for ground state
 asys                n     flagasys     flag for all level density parameters a from systematics
 parity              n     flagparity   flag for non-equal parity distribution
 colenhance          n     flagcolall   flag for collective enhancement of level density for all nuclides
 ctmglobal           n     flagctmglob  flag for global CTM model (no discrete level info)
 gshell              n     flaggshell   flag for energy dependence of single particle level density parameter g
 colldamp            n     flagcolldamp flag for damping of collective effects in effective level density
 #
 # Fission
 #
 fission             n     flagfission  flag for fission
 fismodel            3     fismodel     fission model
 fismodelalt         3     fismodelalt  alternative fission model for default barriers
 hbstate             n     flaghbstate  flag for head band states in fission
 class2              n     flagclass2   flag for class2 states in fission
 fispartdamp         n  flagfispartdamp flag for fission partial damping
 massdis             n     flagmassdis  flag for calculation of fission fragment mass yields
 ffevaporation       y     flagffevap   flag for calculation of particle evaporation from fission fragment mass yields
 fisfeed             n     flagfisfeed  flag for output of fission per excitation bin
 fymodel             2     fymodel      fission yield model, 1: Brosa 2: GEF
 ffmodel             1     ffmodel      fission fragment model, 1: GEF 2: HF3D (Okumura) 3: SPY 4: Langevin-4D 0: own files
 pfnsmodel           1     pfnsmodel    PFNS model, 1: Iwamoto 2: from FF decay
 ffspin              n     flagffspin   flag to use spin distribution in initial FF population
 #
 # Output
 #
 outmain             y     flagmain     flag for main output
 outbasic            n     flagbasic    flag for output of basic information and results
 outall              n     flagoutall   flag for output of all data in main output file
 outpopulation       n     flagpop      flag for output of population
 outcheck            n     flagcheck    flag for output of numerical checks
 outlevels           n     flaglevels   flag for output of discrete level information
 outdensity          n     flagdensity  flag for output of level densities
 outomp              n     flagoutomp   flag for output of optical model parameters
 outkd               n     flagoutkd    flag for output of KD03 OMP parameters
 outdirect           n     flagdirect   flag for output of direct reaction results
 outinverse          n     flaginverse  flag for output of transmission coefficients and inverse reaction cross sections
 outdecay            n     flagdecay    flag for output of decay of each population bin
 outtransenergy      y     flagtransen  flag for output of transmission coefficients per energy
 outecis             n     flagoutecis  flag for output of ECIS results
 outgamma            n     flaggamma    flag for output of gamma-ray information
 outpreequilibrium   n     flagpeout    flag for output of pre-equilibrium results 
 outfission          n     flagfisout   flag for output of fission information
 outdiscrete         n     flagdisc     flag for output of discrete state cross sections
 outspectra          n     flagspec     flag for output of double-differential cross sections
 outbinspectra       n     flagbinspec  flag for output of emission spectrum per excitation bin
 resonance           n     flagres      flag for output of low energy resonance cross sections
 group               n     flaggroup    flag for output of low energy groupwise cross sections
 adddiscrete         y     flagadd      flag for addition of discrete states to spectra
 addelastic          y     flagaddel    flag for addition of elastic peak to spectra
 outangle            n     flagang      flag for output of angular distributions
 outlegendre         n     flaglegendre flag for output of Legendre coefficients
 ddxmode             0     ddxmode      mode for double-differential cross sections
 outdwba             n     flagoutdwba  flag for output of DWBA cross sections for MSD
 outgamdis           n     flaggamdis   flag for output of discrete gamma-ray intensities
 outexcitation       n     flagexc      flag for output of excitation functions
 components          n     flagcompo    flag for output of cross section components
 endf                n     flagendf     flag for information for ENDF-6 file
 endfdetail          n     flagendfdet  flag for detailed ENDF-6 information per channel
 sacs                n     flagsacs     flag for statistical analysis of cross sections
 partable            n     flagpartable flag for output of model parameters on separate file
 block               n     flagblock    flag to block spectra, angle and gamma files

 ########## BASIC REACTION PARAMETERS ##########

 Projectile           : proton      Mass in a.m.u.      :   1.007276
 Target               : Bi209       Mass in a.m.u.      : 208.980399

 Included channels:
                     gamma   
                     neutron 
                     proton  
                     deuteron
                     triton  
                     helium-3
                     alpha   

     1 incident energy (LAB):

    500.000

 Q-values for binary reactions:

 Q(p,g):  4.98344
 Q(p,n): -2.67493
 Q(p,p):  0.00000
 Q(p,d): -5.23519
 Q(p,t): -5.86486
 Q(p,h): -3.44885
 Q(p,a): 10.39097

 ########## RESULTS FOR E= 500.00000 ##########

 Energy dependent input flags

 Width fluctuations (flagwidth)            : n
 Unresolved resonance parameters (flagurr) : n
 Preequilibrium (flagpreeq)                : y
 Multiple preequilibrium (flagmulpre)      : y
 Number of continuum excitation energy bins: 60
 TALYS-error: Error in /Users/koning/talys/structure/gamma/smlo2019/Po.psf
              IOSTAT =     -1
              End of file
              Continuing...
 TALYS-error: Error in /Users/koning/talys/structure/gamma/smlo2019/Po.psf
              IOSTAT =     -1
              End of file
              Continuing...
 TALYS-error: Error in /Users/koning/talys/structure/gamma/smlo2019/Bi.psf
              IOSTAT =     -1
              End of file
              Continuing...
 TALYS-error: Error in /Users/koning/talys/structure/gamma/smlo2019/Po.psf
              IOSTAT =     -1
              End of file
              Continuing...
 TALYS-error: Error in /Users/koning/talys/structure/gamma/smlo2019/Bi.psf
              IOSTAT =     -1
              End of file
              Continuing...
 TALYS-error: Error in /Users/koning/talys/structure/gamma/smlo2019/Pb.psf
              IOSTAT =     -1
              End of file
              Continuing...

 ########### REACTION SUMMARY FOR E= 500.00000 ###########

 Center-of-mass energy:  496.970

 1. Total (binary) cross sections

   Reaction        = 1.79139E+03
     Compound elastic= 9.75033E-08
     Non-elastic     = 1.79139E+03
       Direct          = 1.77024E+00
       Pre-equilibrium = 1.78470E+03
       Giant resonance = 4.91547E+00
       Compound non-el = 0.00000E+00

 2. Binary non-elastic cross sections (non-exclusive)

 gamma   = 1.64161E+00
 neutron = 6.06376E+02
 proton  = 9.82429E+02
 deuteron= 6.13810E+01
 triton  = 6.91816E+01
 helium-3= 6.43419E+01
 alpha   = 6.03964E+00

 3. Total particle production cross sections

 gamma   = 4.54704E+01    Multiplicity= 2.53827E-02
 neutron = 6.35636E+04    Multiplicity= 3.54828E+01
 proton  = 1.39541E+04    Multiplicity= 7.78955E+00
 deuteron= 2.46810E+02    Multiplicity= 1.37776E-01
 triton  = 1.78062E+02    Multiplicity= 9.93990E-02
 helium-3= 7.58694E+01    Multiplicity= 4.23523E-02
 alpha   = 2.99254E+02    Multiplicity= 1.67051E-01

 4. Residual production cross sections

   a. Per isotope

   Z   A  nuclide    total     level   isomeric    isomeric    lifetime
                 cross section       cross section  ratio

   84 210 (210Po) 2.91453E-03    0    2.91453E-03  1.00000
   84 209 (209Po) 1.55006E-01    0    1.55006E-01  1.00000
   83 209 (209Bi) 1.60063E+00    0    1.60063E+00  1.00000
   84 208 (208Po) 6.18166E-05    0    6.18166E-05  1.00000
   83 208 (208Bi) 1.19858E-02    0    1.19858E-02  1.00000
   82 208 (208Pb) 1.58774E-07    0    1.58774E-07  1.00000
   84 207 (207Po) 4.43201E-04    0    4.39636E-04  0.99196
                                14    3.56460E-06  0.00804   2.79000E+00 sec. 
   83 207 (207Bi) 1.04521E-02    0    1.04521E-02  1.00000
   82 207 (207Pb) 2.33812E-03    0    2.33812E-03  1.00000
   84 206 (206Po) 1.08385E-03    0    1.08385E-03  1.00000
   83 206 (206Bi) 2.03290E-02    0    2.03290E-02  1.00000
   82 206 (206Pb) 1.92343E-03    0    1.92343E-03  1.00000
   81 206 (206Tl) 5.53680E-05    0    5.47182E-05  0.98826
                                45    6.49762E-07  0.01174   2.24400E+02 sec. 
   84 205 (205Po) 8.58245E-05    0    8.58245E-05  1.00000
   83 205 (205Bi) 1.55564E-02    0    1.55564E-02  1.00000
   82 205 (205Pb) 4.10561E-04    0    4.10561E-04  1.00000
   81 205 (205Tl) 6.49494E-06    0    6.49494E-06  1.00000
   80 205 (205Hg) 1.37737E-07    0    1.37737E-07  1.00000
   84 204 (204Po) 2.53583E-05    0    2.53583E-05  1.00000
   83 204 (204Bi) 9.43113E-04    0    9.43113E-04  1.00000
   82 204 (204Pb) 9.42319E-05    0    9.04680E-05  0.96006
                                21    3.76393E-06  0.03994   4.01600E+03 sec. 
   81 204 (204Tl) 1.01938E-06    0    1.01938E-06  1.00000
   84 203 (203Po) 1.36313E-06    0    1.20116E-06  0.88118
                                 5    1.61970E-07  0.11882   4.50000E+01 sec. 
   83 203 (203Bi) 4.54937E-05    0    4.54937E-05  1.00000
   82 203 (203Pb) 6.20832E-06    0    5.40972E-06  0.87136
                                 6    7.98609E-07  0.12864   6.21000E+00 sec. 
   81 203 (203Tl) 1.43429E-07    0    1.43429E-07  1.00000
   83 202 (202Bi) 2.22512E-06    0    2.22512E-06  1.00000
   82 202 (202Pb) 3.14966E-07    0    2.94282E-07  0.93433
                                14    2.06839E-08  0.06567   1.27400E+04 sec. 
   80 202 (202Hg) 1.00000E-07    0    3.13183E-09  1.00000
   80 201 (201Hg) 1.00000E-07    0    1.44269E-09  1.00000
   79 201 (201Au) 1.00000E-07    0    4.04234E-12  1.00000
   78 198 (198Pt) 1.00000E-07    0    3.93097E-17  1.00000
   78 197 (197Pt) 1.00000E-07    0    1.55674E-17  0.83635
                                 9    3.04621E-18  0.16365   5.72500E+03 sec. 
   77 197 (197Ir) 1.00000E-07    0    1.81963E-20  0.51546
                                 2    1.71047E-20  0.48454   5.34000E+02 sec. 
   76 194 (194Os) 1.00000E-07    0    2.45269E-21  1.00000
   83 193 (193Bi) 1.23975E-07    0    1.04820E-07  0.84549
                                 2    1.91551E-08  0.15451   3.20000E+00 sec. 
   76 193 (193Os) 1.00000E-07    0    1.24418E-21  1.00000
   75 193 (193Re) 1.00000E-07    0    9.18218E-33  0.00000
   83 192 (192Bi) 1.07634E-07    0    9.54688E-08  0.88698
                                 1    1.21653E-08  0.11302   3.96000E+01 sec. 
   83 191 (191Bi) 2.83120E-07    0    2.83120E-07  1.00000
   83 190 (190Bi) 2.96330E-07    0    1.92378E-07  0.64920
                                 4    1.03952E-07  0.35080   6.20000E+00 sec. 
   74 190 (190W ) 1.00000E-07    0    5.29052E-34  0.00000
   83 189 (189Bi) 6.06510E-06    0    6.06510E-06  1.00000
   74 189 (189W ) 1.00000E-07    0    3.83556E-32  1.00000
   73 189 (189Ta) 1.00000E-07    0    1.73761E-43  0.00000
   84 188 (188Po) 7.00512E-07    0    7.00512E-07  1.00000
   83 188 (188Bi) 3.50837E-07    0    3.50837E-07  1.00000
   82 188 (188Pb) 1.08615E-07    0    1.08615E-07  1.00000
   83 187 (187Bi) 3.06073E-06    0    3.06073E-06  1.00000
   82 187 (187Pb) 6.81465E-07    0    7.12293E-08  0.10452
                                 1    6.10236E-07  0.89548   1.83000E+01 sec. 
   84 186 (186Po) 4.44901E-07    0    4.44901E-07  1.00000
   83 186 (186Bi) 1.52559E-06    0    1.52559E-06  1.00000
   82 186 (186Pb) 7.80126E-06    0    7.80126E-06  1.00000
   72 186 (186Hf) 1.00000E-07    0    0.00000E+00  0.00000
   83 185 (185Bi) 7.53897E-07    0    7.53897E-07  1.00000
   82 185 (185Pb) 2.14083E-06    0    1.25955E-06  0.58834
                                 1    8.81285E-07  0.41166   4.30000E+00 sec. 
   72 185 (185Hf) 1.00000E-07    0    3.67140E-43  0.00000
   83 184 (184Bi) 5.17018E-07    0    5.17018E-07  1.00000
   82 184 (184Pb) 1.12103E-05    0    1.12103E-05  1.00000
   82 183 (183Pb) 1.67003E-04    0    1.67003E-04  1.00000
   81 183 (183Tl) 2.55410E-06    0    2.55410E-06  1.00000
   82 182 (182Pb) 1.36883E-04    0    1.36883E-04  1.00000
   81 182 (182Tl) 9.76147E-06    0    9.76147E-06  1.00000
   80 182 (182Hg) 2.75647E-07    0    2.75647E-07  1.00000
   82 181 (181Pb) 4.04770E-05    0    4.04770E-05  1.00000
   81 181 (181Tl) 1.53622E-04    0    1.53622E-04  1.00000
   80 181 (181Hg) 5.28154E-05    0    5.28154E-05  1.00000
   82 180 (180Pb) 5.78652E-06    0    5.78652E-06  1.00000
   81 180 (180Tl) 1.42060E-06    0    1.42060E-06  1.00000
   80 180 (180Hg) 3.07455E-05    0    3.07455E-05  1.00000
   82 179 (179Pb) 1.87470E-06    0    1.87470E-06  1.00000
   81 179 (179Tl) 1.57343E-05    0    1.57343E-05  1.00000
   80 179 (179Hg) 6.35178E-04    0    6.35178E-04  1.00000
   79 179 (179Au) 1.38390E-06    0    1.38390E-06  1.00000
   82 178 (178Pb) 2.24759E-06    0    2.24759E-06  1.00000
   81 178 (178Tl) 5.02470E-06    0    5.02470E-06  1.00000
   80 178 (178Hg) 2.47074E-03    0    2.47074E-03  1.00000
   79 178 (178Au) 5.93205E-06    0    5.93205E-06  1.00000
   82 177 (177Pb) 6.54685E-07    0    6.54685E-07  1.00000
   81 177 (177Tl) 1.61592E-05    0    1.61592E-05  1.00000
   80 177 (177Hg) 4.59045E-04    0    4.59045E-04  1.00000
   79 177 (177Au) 3.26539E-05    0    9.23445E-06  0.28280
                                 2    2.34194E-05  0.71720   1.19300E+00 sec. 
   78 177 (177Pt) 1.49846E-07    0    1.49846E-07  1.00000
   82 176 (176Pb) 1.81281E-07    0    1.81281E-07  1.00000
   81 176 (176Tl) 1.50987E-06    0    1.50987E-06  1.00000
   80 176 (176Hg) 5.31491E-05    0    5.31491E-05  1.00000
   79 176 (176Au) 2.78731E-05    0    2.75828E-05  0.98958
                                 1    2.90306E-07  0.01042   1.36000E+00 sec. 
   78 176 (176Pt) 2.69525E-05    0    2.69525E-05  1.00000
   81 175 (175Tl) 2.22928E-07    0    2.22928E-07  1.00000
   80 175 (175Hg) 5.04210E-05    0    5.04210E-05  1.00000
   79 175 (175Au) 7.36304E-05    0    7.36304E-05  1.00000
   78 175 (175Pt) 3.33060E-05    0    3.33060E-05  1.00000
   80 174 (174Hg) 1.79840E+01    0    1.79840E+01  1.00000
   79 174 (174Au) 2.00461E-06    0    2.00461E-06  1.00000
   78 174 (174Pt) 1.73295E-02    0    1.73295E-02  1.00000
   77 174 (174Ir) 2.52212E-06    0    1.90550E-06  0.75552
                                 1    6.16617E-07  0.24448   4.90000E+00 sec. 
   79 173 (173Au) 8.34405E+00    0    8.34405E+00  1.00000
   78 173 (173Pt) 3.22774E-05    0    3.22774E-05  1.00000
   77 173 (173Ir) 2.06642E-05    0    1.47162E-05  0.71216
                                 3    5.94795E-06  0.28784   2.20000E+00 sec. 
   78 172 (172Pt) 2.98378E-03    0    2.98378E-03  1.00000
   77 172 (172Ir) 8.09764E-05    0    8.04338E-05  0.99330
                                 1    5.42631E-07  0.00670   2.19000E+00 sec. 
   76 172 (172Os) 1.30538E-05    0    1.30538E-05  1.00000
   77 171 (171Ir) 5.88100E-05    0    1.16244E-05  0.19766
                                 1    4.71855E-05  0.80234   1.20000E+00 sec. 
   76 171 (171Os) 8.86002E-05    0    8.86002E-05  1.00000
   76 170 (170Os) 2.32576E-04    0    2.32576E-04  1.00000
   75 169 (169Re) 3.09666E-07    0    3.00922E-07  0.97176
                                 5    8.74359E-09  0.02824   1.51000E+01 sec. 

   b. Per mass

   A  cross section

  210 2.91453E-03
  209 1.75564E+00
  208 1.20478E-02
  207 1.32335E-02
  206 2.33917E-02
  205 1.60595E-02
  204 1.06376E-03
  203 5.32141E-05
  202 2.69029E-06
  201 1.94300E-07
  193 1.38925E-07
  192 1.28168E-07
  191 3.24164E-07
  190 3.66601E-07
  189 6.19137E-06
  188 1.16019E-06
  187 3.75373E-06
  186 9.77318E-06
  185 2.91455E-06
  184 1.17497E-05
  183 1.69603E-04
  182 1.46928E-04
  181 2.46976E-04
  180 3.80333E-05
  179 6.54185E-04
  178 2.48402E-03
  177 5.08663E-04
  176 1.09666E-04
  175 1.57609E-04
  174 1.80013E+01
  173 8.34411E+00
  172 3.07781E-03
  171 1.47427E-04
  170 2.32621E-04
  169 3.09745E-07

 Total residual production cross section:    28.1778698
 Non-elastic cross section              :  1791.3900146

 Execution time:  0 hours  5 minutes 23.21 seconds 

 The TALYS team congratulates you with this successful calculation.
