
    TALYS-1.97 (Version: December 29, 2023)

 Copyright (C) 2023  A.J. Koning, S. Hilaire and S. Goriely

 Dimensions - Cross sections: mb, Energies: MeV, Angles: degrees

 ########## USER INPUT ##########

 USER INPUT FILE

 #
 # n-nb093-wfc-goe
 #
 # general
 #
 projectile n
 element nb
 mass 93
 energy 0.01
 #
 # parameters
 #
 bins 20
 widthmode 3
 #
 # output
 #
 outcheck y
 outangle y
 fileelastic y

 USER INPUT FILE + DEFAULTS

 Keyword           Value   Variable     Explanation

 #
 # Four main keywords
 #
 projectile          n     ptype0       type of incident particle
 element            Nb     Starget      symbol of target nucleus
 mass               93     mass         mass number of target nucleus
 energy              0.010 eninc        incident energy in MeV
 #
 # Basic physical and numerical parameters
 #
 ejectiles g n p d t h a   outtype      outgoing particles
 maxz               12     maxZ         maximal number of protons from the initial compound nucleus
 maxn               32     maxN         maximal number of neutrons from the initial compound nucleus
 bins               20     nbins        number of continuum excitation energy bins
 equidistant         y     flagequi     flag to use equidistant excitation bins instead of logarithmic bins
 equispec            n     flagequispec flag to use equidistant bins for emission spectra
 popmev              n     flagpopmev   flag to use initial population per MeV instead of histograms
 segment             1     segment      number of segments to divide emission energy grid
 maxlevelstar       30     nlevmax      maximum number of included discrete levels for target
 maxlevelsres       10     nlevmaxres   maximum number of included discrete levels for residual nucleus
 maxlevelsbin g     10     nlevbin      maximum number of included discrete levels for gamma    channel
 maxlevelsbin n     30     nlevbin      maximum number of included discrete levels for neutron  channel
 maxlevelsbin p     10     nlevbin      maximum number of included discrete levels for proton   channel
 maxlevelsbin d      5     nlevbin      maximum number of included discrete levels for deuteron channel
 maxlevelsbin t      5     nlevbin      maximum number of included discrete levels for triton   channel
 maxlevelsbin h      5     nlevbin      maximum number of included discrete levels for helium-3 channel
 maxlevelsbin a     10     nlevbin      maximum number of included discrete levels for alpha    channel
 ltarget             0     ltarget      excited level of target
 isomer           1.00E+00 isomer       definition of isomer in seconds
 transpower          5     transpower   power for transmission coefficient limit
 transeps         1.00E-08 transeps     limit for transmission coefficient
 xseps            1.00E-07 xseps        limit for cross sections
 popeps           1.00E-03 popeps       limit for population cross section per nucleus
 Rfiseps          1.00E-03 Rfiseps      ratio for limit for fission cross section per nucleus
 elow             1.00E-06 elow         minimal incident energy for nuclear model calculations
 angles             90     nangle       number of angles
 anglescont         18     nanglecont   number of angles for continuum
 anglesrec           1     nanglerec    number of recoil angles
 maxenrec           20     maxenrec     number of recoil energies
 channels            n     flagchannels flag for exclusive channels calculation
 maxchannel          4     maxchannel   maximal number of outgoing particles in individual channel description
 micro               n     flagmicro    flag for completely microscopic Talys calculation
 best                n     flagbest     flag to use best set of adjusted parameters
 bestbranch          y     flagbestbr   flag to use flag to use only best set of branching ratios
 bestend             n     flagbestend  flag to put best set of parameters at end of input file
 relativistic        y     flagrel      flag for relativistic kinematics
 recoil              n     flagrecoil   flag for calculation of recoils
 labddx              n     flaglabddx   flag for calculation of DDX in LAB system
 recoilaverage       n     flagrecoilav flag for average velocity in recoil calculation
 channelenergy       n     flagEchannel flag for channel energy for emission spectrum
 reaction            y     flagreaction flag for calculation of nuclear reactions
 fit                 n     flagfit      flag to use automatically fitted parameters
 ngfit               n     flagngfit    flag for using fitted (n,g) nuclear model parameters
 nffit               n     flagnffit    flag for using fitted (n,f) nuclear model parameters
 nnfit               n     flagnnfit    flag for using fitted (n,n), (n,2n) and (n,p) nuclear model parameters
 nafit               n     flagnafit    flag for using fitted (n,a) nuclear model parameters
 pnfit               n     flagpnfit    flag for using fitted (p,n) nuclear model parameters
 dnfit               n     flagdnfit    flag for using fitted (d,n) nuclear model parameters
 gnfit               n     flaggnfit    flag for using fitted (g,n) nuclear model parameters
 anfit               n     flaganfit    flag for using fitted (a,n) nuclear model parameters
 gamgamfit           n    flaggamgamfit flag for using fitted Gamma_gamma nuclear model parameters
 macsfit             n     flagmacsfit  flag for using fitted MACS nuclear model parameters
 astro               n     flagastro    flag for calculation of astrophysics reaction rate
 astrogs             n     flagastrogs  flag for calculation of astrophysics reaction rate with target in ground state only
 astroex             n     flagastroex  flag for calculation of astrophysics reaction rate to long-lived excited states
 nonthermlev        -1     nonthermlev  excited level non-thermalized in the calculation of astrophysics rate
 massmodel           2     massmodel    model for theoretical nuclear mass
 expmass             y     flagexpmass  flag for using experimental nuclear mass if available
 disctable           1     disctable    table with discrete levels
 production          n     flagprod     flag for isotope production
 outfy               n     flagoutfy    flag for output detailed fission yield calculation
 gefran          50000     gefran       number of random events for GEF calculation
 Estop            1000.000 Estop        incident energy above which TALYS stops
 rpevap              n     flagrpevap   flag for evaporation of residual products at high incident energies
 maxZrp             12     maxZrp       maximal number of protons from the initial compound nucleus before residual evaporation
 maxNrp             32     maxNrp       maximal number of neutrons from the initial compound nucleus before residual evaporation
 #
 # Optical model
 #
 localomp            y     flaglocalomp flag for local (y) or global (n) optical model
 dispersion          n     flagdisp     flag for dispersive optical model
 jlmomp              n     flagjlm      flag for using semi-microscopic JLM OMP
 riplomp             n     flagriplomp  flag for RIPL OMP
 riplrisk            n     flagriplrisk flag for going outside RIPL mass validity range
 optmodall           n     flagompall   flag for new optical model calculation for all residual nuclei
 incadjust           y     flagincadj   flag for OMP adjustment on incident channel also
 omponly             n     flagomponly  flag to execute ONLY an optical model calculation
 autorot             n     flagautorot  flag for automatic rotational coupled channels calculations for A > 150
 spherical           n     flagspher    flag to force spherical optical model
 soukho              y     flagsoukho   flag for Soukhovitskii OMP for actinides
 coulomb             y     flagcoulomb  flag for Coulomb excitation calculation with ECIS
 statepot            n     flagstate    flag for optical model potential for each excited state
 maxband             0     maxband      highest vibrational band added to rotational model
 maxrot              2     maxrot       number of included excited rotational levels
 sysreaction               sysreaction  particles with reaction cross section from systematics
 rotational                rotational   particles with possible rotational optical model
 core               -1     core         even-even core for weakcoupling (-1 or 1)
 ecissave            n     flagecissave flag for saving ECIS input and output files
 eciscalc            y     flageciscalc flag for new ECIS calculation for outgoing particles and energy grid
 inccalc             y     flaginccalc  flag for new ECIS calculation for incident channel
 endfecis            y     flagendfecis flag for new ECIS calculation for ENDF-6 files
 radialmodel         2     radialmodel  model for radial matter densities (JLM OMP only)
 jlmmode             0     jlmmode      option for JLM imaginary potential normalization
 alphaomp            6     alphaomp     alpha OMP (1=normal, 2= McFadden-Satchler, 3-5= folding potential, 6,8= Avrigeanu, 7=Nolte)
 deuteronomp         4     deuteronomp  deuteron OMP (1=normal, 2=Daehnick, 3=Bojowald, 4=Han-Shi-Shen, 5=An-Cai)
 #
 # Compound nucleus
 #
 widthfluc           y     flagwidth    flag for width fluctuation calculation
 widthmode           3     wmode        designator for width fluctuation model
 WFCfactor           1     WFCfactor    enhancement factor for WFC: 1: Original, 2: Ernebjerg and Herman
 compound            y     flagcomp     flag for compound nucleus model
 fullhf              n     flagfullhf   flag for full spin dependence of transmission coefficients
 eciscompound        n     flageciscomp flag for compound nucleus calculation by ECIS
 cpang               n     flagcpang    flag for compound angular distribution calculation for incident charged particles
 urr                 n     flagurr      flag for URR calculation
 urrnjoy             n     flagurrnjoy  flag for normalization of URR parameters with NJOY method
 lurr                2     lurr         maximal orbital angular momentum for URR
 #
 # Gamma emission
 #
 gammax              2     gammax       number of l-values for gamma multipolarity
 strength            9     strength     model for E1 gamma-ray strength function
 strengthM1          3     strengthM1   model for M1 gamma-ray strength function
 electronconv        y     flagelectron flag for application of electron conversion coefficient
 racap               n     flagracap    flag for radiative capture model
 ldmodelracap        3     ldmodelracap level density model for direct radiative capture
 upbend              y     flagupbend   flag for low-energy upbend of photon strength function
 psfglobal           n    flagpsfglobal flag for global photon strength functions only
 gnorm               n     flaggnorm    flag to normalize PSF to average radiative width
 #
 # Pre-equilibrium
 #
 preequilibrium      n     flagpreeq    flag for pre-equilibrium calculation
 preeqmode           2     preeqmode    designator for pre-equilibrium model
 multipreeq          n     flagmulpre   flag for multiple pre-equilibrium calculation
 mpreeqmode          2     mpreeqmode   designator for multiple pre-equilibrium model
 breakupmodel        1     breakupmodel model for break-up reaction: 1. Kalbach 2. Avrigeanu
 phmodel             1     phmodel      particle-hole state density model
 pairmodel           2     pairmodel    designator for pre-equilibrium pairing model
 preeqspin           1     pespinmodel  model for pre-equilibrium spin distribution
 giantresonance      y     flaggiant    flag for collective contribution from giant resonances
 preeqsurface        y     flagsurface  flag for surface effects in exciton model
 preeqcomplex        y     flagpecomp   flag for Kalbach complex particle emission model
 twocomponent        y     flag2comp    flag for two-component pre-equilibrium model
 ecisdwba            y     flagecisdwba flag for new ECIS calculation for DWBA for MSD
 onestep             n     flagonestep  flag for continuum one-step direct only
 #
 # Level densities
 #
 ldmodel             1     ldmodelall   level density model
 ldmodelCN           1     ldmodelCN    level density model for compound nucleus
 shellmodel          1     shellmodel   model for shell correction energies
 kvibmodel           2     kvibmodel    model for vibrational enhancement
 spincutmodel        1     spincutmodel model for spin cutoff factor for ground state
 asys                n     flagasys     flag for all level density parameters a from systematics
 parity              n     flagparity   flag for non-equal parity distribution
 colenhance          n     flagcolall   flag for collective enhancement of level density for all nuclides
 ctmglobal           n     flagctmglob  flag for global CTM model (no discrete level info)
 gshell              n     flaggshell   flag for energy dependence of single particle level density parameter g
 colldamp            n     flagcolldamp flag for damping of collective effects in effective level density
 #
 # Fission
 #
 fission             n     flagfission  flag for fission
 fismodel            3     fismodel     fission model
 fismodelalt         3     fismodelalt  alternative fission model for default barriers
 hbstate             n     flaghbstate  flag for head band states in fission
 class2              n     flagclass2   flag for class2 states in fission
 fispartdamp         n  flagfispartdamp flag for fission partial damping
 massdis             n     flagmassdis  flag for calculation of fission fragment mass yields
 ffevaporation       y     flagffevap   flag for calculation of particle evaporation from fission fragment mass yields
 fisfeed             n     flagfisfeed  flag for output of fission per excitation bin
 fymodel             2     fymodel      fission yield model, 1: Brosa 2: GEF
 ffmodel             1     ffmodel      fission fragment model, 1: GEF 2: HF3D (Okumura) 3: SPY 4: Langevin-4D 0: own files
 pfnsmodel           1     pfnsmodel    PFNS model, 1: Iwamoto 2: from FF decay
 ffspin              n     flagffspin   flag to use spin distribution in initial FF population
 #
 # Output
 #
 outmain             y     flagmain     flag for main output
 outbasic            n     flagbasic    flag for output of basic information and results
 outpopulation       n     flagpop      flag for output of population
 outcheck            y     flagcheck    flag for output of numerical checks
 outlevels           n     flaglevels   flag for output of discrete level information
 outdensity          n     flagdensity  flag for output of level densities
 outomp              n     flagoutomp   flag for output of optical model parameters
 outkd               n     flagoutkd    flag for output of KD03 OMP parameters
 outdirect           n     flagdirect   flag for output of direct reaction results
 outinverse          n     flaginverse  flag for output of transmission coefficients and inverse reaction cross sections
 outdecay            n     flagdecay    flag for output of decay of each population bin
 outtransenergy      y     flagtransen  flag for output of transmission coefficients per energy
 outecis             n     flagoutecis  flag for output of ECIS results
 outgamma            n     flaggamma    flag for output of gamma-ray information
 outpreequilibrium   n     flagpeout    flag for output of pre-equilibrium results 
 outfission          n     flagfisout   flag for output of fission information
 outdiscrete         n     flagdisc     flag for output of discrete state cross sections
 outspectra          n     flagspec     flag for output of double-differential cross sections
 outbinspectra       n     flagbinspec  flag for output of emission spectrum per excitation bin
 resonance           n     flagres      flag for output of low energy resonance cross sections
 group               n     flaggroup    flag for output of low energy groupwise cross sections
 adddiscrete         y     flagadd      flag for addition of discrete states to spectra
 addelastic          y     flagaddel    flag for addition of elastic peak to spectra
 outangle            y     flagang      flag for output of angular distributions
 outlegendre         n     flaglegendre flag for output of Legendre coefficients
 ddxmode             0     ddxmode      mode for double-differential cross sections
 outdwba             n     flagoutdwba  flag for output of DWBA cross sections for MSD
 outgamdis           n     flaggamdis   flag for output of discrete gamma-ray intensities
 outexcitation       n     flagexc      flag for output of excitation functions
 components          n     flagcompo    flag for output of cross section components
 endf                n     flagendf     flag for information for ENDF-6 file
 endfdetail          y     flagendfdet  flag for detailed ENDF-6 information per channel
 sacs                n     flagsacs     flag for statistical analysis of cross sections
 partable            n     flagpartable flag for output of model parameters on separate file
 block               n     flagblock    flag to block spectra, angle and gamma files

 ########## BASIC REACTION PARAMETERS ##########

 Projectile           : neutron     Mass in a.m.u.      :   1.008665
 Target               : Nb93        Mass in a.m.u.      :  92.906373

 Included channels:
                     gamma   
                     neutron 
                     proton  
                     deuteron
                     triton  
                     helium-3
                     alpha   

     1 incident energy (LAB):

      0.010

 Q-values for binary reactions:

 Q(n,g):  7.22755
 Q(n,n):  0.00000
 Q(n,p):  0.69154
 Q(n,d): -3.81821
 Q(n,t): -6.19572
 Q(n,h): -7.72140
 Q(n,a):  4.93048

  Size of some large arrays

 gamexist             882525
 chanisoexist          88560
 specexcl           45338832
 feedexcl           10715859
 fqrpa               1896300
 bassign              882525
 ldtable            11817225
 phtable2            6968884
 xspopph2           15234345
 frescue            22554411
 preeqpop            9105075
 xspop               9105075
 wemission2          4386627
 xspopph2           15234345
 xsrp                1160775
 Tjlnex               180621
 fxsgamdischan       5913600
 areaejlab            342398
 areareclab           220500
 xsastroex            616025
 ddxrec             31090500
 sfactor             9105075
 Tjlnex               180621
 phdensjp            2978325


 ########## RESULTS FOR E=   0.01000 ##########

 Energy dependent input flags

 Width fluctuations (flagwidth)            : y
 Unresolved resonance parameters (flagurr) : n
 Preequilibrium (flagpreeq)                : n
 Multiple preequilibrium (flagmulpre)      : n
 Number of continuum excitation energy bins: 20

 ++++++++++ Compound nucleus formation cross section ++++++++++

 Compound nucleus excitation energy:        7.23744

 J/Pi cross section  J/Pi cross section 
 0.0- 0.00000E+00    0.0+ 0.00000E+00
 1.0- 0.00000E+00    1.0+ 0.00000E+00
 2.0- 0.00000E+00    2.0+ 1.70147E-02
 3.0- 1.85978E+02    3.0+ 5.60409E-02
 4.0- 3.75042E+02    4.0+ 8.23124E+02
 5.0- 4.58384E+02    5.0+ 1.00604E+03
 6.0- 3.45387E+02    6.0+ 1.04076E-01
 7.0- 0.00000E+00    7.0+ 5.10440E-02

 ++++++++++ Normalization of reaction cross section ++++++++++

 Reaction cross section          :     3194.19995 (A)
 Sum over T(j,l)                 :     3194.18237 (B)
 Compound nucleus formation c.s. :     3194.19995 (C)
 Ratio C/B                       :        1.00000

 ++++++++++ CHECK OF FLUX CONSERVATION OF TRANSMISSION COEFFICIENTS ++++++++++
 GOE model

 Parity=-  J= 3.0  j= 1.5  l= 1  T(j,l)= 7.98821E-03  Sum over outgoing channels= 7.98599E-03  Ratio= 1.00028
 Parity=-  J= 4.0  j= 0.5  l= 1  T(j,l)= 4.54099E-03  Sum over outgoing channels= 4.53934E-03  Ratio= 1.00036
 Parity=-  J= 4.0  j= 1.5  l= 1  T(j,l)= 7.98821E-03  Sum over outgoing channels= 7.98569E-03  Ratio= 1.00032
 Parity=-  J= 5.0  j= 0.5  l= 1  T(j,l)= 4.54099E-03  Sum over outgoing channels= 4.53973E-03  Ratio= 1.00028
 Parity=-  J= 5.0  j= 1.5  l= 1  T(j,l)= 7.98821E-03  Sum over outgoing channels= 7.98607E-03  Ratio= 1.00027
 Parity=-  J= 6.0  j= 1.5  l= 1  T(j,l)= 7.98821E-03  Sum over outgoing channels= 7.98920E-03  Ratio= 0.99988
 Parity=+  J= 2.0  j= 2.5  l= 2  T(j,l)= 1.02315E-06  Sum over outgoing channels= 1.03542E-06  Ratio= 0.98815
 Parity=+  J= 3.0  j= 1.5  l= 2  T(j,l)= 1.38394E-06  Sum over outgoing channels= 1.39920E-06  Ratio= 0.98909
 Parity=+  J= 3.0  j= 2.5  l= 2  T(j,l)= 1.02315E-06  Sum over outgoing channels= 1.03444E-06  Ratio= 0.98909
 Parity=+  J= 4.0  j= 0.5  l= 0  T(j,l)= 2.74961E-02  Sum over outgoing channels= 2.74913E-02  Ratio= 1.00018
 Parity=+  J= 4.0  j= 1.5  l= 2  T(j,l)= 1.38394E-06  Sum over outgoing channels= 1.38611E-06  Ratio= 0.99844
 Parity=+  J= 4.0  j= 2.5  l= 2  T(j,l)= 1.02315E-06  Sum over outgoing channels= 1.02475E-06  Ratio= 0.99844
 Parity=+  J= 5.0  j= 0.5  l= 0  T(j,l)= 2.74961E-02  Sum over outgoing channels= 2.74921E-02  Ratio= 1.00015
 Parity=+  J= 5.0  j= 1.5  l= 2  T(j,l)= 1.38394E-06  Sum over outgoing channels= 1.38689E-06  Ratio= 0.99787
 Parity=+  J= 5.0  j= 2.5  l= 2  T(j,l)= 1.02315E-06  Sum over outgoing channels= 1.02533E-06  Ratio= 0.99787
 Parity=+  J= 6.0  j= 1.5  l= 2  T(j,l)= 1.38394E-06  Sum over outgoing channels= 1.38190E-06  Ratio= 1.00148
 Parity=+  J= 6.0  j= 2.5  l= 2  T(j,l)= 1.02315E-06  Sum over outgoing channels= 1.02162E-06  Ratio= 1.00150
 Parity=+  J= 7.0  j= 2.5  l= 2  T(j,l)= 1.02315E-06  Sum over outgoing channels= 9.83922E-07  Ratio= 1.03987

 ########### REACTION SUMMARY FOR E=   0.01000 ###########

 Center-of-mass energy:    0.010

 1. Total (binary) cross sections

 Total           = 8.46904E+03
   Shape elastic   = 5.27484E+03
   Reaction        = 3.19420E+03
     Compound elastic= 2.67217E+03
     Non-elastic     = 5.22031E+02
       Direct          = 0.00000E+00
       Pre-equilibrium = 0.00000E+00
       Compound non-el = 5.22031E+02
     Total elastic   = 7.94701E+03

 2. Binary non-elastic cross sections (non-exclusive)

 gamma   = 5.21478E+02
 neutron = 0.00000E+00
 proton  = 0.00000E+00
 deuteron= 0.00000E+00
 triton  = 0.00000E+00
 helium-3= 0.00000E+00
 alpha   = 0.00000E+00

 3. Total particle production cross sections

 gamma   = 1.43564E+03    Multiplicity= 2.75011E+00
 neutron = 2.41664E-02    Multiplicity= 4.62931E-05
 proton  = 0.00000E+00    Multiplicity= 0.00000E+00
 deuteron= 0.00000E+00    Multiplicity= 0.00000E+00
 triton  = 0.00000E+00    Multiplicity= 0.00000E+00
 helium-3= 0.00000E+00    Multiplicity= 0.00000E+00
 alpha   = 0.00000E+00    Multiplicity= 0.00000E+00

 4. Residual production cross sections

   a. Per isotope

   Z   A  nuclide    total     level   isomeric    isomeric    lifetime
                 cross section       cross section  ratio

   41  94 ( 94Nb) 5.21454E+02    0    1.88519E+02  0.36153
                                 1    3.32935E+02  0.63847   3.75800E+02 sec. 
   41  93 ( 93Nb) 2.41664E-02    0    2.41664E-02  1.00000
                                 1    0.00000E+00  0.00000   5.08700E+08 sec. 
   40  93 ( 93Zr) 1.00000E-07    0    0.00000E+00  0.00000
   39  90 ( 90Y ) 1.00000E-07    0    0.00000E+00  0.00000
                                 2    0.00000E+00  0.00000   1.14800E+04 sec. 

   b. Per mass

   A  cross section

   94 5.21454E+02
   93 2.41664E-02

 Total residual production cross section:   521.4782715
 Non-elastic cross section              :   522.0310059

 8. Discrete state angular distributions

 8a2. Elastic scattering angular distribution

 Angle        Total          Direct         Compound

   0.0     6.37114E+02     4.11710E+02     2.25404E+02
   2.0     6.37094E+02     4.11714E+02     2.25380E+02
   4.0     6.37037E+02     4.11727E+02     2.25310E+02
   6.0     6.36942E+02     4.11748E+02     2.25194E+02
   8.0     6.36812E+02     4.11779E+02     2.25033E+02
  10.0     6.36644E+02     4.11818E+02     2.24826E+02
  12.0     6.36441E+02     4.11865E+02     2.24576E+02
  14.0     6.36204E+02     4.11921E+02     2.24283E+02
  16.0     6.35935E+02     4.11986E+02     2.23949E+02
  18.0     6.35635E+02     4.12059E+02     2.23576E+02
  20.0     6.35306E+02     4.12141E+02     2.23165E+02
  22.0     6.34949E+02     4.12231E+02     2.22718E+02
  24.0     6.34566E+02     4.12329E+02     2.22237E+02
  26.0     6.34162E+02     4.12436E+02     2.21726E+02
  28.0     6.33736E+02     4.12551E+02     2.21185E+02
  30.0     6.33293E+02     4.12674E+02     2.20619E+02
  32.0     6.32835E+02     4.12806E+02     2.20029E+02
  34.0     6.32364E+02     4.12945E+02     2.19419E+02
  36.0     6.31884E+02     4.13093E+02     2.18791E+02
  38.0     6.31397E+02     4.13248E+02     2.18149E+02
  40.0     6.30907E+02     4.13411E+02     2.17496E+02
  42.0     6.30416E+02     4.13582E+02     2.16834E+02
  44.0     6.29928E+02     4.13760E+02     2.16168E+02
  46.0     6.29446E+02     4.13946E+02     2.15500E+02
  48.0     6.28973E+02     4.14139E+02     2.14834E+02
  50.0     6.28511E+02     4.14339E+02     2.14172E+02
  52.0     6.28065E+02     4.14546E+02     2.13519E+02
  54.0     6.27636E+02     4.14759E+02     2.12877E+02
  56.0     6.27229E+02     4.14980E+02     2.12249E+02
  58.0     6.26846E+02     4.15207E+02     2.11639E+02
  60.0     6.26490E+02     4.15440E+02     2.11049E+02
  62.0     6.26162E+02     4.15679E+02     2.10483E+02
  64.0     6.25867E+02     4.15924E+02     2.09943E+02
  66.0     6.25606E+02     4.16175E+02     2.09431E+02
  68.0     6.25382E+02     4.16431E+02     2.08951E+02
  70.0     6.25196E+02     4.16692E+02     2.08504E+02
  72.0     6.25050E+02     4.16958E+02     2.08092E+02
  74.0     6.24947E+02     4.17228E+02     2.07719E+02
  76.0     6.24888E+02     4.17503E+02     2.07385E+02
  78.0     6.24874E+02     4.17782E+02     2.07092E+02
  80.0     6.24907E+02     4.18065E+02     2.06842E+02
  82.0     6.24987E+02     4.18351E+02     2.06635E+02
  84.0     6.25114E+02     4.18640E+02     2.06474E+02
  86.0     6.25290E+02     4.18932E+02     2.06358E+02
  88.0     6.25515E+02     4.19227E+02     2.06288E+02
  90.0     6.25788E+02     4.19523E+02     2.06265E+02
  92.0     6.26109E+02     4.19821E+02     2.06288E+02
  94.0     6.26479E+02     4.20121E+02     2.06358E+02
  96.0     6.26895E+02     4.20421E+02     2.06474E+02
  98.0     6.27357E+02     4.20722E+02     2.06635E+02
 100.0     6.27866E+02     4.21024E+02     2.06842E+02
 102.0     6.28417E+02     4.21325E+02     2.07092E+02
 104.0     6.29010E+02     4.21625E+02     2.07385E+02
 106.0     6.29644E+02     4.21925E+02     2.07719E+02
 108.0     6.30315E+02     4.22223E+02     2.08092E+02
 110.0     6.31023E+02     4.22519E+02     2.08504E+02
 112.0     6.31765E+02     4.22814E+02     2.08951E+02
 114.0     6.32536E+02     4.23105E+02     2.09431E+02
 116.0     6.33336E+02     4.23393E+02     2.09943E+02
 118.0     6.34161E+02     4.23678E+02     2.10483E+02
 120.0     6.35009E+02     4.23959E+02     2.11049E+02
 122.0     6.35875E+02     4.24236E+02     2.11639E+02
 124.0     6.36757E+02     4.24508E+02     2.12249E+02
 126.0     6.37652E+02     4.24775E+02     2.12877E+02
 128.0     6.38555E+02     4.25036E+02     2.13519E+02
 130.0     6.39464E+02     4.25291E+02     2.14172E+02
 132.0     6.40374E+02     4.25540E+02     2.14834E+02
 134.0     6.41282E+02     4.25782E+02     2.15500E+02
 136.0     6.42185E+02     4.26017E+02     2.16168E+02
 138.0     6.43078E+02     4.26244E+02     2.16834E+02
 140.0     6.43960E+02     4.26464E+02     2.17496E+02
 142.0     6.44824E+02     4.26675E+02     2.18149E+02
 144.0     6.45669E+02     4.26878E+02     2.18791E+02
 146.0     6.46490E+02     4.27071E+02     2.19419E+02
 148.0     6.47285E+02     4.27256E+02     2.20029E+02
 150.0     6.48050E+02     4.27431E+02     2.20619E+02
 152.0     6.48781E+02     4.27596E+02     2.21185E+02
 154.0     6.49477E+02     4.27751E+02     2.21726E+02
 156.0     6.50132E+02     4.27895E+02     2.22237E+02
 158.0     6.50747E+02     4.28029E+02     2.22718E+02
 160.0     6.51317E+02     4.28152E+02     2.23165E+02
 162.0     6.51840E+02     4.28264E+02     2.23576E+02
 164.0     6.52314E+02     4.28365E+02     2.23949E+02
 166.0     6.52737E+02     4.28454E+02     2.24283E+02
 168.0     6.53108E+02     4.28532E+02     2.24576E+02
 170.0     6.53424E+02     4.28598E+02     2.24826E+02
 172.0     6.53685E+02     4.28652E+02     2.25033E+02
 174.0     6.53888E+02     4.28694E+02     2.25194E+02
 176.0     6.54035E+02     4.28725E+02     2.25310E+02
 178.0     6.54123E+02     4.28743E+02     2.25380E+02
 180.0     6.54153E+02     4.28749E+02     2.25404E+02

 8b2. Inelastic angular distributions

 8c. Angular distributions for other reactions

 8c2. (n,g) angular distributions

    Level  0

 Angle      Total          Direct        Compound

   0.0    2.86469E-01    0.00000E+00    2.86469E-01
   2.0    2.86630E-01    0.00000E+00    2.86630E-01
   4.0    2.87115E-01    0.00000E+00    2.87115E-01
   6.0    2.87921E-01    0.00000E+00    2.87921E-01
   8.0    2.89043E-01    0.00000E+00    2.89043E-01
  10.0    2.90476E-01    0.00000E+00    2.90476E-01
  12.0    2.92214E-01    0.00000E+00    2.92214E-01
  14.0    2.94247E-01    0.00000E+00    2.94247E-01
  16.0    2.96567E-01    0.00000E+00    2.96567E-01
  18.0    2.99161E-01    0.00000E+00    2.99161E-01
  20.0    3.02016E-01    0.00000E+00    3.02016E-01
  22.0    3.05120E-01    0.00000E+00    3.05120E-01
  24.0    3.08457E-01    0.00000E+00    3.08457E-01
  26.0    3.12010E-01    0.00000E+00    3.12010E-01
  28.0    3.15763E-01    0.00000E+00    3.15763E-01
  30.0    3.19697E-01    0.00000E+00    3.19697E-01
  32.0    3.23792E-01    0.00000E+00    3.23792E-01
  34.0    3.28030E-01    0.00000E+00    3.28030E-01
  36.0    3.32389E-01    0.00000E+00    3.32389E-01
  38.0    3.36848E-01    0.00000E+00    3.36848E-01
  40.0    3.41385E-01    0.00000E+00    3.41385E-01
  42.0    3.45978E-01    0.00000E+00    3.45978E-01
  44.0    3.50606E-01    0.00000E+00    3.50606E-01
  46.0    3.55244E-01    0.00000E+00    3.55244E-01
  48.0    3.59872E-01    0.00000E+00    3.59872E-01
  50.0    3.64465E-01    0.00000E+00    3.64465E-01
  52.0    3.69002E-01    0.00000E+00    3.69002E-01
  54.0    3.73461E-01    0.00000E+00    3.73461E-01
  56.0    3.77820E-01    0.00000E+00    3.77820E-01
  58.0    3.82058E-01    0.00000E+00    3.82058E-01
  60.0    3.86153E-01    0.00000E+00    3.86153E-01
  62.0    3.90087E-01    0.00000E+00    3.90087E-01
  64.0    3.93840E-01    0.00000E+00    3.93840E-01
  66.0    3.97393E-01    0.00000E+00    3.97393E-01
  68.0    4.00730E-01    0.00000E+00    4.00730E-01
  70.0    4.03834E-01    0.00000E+00    4.03834E-01
  72.0    4.06689E-01    0.00000E+00    4.06689E-01
  74.0    4.09283E-01    0.00000E+00    4.09283E-01
  76.0    4.11602E-01    0.00000E+00    4.11602E-01
  78.0    4.13636E-01    0.00000E+00    4.13636E-01
  80.0    4.15374E-01    0.00000E+00    4.15374E-01
  82.0    4.16807E-01    0.00000E+00    4.16807E-01
  84.0    4.17929E-01    0.00000E+00    4.17929E-01
  86.0    4.18735E-01    0.00000E+00    4.18735E-01
  88.0    4.19219E-01    0.00000E+00    4.19219E-01
  90.0    4.19381E-01    0.00000E+00    4.19381E-01
  92.0    4.19219E-01    0.00000E+00    4.19219E-01
  94.0    4.18735E-01    0.00000E+00    4.18735E-01
  96.0    4.17929E-01    0.00000E+00    4.17929E-01
  98.0    4.16807E-01    0.00000E+00    4.16807E-01
 100.0    4.15374E-01    0.00000E+00    4.15374E-01
 102.0    4.13636E-01    0.00000E+00    4.13636E-01
 104.0    4.11602E-01    0.00000E+00    4.11602E-01
 106.0    4.09283E-01    0.00000E+00    4.09283E-01
 108.0    4.06689E-01    0.00000E+00    4.06689E-01
 110.0    4.03834E-01    0.00000E+00    4.03834E-01
 112.0    4.00730E-01    0.00000E+00    4.00730E-01
 114.0    3.97393E-01    0.00000E+00    3.97393E-01
 116.0    3.93840E-01    0.00000E+00    3.93840E-01
 118.0    3.90087E-01    0.00000E+00    3.90087E-01
 120.0    3.86153E-01    0.00000E+00    3.86153E-01
 122.0    3.82058E-01    0.00000E+00    3.82058E-01
 124.0    3.77820E-01    0.00000E+00    3.77820E-01
 126.0    3.73461E-01    0.00000E+00    3.73461E-01
 128.0    3.69002E-01    0.00000E+00    3.69002E-01
 130.0    3.64465E-01    0.00000E+00    3.64465E-01
 132.0    3.59872E-01    0.00000E+00    3.59872E-01
 134.0    3.55244E-01    0.00000E+00    3.55244E-01
 136.0    3.50606E-01    0.00000E+00    3.50606E-01
 138.0    3.45978E-01    0.00000E+00    3.45978E-01
 140.0    3.41385E-01    0.00000E+00    3.41385E-01
 142.0    3.36848E-01    0.00000E+00    3.36848E-01
 144.0    3.32389E-01    0.00000E+00    3.32389E-01
 146.0    3.28030E-01    0.00000E+00    3.28030E-01
 148.0    3.23792E-01    0.00000E+00    3.23792E-01
 150.0    3.19697E-01    0.00000E+00    3.19697E-01
 152.0    3.15763E-01    0.00000E+00    3.15763E-01
 154.0    3.12010E-01    0.00000E+00    3.12010E-01
 156.0    3.08457E-01    0.00000E+00    3.08457E-01
 158.0    3.05120E-01    0.00000E+00    3.05120E-01
 160.0    3.02016E-01    0.00000E+00    3.02016E-01
 162.0    2.99161E-01    0.00000E+00    2.99161E-01
 164.0    2.96567E-01    0.00000E+00    2.96567E-01
 166.0    2.94247E-01    0.00000E+00    2.94247E-01
 168.0    2.92214E-01    0.00000E+00    2.92214E-01
 170.0    2.90476E-01    0.00000E+00    2.90476E-01
 172.0    2.89043E-01    0.00000E+00    2.89043E-01
 174.0    2.87921E-01    0.00000E+00    2.87921E-01
 176.0    2.87115E-01    0.00000E+00    2.87115E-01
 178.0    2.86630E-01    0.00000E+00    2.86630E-01
 180.0    2.86469E-01    0.00000E+00    2.86469E-01

    Level  1

 Angle      Total          Direct        Compound

   0.0    1.92769E-01    0.00000E+00    1.92769E-01
   2.0    1.92850E-01    0.00000E+00    1.92850E-01
   4.0    1.93094E-01    0.00000E+00    1.93094E-01
   6.0    1.93498E-01    0.00000E+00    1.93498E-01
   8.0    1.94062E-01    0.00000E+00    1.94062E-01
  10.0    1.94782E-01    0.00000E+00    1.94782E-01
  12.0    1.95656E-01    0.00000E+00    1.95656E-01
  14.0    1.96677E-01    0.00000E+00    1.96677E-01
  16.0    1.97843E-01    0.00000E+00    1.97843E-01
  18.0    1.99146E-01    0.00000E+00    1.99146E-01
  20.0    2.00581E-01    0.00000E+00    2.00581E-01
  22.0    2.02141E-01    0.00000E+00    2.02141E-01
  24.0    2.03818E-01    0.00000E+00    2.03818E-01
  26.0    2.05603E-01    0.00000E+00    2.05603E-01
  28.0    2.07489E-01    0.00000E+00    2.07489E-01
  30.0    2.09466E-01    0.00000E+00    2.09466E-01
  32.0    2.11524E-01    0.00000E+00    2.11524E-01
  34.0    2.13653E-01    0.00000E+00    2.13653E-01
  36.0    2.15843E-01    0.00000E+00    2.15843E-01
  38.0    2.18084E-01    0.00000E+00    2.18084E-01
  40.0    2.20364E-01    0.00000E+00    2.20364E-01
  42.0    2.22672E-01    0.00000E+00    2.22672E-01
  44.0    2.24997E-01    0.00000E+00    2.24997E-01
  46.0    2.27328E-01    0.00000E+00    2.27328E-01
  48.0    2.29653E-01    0.00000E+00    2.29653E-01
  50.0    2.31961E-01    0.00000E+00    2.31961E-01
  52.0    2.34241E-01    0.00000E+00    2.34241E-01
  54.0    2.36482E-01    0.00000E+00    2.36482E-01
  56.0    2.38672E-01    0.00000E+00    2.38672E-01
  58.0    2.40801E-01    0.00000E+00    2.40801E-01
  60.0    2.42859E-01    0.00000E+00    2.42859E-01
  62.0    2.44836E-01    0.00000E+00    2.44836E-01
  64.0    2.46722E-01    0.00000E+00    2.46722E-01
  66.0    2.48507E-01    0.00000E+00    2.48507E-01
  68.0    2.50184E-01    0.00000E+00    2.50184E-01
  70.0    2.51744E-01    0.00000E+00    2.51744E-01
  72.0    2.53179E-01    0.00000E+00    2.53179E-01
  74.0    2.54482E-01    0.00000E+00    2.54482E-01
  76.0    2.55648E-01    0.00000E+00    2.55648E-01
  78.0    2.56669E-01    0.00000E+00    2.56669E-01
  80.0    2.57542E-01    0.00000E+00    2.57542E-01
  82.0    2.58263E-01    0.00000E+00    2.58263E-01
  84.0    2.58827E-01    0.00000E+00    2.58827E-01
  86.0    2.59231E-01    0.00000E+00    2.59231E-01
  88.0    2.59475E-01    0.00000E+00    2.59475E-01
  90.0    2.59556E-01    0.00000E+00    2.59556E-01
  92.0    2.59475E-01    0.00000E+00    2.59475E-01
  94.0    2.59231E-01    0.00000E+00    2.59231E-01
  96.0    2.58827E-01    0.00000E+00    2.58827E-01
  98.0    2.58263E-01    0.00000E+00    2.58263E-01
 100.0    2.57542E-01    0.00000E+00    2.57542E-01
 102.0    2.56669E-01    0.00000E+00    2.56669E-01
 104.0    2.55648E-01    0.00000E+00    2.55648E-01
 106.0    2.54482E-01    0.00000E+00    2.54482E-01
 108.0    2.53179E-01    0.00000E+00    2.53179E-01
 110.0    2.51744E-01    0.00000E+00    2.51744E-01
 112.0    2.50184E-01    0.00000E+00    2.50184E-01
 114.0    2.48507E-01    0.00000E+00    2.48507E-01
 116.0    2.46722E-01    0.00000E+00    2.46722E-01
 118.0    2.44836E-01    0.00000E+00    2.44836E-01
 120.0    2.42859E-01    0.00000E+00    2.42859E-01
 122.0    2.40801E-01    0.00000E+00    2.40801E-01
 124.0    2.38672E-01    0.00000E+00    2.38672E-01
 126.0    2.36482E-01    0.00000E+00    2.36482E-01
 128.0    2.34241E-01    0.00000E+00    2.34241E-01
 130.0    2.31961E-01    0.00000E+00    2.31961E-01
 132.0    2.29653E-01    0.00000E+00    2.29653E-01
 134.0    2.27328E-01    0.00000E+00    2.27328E-01
 136.0    2.24997E-01    0.00000E+00    2.24997E-01
 138.0    2.22672E-01    0.00000E+00    2.22672E-01
 140.0    2.20364E-01    0.00000E+00    2.20364E-01
 142.0    2.18084E-01    0.00000E+00    2.18084E-01
 144.0    2.15843E-01    0.00000E+00    2.15843E-01
 146.0    2.13653E-01    0.00000E+00    2.13653E-01
 148.0    2.11524E-01    0.00000E+00    2.11524E-01
 150.0    2.09466E-01    0.00000E+00    2.09466E-01
 152.0    2.07489E-01    0.00000E+00    2.07489E-01
 154.0    2.05603E-01    0.00000E+00    2.05603E-01
 156.0    2.03818E-01    0.00000E+00    2.03818E-01
 158.0    2.02141E-01    0.00000E+00    2.02141E-01
 160.0    2.00581E-01    0.00000E+00    2.00581E-01
 162.0    1.99146E-01    0.00000E+00    1.99146E-01
 164.0    1.97843E-01    0.00000E+00    1.97843E-01
 166.0    1.96677E-01    0.00000E+00    1.96677E-01
 168.0    1.95656E-01    0.00000E+00    1.95656E-01
 170.0    1.94782E-01    0.00000E+00    1.94782E-01
 172.0    1.94062E-01    0.00000E+00    1.94062E-01
 174.0    1.93498E-01    0.00000E+00    1.93498E-01
 176.0    1.93094E-01    0.00000E+00    1.93094E-01
 178.0    1.92850E-01    0.00000E+00    1.92850E-01
 180.0    1.92769E-01    0.00000E+00    1.92769E-01

    Level  2

 Angle      Total          Direct        Compound

   0.0    4.68144E-01    0.00000E+00    4.68144E-01
   2.0    4.68096E-01    0.00000E+00    4.68096E-01
   4.0    4.67954E-01    0.00000E+00    4.67954E-01
   6.0    4.67717E-01    0.00000E+00    4.67717E-01
   8.0    4.67387E-01    0.00000E+00    4.67387E-01
  10.0    4.66965E-01    0.00000E+00    4.66965E-01
  12.0    4.66454E-01    0.00000E+00    4.66454E-01
  14.0    4.65856E-01    0.00000E+00    4.65856E-01
  16.0    4.65174E-01    0.00000E+00    4.65174E-01
  18.0    4.64411E-01    0.00000E+00    4.64411E-01
  20.0    4.63571E-01    0.00000E+00    4.63571E-01
  22.0    4.62658E-01    0.00000E+00    4.62658E-01
  24.0    4.61676E-01    0.00000E+00    4.61676E-01
  26.0    4.60631E-01    0.00000E+00    4.60631E-01
  28.0    4.59528E-01    0.00000E+00    4.59528E-01
  30.0    4.58371E-01    0.00000E+00    4.58371E-01
  32.0    4.57166E-01    0.00000E+00    4.57166E-01
  34.0    4.55920E-01    0.00000E+00    4.55920E-01
  36.0    4.54637E-01    0.00000E+00    4.54637E-01
  38.0    4.53326E-01    0.00000E+00    4.53326E-01
  40.0    4.51991E-01    0.00000E+00    4.51991E-01
  42.0    4.50640E-01    0.00000E+00    4.50640E-01
  44.0    4.49279E-01    0.00000E+00    4.49279E-01
  46.0    4.47915E-01    0.00000E+00    4.47915E-01
  48.0    4.46554E-01    0.00000E+00    4.46554E-01
  50.0    4.45203E-01    0.00000E+00    4.45203E-01
  52.0    4.43868E-01    0.00000E+00    4.43868E-01
  54.0    4.42557E-01    0.00000E+00    4.42557E-01
  56.0    4.41275E-01    0.00000E+00    4.41275E-01
  58.0    4.40028E-01    0.00000E+00    4.40028E-01
  60.0    4.38824E-01    0.00000E+00    4.38824E-01
  62.0    4.37667E-01    0.00000E+00    4.37667E-01
  64.0    4.36563E-01    0.00000E+00    4.36563E-01
  66.0    4.35518E-01    0.00000E+00    4.35518E-01
  68.0    4.34536E-01    0.00000E+00    4.34536E-01
  70.0    4.33623E-01    0.00000E+00    4.33623E-01
  72.0    4.32783E-01    0.00000E+00    4.32783E-01
  74.0    4.32021E-01    0.00000E+00    4.32021E-01
  76.0    4.31338E-01    0.00000E+00    4.31338E-01
  78.0    4.30740E-01    0.00000E+00    4.30740E-01
  80.0    4.30229E-01    0.00000E+00    4.30229E-01
  82.0    4.29808E-01    0.00000E+00    4.29808E-01
  84.0    4.29478E-01    0.00000E+00    4.29478E-01
  86.0    4.29241E-01    0.00000E+00    4.29241E-01
  88.0    4.29098E-01    0.00000E+00    4.29098E-01
  90.0    4.29050E-01    0.00000E+00    4.29050E-01
  92.0    4.29098E-01    0.00000E+00    4.29098E-01
  94.0    4.29241E-01    0.00000E+00    4.29241E-01
  96.0    4.29478E-01    0.00000E+00    4.29478E-01
  98.0    4.29808E-01    0.00000E+00    4.29808E-01
 100.0    4.30229E-01    0.00000E+00    4.30229E-01
 102.0    4.30740E-01    0.00000E+00    4.30740E-01
 104.0    4.31338E-01    0.00000E+00    4.31338E-01
 106.0    4.32021E-01    0.00000E+00    4.32021E-01
 108.0    4.32783E-01    0.00000E+00    4.32783E-01
 110.0    4.33623E-01    0.00000E+00    4.33623E-01
 112.0    4.34536E-01    0.00000E+00    4.34536E-01
 114.0    4.35518E-01    0.00000E+00    4.35518E-01
 116.0    4.36563E-01    0.00000E+00    4.36563E-01
 118.0    4.37667E-01    0.00000E+00    4.37667E-01
 120.0    4.38824E-01    0.00000E+00    4.38824E-01
 122.0    4.40028E-01    0.00000E+00    4.40028E-01
 124.0    4.41275E-01    0.00000E+00    4.41275E-01
 126.0    4.42557E-01    0.00000E+00    4.42557E-01
 128.0    4.43868E-01    0.00000E+00    4.43868E-01
 130.0    4.45203E-01    0.00000E+00    4.45203E-01
 132.0    4.46554E-01    0.00000E+00    4.46554E-01
 134.0    4.47915E-01    0.00000E+00    4.47915E-01
 136.0    4.49279E-01    0.00000E+00    4.49279E-01
 138.0    4.50640E-01    0.00000E+00    4.50640E-01
 140.0    4.51991E-01    0.00000E+00    4.51991E-01
 142.0    4.53326E-01    0.00000E+00    4.53326E-01
 144.0    4.54637E-01    0.00000E+00    4.54637E-01
 146.0    4.55920E-01    0.00000E+00    4.55920E-01
 148.0    4.57166E-01    0.00000E+00    4.57166E-01
 150.0    4.58371E-01    0.00000E+00    4.58371E-01
 152.0    4.59528E-01    0.00000E+00    4.59528E-01
 154.0    4.60631E-01    0.00000E+00    4.60631E-01
 156.0    4.61677E-01    0.00000E+00    4.61677E-01
 158.0    4.62658E-01    0.00000E+00    4.62658E-01
 160.0    4.63571E-01    0.00000E+00    4.63571E-01
 162.0    4.64411E-01    0.00000E+00    4.64411E-01
 164.0    4.65174E-01    0.00000E+00    4.65174E-01
 166.0    4.65856E-01    0.00000E+00    4.65856E-01
 168.0    4.66454E-01    0.00000E+00    4.66454E-01
 170.0    4.66965E-01    0.00000E+00    4.66965E-01
 172.0    4.67387E-01    0.00000E+00    4.67387E-01
 174.0    4.67717E-01    0.00000E+00    4.67717E-01
 176.0    4.67954E-01    0.00000E+00    4.67954E-01
 178.0    4.68096E-01    0.00000E+00    4.68096E-01
 180.0    4.68144E-01    0.00000E+00    4.68144E-01

    Level  3

 Angle      Total          Direct        Compound

   0.0    1.78522E-01    0.00000E+00    1.78522E-01
   2.0    1.78467E-01    0.00000E+00    1.78467E-01
   4.0    1.78305E-01    0.00000E+00    1.78305E-01
   6.0    1.78035E-01    0.00000E+00    1.78035E-01
   8.0    1.77660E-01    0.00000E+00    1.77660E-01
  10.0    1.77180E-01    0.00000E+00    1.77180E-01
  12.0    1.76598E-01    0.00000E+00    1.76598E-01
  14.0    1.75917E-01    0.00000E+00    1.75917E-01
  16.0    1.75141E-01    0.00000E+00    1.75141E-01
  18.0    1.74272E-01    0.00000E+00    1.74272E-01
  20.0    1.73316E-01    0.00000E+00    1.73316E-01
  22.0    1.72277E-01    0.00000E+00    1.72277E-01
  24.0    1.71160E-01    0.00000E+00    1.71160E-01
  26.0    1.69970E-01    0.00000E+00    1.69970E-01
  28.0    1.68713E-01    0.00000E+00    1.68713E-01
  30.0    1.67396E-01    0.00000E+00    1.67396E-01
  32.0    1.66025E-01    0.00000E+00    1.66025E-01
  34.0    1.64606E-01    0.00000E+00    1.64606E-01
  36.0    1.63147E-01    0.00000E+00    1.63147E-01
  38.0    1.61654E-01    0.00000E+00    1.61654E-01
  40.0    1.60135E-01    0.00000E+00    1.60135E-01
  42.0    1.58597E-01    0.00000E+00    1.58597E-01
  44.0    1.57048E-01    0.00000E+00    1.57048E-01
  46.0    1.55495E-01    0.00000E+00    1.55495E-01
  48.0    1.53946E-01    0.00000E+00    1.53946E-01
  50.0    1.52408E-01    0.00000E+00    1.52408E-01
  52.0    1.50889E-01    0.00000E+00    1.50889E-01
  54.0    1.49396E-01    0.00000E+00    1.49396E-01
  56.0    1.47936E-01    0.00000E+00    1.47936E-01
  58.0    1.46518E-01    0.00000E+00    1.46518E-01
  60.0    1.45146E-01    0.00000E+00    1.45146E-01
  62.0    1.43829E-01    0.00000E+00    1.43829E-01
  64.0    1.42573E-01    0.00000E+00    1.42573E-01
  66.0    1.41383E-01    0.00000E+00    1.41383E-01
  68.0    1.40266E-01    0.00000E+00    1.40266E-01
  70.0    1.39227E-01    0.00000E+00    1.39227E-01
  72.0    1.38271E-01    0.00000E+00    1.38271E-01
  74.0    1.37402E-01    0.00000E+00    1.37402E-01
  76.0    1.36626E-01    0.00000E+00    1.36626E-01
  78.0    1.35945E-01    0.00000E+00    1.35945E-01
  80.0    1.35363E-01    0.00000E+00    1.35363E-01
  82.0    1.34883E-01    0.00000E+00    1.34883E-01
  84.0    1.34507E-01    0.00000E+00    1.34507E-01
  86.0    1.34238E-01    0.00000E+00    1.34238E-01
  88.0    1.34075E-01    0.00000E+00    1.34075E-01
  90.0    1.34021E-01    0.00000E+00    1.34021E-01
  92.0    1.34075E-01    0.00000E+00    1.34075E-01
  94.0    1.34238E-01    0.00000E+00    1.34238E-01
  96.0    1.34507E-01    0.00000E+00    1.34507E-01
  98.0    1.34883E-01    0.00000E+00    1.34883E-01
 100.0    1.35363E-01    0.00000E+00    1.35363E-01
 102.0    1.35945E-01    0.00000E+00    1.35945E-01
 104.0    1.36626E-01    0.00000E+00    1.36626E-01
 106.0    1.37402E-01    0.00000E+00    1.37402E-01
 108.0    1.38271E-01    0.00000E+00    1.38271E-01
 110.0    1.39227E-01    0.00000E+00    1.39227E-01
 112.0    1.40266E-01    0.00000E+00    1.40266E-01
 114.0    1.41383E-01    0.00000E+00    1.41383E-01
 116.0    1.42573E-01    0.00000E+00    1.42573E-01
 118.0    1.43829E-01    0.00000E+00    1.43829E-01
 120.0    1.45146E-01    0.00000E+00    1.45146E-01
 122.0    1.46518E-01    0.00000E+00    1.46518E-01
 124.0    1.47936E-01    0.00000E+00    1.47936E-01
 126.0    1.49396E-01    0.00000E+00    1.49396E-01
 128.0    1.50889E-01    0.00000E+00    1.50889E-01
 130.0    1.52408E-01    0.00000E+00    1.52408E-01
 132.0    1.53946E-01    0.00000E+00    1.53946E-01
 134.0    1.55495E-01    0.00000E+00    1.55495E-01
 136.0    1.57048E-01    0.00000E+00    1.57048E-01
 138.0    1.58597E-01    0.00000E+00    1.58597E-01
 140.0    1.60135E-01    0.00000E+00    1.60135E-01
 142.0    1.61654E-01    0.00000E+00    1.61654E-01
 144.0    1.63147E-01    0.00000E+00    1.63147E-01
 146.0    1.64606E-01    0.00000E+00    1.64606E-01
 148.0    1.66025E-01    0.00000E+00    1.66025E-01
 150.0    1.67396E-01    0.00000E+00    1.67396E-01
 152.0    1.68713E-01    0.00000E+00    1.68713E-01
 154.0    1.69970E-01    0.00000E+00    1.69970E-01
 156.0    1.71160E-01    0.00000E+00    1.71160E-01
 158.0    1.72277E-01    0.00000E+00    1.72277E-01
 160.0    1.73316E-01    0.00000E+00    1.73316E-01
 162.0    1.74272E-01    0.00000E+00    1.74272E-01
 164.0    1.75141E-01    0.00000E+00    1.75141E-01
 166.0    1.75917E-01    0.00000E+00    1.75917E-01
 168.0    1.76598E-01    0.00000E+00    1.76598E-01
 170.0    1.77180E-01    0.00000E+00    1.77180E-01
 172.0    1.77660E-01    0.00000E+00    1.77660E-01
 174.0    1.78035E-01    0.00000E+00    1.78035E-01
 176.0    1.78305E-01    0.00000E+00    1.78305E-01
 178.0    1.78467E-01    0.00000E+00    1.78467E-01
 180.0    1.78522E-01    0.00000E+00    1.78522E-01

    Level  4

 Angle      Total          Direct        Compound

   0.0    5.57531E-01    0.00000E+00    5.57531E-01
   2.0    5.57427E-01    0.00000E+00    5.57427E-01
   4.0    5.57114E-01    0.00000E+00    5.57114E-01
   6.0    5.56596E-01    0.00000E+00    5.56596E-01
   8.0    5.55873E-01    0.00000E+00    5.55873E-01
  10.0    5.54950E-01    0.00000E+00    5.54950E-01
  12.0    5.53831E-01    0.00000E+00    5.53831E-01
  14.0    5.52521E-01    0.00000E+00    5.52521E-01
  16.0    5.51027E-01    0.00000E+00    5.51027E-01
  18.0    5.49357E-01    0.00000E+00    5.49357E-01
  20.0    5.47517E-01    0.00000E+00    5.47517E-01
  22.0    5.45518E-01    0.00000E+00    5.45518E-01
  24.0    5.43369E-01    0.00000E+00    5.43369E-01
  26.0    5.41081E-01    0.00000E+00    5.41081E-01
  28.0    5.38664E-01    0.00000E+00    5.38664E-01
  30.0    5.36130E-01    0.00000E+00    5.36130E-01
  32.0    5.33492E-01    0.00000E+00    5.33492E-01
  34.0    5.30763E-01    0.00000E+00    5.30763E-01
  36.0    5.27956E-01    0.00000E+00    5.27956E-01
  38.0    5.25084E-01    0.00000E+00    5.25084E-01
  40.0    5.22161E-01    0.00000E+00    5.22161E-01
  42.0    5.19203E-01    0.00000E+00    5.19203E-01
  44.0    5.16223E-01    0.00000E+00    5.16223E-01
  46.0    5.13235E-01    0.00000E+00    5.13235E-01
  48.0    5.10255E-01    0.00000E+00    5.10255E-01
  50.0    5.07297E-01    0.00000E+00    5.07297E-01
  52.0    5.04374E-01    0.00000E+00    5.04374E-01
  54.0    5.01503E-01    0.00000E+00    5.01503E-01
  56.0    4.98695E-01    0.00000E+00    4.98695E-01
  58.0    4.95966E-01    0.00000E+00    4.95966E-01
  60.0    4.93328E-01    0.00000E+00    4.93328E-01
  62.0    4.90794E-01    0.00000E+00    4.90794E-01
  64.0    4.88378E-01    0.00000E+00    4.88378E-01
  66.0    4.86089E-01    0.00000E+00    4.86089E-01
  68.0    4.83940E-01    0.00000E+00    4.83940E-01
  70.0    4.81941E-01    0.00000E+00    4.81941E-01
  72.0    4.80101E-01    0.00000E+00    4.80101E-01
  74.0    4.78431E-01    0.00000E+00    4.78431E-01
  76.0    4.76937E-01    0.00000E+00    4.76937E-01
  78.0    4.75627E-01    0.00000E+00    4.75627E-01
  80.0    4.74508E-01    0.00000E+00    4.74508E-01
  82.0    4.73585E-01    0.00000E+00    4.73585E-01
  84.0    4.72862E-01    0.00000E+00    4.72862E-01
  86.0    4.72344E-01    0.00000E+00    4.72344E-01
  88.0    4.72031E-01    0.00000E+00    4.72031E-01
  90.0    4.71927E-01    0.00000E+00    4.71927E-01
  92.0    4.72031E-01    0.00000E+00    4.72031E-01
  94.0    4.72344E-01    0.00000E+00    4.72344E-01
  96.0    4.72862E-01    0.00000E+00    4.72862E-01
  98.0    4.73585E-01    0.00000E+00    4.73585E-01
 100.0    4.74508E-01    0.00000E+00    4.74508E-01
 102.0    4.75627E-01    0.00000E+00    4.75627E-01
 104.0    4.76937E-01    0.00000E+00    4.76937E-01
 106.0    4.78431E-01    0.00000E+00    4.78431E-01
 108.0    4.80101E-01    0.00000E+00    4.80101E-01
 110.0    4.81941E-01    0.00000E+00    4.81941E-01
 112.0    4.83940E-01    0.00000E+00    4.83940E-01
 114.0    4.86089E-01    0.00000E+00    4.86089E-01
 116.0    4.88378E-01    0.00000E+00    4.88378E-01
 118.0    4.90794E-01    0.00000E+00    4.90794E-01
 120.0    4.93328E-01    0.00000E+00    4.93328E-01
 122.0    4.95966E-01    0.00000E+00    4.95966E-01
 124.0    4.98695E-01    0.00000E+00    4.98695E-01
 126.0    5.01502E-01    0.00000E+00    5.01502E-01
 128.0    5.04374E-01    0.00000E+00    5.04374E-01
 130.0    5.07297E-01    0.00000E+00    5.07297E-01
 132.0    5.10255E-01    0.00000E+00    5.10255E-01
 134.0    5.13235E-01    0.00000E+00    5.13235E-01
 136.0    5.16223E-01    0.00000E+00    5.16223E-01
 138.0    5.19203E-01    0.00000E+00    5.19203E-01
 140.0    5.22161E-01    0.00000E+00    5.22161E-01
 142.0    5.25084E-01    0.00000E+00    5.25084E-01
 144.0    5.27956E-01    0.00000E+00    5.27956E-01
 146.0    5.30763E-01    0.00000E+00    5.30763E-01
 148.0    5.33492E-01    0.00000E+00    5.33492E-01
 150.0    5.36130E-01    0.00000E+00    5.36130E-01
 152.0    5.38664E-01    0.00000E+00    5.38664E-01
 154.0    5.41081E-01    0.00000E+00    5.41081E-01
 156.0    5.43369E-01    0.00000E+00    5.43369E-01
 158.0    5.45518E-01    0.00000E+00    5.45518E-01
 160.0    5.47517E-01    0.00000E+00    5.47517E-01
 162.0    5.49357E-01    0.00000E+00    5.49357E-01
 164.0    5.51027E-01    0.00000E+00    5.51027E-01
 166.0    5.52521E-01    0.00000E+00    5.52521E-01
 168.0    5.53831E-01    0.00000E+00    5.53831E-01
 170.0    5.54950E-01    0.00000E+00    5.54950E-01
 172.0    5.55873E-01    0.00000E+00    5.55873E-01
 174.0    5.56596E-01    0.00000E+00    5.56596E-01
 176.0    5.57114E-01    0.00000E+00    5.57114E-01
 178.0    5.57427E-01    0.00000E+00    5.57427E-01
 180.0    5.57531E-01    0.00000E+00    5.57531E-01

    Level  5

 Angle      Total          Direct        Compound

   0.0    2.16601E-02    0.00000E+00    2.16601E-02
   2.0    2.16537E-02    0.00000E+00    2.16537E-02
   4.0    2.16346E-02    0.00000E+00    2.16346E-02
   6.0    2.16028E-02    0.00000E+00    2.16028E-02
   8.0    2.15585E-02    0.00000E+00    2.15585E-02
  10.0    2.15020E-02    0.00000E+00    2.15020E-02
  12.0    2.14334E-02    0.00000E+00    2.14334E-02
  14.0    2.13532E-02    0.00000E+00    2.13532E-02
  16.0    2.12617E-02    0.00000E+00    2.12617E-02
  18.0    2.11594E-02    0.00000E+00    2.11594E-02
  20.0    2.10468E-02    0.00000E+00    2.10468E-02
  22.0    2.09244E-02    0.00000E+00    2.09244E-02
  24.0    2.07927E-02    0.00000E+00    2.07927E-02
  26.0    2.06526E-02    0.00000E+00    2.06526E-02
  28.0    2.05045E-02    0.00000E+00    2.05045E-02
  30.0    2.03494E-02    0.00000E+00    2.03494E-02
  32.0    2.01878E-02    0.00000E+00    2.01878E-02
  34.0    2.00207E-02    0.00000E+00    2.00207E-02
  36.0    1.98487E-02    0.00000E+00    1.98487E-02
  38.0    1.96728E-02    0.00000E+00    1.96728E-02
  40.0    1.94939E-02    0.00000E+00    1.94939E-02
  42.0    1.93127E-02    0.00000E+00    1.93127E-02
  44.0    1.91302E-02    0.00000E+00    1.91302E-02
  46.0    1.89472E-02    0.00000E+00    1.89472E-02
  48.0    1.87647E-02    0.00000E+00    1.87647E-02
  50.0    1.85835E-02    0.00000E+00    1.85835E-02
  52.0    1.84045E-02    0.00000E+00    1.84045E-02
  54.0    1.82286E-02    0.00000E+00    1.82286E-02
  56.0    1.80567E-02    0.00000E+00    1.80567E-02
  58.0    1.78895E-02    0.00000E+00    1.78895E-02
  60.0    1.77280E-02    0.00000E+00    1.77280E-02
  62.0    1.75728E-02    0.00000E+00    1.75728E-02
  64.0    1.74248E-02    0.00000E+00    1.74248E-02
  66.0    1.72846E-02    0.00000E+00    1.72846E-02
  68.0    1.71530E-02    0.00000E+00    1.71530E-02
  70.0    1.70305E-02    0.00000E+00    1.70305E-02
  72.0    1.69179E-02    0.00000E+00    1.69179E-02
  74.0    1.68156E-02    0.00000E+00    1.68156E-02
  76.0    1.67241E-02    0.00000E+00    1.67241E-02
  78.0    1.66439E-02    0.00000E+00    1.66439E-02
  80.0    1.65753E-02    0.00000E+00    1.65753E-02
  82.0    1.65188E-02    0.00000E+00    1.65188E-02
  84.0    1.64745E-02    0.00000E+00    1.64745E-02
  86.0    1.64428E-02    0.00000E+00    1.64428E-02
  88.0    1.64236E-02    0.00000E+00    1.64236E-02
  90.0    1.64173E-02    0.00000E+00    1.64173E-02
  92.0    1.64236E-02    0.00000E+00    1.64236E-02
  94.0    1.64428E-02    0.00000E+00    1.64428E-02
  96.0    1.64745E-02    0.00000E+00    1.64745E-02
  98.0    1.65188E-02    0.00000E+00    1.65188E-02
 100.0    1.65753E-02    0.00000E+00    1.65753E-02
 102.0    1.66439E-02    0.00000E+00    1.66439E-02
 104.0    1.67241E-02    0.00000E+00    1.67241E-02
 106.0    1.68156E-02    0.00000E+00    1.68156E-02
 108.0    1.69179E-02    0.00000E+00    1.69179E-02
 110.0    1.70305E-02    0.00000E+00    1.70305E-02
 112.0    1.71530E-02    0.00000E+00    1.71530E-02
 114.0    1.72846E-02    0.00000E+00    1.72846E-02
 116.0    1.74248E-02    0.00000E+00    1.74248E-02
 118.0    1.75728E-02    0.00000E+00    1.75728E-02
 120.0    1.77280E-02    0.00000E+00    1.77280E-02
 122.0    1.78895E-02    0.00000E+00    1.78895E-02
 124.0    1.80567E-02    0.00000E+00    1.80567E-02
 126.0    1.82286E-02    0.00000E+00    1.82286E-02
 128.0    1.84045E-02    0.00000E+00    1.84045E-02
 130.0    1.85835E-02    0.00000E+00    1.85835E-02
 132.0    1.87647E-02    0.00000E+00    1.87647E-02
 134.0    1.89472E-02    0.00000E+00    1.89472E-02
 136.0    1.91301E-02    0.00000E+00    1.91301E-02
 138.0    1.93127E-02    0.00000E+00    1.93127E-02
 140.0    1.94939E-02    0.00000E+00    1.94939E-02
 142.0    1.96728E-02    0.00000E+00    1.96728E-02
 144.0    1.98487E-02    0.00000E+00    1.98487E-02
 146.0    2.00207E-02    0.00000E+00    2.00207E-02
 148.0    2.01878E-02    0.00000E+00    2.01878E-02
 150.0    2.03494E-02    0.00000E+00    2.03494E-02
 152.0    2.05045E-02    0.00000E+00    2.05045E-02
 154.0    2.06526E-02    0.00000E+00    2.06526E-02
 156.0    2.07927E-02    0.00000E+00    2.07927E-02
 158.0    2.09243E-02    0.00000E+00    2.09243E-02
 160.0    2.10468E-02    0.00000E+00    2.10468E-02
 162.0    2.11594E-02    0.00000E+00    2.11594E-02
 164.0    2.12617E-02    0.00000E+00    2.12617E-02
 166.0    2.13532E-02    0.00000E+00    2.13532E-02
 168.0    2.14334E-02    0.00000E+00    2.14334E-02
 170.0    2.15020E-02    0.00000E+00    2.15020E-02
 172.0    2.15585E-02    0.00000E+00    2.15585E-02
 174.0    2.16028E-02    0.00000E+00    2.16028E-02
 176.0    2.16346E-02    0.00000E+00    2.16346E-02
 178.0    2.16537E-02    0.00000E+00    2.16537E-02
 180.0    2.16601E-02    0.00000E+00    2.16601E-02

    Level  6

 Angle      Total          Direct        Compound

   0.0    1.88434E-02    0.00000E+00    1.88434E-02
   2.0    1.88379E-02    0.00000E+00    1.88379E-02
   4.0    1.88213E-02    0.00000E+00    1.88213E-02
   6.0    1.87936E-02    0.00000E+00    1.87936E-02
   8.0    1.87552E-02    0.00000E+00    1.87552E-02
  10.0    1.87060E-02    0.00000E+00    1.87060E-02
  12.0    1.86464E-02    0.00000E+00    1.86464E-02
  14.0    1.85767E-02    0.00000E+00    1.85767E-02
  16.0    1.84971E-02    0.00000E+00    1.84971E-02
  18.0    1.84082E-02    0.00000E+00    1.84082E-02
  20.0    1.83102E-02    0.00000E+00    1.83102E-02
  22.0    1.82038E-02    0.00000E+00    1.82038E-02
  24.0    1.80893E-02    0.00000E+00    1.80893E-02
  26.0    1.79675E-02    0.00000E+00    1.79675E-02
  28.0    1.78388E-02    0.00000E+00    1.78388E-02
  30.0    1.77039E-02    0.00000E+00    1.77039E-02
  32.0    1.75634E-02    0.00000E+00    1.75634E-02
  34.0    1.74181E-02    0.00000E+00    1.74181E-02
  36.0    1.72686E-02    0.00000E+00    1.72686E-02
  38.0    1.71157E-02    0.00000E+00    1.71157E-02
  40.0    1.69601E-02    0.00000E+00    1.69601E-02
  42.0    1.68025E-02    0.00000E+00    1.68025E-02
  44.0    1.66438E-02    0.00000E+00    1.66438E-02
  46.0    1.64847E-02    0.00000E+00    1.64847E-02
  48.0    1.63260E-02    0.00000E+00    1.63260E-02
  50.0    1.61685E-02    0.00000E+00    1.61685E-02
  52.0    1.60129E-02    0.00000E+00    1.60129E-02
  54.0    1.58600E-02    0.00000E+00    1.58600E-02
  56.0    1.57105E-02    0.00000E+00    1.57105E-02
  58.0    1.55652E-02    0.00000E+00    1.55652E-02
  60.0    1.54247E-02    0.00000E+00    1.54247E-02
  62.0    1.52898E-02    0.00000E+00    1.52898E-02
  64.0    1.51611E-02    0.00000E+00    1.51611E-02
  66.0    1.50392E-02    0.00000E+00    1.50392E-02
  68.0    1.49248E-02    0.00000E+00    1.49248E-02
  70.0    1.48184E-02    0.00000E+00    1.48184E-02
  72.0    1.47204E-02    0.00000E+00    1.47204E-02
  74.0    1.46315E-02    0.00000E+00    1.46315E-02
  76.0    1.45519E-02    0.00000E+00    1.45519E-02
  78.0    1.44822E-02    0.00000E+00    1.44822E-02
  80.0    1.44226E-02    0.00000E+00    1.44226E-02
  82.0    1.43734E-02    0.00000E+00    1.43734E-02
  84.0    1.43349E-02    0.00000E+00    1.43349E-02
  86.0    1.43073E-02    0.00000E+00    1.43073E-02
  88.0    1.42907E-02    0.00000E+00    1.42907E-02
  90.0    1.42851E-02    0.00000E+00    1.42851E-02
  92.0    1.42907E-02    0.00000E+00    1.42907E-02
  94.0    1.43073E-02    0.00000E+00    1.43073E-02
  96.0    1.43349E-02    0.00000E+00    1.43349E-02
  98.0    1.43734E-02    0.00000E+00    1.43734E-02
 100.0    1.44226E-02    0.00000E+00    1.44226E-02
 102.0    1.44822E-02    0.00000E+00    1.44822E-02
 104.0    1.45519E-02    0.00000E+00    1.45519E-02
 106.0    1.46315E-02    0.00000E+00    1.46315E-02
 108.0    1.47204E-02    0.00000E+00    1.47204E-02
 110.0    1.48184E-02    0.00000E+00    1.48184E-02
 112.0    1.49248E-02    0.00000E+00    1.49248E-02
 114.0    1.50392E-02    0.00000E+00    1.50392E-02
 116.0    1.51611E-02    0.00000E+00    1.51611E-02
 118.0    1.52898E-02    0.00000E+00    1.52898E-02
 120.0    1.54247E-02    0.00000E+00    1.54247E-02
 122.0    1.55652E-02    0.00000E+00    1.55652E-02
 124.0    1.57105E-02    0.00000E+00    1.57105E-02
 126.0    1.58600E-02    0.00000E+00    1.58600E-02
 128.0    1.60129E-02    0.00000E+00    1.60129E-02
 130.0    1.61685E-02    0.00000E+00    1.61685E-02
 132.0    1.63260E-02    0.00000E+00    1.63260E-02
 134.0    1.64847E-02    0.00000E+00    1.64847E-02
 136.0    1.66438E-02    0.00000E+00    1.66438E-02
 138.0    1.68025E-02    0.00000E+00    1.68025E-02
 140.0    1.69601E-02    0.00000E+00    1.69601E-02
 142.0    1.71157E-02    0.00000E+00    1.71157E-02
 144.0    1.72686E-02    0.00000E+00    1.72686E-02
 146.0    1.74181E-02    0.00000E+00    1.74181E-02
 148.0    1.75634E-02    0.00000E+00    1.75634E-02
 150.0    1.77039E-02    0.00000E+00    1.77039E-02
 152.0    1.78388E-02    0.00000E+00    1.78388E-02
 154.0    1.79675E-02    0.00000E+00    1.79675E-02
 156.0    1.80893E-02    0.00000E+00    1.80893E-02
 158.0    1.82038E-02    0.00000E+00    1.82038E-02
 160.0    1.83102E-02    0.00000E+00    1.83102E-02
 162.0    1.84082E-02    0.00000E+00    1.84082E-02
 164.0    1.84971E-02    0.00000E+00    1.84971E-02
 166.0    1.85767E-02    0.00000E+00    1.85767E-02
 168.0    1.86464E-02    0.00000E+00    1.86464E-02
 170.0    1.87060E-02    0.00000E+00    1.87060E-02
 172.0    1.87552E-02    0.00000E+00    1.87552E-02
 174.0    1.87936E-02    0.00000E+00    1.87936E-02
 176.0    1.88213E-02    0.00000E+00    1.88213E-02
 178.0    1.88379E-02    0.00000E+00    1.88379E-02
 180.0    1.88434E-02    0.00000E+00    1.88434E-02

    Level  7

 Angle      Total          Direct        Compound

   0.0    3.83241E-01    0.00000E+00    3.83241E-01
   2.0    3.83202E-01    0.00000E+00    3.83202E-01
   4.0    3.83085E-01    0.00000E+00    3.83085E-01
   6.0    3.82890E-01    0.00000E+00    3.82890E-01
   8.0    3.82619E-01    0.00000E+00    3.82619E-01
  10.0    3.82273E-01    0.00000E+00    3.82273E-01
  12.0    3.81853E-01    0.00000E+00    3.81853E-01
  14.0    3.81361E-01    0.00000E+00    3.81361E-01
  16.0    3.80801E-01    0.00000E+00    3.80801E-01
  18.0    3.80174E-01    0.00000E+00    3.80174E-01
  20.0    3.79484E-01    0.00000E+00    3.79484E-01
  22.0    3.78734E-01    0.00000E+00    3.78734E-01
  24.0    3.77928E-01    0.00000E+00    3.77928E-01
  26.0    3.77069E-01    0.00000E+00    3.77069E-01
  28.0    3.76162E-01    0.00000E+00    3.76162E-01
  30.0    3.75212E-01    0.00000E+00    3.75212E-01
  32.0    3.74222E-01    0.00000E+00    3.74222E-01
  34.0    3.73198E-01    0.00000E+00    3.73198E-01
  36.0    3.72145E-01    0.00000E+00    3.72145E-01
  38.0    3.71068E-01    0.00000E+00    3.71068E-01
  40.0    3.69971E-01    0.00000E+00    3.69971E-01
  42.0    3.68861E-01    0.00000E+00    3.68861E-01
  44.0    3.67743E-01    0.00000E+00    3.67743E-01
  46.0    3.66622E-01    0.00000E+00    3.66622E-01
  48.0    3.65504E-01    0.00000E+00    3.65504E-01
  50.0    3.64394E-01    0.00000E+00    3.64394E-01
  52.0    3.63298E-01    0.00000E+00    3.63298E-01
  54.0    3.62220E-01    0.00000E+00    3.62220E-01
  56.0    3.61167E-01    0.00000E+00    3.61167E-01
  58.0    3.60143E-01    0.00000E+00    3.60143E-01
  60.0    3.59153E-01    0.00000E+00    3.59153E-01
  62.0    3.58203E-01    0.00000E+00    3.58203E-01
  64.0    3.57296E-01    0.00000E+00    3.57296E-01
  66.0    3.56437E-01    0.00000E+00    3.56437E-01
  68.0    3.55631E-01    0.00000E+00    3.55631E-01
  70.0    3.54881E-01    0.00000E+00    3.54881E-01
  72.0    3.54191E-01    0.00000E+00    3.54191E-01
  74.0    3.53564E-01    0.00000E+00    3.53564E-01
  76.0    3.53004E-01    0.00000E+00    3.53004E-01
  78.0    3.52512E-01    0.00000E+00    3.52512E-01
  80.0    3.52093E-01    0.00000E+00    3.52093E-01
  82.0    3.51746E-01    0.00000E+00    3.51746E-01
  84.0    3.51475E-01    0.00000E+00    3.51475E-01
  86.0    3.51280E-01    0.00000E+00    3.51280E-01
  88.0    3.51163E-01    0.00000E+00    3.51163E-01
  90.0    3.51124E-01    0.00000E+00    3.51124E-01
  92.0    3.51163E-01    0.00000E+00    3.51163E-01
  94.0    3.51280E-01    0.00000E+00    3.51280E-01
  96.0    3.51475E-01    0.00000E+00    3.51475E-01
  98.0    3.51746E-01    0.00000E+00    3.51746E-01
 100.0    3.52093E-01    0.00000E+00    3.52093E-01
 102.0    3.52512E-01    0.00000E+00    3.52512E-01
 104.0    3.53004E-01    0.00000E+00    3.53004E-01
 106.0    3.53564E-01    0.00000E+00    3.53564E-01
 108.0    3.54191E-01    0.00000E+00    3.54191E-01
 110.0    3.54881E-01    0.00000E+00    3.54881E-01
 112.0    3.55631E-01    0.00000E+00    3.55631E-01
 114.0    3.56437E-01    0.00000E+00    3.56437E-01
 116.0    3.57296E-01    0.00000E+00    3.57296E-01
 118.0    3.58203E-01    0.00000E+00    3.58203E-01
 120.0    3.59153E-01    0.00000E+00    3.59153E-01
 122.0    3.60143E-01    0.00000E+00    3.60143E-01
 124.0    3.61167E-01    0.00000E+00    3.61167E-01
 126.0    3.62220E-01    0.00000E+00    3.62220E-01
 128.0    3.63298E-01    0.00000E+00    3.63298E-01
 130.0    3.64394E-01    0.00000E+00    3.64394E-01
 132.0    3.65504E-01    0.00000E+00    3.65504E-01
 134.0    3.66622E-01    0.00000E+00    3.66622E-01
 136.0    3.67743E-01    0.00000E+00    3.67743E-01
 138.0    3.68861E-01    0.00000E+00    3.68861E-01
 140.0    3.69971E-01    0.00000E+00    3.69971E-01
 142.0    3.71068E-01    0.00000E+00    3.71068E-01
 144.0    3.72145E-01    0.00000E+00    3.72145E-01
 146.0    3.73198E-01    0.00000E+00    3.73198E-01
 148.0    3.74222E-01    0.00000E+00    3.74222E-01
 150.0    3.75212E-01    0.00000E+00    3.75212E-01
 152.0    3.76162E-01    0.00000E+00    3.76162E-01
 154.0    3.77069E-01    0.00000E+00    3.77069E-01
 156.0    3.77928E-01    0.00000E+00    3.77928E-01
 158.0    3.78734E-01    0.00000E+00    3.78734E-01
 160.0    3.79484E-01    0.00000E+00    3.79484E-01
 162.0    3.80174E-01    0.00000E+00    3.80174E-01
 164.0    3.80801E-01    0.00000E+00    3.80801E-01
 166.0    3.81361E-01    0.00000E+00    3.81361E-01
 168.0    3.81853E-01    0.00000E+00    3.81853E-01
 170.0    3.82273E-01    0.00000E+00    3.82273E-01
 172.0    3.82619E-01    0.00000E+00    3.82619E-01
 174.0    3.82890E-01    0.00000E+00    3.82890E-01
 176.0    3.83085E-01    0.00000E+00    3.83085E-01
 178.0    3.83202E-01    0.00000E+00    3.83202E-01
 180.0    3.83241E-01    0.00000E+00    3.83241E-01

    Level  8

 Angle      Total          Direct        Compound

   0.0    1.52875E-01    0.00000E+00    1.52875E-01
   2.0    1.52940E-01    0.00000E+00    1.52940E-01
   4.0    1.53134E-01    0.00000E+00    1.53134E-01
   6.0    1.53457E-01    0.00000E+00    1.53457E-01
   8.0    1.53906E-01    0.00000E+00    1.53906E-01
  10.0    1.54480E-01    0.00000E+00    1.54480E-01
  12.0    1.55175E-01    0.00000E+00    1.55175E-01
  14.0    1.55989E-01    0.00000E+00    1.55989E-01
  16.0    1.56918E-01    0.00000E+00    1.56918E-01
  18.0    1.57956E-01    0.00000E+00    1.57956E-01
  20.0    1.59099E-01    0.00000E+00    1.59099E-01
  22.0    1.60342E-01    0.00000E+00    1.60342E-01
  24.0    1.61678E-01    0.00000E+00    1.61678E-01
  26.0    1.63100E-01    0.00000E+00    1.63100E-01
  28.0    1.64602E-01    0.00000E+00    1.64602E-01
  30.0    1.66177E-01    0.00000E+00    1.66177E-01
  32.0    1.67817E-01    0.00000E+00    1.67817E-01
  34.0    1.69513E-01    0.00000E+00    1.69513E-01
  36.0    1.71258E-01    0.00000E+00    1.71258E-01
  38.0    1.73043E-01    0.00000E+00    1.73043E-01
  40.0    1.74859E-01    0.00000E+00    1.74859E-01
  42.0    1.76698E-01    0.00000E+00    1.76698E-01
  44.0    1.78550E-01    0.00000E+00    1.78550E-01
  46.0    1.80407E-01    0.00000E+00    1.80407E-01
  48.0    1.82260E-01    0.00000E+00    1.82260E-01
  50.0    1.84098E-01    0.00000E+00    1.84098E-01
  52.0    1.85915E-01    0.00000E+00    1.85915E-01
  54.0    1.87700E-01    0.00000E+00    1.87700E-01
  56.0    1.89444E-01    0.00000E+00    1.89444E-01
  58.0    1.91141E-01    0.00000E+00    1.91141E-01
  60.0    1.92780E-01    0.00000E+00    1.92780E-01
  62.0    1.94355E-01    0.00000E+00    1.94355E-01
  64.0    1.95857E-01    0.00000E+00    1.95857E-01
  66.0    1.97280E-01    0.00000E+00    1.97280E-01
  68.0    1.98616E-01    0.00000E+00    1.98616E-01
  70.0    1.99858E-01    0.00000E+00    1.99858E-01
  72.0    2.01001E-01    0.00000E+00    2.01001E-01
  74.0    2.02040E-01    0.00000E+00    2.02040E-01
  76.0    2.02968E-01    0.00000E+00    2.02968E-01
  78.0    2.03782E-01    0.00000E+00    2.03782E-01
  80.0    2.04478E-01    0.00000E+00    2.04478E-01
  82.0    2.05051E-01    0.00000E+00    2.05051E-01
  84.0    2.05501E-01    0.00000E+00    2.05501E-01
  86.0    2.05823E-01    0.00000E+00    2.05823E-01
  88.0    2.06017E-01    0.00000E+00    2.06017E-01
  90.0    2.06082E-01    0.00000E+00    2.06082E-01
  92.0    2.06017E-01    0.00000E+00    2.06017E-01
  94.0    2.05823E-01    0.00000E+00    2.05823E-01
  96.0    2.05501E-01    0.00000E+00    2.05501E-01
  98.0    2.05051E-01    0.00000E+00    2.05051E-01
 100.0    2.04478E-01    0.00000E+00    2.04478E-01
 102.0    2.03782E-01    0.00000E+00    2.03782E-01
 104.0    2.02968E-01    0.00000E+00    2.02968E-01
 106.0    2.02040E-01    0.00000E+00    2.02040E-01
 108.0    2.01001E-01    0.00000E+00    2.01001E-01
 110.0    1.99858E-01    0.00000E+00    1.99858E-01
 112.0    1.98616E-01    0.00000E+00    1.98616E-01
 114.0    1.97280E-01    0.00000E+00    1.97280E-01
 116.0    1.95857E-01    0.00000E+00    1.95857E-01
 118.0    1.94355E-01    0.00000E+00    1.94355E-01
 120.0    1.92780E-01    0.00000E+00    1.92780E-01
 122.0    1.91141E-01    0.00000E+00    1.91141E-01
 124.0    1.89444E-01    0.00000E+00    1.89444E-01
 126.0    1.87700E-01    0.00000E+00    1.87700E-01
 128.0    1.85915E-01    0.00000E+00    1.85915E-01
 130.0    1.84098E-01    0.00000E+00    1.84098E-01
 132.0    1.82260E-01    0.00000E+00    1.82260E-01
 134.0    1.80407E-01    0.00000E+00    1.80407E-01
 136.0    1.78550E-01    0.00000E+00    1.78550E-01
 138.0    1.76698E-01    0.00000E+00    1.76698E-01
 140.0    1.74859E-01    0.00000E+00    1.74859E-01
 142.0    1.73043E-01    0.00000E+00    1.73043E-01
 144.0    1.71258E-01    0.00000E+00    1.71258E-01
 146.0    1.69513E-01    0.00000E+00    1.69513E-01
 148.0    1.67817E-01    0.00000E+00    1.67817E-01
 150.0    1.66177E-01    0.00000E+00    1.66177E-01
 152.0    1.64602E-01    0.00000E+00    1.64602E-01
 154.0    1.63100E-01    0.00000E+00    1.63100E-01
 156.0    1.61678E-01    0.00000E+00    1.61678E-01
 158.0    1.60342E-01    0.00000E+00    1.60342E-01
 160.0    1.59099E-01    0.00000E+00    1.59099E-01
 162.0    1.57956E-01    0.00000E+00    1.57956E-01
 164.0    1.56918E-01    0.00000E+00    1.56918E-01
 166.0    1.55989E-01    0.00000E+00    1.55989E-01
 168.0    1.55175E-01    0.00000E+00    1.55175E-01
 170.0    1.54480E-01    0.00000E+00    1.54480E-01
 172.0    1.53906E-01    0.00000E+00    1.53906E-01
 174.0    1.53457E-01    0.00000E+00    1.53457E-01
 176.0    1.53134E-01    0.00000E+00    1.53134E-01
 178.0    1.52940E-01    0.00000E+00    1.52940E-01
 180.0    1.52875E-01    0.00000E+00    1.52875E-01

    Level  9

 Angle      Total          Direct        Compound

   0.0    1.35748E-01    0.00000E+00    1.35748E-01
   2.0    1.35764E-01    0.00000E+00    1.35764E-01
   4.0    1.35812E-01    0.00000E+00    1.35812E-01
   6.0    1.35893E-01    0.00000E+00    1.35893E-01
   8.0    1.36005E-01    0.00000E+00    1.36005E-01
  10.0    1.36149E-01    0.00000E+00    1.36149E-01
  12.0    1.36323E-01    0.00000E+00    1.36323E-01
  14.0    1.36527E-01    0.00000E+00    1.36527E-01
  16.0    1.36759E-01    0.00000E+00    1.36759E-01
  18.0    1.37019E-01    0.00000E+00    1.37019E-01
  20.0    1.37305E-01    0.00000E+00    1.37305E-01
  22.0    1.37616E-01    0.00000E+00    1.37616E-01
  24.0    1.37950E-01    0.00000E+00    1.37950E-01
  26.0    1.38306E-01    0.00000E+00    1.38306E-01
  28.0    1.38681E-01    0.00000E+00    1.38681E-01
  30.0    1.39075E-01    0.00000E+00    1.39075E-01
  32.0    1.39486E-01    0.00000E+00    1.39486E-01
  34.0    1.39910E-01    0.00000E+00    1.39910E-01
  36.0    1.40347E-01    0.00000E+00    1.40347E-01
  38.0    1.40793E-01    0.00000E+00    1.40793E-01
  40.0    1.41247E-01    0.00000E+00    1.41247E-01
  42.0    1.41708E-01    0.00000E+00    1.41708E-01
  44.0    1.42171E-01    0.00000E+00    1.42171E-01
  46.0    1.42635E-01    0.00000E+00    1.42635E-01
  48.0    1.43099E-01    0.00000E+00    1.43099E-01
  50.0    1.43559E-01    0.00000E+00    1.43559E-01
  52.0    1.44013E-01    0.00000E+00    1.44013E-01
  54.0    1.44460E-01    0.00000E+00    1.44460E-01
  56.0    1.44896E-01    0.00000E+00    1.44896E-01
  58.0    1.45321E-01    0.00000E+00    1.45321E-01
  60.0    1.45731E-01    0.00000E+00    1.45731E-01
  62.0    1.46125E-01    0.00000E+00    1.46125E-01
  64.0    1.46501E-01    0.00000E+00    1.46501E-01
  66.0    1.46857E-01    0.00000E+00    1.46857E-01
  68.0    1.47191E-01    0.00000E+00    1.47191E-01
  70.0    1.47502E-01    0.00000E+00    1.47502E-01
  72.0    1.47788E-01    0.00000E+00    1.47788E-01
  74.0    1.48047E-01    0.00000E+00    1.48047E-01
  76.0    1.48280E-01    0.00000E+00    1.48280E-01
  78.0    1.48483E-01    0.00000E+00    1.48483E-01
  80.0    1.48657E-01    0.00000E+00    1.48657E-01
  82.0    1.48801E-01    0.00000E+00    1.48801E-01
  84.0    1.48913E-01    0.00000E+00    1.48913E-01
  86.0    1.48994E-01    0.00000E+00    1.48994E-01
  88.0    1.49043E-01    0.00000E+00    1.49043E-01
  90.0    1.49059E-01    0.00000E+00    1.49059E-01
  92.0    1.49043E-01    0.00000E+00    1.49043E-01
  94.0    1.48994E-01    0.00000E+00    1.48994E-01
  96.0    1.48913E-01    0.00000E+00    1.48913E-01
  98.0    1.48801E-01    0.00000E+00    1.48801E-01
 100.0    1.48657E-01    0.00000E+00    1.48657E-01
 102.0    1.48483E-01    0.00000E+00    1.48483E-01
 104.0    1.48280E-01    0.00000E+00    1.48280E-01
 106.0    1.48047E-01    0.00000E+00    1.48047E-01
 108.0    1.47788E-01    0.00000E+00    1.47788E-01
 110.0    1.47502E-01    0.00000E+00    1.47502E-01
 112.0    1.47191E-01    0.00000E+00    1.47191E-01
 114.0    1.46857E-01    0.00000E+00    1.46857E-01
 116.0    1.46501E-01    0.00000E+00    1.46501E-01
 118.0    1.46125E-01    0.00000E+00    1.46125E-01
 120.0    1.45731E-01    0.00000E+00    1.45731E-01
 122.0    1.45321E-01    0.00000E+00    1.45321E-01
 124.0    1.44896E-01    0.00000E+00    1.44896E-01
 126.0    1.44460E-01    0.00000E+00    1.44460E-01
 128.0    1.44013E-01    0.00000E+00    1.44013E-01
 130.0    1.43559E-01    0.00000E+00    1.43559E-01
 132.0    1.43099E-01    0.00000E+00    1.43099E-01
 134.0    1.42635E-01    0.00000E+00    1.42635E-01
 136.0    1.42171E-01    0.00000E+00    1.42171E-01
 138.0    1.41708E-01    0.00000E+00    1.41708E-01
 140.0    1.41247E-01    0.00000E+00    1.41247E-01
 142.0    1.40793E-01    0.00000E+00    1.40793E-01
 144.0    1.40347E-01    0.00000E+00    1.40347E-01
 146.0    1.39910E-01    0.00000E+00    1.39910E-01
 148.0    1.39486E-01    0.00000E+00    1.39486E-01
 150.0    1.39075E-01    0.00000E+00    1.39075E-01
 152.0    1.38681E-01    0.00000E+00    1.38681E-01
 154.0    1.38306E-01    0.00000E+00    1.38306E-01
 156.0    1.37950E-01    0.00000E+00    1.37950E-01
 158.0    1.37616E-01    0.00000E+00    1.37616E-01
 160.0    1.37305E-01    0.00000E+00    1.37305E-01
 162.0    1.37019E-01    0.00000E+00    1.37019E-01
 164.0    1.36759E-01    0.00000E+00    1.36759E-01
 166.0    1.36527E-01    0.00000E+00    1.36527E-01
 168.0    1.36323E-01    0.00000E+00    1.36323E-01
 170.0    1.36149E-01    0.00000E+00    1.36149E-01
 172.0    1.36005E-01    0.00000E+00    1.36005E-01
 174.0    1.35893E-01    0.00000E+00    1.35893E-01
 176.0    1.35812E-01    0.00000E+00    1.35812E-01
 178.0    1.35764E-01    0.00000E+00    1.35764E-01
 180.0    1.35748E-01    0.00000E+00    1.35748E-01

    Level 10

 Angle      Total          Direct        Compound

   0.0    1.29829E-01    0.00000E+00    1.29829E-01
   2.0    1.29844E-01    0.00000E+00    1.29844E-01
   4.0    1.29890E-01    0.00000E+00    1.29890E-01
   6.0    1.29967E-01    0.00000E+00    1.29967E-01
   8.0    1.30074E-01    0.00000E+00    1.30074E-01
  10.0    1.30211E-01    0.00000E+00    1.30211E-01
  12.0    1.30377E-01    0.00000E+00    1.30377E-01
  14.0    1.30570E-01    0.00000E+00    1.30570E-01
  16.0    1.30792E-01    0.00000E+00    1.30792E-01
  18.0    1.31039E-01    0.00000E+00    1.31039E-01
  20.0    1.31311E-01    0.00000E+00    1.31311E-01
  22.0    1.31607E-01    0.00000E+00    1.31607E-01
  24.0    1.31926E-01    0.00000E+00    1.31926E-01
  26.0    1.32265E-01    0.00000E+00    1.32265E-01
  28.0    1.32622E-01    0.00000E+00    1.32622E-01
  30.0    1.32998E-01    0.00000E+00    1.32998E-01
  32.0    1.33388E-01    0.00000E+00    1.33388E-01
  34.0    1.33792E-01    0.00000E+00    1.33792E-01
  36.0    1.34208E-01    0.00000E+00    1.34208E-01
  38.0    1.34633E-01    0.00000E+00    1.34633E-01
  40.0    1.35066E-01    0.00000E+00    1.35066E-01
  42.0    1.35504E-01    0.00000E+00    1.35504E-01
  44.0    1.35945E-01    0.00000E+00    1.35945E-01
  46.0    1.36388E-01    0.00000E+00    1.36388E-01
  48.0    1.36829E-01    0.00000E+00    1.36829E-01
  50.0    1.37267E-01    0.00000E+00    1.37267E-01
  52.0    1.37700E-01    0.00000E+00    1.37700E-01
  54.0    1.38125E-01    0.00000E+00    1.38125E-01
  56.0    1.38541E-01    0.00000E+00    1.38541E-01
  58.0    1.38945E-01    0.00000E+00    1.38945E-01
  60.0    1.39336E-01    0.00000E+00    1.39336E-01
  62.0    1.39711E-01    0.00000E+00    1.39711E-01
  64.0    1.40069E-01    0.00000E+00    1.40069E-01
  66.0    1.40407E-01    0.00000E+00    1.40407E-01
  68.0    1.40726E-01    0.00000E+00    1.40726E-01
  70.0    1.41022E-01    0.00000E+00    1.41022E-01
  72.0    1.41294E-01    0.00000E+00    1.41294E-01
  74.0    1.41541E-01    0.00000E+00    1.41541E-01
  76.0    1.41763E-01    0.00000E+00    1.41763E-01
  78.0    1.41957E-01    0.00000E+00    1.41957E-01
  80.0    1.42122E-01    0.00000E+00    1.42122E-01
  82.0    1.42259E-01    0.00000E+00    1.42259E-01
  84.0    1.42366E-01    0.00000E+00    1.42366E-01
  86.0    1.42443E-01    0.00000E+00    1.42443E-01
  88.0    1.42489E-01    0.00000E+00    1.42489E-01
  90.0    1.42505E-01    0.00000E+00    1.42505E-01
  92.0    1.42489E-01    0.00000E+00    1.42489E-01
  94.0    1.42443E-01    0.00000E+00    1.42443E-01
  96.0    1.42366E-01    0.00000E+00    1.42366E-01
  98.0    1.42259E-01    0.00000E+00    1.42259E-01
 100.0    1.42122E-01    0.00000E+00    1.42122E-01
 102.0    1.41957E-01    0.00000E+00    1.41957E-01
 104.0    1.41763E-01    0.00000E+00    1.41763E-01
 106.0    1.41541E-01    0.00000E+00    1.41541E-01
 108.0    1.41294E-01    0.00000E+00    1.41294E-01
 110.0    1.41022E-01    0.00000E+00    1.41022E-01
 112.0    1.40726E-01    0.00000E+00    1.40726E-01
 114.0    1.40407E-01    0.00000E+00    1.40407E-01
 116.0    1.40069E-01    0.00000E+00    1.40069E-01
 118.0    1.39711E-01    0.00000E+00    1.39711E-01
 120.0    1.39336E-01    0.00000E+00    1.39336E-01
 122.0    1.38945E-01    0.00000E+00    1.38945E-01
 124.0    1.38541E-01    0.00000E+00    1.38541E-01
 126.0    1.38125E-01    0.00000E+00    1.38125E-01
 128.0    1.37700E-01    0.00000E+00    1.37700E-01
 130.0    1.37267E-01    0.00000E+00    1.37267E-01
 132.0    1.36829E-01    0.00000E+00    1.36829E-01
 134.0    1.36388E-01    0.00000E+00    1.36388E-01
 136.0    1.35945E-01    0.00000E+00    1.35945E-01
 138.0    1.35504E-01    0.00000E+00    1.35504E-01
 140.0    1.35066E-01    0.00000E+00    1.35066E-01
 142.0    1.34633E-01    0.00000E+00    1.34633E-01
 144.0    1.34208E-01    0.00000E+00    1.34208E-01
 146.0    1.33792E-01    0.00000E+00    1.33792E-01
 148.0    1.33388E-01    0.00000E+00    1.33388E-01
 150.0    1.32998E-01    0.00000E+00    1.32998E-01
 152.0    1.32622E-01    0.00000E+00    1.32622E-01
 154.0    1.32265E-01    0.00000E+00    1.32265E-01
 156.0    1.31926E-01    0.00000E+00    1.31926E-01
 158.0    1.31607E-01    0.00000E+00    1.31607E-01
 160.0    1.31311E-01    0.00000E+00    1.31311E-01
 162.0    1.31039E-01    0.00000E+00    1.31039E-01
 164.0    1.30792E-01    0.00000E+00    1.30792E-01
 166.0    1.30570E-01    0.00000E+00    1.30570E-01
 168.0    1.30377E-01    0.00000E+00    1.30377E-01
 170.0    1.30211E-01    0.00000E+00    1.30211E-01
 172.0    1.30074E-01    0.00000E+00    1.30074E-01
 174.0    1.29967E-01    0.00000E+00    1.29967E-01
 176.0    1.29890E-01    0.00000E+00    1.29890E-01
 178.0    1.29844E-01    0.00000E+00    1.29844E-01
 180.0    1.29829E-01    0.00000E+00    1.29829E-01

 Execution time:  0 hours  0 minutes 43.12 seconds 

 The TALYS team congratulates you with this successful calculation.
