 Doppler Broaden ENDF/B Cross Sections (SIGMA1 2017-1)
 -------------------------------------------------------------------------------
 Retrieval Criteria-----------        MAT
 Monitor Mode-----------------        Off
 Temperature------------------ 293.160004 Kelvin
 Minimum Cross Section-------- 1.0000E-10 (Default Option)
 Negative Cross Section------- Make = 0 (No Negative Outout)
 Unresolved Resonances Region- Copy (No Broadening)
 -------------------------------------------------------------------------------
 ENDF/B Input and Output Data Filenames
 -------------------------------------------------------------------------------
 n-Y089.res.point0                                                       
 n-Y089.res.point                                                        
 -------------------------------------------------------------------------------
 Requested MAT Ranges
 -------------------------------------------------------------------------------
     Mimimum    Maximum
 -------------------------------------------------------------------------------
           0       9999 (Default Option)
 -------------------------------------------------------------------------------
 Allowable Uncertainty
 -------------------------------------------------------------------------------
      Energy Unceryainty   per-cent
 -------------------------------------------------------------------------------
  0.0         1.00000E-4     0.0100 (Default Option)
 -------------------------------------------------------------------------------
 ENDF/B Tape Label
 -------------------------------------------------------------------------------
                                                                   7000
 -------------------------------------------------------------------------------
 Projectile      MAT  MT ENDF/B     Kelvin     Q-Value   Points   Points
       Material          Format         In          eV       In      Out
 -------------------------------------------------------------------------------
 n    39-Y -89  3925   1  VI    0.0         0.0           67988    50217          
 n    39-Y -89  3925   2  VI    0.0         0.0           67988    49280          
 n    39-Y -89  3925 102  VI    0.0         0.0           67988   134470          
 -------------------------------------------------------------------------------
 Unresolved  278161.500 to 899880.300 eV    MAT Totals   203964   233967
 -------------------------------------------------------------------------------
 ==============================================================================
      MAT Total Execution Time               12.16 Seconds
 ==============================================================================
 -------------------------------------------------------------------------------
                                           Tape Totals   203964   233967
 -------------------------------------------------------------------------------
 ==============================================================================
 GROUPIE  Total Execution Time               12.16 Seconds
 ==============================================================================
