 Doppler Broaden ENDF/B Cross Sections (SIGMA1 2023-1)
 -------------------------------------------------------------------------------
 Retrieval Criteria-----------        MAT
 Monitor Mode-----------------        Off
 Temperature------------------ 293.160004 KELVIN
 Mimimum Cross Section-------- 1.0000E-30 (No Longer an Input Option)
 Negative Cross Section------- Make = 0 (No Negative Outout)
 Unresolved Resonances Region- Copy (No Broadening)
 -------------------------------------------------------------------------------
 ENDF/B Input and Output Data Filenames
 -------------------------------------------------------------------------------
 n-Y099.res.point0                                                       
 n-Y099.res.point                                                        
 -------------------------------------------------------------------------------
 Requested MAT Ranges
 -------------------------------------------------------------------------------
     Mimimum    Maximum
 -------------------------------------------------------------------------------
           0       9999 (Default Option)
 -------------------------------------------------------------------------------
 Allowable Uncertainty
 -------------------------------------------------------------------------------
      Energy Uncertainty   per-cent
 -------------------------------------------------------------------------------
  0.0         .001000000     0.1000 (Default Option)
 -------------------------------------------------------------------------------
 ENDF/B Tape Label
 -------------------------------------------------------------------------------
  n-Y099.res.tendl.2023: Merger of MF1 and MF2                       99
 -------------------------------------------------------------------------------
 Projectile        MAT  MT ENDF/B     Kelvin     Q-Value   Points   Points
       Material            Format         In          eV       In      Out
 -------------------------------------------------------------------------------
 n    39-Y -99    3955   1  6     0.0         0.0           32858     8182          
 n    39-Y -99    3955   2  6     0.0         0.0           32858     8007          
 n    39-Y -99    3955 102  6     0.0         0.0           32858    11895          
 -------------------------------------------------------------------------------
 Unresolved  3796.50200 to 123871.000 eV      MAT Totals    98574    28084
 -------------------------------------------------------------------------------
 ===============================================================================
      MAT Total Execution Time                0.96 Seconds
 ===============================================================================
 ------------------------------------------------------------------------------
 All Cross Sections Read. Maximum Tabulated Energy =  3796.50200 eV
 ------------------------------------------------------------------------------
 -------------------------------------------------------------------------------
                                             Tape Totals    98574    28084
 -------------------------------------------------------------------------------
