
    TALYS-2.0 (Version: December 29, 2023)

 Copyright (C) 2023  A.J. Koning, S. Hilaire and S. Goriely

 Dimensions - Cross sections: mb, Energies: MeV, Angles: degrees

 ########## USER INPUT ##########

 USER INPUT FILE

 #
 # n-sn120-omp-jlm
 #
 # general
 #
 projectile n
 element    sn
 mass       120
 energy     energies
 #
 # parameters
 #
 jlmomp y

 USER INPUT FILE + DEFAULTS

 Keyword           Value   Variable     Explanation

 #
 # Four main keywords
 #
 projectile          n     ptype0       type of incident particle
 element            Sn     Starget      symbol of target nucleus
 mass              120     mass         mass number of target nucleus
 energy energies           energyfile   file with incident energies
 #
 # Basic physical and numerical parameters
 #
 ejectiles g n p d t h a   outtype      outgoing particles
 maxz               12     maxZ         maximal number of protons from the initial compound nucleus
 maxn               32     maxN         maximal number of neutrons from the initial compound nucleus
 bins               40     nbins        number of continuum excitation energy bins
 equidistant         y     flagequi     flag to use equidistant excitation bins instead of logarithmic bins
 equispec            n     flagequispec flag to use equidistant bins for emission spectra
 popmev              n     flagpopmev   flag to use initial population per MeV instead of histograms
 segment             1     segment      number of segments to divide emission energy grid
 maxlevelstar       30     nlevmax      maximum number of included discrete levels for target
 maxlevelsres       10     nlevmaxres   maximum number of included discrete levels for residual nucleus
 maxlevelsbin g     10     nlevbin      maximum number of included discrete levels for gamma    channel
 maxlevelsbin n     30     nlevbin      maximum number of included discrete levels for neutron  channel
 maxlevelsbin p     10     nlevbin      maximum number of included discrete levels for proton   channel
 maxlevelsbin d      5     nlevbin      maximum number of included discrete levels for deuteron channel
 maxlevelsbin t      5     nlevbin      maximum number of included discrete levels for triton   channel
 maxlevelsbin h      5     nlevbin      maximum number of included discrete levels for helium-3 channel
 maxlevelsbin a     10     nlevbin      maximum number of included discrete levels for alpha    channel
 ltarget             0     ltarget      excited level of target
 isomer           1.00E+00 isomer       definition of isomer in seconds
 transpower          5     transpower   power for transmission coefficient limit
 transeps         1.00E-08 transeps     limit for transmission coefficient
 xseps            1.00E-07 xseps        limit for cross sections
 popeps           1.00E-03 popeps       limit for population cross section per nucleus
 Rfiseps          1.00E-03 Rfiseps      ratio for limit for fission cross section per nucleus
 elow             1.00E-06 elow         minimal incident energy for nuclear model calculations
 angles             90     nangle       number of angles
 anglescont         18     nanglecont   number of angles for continuum
 anglesrec           1     nanglerec    number of recoil angles
 maxenrec           20     maxenrec     number of recoil energies
 channels            n     flagchannels flag for exclusive channels calculation
 maxchannel          4     maxchannel   maximal number of outgoing particles in individual channel description
 micro               n     flagmicro    flag for completely microscopic Talys calculation
 best                n     flagbest     flag to use best set of adjusted parameters
 bestbranch          y     flagbestbr   flag to use flag to use only best set of branching ratios
 bestend             n     flagbestend  flag to put best set of parameters at end of input file
 relativistic        y     flagrel      flag for relativistic kinematics
 recoil              n     flagrecoil   flag for calculation of recoils
 labddx              n     flaglabddx   flag for calculation of DDX in LAB system
 recoilaverage       n     flagrecoilav flag for average velocity in recoil calculation
 channelenergy       n     flagEchannel flag for channel energy for emission spectrum
 reaction            y     flagreaction flag for calculation of nuclear reactions
 fit                 n     flagfit      flag to use automatically fitted parameters
 ngfit               n     flagngfit    flag for using fitted (n,g) nuclear model parameters
 nffit               n     flagnffit    flag for using fitted (n,f) nuclear model parameters
 nnfit               n     flagnnfit    flag for using fitted (n,n), (n,2n) and (n,p) nuclear model parameters
 nafit               n     flagnafit    flag for using fitted (n,a) nuclear model parameters
 pnfit               n     flagpnfit    flag for using fitted (p,n) nuclear model parameters
 dnfit               n     flagdnfit    flag for using fitted (d,n) nuclear model parameters
 gnfit               n     flaggnfit    flag for using fitted (g,n) nuclear model parameters
 anfit               n     flaganfit    flag for using fitted (a,n) nuclear model parameters
 gamgamfit           n    flaggamgamfit flag for using fitted Gamma_gamma nuclear model parameters
 macsfit             n     flagmacsfit  flag for using fitted MACS nuclear model parameters
 astro               n     flagastro    flag for calculation of astrophysics reaction rate
 astrogs             n     flagastrogs  flag for calculation of astrophysics reaction rate with target in ground state only
 astroex             n     flagastroex  flag for calculation of astrophysics reaction rate to long-lived excited states
 nonthermlev        -1     nonthermlev  excited level non-thermalized in the calculation of astrophysics rate
 massmodel           2     massmodel    model for theoretical nuclear mass
 expmass             y     flagexpmass  flag for using experimental nuclear mass if available
 disctable           1     disctable    table with discrete levels
 production          n     flagprod     flag for isotope production
 outfy               n     flagoutfy    flag for output detailed fission yield calculation
 gefran          50000     gefran       number of random events for GEF calculation
 Estop            1000.000 Estop        incident energy above which TALYS stops
 rpevap              n     flagrpevap   flag for evaporation of residual products at high incident energies
 maxZrp             12     maxZrp       maximal number of protons from the initial compound nucleus before residual evaporation
 maxNrp             32     maxNrp       maximal number of neutrons from the initial compound nucleus before residual evaporation
 user      Arjan Koning    user         user for this calculation
 source    TALYS-2.0       source       source for this calculation
 format    YANDF-0.1       oformat      format for output
 #
 # Optical model
 #
 localomp            y     flaglocalomp flag for local (y) or global (n) optical model
 dispersion          n     flagdisp     flag for dispersive optical model
 jlmomp              y     flagjlm      flag for using semi-microscopic JLM OMP
 riplomp             n     flagriplomp  flag for RIPL OMP
 riplrisk            n     flagriplrisk flag for going outside RIPL mass validity range
 optmodall           n     flagompall   flag for new optical model calculation for all residual nuclei
 incadjust           y     flagincadj   flag for OMP adjustment on incident channel also
 omponly             n     flagomponly  flag to execute ONLY an optical model calculation
 autorot             n     flagautorot  flag for automatic rotational coupled channels calculations for A > 150
 spherical           y     flagspher    flag to force spherical optical model
 soukho              y     flagsoukho   flag for Soukhovitskii OMP for actinides
 coulomb             y     flagcoulomb  flag for Coulomb excitation calculation with ECIS
 statepot            n     flagstate    flag for optical model potential for each excited state
 maxband             0     maxband      highest vibrational band added to rotational model
 maxrot              2     maxrot       number of included excited rotational levels
 sysreaction               sysreaction  particles with reaction cross section from systematics
 rotational                rotational   particles with possible rotational optical model
 core               -1     core         even-even core for weakcoupling (-1 or 1)
 ecissave            n     flagecissave flag for saving ECIS input and output files
 eciscalc            y     flageciscalc flag for new ECIS calculation for outgoing particles and energy grid
 inccalc             y     flaginccalc  flag for new ECIS calculation for incident channel
 endfecis            y     flagendfecis flag for new ECIS calculation for ENDF-6 files
 radialmodel         2     radialmodel  model for radial matter densities (JLM OMP only)
 jlmmode             0     jlmmode      option for JLM imaginary potential normalization
 alphaomp            6     alphaomp     alpha OMP (1=normal, 2= McFadden-Satchler, 3-5= folding potential, 6,8= Avrigeanu, 7=Nolte)
 deuteronomp         4     deuteronomp  deuteron OMP (1=normal, 2=Daehnick, 3=Bojowald, 4=Han-Shi-Shen, 5=An-Cai)
 #
 # Compound nucleus
 #
 widthfluc           9.104 ewfc         off-set incident energy for width fluctuation calculation
 widthmode           1     wmode        designator for width fluctuation model
 WFCfactor           1     WFCfactor    enhancement factor for WFC: 1: Original, 2: Ernebjerg and Herman
 compound            y     flagcomp     flag for compound nucleus model
 fullhf              n     flagfullhf   flag for full spin dependence of transmission coefficients
 eciscompound        n     flageciscomp flag for compound nucleus calculation by ECIS
 cpang               n     flagcpang    flag for compound angular distribution calculation for incident charged particles
 urr                 n     flagurr      flag for URR calculation
 urrnjoy             n     flagurrnjoy  flag for normalization of URR parameters with NJOY method
 lurr                2     lurr         maximal orbital angular momentum for URR
 #
 # Gamma emission
 #
 gammax              2     gammax       number of l-values for gamma multipolarity
 strength            9     strength     model for E1 gamma-ray strength function
 strengthM1          3     strengthM1   model for M1 gamma-ray strength function
 electronconv        y     flagelectron flag for application of electron conversion coefficient
 racap               n     flagracap    flag for radiative capture model
 ldmodelracap        3     ldmodelracap level density model for direct radiative capture
 upbend              y     flagupbend   flag for low-energy upbend of photon strength function
 psfglobal           n    flagpsfglobal flag for global photon strength functions only
 gnorm               n     flaggnorm    flag to normalize PSF to average radiative width
 #
 # Pre-equilibrium
 #
 preequilibrium      2.750 epreeq       on-set incident energy for preequilibrium calculation
 preeqmode           2     preeqmode    designator for pre-equilibrium model
 multipreeq         20.000 emulpre      on-set incident energy for multiple preequilibrium
 mpreeqmode          2     mpreeqmode   designator for multiple pre-equilibrium model
 breakupmodel        1     breakupmodel model for break-up reaction: 1. Kalbach 2. Avrigeanu
 phmodel             1     phmodel      particle-hole state density model
 pairmodel           2     pairmodel    designator for pre-equilibrium pairing model
 preeqspin           1     pespinmodel  model for pre-equilibrium spin distribution
 giantresonance      y     flaggiant    flag for collective contribution from giant resonances
 preeqsurface        y     flagsurface  flag for surface effects in exciton model
 preeqcomplex        y     flagpecomp   flag for Kalbach complex particle emission model
 twocomponent        y     flag2comp    flag for two-component pre-equilibrium model
 ecisdwba            y     flagecisdwba flag for new ECIS calculation for DWBA for MSD
 onestep             n     flagonestep  flag for continuum one-step direct only
 #
 # Level densities
 #
 ldmodel             1     ldmodelall   level density model
 ldmodelCN           1     ldmodelCN    level density model for compound nucleus
 shellmodel          1     shellmodel   model for shell correction energies
 kvibmodel           2     kvibmodel    model for vibrational enhancement
 spincutmodel        1     spincutmodel model for spin cutoff factor for ground state
 asys                n     flagasys     flag for all level density parameters a from systematics
 parity              n     flagparity   flag for non-equal parity distribution
 colenhance          n     flagcolall   flag for collective enhancement of level density for all nuclides
 ctmglobal           n     flagctmglob  flag for global CTM model (no discrete level info)
 gshell              n     flaggshell   flag for energy dependence of single particle level density parameter g
 colldamp            n     flagcolldamp flag for damping of collective effects in effective level density
 #
 # Fission
 #
 fission             n     flagfission  flag for fission
 fismodel            3     fismodel     fission model
 fismodelalt         3     fismodelalt  alternative fission model for default barriers
 hbstate             n     flaghbstate  flag for head band states in fission
 class2              n     flagclass2   flag for class2 states in fission
 fispartdamp         n  flagfispartdamp flag for fission partial damping
 massdis             n     flagmassdis  flag for calculation of fission fragment mass yields
 ffevaporation       y     flagffevap   flag for calculation of particle evaporation from fission fragment mass yields
 fisfeed             n     flagfisfeed  flag for output of fission per excitation bin
 fymodel             2     fymodel      fission yield model, 1: Brosa 2: GEF
 ffmodel             1     ffmodel      fission fragment model, 1: GEF 2: HF3D (Okumura) 3: SPY 4: Langevin-4D 0: own files
 pfnsmodel           1     pfnsmodel    PFNS model, 1: Iwamoto 2: from FF decay
 ffspin              n     flagffspin   flag to use spin distribution in initial FF population
 #
 # Output
 #
 outmain             y     flagmain     flag for main output
 outbasic            n     flagbasic    flag for output of basic information and results
 outall              n     flagoutall   flag for output of all data in main output file
 outpopulation       n     flagpop      flag for output of population
 outcheck            n     flagcheck    flag for output of numerical checks
 outlevels           n     flaglevels   flag for output of discrete level information
 outdensity          n     flagdensity  flag for output of level densities
 outomp              n     flagoutomp   flag for output of optical model parameters
 outkd               n     flagoutkd    flag for output of KD03 OMP parameters
 outdirect           n     flagdirect   flag for output of direct reaction results
 outinverse          n     flaginverse  flag for output of transmission coefficients and inverse reaction cross sections
 outdecay            n     flagdecay    flag for output of decay of each population bin
 outtransenergy      y     flagtransen  flag for output of transmission coefficients per energy
 outecis             n     flagoutecis  flag for output of ECIS results
 outgamma            n     flaggamma    flag for output of gamma-ray information
 outpreequilibrium   n     flagpeout    flag for output of pre-equilibrium results 
 outfission          n     flagfisout   flag for output of fission information
 outdiscrete         n     flagdisc     flag for output of discrete state cross sections
 outspectra          n     flagspec     flag for output of double-differential cross sections
 outbinspectra       n     flagbinspec  flag for output of emission spectrum per excitation bin
 resonance           n     flagres      flag for output of low energy resonance cross sections
 group               n     flaggroup    flag for output of low energy groupwise cross sections
 adddiscrete         y     flagadd      flag for addition of discrete states to spectra
 addelastic          y     flagaddel    flag for addition of elastic peak to spectra
 outangle            n     flagang      flag for output of angular distributions
 outlegendre         n     flaglegendre flag for output of Legendre coefficients
 ddxmode             0     ddxmode      mode for double-differential cross sections
 outdwba             n     flagoutdwba  flag for output of DWBA cross sections for MSD
 outgamdis           n     flaggamdis   flag for output of discrete gamma-ray intensities
 outexcitation       y     flagexc      flag for output of excitation functions
 components          n     flagcompo    flag for output of cross section components
 endf                n     flagendf     flag for information for ENDF-6 file
 endfdetail          y     flagendfdet  flag for detailed ENDF-6 information per channel
 sacs                n     flagsacs     flag for statistical analysis of cross sections
 partable            n     flagpartable flag for output of model parameters on separate file
 block               n     flagblock    flag to block spectra, angle and gamma files

 ########## BASIC REACTION PARAMETERS ##########

 Projectile           : neutron     Mass in a.m.u.      :   1.008665
 Target               : Sn120       Mass in a.m.u.      : 119.902203

 Included channels:
                     gamma   
                     neutron 
                     proton  
                     deuteron
                     triton  
                     helium-3
                     alpha   

    34 incident energies (LAB):

      0.010
      0.020
      0.050
      0.100
      0.200
      0.300
      0.400
      0.500
      0.750
      1.000
      1.500
      2.000
      2.500
      3.000
      3.500
      4.000
      4.500
      5.000
      5.500
      6.000
      7.000
      8.000
      9.000
     10.000
     11.000
     12.000
     13.000
     14.000
     15.000
     16.000
     17.000
     18.000
     19.000
     20.000

 Q-values for binary reactions:

 Q(n,g):  6.17021
 Q(n,n):  0.00000
 Q(n,p): -4.58765
 Q(n,d): -8.46348
 Q(n,t):-10.74804
 Q(n,h):-11.25597
 Q(n,a):  0.96707

 ########## RESULTS FOR E=   0.01000 ##########

 Energy dependent input flags

 Width fluctuations (flagwidth)            : y
 Unresolved resonance parameters (flagurr) : n
 Preequilibrium (flagpreeq)                : n
 Multiple preequilibrium (flagmulpre)      : n
 Number of continuum excitation energy bins: 40

 ########### REACTION SUMMARY FOR E=   0.01000 ###########

 Center-of-mass energy:    0.010

 1. Total (binary) cross sections

 Total           = 6.81698E+03
   Shape elastic   = 4.45504E+03
   Reaction        = 2.36193E+03
     Compound elastic= 2.24460E+03
     Non-elastic     = 1.17329E+02
       Direct          = 0.00000E+00
       Pre-equilibrium = 0.00000E+00
       Compound non-el = 1.17329E+02
     Total elastic   = 6.69964E+03

 2. Binary non-elastic cross sections (non-exclusive)

 gamma   = 1.17263E+02
 neutron = 0.00000E+00
 proton  = 0.00000E+00
 deuteron= 0.00000E+00
 triton  = 0.00000E+00
 helium-3= 0.00000E+00
 alpha   = 0.00000E+00

 3. Total particle production cross sections

 gamma   = 2.43971E+02    Multiplicity= 2.07938E+00
 neutron = 3.23658E-04    Multiplicity= 2.75855E-06
 proton  = 0.00000E+00    Multiplicity= 0.00000E+00
 deuteron= 0.00000E+00    Multiplicity= 0.00000E+00
 triton  = 0.00000E+00    Multiplicity= 0.00000E+00
 helium-3= 0.00000E+00    Multiplicity= 0.00000E+00
 alpha   = 0.00000E+00    Multiplicity= 0.00000E+00

 4. Residual production cross sections

   a. Per isotope

   Z   A  nuclide    total     level   isomeric    isomeric    lifetime
                 cross section       cross section  ratio

   50 121 (121Sn) 1.17263E+02    0    1.13306E+02  0.96626
                                 1    3.95627E+00  0.03374   1.38500E+09 sec. 
   48 117 (117Cd) 1.00000E-07    0    0.00000E+00  0.00000
                                 2    0.00000E+00  0.00000   1.21000E+04 sec. 

   b. Per mass

   A  cross section

  121 1.17263E+02

 Total residual production cross section:   117.2626419
 Non-elastic cross section              :   117.3288574

 ########## RESULTS FOR E=   0.02000 ##########

 Energy dependent input flags

 Width fluctuations (flagwidth)            : y
 Unresolved resonance parameters (flagurr) : n
 Preequilibrium (flagpreeq)                : n
 Multiple preequilibrium (flagmulpre)      : n
 Number of continuum excitation energy bins: 40

 ########### REACTION SUMMARY FOR E=   0.02000 ###########

 Center-of-mass energy:    0.020

 1. Total (binary) cross sections

 Total           = 6.57145E+03
   Shape elastic   = 4.40906E+03
   Reaction        = 2.16239E+03
     Compound elastic= 2.09161E+03
     Non-elastic     = 7.07803E+01
       Direct          = 0.00000E+00
       Pre-equilibrium = 0.00000E+00
       Compound non-el = 7.07803E+01
     Total elastic   = 6.50067E+03

 2. Binary non-elastic cross sections (non-exclusive)

 gamma   = 7.06989E+01
 neutron = 0.00000E+00
 proton  = 0.00000E+00
 deuteron= 0.00000E+00
 triton  = 0.00000E+00
 helium-3= 0.00000E+00
 alpha   = 0.00000E+00

 3. Total particle production cross sections

 gamma   = 1.47396E+02    Multiplicity= 2.08244E+00
 neutron = 3.74063E-04    Multiplicity= 5.28485E-06
 proton  = 0.00000E+00    Multiplicity= 0.00000E+00
 deuteron= 0.00000E+00    Multiplicity= 0.00000E+00
 triton  = 0.00000E+00    Multiplicity= 0.00000E+00
 helium-3= 0.00000E+00    Multiplicity= 0.00000E+00
 alpha   = 0.00000E+00    Multiplicity= 0.00000E+00

 4. Residual production cross sections

   a. Per isotope

   Z   A  nuclide    total     level   isomeric    isomeric    lifetime
                 cross section       cross section  ratio

   50 121 (121Sn) 7.06986E+01    0    6.80562E+01  0.96262
                                 1    2.64240E+00  0.03738   1.38500E+09 sec. 
   48 117 (117Cd) 1.00000E-07    0    0.00000E+00  0.00000
                                 2    0.00000E+00  0.00000   1.21000E+04 sec. 

   b. Per mass

   A  cross section

  121 7.06986E+01

 Total residual production cross section:    70.6985626
 Non-elastic cross section              :    70.7802734

 ########## RESULTS FOR E=   0.05000 ##########

 Energy dependent input flags

 Width fluctuations (flagwidth)            : y
 Unresolved resonance parameters (flagurr) : n
 Preequilibrium (flagpreeq)                : n
 Multiple preequilibrium (flagmulpre)      : n
 Number of continuum excitation energy bins: 40

 ########### REACTION SUMMARY FOR E=   0.05000 ###########

 Center-of-mass energy:    0.050

 1. Total (binary) cross sections

 Total           = 6.46676E+03
   Shape elastic   = 4.39327E+03
   Reaction        = 2.07349E+03
     Compound elastic= 2.03630E+03
     Non-elastic     = 3.71881E+01
       Direct          = 0.00000E+00
       Pre-equilibrium = 0.00000E+00
       Compound non-el = 3.71881E+01
     Total elastic   = 6.42957E+03

 2. Binary non-elastic cross sections (non-exclusive)

 gamma   = 3.70600E+01
 neutron = 0.00000E+00
 proton  = 0.00000E+00
 deuteron= 0.00000E+00
 triton  = 0.00000E+00
 helium-3= 0.00000E+00
 alpha   = 0.00000E+00

 3. Total particle production cross sections

 gamma   = 7.84472E+01    Multiplicity= 2.10947E+00
 neutron = 2.54897E-04    Multiplicity= 6.85425E-06
 proton  = 0.00000E+00    Multiplicity= 0.00000E+00
 deuteron= 0.00000E+00    Multiplicity= 0.00000E+00
 triton  = 0.00000E+00    Multiplicity= 0.00000E+00
 helium-3= 0.00000E+00    Multiplicity= 0.00000E+00
 alpha   = 0.00000E+00    Multiplicity= 0.00000E+00

 4. Residual production cross sections

   a. Per isotope

   Z   A  nuclide    total     level   isomeric    isomeric    lifetime
                 cross section       cross section  ratio

   50 121 (121Sn) 3.70598E+01    0    3.50451E+01  0.94564
                                 1    2.01472E+00  0.05436   1.38500E+09 sec. 
   48 117 (117Cd) 1.00000E-07    0    0.00000E+00  0.00000
                                 2    0.00000E+00  0.00000   1.21000E+04 sec. 

   b. Per mass

   A  cross section

  121 3.70598E+01

 Total residual production cross section:    37.0597801
 Non-elastic cross section              :    37.1881104

 ########## RESULTS FOR E=   0.10000 ##########

 Energy dependent input flags

 Width fluctuations (flagwidth)            : y
 Unresolved resonance parameters (flagurr) : n
 Preequilibrium (flagpreeq)                : n
 Multiple preequilibrium (flagmulpre)      : n
 Number of continuum excitation energy bins: 40

 ########### REACTION SUMMARY FOR E=   0.10000 ###########

 Center-of-mass energy:    0.099

 1. Total (binary) cross sections

 Total           = 6.52383E+03
   Shape elastic   = 4.53603E+03
   Reaction        = 1.98780E+03
     Compound elastic= 1.96007E+03
     Non-elastic     = 2.77339E+01
       Direct          = 0.00000E+00
       Pre-equilibrium = 0.00000E+00
       Compound non-el = 2.77339E+01
     Total elastic   = 6.49610E+03

 2. Binary non-elastic cross sections (non-exclusive)

 gamma   = 2.75531E+01
 neutron = 0.00000E+00
 proton  = 0.00000E+00
 deuteron= 0.00000E+00
 triton  = 0.00000E+00
 helium-3= 0.00000E+00
 alpha   = 0.00000E+00

 3. Total particle production cross sections

 gamma   = 6.01418E+01    Multiplicity= 2.16853E+00
 neutron = 1.81466E-04    Multiplicity= 6.54312E-06
 proton  = 0.00000E+00    Multiplicity= 0.00000E+00
 deuteron= 0.00000E+00    Multiplicity= 0.00000E+00
 triton  = 0.00000E+00    Multiplicity= 0.00000E+00
 helium-3= 0.00000E+00    Multiplicity= 0.00000E+00
 alpha   = 0.00000E+00    Multiplicity= 0.00000E+00

 4. Residual production cross sections

   a. Per isotope

   Z   A  nuclide    total     level   isomeric    isomeric    lifetime
                 cross section       cross section  ratio

   50 121 (121Sn) 2.75529E+01    0    2.50156E+01  0.90791
                                 1    2.53734E+00  0.09209   1.38500E+09 sec. 
   48 117 (117Cd) 1.00000E-07    0    0.00000E+00  0.00000
                                 2    0.00000E+00  0.00000   1.21000E+04 sec. 

   b. Per mass

   A  cross section

  121 2.75529E+01

 Total residual production cross section:    27.5528870
 Non-elastic cross section              :    27.7338867

 ########## RESULTS FOR E=   0.20000 ##########

 Energy dependent input flags

 Width fluctuations (flagwidth)            : y
 Unresolved resonance parameters (flagurr) : n
 Preequilibrium (flagpreeq)                : n
 Multiple preequilibrium (flagmulpre)      : n
 Number of continuum excitation energy bins: 40

 ########### REACTION SUMMARY FOR E=   0.20000 ###########

 Center-of-mass energy:    0.198

 1. Total (binary) cross sections

 Total           = 6.76082E+03
   Shape elastic   = 4.98007E+03
   Reaction        = 1.78076E+03
     Compound elastic= 1.75486E+03
     Non-elastic     = 2.58989E+01
       Direct          = 0.00000E+00
       Pre-equilibrium = 0.00000E+00
       Compound non-el = 2.58989E+01
     Total elastic   = 6.73493E+03

 2. Binary non-elastic cross sections (non-exclusive)

 gamma   = 2.57029E+01
 neutron = 0.00000E+00
 proton  = 0.00000E+00
 deuteron= 0.00000E+00
 triton  = 0.00000E+00
 helium-3= 0.00000E+00
 alpha   = 0.00000E+00

 3. Total particle production cross sections

 gamma   = 5.82714E+01    Multiplicity= 2.24995E+00
 neutron = 2.97777E-03    Multiplicity= 1.14977E-04
 proton  = 0.00000E+00    Multiplicity= 0.00000E+00
 deuteron= 0.00000E+00    Multiplicity= 0.00000E+00
 triton  = 0.00000E+00    Multiplicity= 0.00000E+00
 helium-3= 0.00000E+00    Multiplicity= 0.00000E+00
 alpha   = 0.00000E+00    Multiplicity= 0.00000E+00

 4. Residual production cross sections

   a. Per isotope

   Z   A  nuclide    total     level   isomeric    isomeric    lifetime
                 cross section       cross section  ratio

   50 121 (121Sn) 2.56999E+01    0    2.19932E+01  0.85577
                                 1    3.70667E+00  0.14423   1.38500E+09 sec. 
   50 120 (120Sn) 2.97777E-03    0    2.97777E-03  1.00000
   48 117 (117Cd) 1.00000E-07    0    0.00000E+00  0.00000
                                 2    0.00000E+00  0.00000   1.21000E+04 sec. 

   b. Per mass

   A  cross section

  121 2.56999E+01
  120 2.97777E-03

 Total residual production cross section:    25.7028580
 Non-elastic cross section              :    25.8989258

 ########## RESULTS FOR E=   0.30000 ##########

 Energy dependent input flags

 Width fluctuations (flagwidth)            : y
 Unresolved resonance parameters (flagurr) : n
 Preequilibrium (flagpreeq)                : n
 Multiple preequilibrium (flagmulpre)      : n
 Number of continuum excitation energy bins: 40

 ########### REACTION SUMMARY FOR E=   0.30000 ###########

 Center-of-mass energy:    0.297

 1. Total (binary) cross sections

 Total           = 7.00801E+03
   Shape elastic   = 5.39002E+03
   Reaction        = 1.61799E+03
     Compound elastic= 1.59227E+03
     Non-elastic     = 2.57178E+01
       Direct          = 0.00000E+00
       Pre-equilibrium = 0.00000E+00
       Compound non-el = 2.57178E+01
     Total elastic   = 6.98229E+03

 2. Binary non-elastic cross sections (non-exclusive)

 gamma   = 2.55424E+01
 neutron = 0.00000E+00
 proton  = 0.00000E+00
 deuteron= 0.00000E+00
 triton  = 0.00000E+00
 helium-3= 0.00000E+00
 alpha   = 0.00000E+00

 3. Total particle production cross sections

 gamma   = 5.91862E+01    Multiplicity= 2.30138E+00
 neutron = 1.18166E-02    Multiplicity= 4.59473E-04
 proton  = 0.00000E+00    Multiplicity= 0.00000E+00
 deuteron= 0.00000E+00    Multiplicity= 0.00000E+00
 triton  = 0.00000E+00    Multiplicity= 0.00000E+00
 helium-3= 0.00000E+00    Multiplicity= 0.00000E+00
 alpha   = 0.00000E+00    Multiplicity= 0.00000E+00

 4. Residual production cross sections

   a. Per isotope

   Z   A  nuclide    total     level   isomeric    isomeric    lifetime
                 cross section       cross section  ratio

   50 121 (121Sn) 2.55306E+01    0    2.11023E+01  0.82655
                                 1    4.42831E+00  0.17345   1.38500E+09 sec. 
   50 120 (120Sn) 1.18166E-02    0    1.18166E-02  1.00000
   48 117 (117Cd) 1.00000E-07    0    0.00000E+00  0.00000
                                 2    0.00000E+00  0.00000   1.21000E+04 sec. 

   b. Per mass

   A  cross section

  121 2.55306E+01
  120 1.18166E-02

 Total residual production cross section:    25.5424213
 Non-elastic cross section              :    25.7177734

 ########## RESULTS FOR E=   0.40000 ##########

 Energy dependent input flags

 Width fluctuations (flagwidth)            : y
 Unresolved resonance parameters (flagurr) : n
 Preequilibrium (flagpreeq)                : n
 Multiple preequilibrium (flagmulpre)      : n
 Number of continuum excitation energy bins: 40

 ########### REACTION SUMMARY FOR E=   0.40000 ###########

 Center-of-mass energy:    0.397

 1. Total (binary) cross sections

 Total           = 7.21245E+03
   Shape elastic   = 5.70080E+03
   Reaction        = 1.51165E+03
     Compound elastic= 1.48594E+03
     Non-elastic     = 2.57056E+01
       Direct          = 0.00000E+00
       Pre-equilibrium = 0.00000E+00
       Compound non-el = 2.57056E+01
     Total elastic   = 7.18674E+03

 2. Binary non-elastic cross sections (non-exclusive)

 gamma   = 2.55540E+01
 neutron = 0.00000E+00
 proton  = 0.00000E+00
 deuteron= 0.00000E+00
 triton  = 0.00000E+00
 helium-3= 0.00000E+00
 alpha   = 0.00000E+00

 3. Total particle production cross sections

 gamma   = 6.02102E+01    Multiplicity= 2.34230E+00
 neutron = 1.77778E-02    Multiplicity= 6.91595E-04
 proton  = 0.00000E+00    Multiplicity= 0.00000E+00
 deuteron= 0.00000E+00    Multiplicity= 0.00000E+00
 triton  = 0.00000E+00    Multiplicity= 0.00000E+00
 helium-3= 0.00000E+00    Multiplicity= 0.00000E+00
 alpha   = 0.00000E+00    Multiplicity= 0.00000E+00

 4. Residual production cross sections

   a. Per isotope

   Z   A  nuclide    total     level   isomeric    isomeric    lifetime
                 cross section       cross section  ratio

   50 121 (121Sn) 2.55362E+01    0    2.06072E+01  0.80698
                                 1    4.92903E+00  0.19302   1.38500E+09 sec. 
   50 120 (120Sn) 1.77778E-02    0    1.77778E-02  1.00000
   48 117 (117Cd) 1.00000E-07    0    0.00000E+00  0.00000
                                 2    0.00000E+00  0.00000   1.21000E+04 sec. 

   b. Per mass

   A  cross section

  121 2.55362E+01
  120 1.77778E-02

 Total residual production cross section:    25.5540257
 Non-elastic cross section              :    25.7055664

 ########## RESULTS FOR E=   0.50000 ##########

 Energy dependent input flags

 Width fluctuations (flagwidth)            : y
 Unresolved resonance parameters (flagurr) : n
 Preequilibrium (flagpreeq)                : n
 Multiple preequilibrium (flagmulpre)      : n
 Number of continuum excitation energy bins: 40

 ########### REACTION SUMMARY FOR E=   0.50000 ###########

 Center-of-mass energy:    0.496

 1. Total (binary) cross sections

 Total           = 7.35929E+03
   Shape elastic   = 5.91117E+03
   Reaction        = 1.44813E+03
     Compound elastic= 1.42216E+03
     Non-elastic     = 2.59749E+01
       Direct          = 0.00000E+00
       Pre-equilibrium = 0.00000E+00
       Compound non-el = 2.59749E+01
     Total elastic   = 7.33333E+03

 2. Binary non-elastic cross sections (non-exclusive)

 gamma   = 2.58445E+01
 neutron = 0.00000E+00
 proton  = 0.00000E+00
 deuteron= 0.00000E+00
 triton  = 0.00000E+00
 helium-3= 0.00000E+00
 alpha   = 0.00000E+00

 3. Total particle production cross sections

 gamma   = 6.17279E+01    Multiplicity= 2.37645E+00
 neutron = 4.87380E-02    Multiplicity= 1.87635E-03
 proton  = 0.00000E+00    Multiplicity= 0.00000E+00
 deuteron= 0.00000E+00    Multiplicity= 0.00000E+00
 triton  = 0.00000E+00    Multiplicity= 0.00000E+00
 helium-3= 0.00000E+00    Multiplicity= 0.00000E+00
 alpha   = 0.00000E+00    Multiplicity= 0.00000E+00

 4. Residual production cross sections

   a. Per isotope

   Z   A  nuclide    total     level   isomeric    isomeric    lifetime
                 cross section       cross section  ratio

   50 121 (121Sn) 2.57958E+01    0    2.04233E+01  0.79173
                                 1    5.37244E+00  0.20827   1.38500E+09 sec. 
   50 120 (120Sn) 4.87380E-02    0    4.87380E-02  1.00000
   48 117 (117Cd) 1.00000E-07    0    0.00000E+00  0.00000
                                 2    0.00000E+00  0.00000   1.21000E+04 sec. 

   b. Per mass

   A  cross section

  121 2.57958E+01
  120 4.87380E-02

 Total residual production cross section:    25.8445072
 Non-elastic cross section              :    25.9748535

 ########## RESULTS FOR E=   0.75000 ##########

 Energy dependent input flags

 Width fluctuations (flagwidth)            : y
 Unresolved resonance parameters (flagurr) : n
 Preequilibrium (flagpreeq)                : n
 Multiple preequilibrium (flagmulpre)      : n
 Number of continuum excitation energy bins: 40

 ########### REACTION SUMMARY FOR E=   0.75000 ###########

 Center-of-mass energy:    0.744

 1. Total (binary) cross sections

 Total           = 7.48093E+03
   Shape elastic   = 6.09045E+03
   Reaction        = 1.39048E+03
     Compound elastic= 1.36223E+03
     Non-elastic     = 2.82484E+01
       Direct          = 0.00000E+00
       Pre-equilibrium = 0.00000E+00
       Compound non-el = 2.82484E+01
     Total elastic   = 7.45268E+03

 2. Binary non-elastic cross sections (non-exclusive)

 gamma   = 2.81581E+01
 neutron = 0.00000E+00
 proton  = 0.00000E+00
 deuteron= 0.00000E+00
 triton  = 0.00000E+00
 helium-3= 0.00000E+00
 alpha   = 0.00000E+00

 3. Total particle production cross sections

 gamma   = 6.91508E+01    Multiplicity= 2.44795E+00
 neutron = 2.02727E-01    Multiplicity= 7.17660E-03
 proton  = 0.00000E+00    Multiplicity= 0.00000E+00
 deuteron= 0.00000E+00    Multiplicity= 0.00000E+00
 triton  = 0.00000E+00    Multiplicity= 0.00000E+00
 helium-3= 0.00000E+00    Multiplicity= 0.00000E+00
 alpha   = 0.00000E+00    Multiplicity= 0.00000E+00

 4. Residual production cross sections

   a. Per isotope

   Z   A  nuclide    total     level   isomeric    isomeric    lifetime
                 cross section       cross section  ratio

   50 121 (121Sn) 2.79553E+01    0    2.12198E+01  0.75906
                                 1    6.73549E+00  0.24094   1.38500E+09 sec. 
   50 120 (120Sn) 2.02727E-01    0    2.02727E-01  1.00000
   48 117 (117Cd) 1.00000E-07    0    0.00000E+00  0.00000
                                 2    0.00000E+00  0.00000   1.21000E+04 sec. 

   b. Per mass

   A  cross section

  121 2.79553E+01
  120 2.02727E-01

 Total residual production cross section:    28.1580582
 Non-elastic cross section              :    28.2484131

 ########## RESULTS FOR E=   1.00000 ##########

 Energy dependent input flags

 Width fluctuations (flagwidth)            : y
 Unresolved resonance parameters (flagurr) : n
 Preequilibrium (flagpreeq)                : n
 Multiple preequilibrium (flagmulpre)      : n
 Number of continuum excitation energy bins: 40

 ########### REACTION SUMMARY FOR E=   1.00000 ###########

 Center-of-mass energy:    0.992

 1. Total (binary) cross sections

 Total           = 7.32862E+03
   Shape elastic   = 5.94221E+03
   Reaction        = 1.38640E+03
     Compound elastic= 1.35344E+03
     Non-elastic     = 3.29645E+01
       Direct          = 0.00000E+00
       Pre-equilibrium = 0.00000E+00
       Compound non-el = 3.29645E+01
     Total elastic   = 7.29565E+03

 2. Binary non-elastic cross sections (non-exclusive)

 gamma   = 3.29014E+01
 neutron = 0.00000E+00
 proton  = 0.00000E+00
 deuteron= 0.00000E+00
 triton  = 0.00000E+00
 helium-3= 0.00000E+00
 alpha   = 0.00000E+00

 3. Total particle production cross sections

 gamma   = 8.25759E+01    Multiplicity= 2.50500E+00
 neutron = 5.56503E-01    Multiplicity= 1.68819E-02
 proton  = 0.00000E+00    Multiplicity= 0.00000E+00
 deuteron= 0.00000E+00    Multiplicity= 0.00000E+00
 triton  = 0.00000E+00    Multiplicity= 0.00000E+00
 helium-3= 0.00000E+00    Multiplicity= 0.00000E+00
 alpha   = 0.00000E+00    Multiplicity= 0.00000E+00

 4. Residual production cross sections

   a. Per isotope

   Z   A  nuclide    total     level   isomeric    isomeric    lifetime
                 cross section       cross section  ratio

   50 121 (121Sn) 3.23449E+01    0    2.34937E+01  0.72635
                                 1    8.85118E+00  0.27365   1.38500E+09 sec. 
   50 120 (120Sn) 5.56503E-01    0    5.56503E-01  1.00000
   48 117 (117Cd) 1.00000E-07    0    0.00000E+00  0.00000
                                 2    0.00000E+00  0.00000   1.21000E+04 sec. 

   b. Per mass

   A  cross section

  121 3.23449E+01
  120 5.56503E-01

 Total residual production cross section:    32.9013634
 Non-elastic cross section              :    32.9644775

 ########## RESULTS FOR E=   1.50000 ##########

 Energy dependent input flags

 Width fluctuations (flagwidth)            : y
 Unresolved resonance parameters (flagurr) : n
 Preequilibrium (flagpreeq)                : n
 Multiple preequilibrium (flagmulpre)      : n
 Number of continuum excitation energy bins: 40

 ########### REACTION SUMMARY FOR E=   1.50000 ###########

 Center-of-mass energy:    1.487

 1. Total (binary) cross sections

 Total           = 6.61413E+03
   Shape elastic   = 5.20462E+03
   Reaction        = 1.40952E+03
     Compound elastic= 9.63399E+02
     Non-elastic     = 4.46121E+02
       Direct          = 2.45833E+01
       Pre-equilibrium = 0.00000E+00
       Compound non-el = 4.21538E+02
     Total elastic   = 6.16802E+03

 2. Binary non-elastic cross sections (non-exclusive)

 gamma   = 2.70830E+01
 neutron = 4.19035E+02
 proton  = 0.00000E+00
 deuteron= 0.00000E+00
 triton  = 0.00000E+00
 helium-3= 0.00000E+00
 alpha   = 0.00000E+00

 3. Total particle production cross sections

 gamma   = 7.02391E+01    Multiplicity= 1.57444E-01
 neutron = 4.20289E+02    Multiplicity= 9.42095E-01
 proton  = 0.00000E+00    Multiplicity= 0.00000E+00
 deuteron= 0.00000E+00    Multiplicity= 0.00000E+00
 triton  = 0.00000E+00    Multiplicity= 0.00000E+00
 helium-3= 0.00000E+00    Multiplicity= 0.00000E+00
 alpha   = 0.00000E+00    Multiplicity= 0.00000E+00

 4. Residual production cross sections

   a. Per isotope

   Z   A  nuclide    total     level   isomeric    isomeric    lifetime
                 cross section       cross section  ratio

   50 121 (121Sn) 2.58296E+01    0    1.66530E+01  0.64473
                                 1    9.17660E+00  0.35527   1.38500E+09 sec. 
   50 120 (120Sn) 4.20289E+02    0    4.20289E+02  1.00000
   48 117 (117Cd) 1.00000E-07    0    0.00000E+00  0.00000
                                 2    0.00000E+00  0.00000   1.21000E+04 sec. 

   b. Per mass

   A  cross section

  121 2.58296E+01
  120 4.20289E+02

 Total residual production cross section:   446.1183167
 Non-elastic cross section              :   446.1214600

 ########## RESULTS FOR E=   2.00000 ##########

 Energy dependent input flags

 Width fluctuations (flagwidth)            : y
 Unresolved resonance parameters (flagurr) : n
 Preequilibrium (flagpreeq)                : n
 Multiple preequilibrium (flagmulpre)      : n
 Number of continuum excitation energy bins: 40

 ########### REACTION SUMMARY FOR E=   2.00000 ###########

 Center-of-mass energy:    1.983

 1. Total (binary) cross sections

 Total           = 5.76580E+03
   Shape elastic   = 4.32493E+03
   Reaction        = 1.44087E+03
     Compound elastic= 8.05902E+02
     Non-elastic     = 6.34968E+02
       Direct          = 4.10275E+01
       Pre-equilibrium = 0.00000E+00
       Compound non-el = 5.93941E+02
     Total elastic   = 5.13083E+03

 2. Binary non-elastic cross sections (non-exclusive)

 gamma   = 3.44038E+01
 neutron = 6.00564E+02
 proton  = 0.00000E+00
 deuteron= 0.00000E+00
 triton  = 0.00000E+00
 helium-3= 0.00000E+00
 alpha   = 0.00000E+00

 3. Total particle production cross sections

 gamma   = 9.02880E+01    Multiplicity= 1.42193E-01
 neutron = 6.03717E+02    Multiplicity= 9.50783E-01
 proton  = 0.00000E+00    Multiplicity= 0.00000E+00
 deuteron= 0.00000E+00    Multiplicity= 0.00000E+00
 triton  = 0.00000E+00    Multiplicity= 0.00000E+00
 helium-3= 0.00000E+00    Multiplicity= 0.00000E+00
 alpha   = 0.00000E+00    Multiplicity= 0.00000E+00

 4. Residual production cross sections

   a. Per isotope

   Z   A  nuclide    total     level   isomeric    isomeric    lifetime
                 cross section       cross section  ratio

   50 121 (121Sn) 3.12509E+01    0    1.86050E+01  0.59534
                                 1    1.26459E+01  0.40466   1.38500E+09 sec. 
   50 120 (120Sn) 6.03717E+02    0    6.03717E+02  1.00000
   48 117 (117Cd) 1.00000E-07    0    0.00000E+00  0.00000
                                 2    0.00000E+00  0.00000   1.21000E+04 sec. 

   b. Per mass

   A  cross section

  121 3.12509E+01
  120 6.03717E+02

 Total residual production cross section:   634.9679565
 Non-elastic cross section              :   634.9682617

 ########## RESULTS FOR E=   2.50000 ##########

 Energy dependent input flags

 Width fluctuations (flagwidth)            : y
 Unresolved resonance parameters (flagurr) : n
 Preequilibrium (flagpreeq)                : n
 Multiple preequilibrium (flagmulpre)      : n
 Number of continuum excitation energy bins: 40

 ########### REACTION SUMMARY FOR E=   2.50000 ###########

 Center-of-mass energy:    2.479

 1. Total (binary) cross sections

 Total           = 5.01432E+03
   Shape elastic   = 3.53099E+03
   Reaction        = 1.48333E+03
     Compound elastic= 4.55938E+02
     Non-elastic     = 1.02739E+03
       Direct          = 5.56662E+01
       Pre-equilibrium = 0.00000E+00
       Compound non-el = 9.71726E+02
     Total elastic   = 3.98693E+03

 2. Binary non-elastic cross sections (non-exclusive)

 gamma   = 2.33021E+01
 neutron = 1.00409E+03
 proton  = 0.00000E+00
 deuteron= 0.00000E+00
 triton  = 0.00000E+00
 helium-3= 0.00000E+00
 alpha   = 0.00000E+00

 3. Total particle production cross sections

 gamma   = 5.93470E+01    Multiplicity= 5.77647E-02
 neutron = 1.00794E+03    Multiplicity= 9.81067E-01
 proton  = 0.00000E+00    Multiplicity= 0.00000E+00
 deuteron= 0.00000E+00    Multiplicity= 0.00000E+00
 triton  = 0.00000E+00    Multiplicity= 0.00000E+00
 helium-3= 0.00000E+00    Multiplicity= 0.00000E+00
 alpha   = 0.00000E+00    Multiplicity= 0.00000E+00

 4. Residual production cross sections

   a. Per isotope

   Z   A  nuclide    total     level   isomeric    isomeric    lifetime
                 cross section       cross section  ratio

   50 121 (121Sn) 1.94521E+01    0    1.20615E+01  0.62006
                                 1    7.39056E+00  0.37994   1.38500E+09 sec. 
   50 120 (120Sn) 1.00794E+03    0    1.00794E+03  1.00000
   48 117 (117Cd) 1.00000E-07    0    0.00000E+00  0.00000
                                 2    0.00000E+00  0.00000   1.21000E+04 sec. 

   b. Per mass

   A  cross section

  121 1.94521E+01
  120 1.00794E+03

 Total residual production cross section:  1027.3922119
 Non-elastic cross section              :  1027.3922119

 ########## RESULTS FOR E=   3.00000 ##########

 Energy dependent input flags

 Width fluctuations (flagwidth)            : y
 Unresolved resonance parameters (flagurr) : n
 Preequilibrium (flagpreeq)                : y
 Multiple preequilibrium (flagmulpre)      : n
 Number of continuum excitation energy bins: 40

 ########### REACTION SUMMARY FOR E=   3.00000 ###########

 Center-of-mass energy:    2.975

 1. Total (binary) cross sections

 Total           = 4.45372E+03
   Shape elastic   = 2.89790E+03
   Reaction        = 1.55582E+03
     Compound elastic= 2.37793E+02
     Non-elastic     = 1.31803E+03
       Direct          = 8.36623E+01
       Pre-equilibrium = 7.73268E-01
       Giant resonance = 9.87259E-02
       Compound non-el = 1.23349E+03
     Total elastic   = 3.13569E+03

 2. Binary non-elastic cross sections (non-exclusive)

 gamma   = 1.78413E+01
 neutron = 1.30019E+03
 proton  = 0.00000E+00
 deuteron= 0.00000E+00
 triton  = 0.00000E+00
 helium-3= 0.00000E+00
 alpha   = 1.38244E-26

 3. Total particle production cross sections

 gamma   = 1.83214E+02    Multiplicity= 1.39006E-01
 neutron = 1.30465E+03    Multiplicity= 9.89852E-01
 proton  = 0.00000E+00    Multiplicity= 0.00000E+00
 deuteron= 0.00000E+00    Multiplicity= 0.00000E+00
 triton  = 0.00000E+00    Multiplicity= 0.00000E+00
 helium-3= 0.00000E+00    Multiplicity= 0.00000E+00
 alpha   = 1.38244E-26    Multiplicity= 1.04887E-29

 4. Residual production cross sections

   a. Per isotope

   Z   A  nuclide    total     level   isomeric    isomeric    lifetime
                 cross section       cross section  ratio

   50 121 (121Sn) 1.33768E+01    0    8.46729E+00  0.63298
                                 1    4.90951E+00  0.36702   1.38500E+09 sec. 
   50 120 (120Sn) 1.30465E+03    0    1.30465E+03  1.00000
   48 117 (117Cd) 1.00000E-07    0    0.00000E+00  0.00000
                                 2    0.00000E+00  0.00000   1.21000E+04 sec. 

   b. Per mass

   A  cross section

  121 1.33768E+01
  120 1.30465E+03

 Total residual production cross section:  1318.0314941
 Non-elastic cross section              :  1318.0274658

 ########## RESULTS FOR E=   3.50000 ##########

 Energy dependent input flags

 Width fluctuations (flagwidth)            : y
 Unresolved resonance parameters (flagurr) : n
 Preequilibrium (flagpreeq)                : y
 Multiple preequilibrium (flagmulpre)      : n
 Number of continuum excitation energy bins: 40

 ########### REACTION SUMMARY FOR E=   3.50000 ###########

 Center-of-mass energy:    3.471

 1. Total (binary) cross sections

 Total           = 4.11915E+03
   Shape elastic   = 2.44426E+03
   Reaction        = 1.67489E+03
     Compound elastic= 1.16227E+02
     Non-elastic     = 1.55866E+03
       Direct          = 1.00332E+02
       Pre-equilibrium = 5.76122E+00
       Giant resonance = 2.52293E+00
       Compound non-el = 1.45005E+03
     Total elastic   = 2.56049E+03

 2. Binary non-elastic cross sections (non-exclusive)

 gamma   = 1.52109E+01
 neutron = 1.54346E+03
 proton  = 0.00000E+00
 deuteron= 0.00000E+00
 triton  = 0.00000E+00
 helium-3= 0.00000E+00
 alpha   = 3.51206E-23

 3. Total particle production cross sections

 gamma   = 6.83207E+02    Multiplicity= 4.38329E-01
 neutron = 1.54847E+03    Multiplicity= 9.93459E-01
 proton  = 0.00000E+00    Multiplicity= 0.00000E+00
 deuteron= 0.00000E+00    Multiplicity= 0.00000E+00
 triton  = 0.00000E+00    Multiplicity= 0.00000E+00
 helium-3= 0.00000E+00    Multiplicity= 0.00000E+00
 alpha   = 3.51206E-23    Multiplicity= 2.25325E-26

 4. Residual production cross sections

   a. Per isotope

   Z   A  nuclide    total     level   isomeric    isomeric    lifetime
                 cross section       cross section  ratio

   50 121 (121Sn) 1.01990E+01    0    5.90107E+00  0.57860
                                 1    4.29789E+00  0.42140   1.38500E+09 sec. 
   50 120 (120Sn) 1.54847E+03    0    1.54847E+03  1.00000
   48 117 (117Cd) 1.00000E-07    0    0.00000E+00  0.00000
                                 2    0.00000E+00  0.00000   1.21000E+04 sec. 

   b. Per mass

   A  cross section

  121 1.01990E+01
  120 1.54847E+03

 Total residual production cross section:  1558.6690674
 Non-elastic cross section              :  1558.6625977

 ########## RESULTS FOR E=   4.00000 ##########

 Energy dependent input flags

 Width fluctuations (flagwidth)            : y
 Unresolved resonance parameters (flagurr) : n
 Preequilibrium (flagpreeq)                : y
 Multiple preequilibrium (flagmulpre)      : n
 Number of continuum excitation energy bins: 40

 ########### REACTION SUMMARY FOR E=   4.00000 ###########

 Center-of-mass energy:    3.967

 1. Total (binary) cross sections

 Total           = 3.99675E+03
   Shape elastic   = 2.16519E+03
   Reaction        = 1.83155E+03
     Compound elastic= 6.37205E+01
     Non-elastic     = 1.76783E+03
       Direct          = 1.13323E+02
       Pre-equilibrium = 1.35938E+01
       Giant resonance = 4.22743E+00
       Compound non-el = 1.63669E+03
     Total elastic   = 2.22891E+03

 2. Binary non-elastic cross sections (non-exclusive)

 gamma   = 1.43905E+01
 neutron = 1.75344E+03
 proton  = 0.00000E+00
 deuteron= 0.00000E+00
 triton  = 0.00000E+00
 helium-3= 0.00000E+00
 alpha   = 1.18237E-19

 3. Total particle production cross sections

 gamma   = 1.18991E+03    Multiplicity= 6.73088E-01
 neutron = 1.75918E+03    Multiplicity= 9.95106E-01
 proton  = 0.00000E+00    Multiplicity= 0.00000E+00
 deuteron= 0.00000E+00    Multiplicity= 0.00000E+00
 triton  = 0.00000E+00    Multiplicity= 0.00000E+00
 helium-3= 0.00000E+00    Multiplicity= 0.00000E+00
 alpha   = 1.18237E-19    Multiplicity= 6.68824E-23

 4. Residual production cross sections

   a. Per isotope

   Z   A  nuclide    total     level   isomeric    isomeric    lifetime
                 cross section       cross section  ratio

   50 121 (121Sn) 8.65558E+00    0    4.55720E+00  0.52650
                                 1    4.09838E+00  0.47350   1.38500E+09 sec. 
   50 120 (120Sn) 1.75918E+03    0    1.75918E+03  1.00000
   48 117 (117Cd) 1.00000E-07    0    0.00000E+00  0.00000
                                 2    0.00000E+00  0.00000   1.21000E+04 sec. 

   b. Per mass

   A  cross section

  121 8.65558E+00
  120 1.75918E+03

 Total residual production cross section:  1767.8386230
 Non-elastic cross section              :  1767.8295898

 ########## RESULTS FOR E=   4.50000 ##########

 Energy dependent input flags

 Width fluctuations (flagwidth)            : y
 Unresolved resonance parameters (flagurr) : n
 Preequilibrium (flagpreeq)                : y
 Multiple preequilibrium (flagmulpre)      : n
 Number of continuum excitation energy bins: 40

 ########### REACTION SUMMARY FOR E=   4.50000 ###########

 Center-of-mass energy:    4.462

 1. Total (binary) cross sections

 Total           = 4.01637E+03
   Shape elastic   = 2.03419E+03
   Reaction        = 1.98218E+03
     Compound elastic= 3.69507E+01
     Non-elastic     = 1.94523E+03
       Direct          = 1.22519E+02
       Pre-equilibrium = 2.33260E+01
       Giant resonance = 5.76109E+00
       Compound non-el = 1.79362E+03
     Total elastic   = 2.07114E+03

 2. Binary non-elastic cross sections (non-exclusive)

 gamma   = 1.40479E+01
 neutron = 1.93119E+03
 proton  = 0.00000E+00
 deuteron= 0.00000E+00
 triton  = 0.00000E+00
 helium-3= 0.00000E+00
 alpha   = 2.86035E-17

 3. Total particle production cross sections

 gamma   = 1.69076E+03    Multiplicity= 8.69183E-01
 neutron = 1.93776E+03    Multiplicity= 9.96160E-01
 proton  = 0.00000E+00    Multiplicity= 0.00000E+00
 deuteron= 0.00000E+00    Multiplicity= 0.00000E+00
 triton  = 0.00000E+00    Multiplicity= 0.00000E+00
 helium-3= 0.00000E+00    Multiplicity= 0.00000E+00
 alpha   = 2.86035E-17    Multiplicity= 1.47044E-20

 4. Residual production cross sections

   a. Per isotope

   Z   A  nuclide    total     level   isomeric    isomeric    lifetime
                 cross section       cross section  ratio

   50 121 (121Sn) 7.47497E+00    0    3.63776E+00  0.48666
                                 1    3.83721E+00  0.51334   1.38500E+09 sec. 
   50 120 (120Sn) 1.93777E+03    0    1.93777E+03  1.00000
   48 117 (117Cd) 1.00000E-07    0    0.00000E+00  0.00000
                                 2    0.00000E+00  0.00000   1.21000E+04 sec. 

   b. Per mass

   A  cross section

  121 7.47497E+00
  120 1.93777E+03

 Total residual production cross section:  1945.2430420
 Non-elastic cross section              :  1945.2293701

 ########## RESULTS FOR E=   5.00000 ##########

 Energy dependent input flags

 Width fluctuations (flagwidth)            : y
 Unresolved resonance parameters (flagurr) : n
 Preequilibrium (flagpreeq)                : y
 Multiple preequilibrium (flagmulpre)      : n
 Number of continuum excitation energy bins: 40

 ########### REACTION SUMMARY FOR E=   5.00000 ###########

 Center-of-mass energy:    4.958

 1. Total (binary) cross sections

 Total           = 4.08711E+03
   Shape elastic   = 2.00466E+03
   Reaction        = 2.08244E+03
     Compound elastic= 2.08659E+01
     Non-elastic     = 2.06157E+03
       Direct          = 1.28031E+02
       Pre-equilibrium = 3.32559E+01
       Giant resonance = 6.87926E+00
       Compound non-el = 1.89341E+03
     Total elastic   = 2.02553E+03

 2. Binary non-elastic cross sections (non-exclusive)

 gamma   = 1.35364E+01
 neutron = 2.04804E+03
 proton  = 0.00000E+00
 deuteron= 0.00000E+00
 triton  = 0.00000E+00
 helium-3= 0.00000E+00
 alpha   = 4.37607E-15

 3. Total particle production cross sections

 gamma   = 2.14633E+03    Multiplicity= 1.04111E+00
 neutron = 2.05531E+03    Multiplicity= 9.96963E-01
 proton  = 0.00000E+00    Multiplicity= 0.00000E+00
 deuteron= 0.00000E+00    Multiplicity= 0.00000E+00
 triton  = 0.00000E+00    Multiplicity= 0.00000E+00
 helium-3= 0.00000E+00    Multiplicity= 0.00000E+00
 alpha   = 4.37607E-15    Multiplicity= 2.12269E-18

 4. Residual production cross sections

   a. Per isotope

   Z   A  nuclide    total     level   isomeric    isomeric    lifetime
                 cross section       cross section  ratio

   50 121 (121Sn) 6.26325E+00    0    2.88704E+00  0.46095
                                 1    3.37621E+00  0.53905   1.38500E+09 sec. 
   50 120 (120Sn) 2.05532E+03    0    2.05532E+03  1.00000
   48 117 (117Cd) 1.00000E-07    0    0.00000E+00  0.00000
                                 2    0.00000E+00  0.00000   1.21000E+04 sec. 

   b. Per mass

   A  cross section

  121 6.26325E+00
  120 2.05532E+03

 Total residual production cross section:  2061.5832520
 Non-elastic cross section              :  2061.5739746

 ########## RESULTS FOR E=   5.50000 ##########

 Energy dependent input flags

 Width fluctuations (flagwidth)            : y
 Unresolved resonance parameters (flagurr) : n
 Preequilibrium (flagpreeq)                : y
 Multiple preequilibrium (flagmulpre)      : n
 Number of continuum excitation energy bins: 40

 ########### REACTION SUMMARY FOR E=   5.50000 ###########

 Center-of-mass energy:    5.454

 1. Total (binary) cross sections

 Total           = 4.15525E+03
   Shape elastic   = 2.03114E+03
   Reaction        = 2.12411E+03
     Compound elastic= 1.11496E+01
     Non-elastic     = 2.11296E+03
       Direct          = 1.30280E+02
       Pre-equilibrium = 4.57382E+01
       Giant resonance = 7.59585E+00
       Compound non-el = 1.92935E+03
     Total elastic   = 2.04229E+03

 2. Binary non-elastic cross sections (non-exclusive)

 gamma   = 1.26888E+01
 neutron = 2.10027E+03
 proton  = 1.02063E-31
 deuteron= 0.00000E+00
 triton  = 0.00000E+00
 helium-3= 0.00000E+00
 alpha   = 2.36385E-13

 3. Total particle production cross sections

 gamma   = 2.52779E+03    Multiplicity= 1.19632E+00
 neutron = 2.10791E+03    Multiplicity= 9.97609E-01
 proton  = 1.02063E-31    Multiplicity= 4.83035E-35
 deuteron= 0.00000E+00    Multiplicity= 0.00000E+00
 triton  = 0.00000E+00    Multiplicity= 0.00000E+00
 helium-3= 0.00000E+00    Multiplicity= 0.00000E+00
 alpha   = 2.36385E-13    Multiplicity= 1.11874E-16

 4. Residual production cross sections

   a. Per isotope

   Z   A  nuclide    total     level   isomeric    isomeric    lifetime
                 cross section       cross section  ratio

   50 121 (121Sn) 5.05619E+00    0    2.24353E+00  0.44372
                                 1    2.81267E+00  0.55628   1.38500E+09 sec. 
   50 120 (120Sn) 2.10792E+03    0    2.10792E+03  1.00000
   48 117 (117Cd) 1.00000E-07    0    0.00000E+00  0.00000
                                 2    0.00000E+00  0.00000   1.21000E+04 sec. 

   b. Per mass

   A  cross section

  121 5.05619E+00
  120 2.10792E+03

 Total residual production cross section:  2112.9770508
 Non-elastic cross section              :  2112.9604492

 ########## RESULTS FOR E=   6.00000 ##########

 Energy dependent input flags

 Width fluctuations (flagwidth)            : y
 Unresolved resonance parameters (flagurr) : n
 Preequilibrium (flagpreeq)                : y
 Multiple preequilibrium (flagmulpre)      : n
 Number of continuum excitation energy bins: 40

 ########### REACTION SUMMARY FOR E=   6.00000 ###########

 Center-of-mass energy:    5.950

 1. Total (binary) cross sections

 Total           = 4.20875E+03
   Shape elastic   = 2.08409E+03
   Reaction        = 2.12466E+03
     Compound elastic= 5.72714E+00
     Non-elastic     = 2.11893E+03
       Direct          = 1.29825E+02
       Pre-equilibrium = 5.56387E+01
       Giant resonance = 8.09746E+00
       Compound non-el = 1.92537E+03
     Total elastic   = 2.08982E+03

 2. Binary non-elastic cross sections (non-exclusive)

 gamma   = 1.16628E+01
 neutron = 2.10727E+03
 proton  = 9.31313E-17
 deuteron= 0.00000E+00
 triton  = 0.00000E+00
 helium-3= 0.00000E+00
 alpha   = 7.05385E-12

 3. Total particle production cross sections

 gamma   = 2.84483E+03    Multiplicity= 1.34258E+00
 neutron = 2.11496E+03    Multiplicity= 9.98123E-01
 proton  = 9.31313E-17    Multiplicity= 4.39520E-20
 deuteron= 0.00000E+00    Multiplicity= 0.00000E+00
 triton  = 0.00000E+00    Multiplicity= 0.00000E+00
 helium-3= 0.00000E+00    Multiplicity= 0.00000E+00
 alpha   = 7.05385E-12    Multiplicity= 3.32896E-15

 4. Residual production cross sections

   a. Per isotope

   Z   A  nuclide    total     level   isomeric    isomeric    lifetime
                 cross section       cross section  ratio

   50 121 (121Sn) 3.98008E+00    0    1.71568E+00  0.43107
                                 1    2.26440E+00  0.56893   1.38500E+09 sec. 
   50 120 (120Sn) 2.11498E+03    0    2.11498E+03  1.00000
   48 117 (117Cd) 1.00000E-07    0    0.00000E+00  0.00000
                                 2    0.00000E+00  0.00000   1.21000E+04 sec. 

   b. Per mass

   A  cross section

  121 3.98008E+00
  120 2.11498E+03

 Total residual production cross section:  2118.9584961
 Non-elastic cross section              :  2118.9328613

 ########## RESULTS FOR E=   7.00000 ##########

 Energy dependent input flags

 Width fluctuations (flagwidth)            : y
 Unresolved resonance parameters (flagurr) : n
 Preequilibrium (flagpreeq)                : y
 Multiple preequilibrium (flagmulpre)      : n
 Number of continuum excitation energy bins: 40

 ########### REACTION SUMMARY FOR E=   7.00000 ###########

 Center-of-mass energy:    6.941

 1. Total (binary) cross sections

 Total           = 4.28935E+03
   Shape elastic   = 2.21215E+03
   Reaction        = 2.07720E+03
     Compound elastic= 1.41015E+00
     Non-elastic     = 2.07579E+03
       Direct          = 1.23293E+02
       Pre-equilibrium = 8.12835E+01
       Giant resonance = 1.99744E+01
       Compound non-el = 1.85124E+03
     Total elastic   = 2.21356E+03

 2. Binary non-elastic cross sections (non-exclusive)

 gamma   = 9.41055E+00
 neutron = 2.06636E+03
 proton  = 5.77532E-06
 deuteron= 0.00000E+00
 triton  = 0.00000E+00
 helium-3= 0.00000E+00
 alpha   = 1.01928E-05

 3. Total particle production cross sections

 gamma   = 3.36972E+03    Multiplicity= 1.62334E+00
 neutron = 2.07335E+03    Multiplicity= 9.98823E-01
 proton  = 5.77533E-06    Multiplicity= 2.78223E-09
 deuteron= 0.00000E+00    Multiplicity= 0.00000E+00
 triton  = 0.00000E+00    Multiplicity= 0.00000E+00
 helium-3= 0.00000E+00    Multiplicity= 0.00000E+00
 alpha   = 1.01928E-05    Multiplicity= 4.91032E-09

 4. Residual production cross sections

   a. Per isotope

   Z   A  nuclide    total     level   isomeric    isomeric    lifetime
                 cross section       cross section  ratio

   50 121 (121Sn) 2.42931E+00    0    9.94238E-01  0.40927
                                 1    1.43507E+00  0.59073   1.38500E+09 sec. 
   50 120 (120Sn) 2.07338E+03    0    2.07338E+03  1.00000
   48 117 (117Cd) 1.00000E-07    0    1.18738E-06  0.00000
                                 2    1.08993E-06  0.00000   1.21000E+04 sec. 

   b. Per mass

   A  cross section

  121 2.42931E+00
  120 2.07338E+03

 Total residual production cross section:  2075.8112793
 Non-elastic cross section              :  2075.7897949

 ########## RESULTS FOR E=   8.00000 ##########

 Energy dependent input flags

 Width fluctuations (flagwidth)            : y
 Unresolved resonance parameters (flagurr) : n
 Preequilibrium (flagpreeq)                : y
 Multiple preequilibrium (flagmulpre)      : n
 Number of continuum excitation energy bins: 40

 ########### REACTION SUMMARY FOR E=   8.00000 ###########

 Center-of-mass energy:    7.933

 1. Total (binary) cross sections

 Total           = 4.36464E+03
   Shape elastic   = 2.33012E+03
   Reaction        = 2.03452E+03
     Compound elastic= 3.41561E-01
     Non-elastic     = 2.03418E+03
       Direct          = 1.13523E+02
       Pre-equilibrium = 1.11931E+02
       Giant resonance = 2.39805E+01
       Compound non-el = 1.78474E+03
     Total elastic   = 2.33046E+03

 2. Binary non-elastic cross sections (non-exclusive)

 gamma   = 7.51821E+00
 neutron = 2.02663E+03
 proton  = 9.91290E-04
 deuteron= 0.00000E+00
 triton  = 0.00000E+00
 helium-3= 0.00000E+00
 alpha   = 8.40499E-05

 3. Total particle production cross sections

 gamma   = 3.85171E+03    Multiplicity= 1.89350E+00
 neutron = 2.03253E+03    Multiplicity= 9.99192E-01
 proton  = 9.91292E-04    Multiplicity= 4.87318E-07
 deuteron= 0.00000E+00    Multiplicity= 0.00000E+00
 triton  = 0.00000E+00    Multiplicity= 0.00000E+00
 helium-3= 0.00000E+00    Multiplicity= 0.00000E+00
 alpha   = 8.40507E-05    Multiplicity= 4.13192E-08

 4. Residual production cross sections

   a. Per isotope

   Z   A  nuclide    total     level   isomeric    isomeric    lifetime
                 cross section       cross section  ratio

   50 121 (121Sn) 1.62015E+00    0    6.55195E-01  0.40441
                                 1    9.64950E-01  0.59559   1.38500E+09 sec. 
   50 120 (120Sn) 2.03261E+03    0    2.03261E+03  1.00000
   48 117 (117Cd) 1.00000E-07    0    6.83859E-06  0.00000
                                 2    6.55304E-06  0.00000   1.21000E+04 sec. 

   b. Per mass

   A  cross section

  121 1.62015E+00
  120 2.03261E+03

 Total residual production cross section:  2034.2318115
 Non-elastic cross section              :  2034.1784668

 ########## RESULTS FOR E=   9.00000 ##########

 Energy dependent input flags

 Width fluctuations (flagwidth)            : y
 Unresolved resonance parameters (flagurr) : n
 Preequilibrium (flagpreeq)                : y
 Multiple preequilibrium (flagmulpre)      : n
 Number of continuum excitation energy bins: 40

 ########### REACTION SUMMARY FOR E=   9.00000 ###########

 Center-of-mass energy:    8.925

 1. Total (binary) cross sections

 Total           = 4.44862E+03
   Shape elastic   = 2.42333E+03
   Reaction        = 2.02529E+03
     Compound elastic= 8.70443E-02
     Non-elastic     = 2.02520E+03
       Direct          = 1.04437E+02
       Pre-equilibrium = 1.46619E+02
       Giant resonance = 2.54502E+01
       Compound non-el = 1.74870E+03
     Total elastic   = 2.42342E+03

 2. Binary non-elastic cross sections (non-exclusive)

 gamma   = 6.26388E+00
 neutron = 2.01891E+03
 proton  = 1.83030E-02
 deuteron= 9.38394E-37
 triton  = 0.00000E+00
 helium-3= 0.00000E+00
 alpha   = 4.34182E-04

 3. Total particle production cross sections

 gamma   = 4.35628E+03    Multiplicity= 2.15103E+00
 neutron = 2.02385E+03    Multiplicity= 9.99331E-01
 proton  = 1.83031E-02    Multiplicity= 9.03766E-06
 deuteron= 9.38394E-37    Multiplicity= 4.63358E-40
 triton  = 0.00000E+00    Multiplicity= 0.00000E+00
 helium-3= 0.00000E+00    Multiplicity= 0.00000E+00
 alpha   = 4.34188E-04    Multiplicity= 2.14392E-07

 4. Residual production cross sections

   a. Per isotope

   Z   A  nuclide    total     level   isomeric    isomeric    lifetime
                 cross section       cross section  ratio

   50 121 (121Sn) 1.33234E+00    0    5.58709E-01  0.41934
                                 1    7.73636E-01  0.58066   1.38500E+09 sec. 
   50 120 (120Sn) 2.02391E+03    0    2.02391E+03  1.00000
   49 120 (120In) 1.82982E-02    0    4.66497E-03  0.25494
                                 1    1.31839E-02  0.72050   4.62000E+01 sec. 
                                 2    4.49318E-04  0.02456   4.73000E+01 sec. 
   48 117 (117Cd) 1.00000E-07    0    2.82936E-05  0.00000
                                 2    2.99845E-05  0.00000   1.21000E+04 sec. 

   b. Per mass

   A  cross section

  121 1.33235E+00
  120 2.02393E+03

 Total residual production cross section:  2025.2591553
 Non-elastic cross section              :  2025.2030029

 ########## RESULTS FOR E=  10.00000 ##########

 Energy dependent input flags

 Width fluctuations (flagwidth)            : n
 Unresolved resonance parameters (flagurr) : n
 Preequilibrium (flagpreeq)                : y
 Multiple preequilibrium (flagmulpre)      : n
 Number of continuum excitation energy bins: 40

 ########### REACTION SUMMARY FOR E=  10.00000 ###########

 Center-of-mass energy:    9.916

 1. Total (binary) cross sections

 Total           = 4.53482E+03
   Shape elastic   = 2.48967E+03
   Reaction        = 2.04514E+03
     Compound elastic= 1.13858E-02
     Non-elastic     = 2.04513E+03
       Direct          = 9.71737E+01
       Pre-equilibrium = 1.85434E+02
       Giant resonance = 2.59243E+01
       Compound non-el = 1.73660E+03
     Total elastic   = 2.48968E+03

 2. Binary non-elastic cross sections (non-exclusive)

 gamma   = 5.53350E+00
 neutron = 2.03949E+03
 proton  = 1.07611E-01
 deuteron= 1.23981E-14
 triton  = 0.00000E+00
 helium-3= 0.00000E+00
 alpha   = 1.98110E-03

 3. Total particle production cross sections

 gamma   = 3.80755E+03    Multiplicity= 1.86177E+00
 neutron = 2.43044E+03    Multiplicity= 1.18840E+00
 proton  = 1.07612E-01    Multiplicity= 5.26188E-05
 deuteron= 1.23981E-14    Multiplicity= 6.06225E-18
 triton  = 0.00000E+00    Multiplicity= 0.00000E+00
 helium-3= 0.00000E+00    Multiplicity= 0.00000E+00
 alpha   = 1.98113E-03    Multiplicity= 9.68706E-07

 4. Residual production cross sections

   a. Per isotope

   Z   A  nuclide    total     level   isomeric    isomeric    lifetime
                 cross section       cross section  ratio

   50 121 (121Sn) 1.31264E+00    0    5.74387E-01  0.43758
                                 1    7.38256E-01  0.56242   1.38500E+09 sec. 
   50 120 (120Sn) 1.65709E+03    0    1.65709E+03  1.00000
   49 120 (120In) 1.07606E-01    0    2.46974E-02  0.22952
                                 1    7.89998E-02  0.73416   4.62000E+01 sec. 
                                 2    3.90883E-03  0.03633   4.73000E+01 sec. 
   50 119 (119Sn) 3.86730E+02    0    1.92925E+02  0.49886
                                 2    1.93806E+02  0.50114   2.53200E+07 sec. 
   48 117 (117Cd) 1.97578E-03    0    1.08529E-03  0.54930
                                 2    8.90490E-04  0.45070   1.21000E+04 sec. 

   b. Per mass

   A  cross section

  121 1.31264E+00
  120 1.65719E+03
  119 3.86730E+02
  117 1.97578E-03

 Total residual production cross section:  2045.2375488
 Non-elastic cross section              :  2045.1286621

 ########## RESULTS FOR E=  11.00000 ##########

 Energy dependent input flags

 Width fluctuations (flagwidth)            : n
 Unresolved resonance parameters (flagurr) : n
 Preequilibrium (flagpreeq)                : y
 Multiple preequilibrium (flagmulpre)      : n
 Number of continuum excitation energy bins: 40

 ########### REACTION SUMMARY FOR E=  11.00000 ###########

 Center-of-mass energy:   10.908

 1. Total (binary) cross sections

 Total           = 4.60203E+03
   Shape elastic   = 2.52769E+03
   Reaction        = 2.07434E+03
     Compound elastic= 3.42964E-03
     Non-elastic     = 2.07434E+03
       Direct          = 9.12777E+01
       Pre-equilibrium = 2.27493E+02
       Giant resonance = 2.61533E+01
       Compound non-el = 1.72941E+03
     Total elastic   = 2.52769E+03

 2. Binary non-elastic cross sections (non-exclusive)

 gamma   = 5.08369E+00
 neutron = 2.06890E+03
 proton  = 3.44128E-01
 deuteron= 8.29225E-09
 triton  = 0.00000E+00
 helium-3= 0.00000E+00
 alpha   = 6.24903E-03

 3. Total particle production cross sections

 gamma   = 2.49939E+03    Multiplicity= 1.20491E+00
 neutron = 3.07308E+03    Multiplicity= 1.48147E+00
 proton  = 3.44134E-01    Multiplicity= 1.65901E-04
 deuteron= 8.29225E-09    Multiplicity= 3.99754E-12
 triton  = 0.00000E+00    Multiplicity= 0.00000E+00
 helium-3= 0.00000E+00    Multiplicity= 0.00000E+00
 alpha   = 6.24913E-03    Multiplicity= 3.01259E-06

 4. Residual production cross sections

   a. Per isotope

   Z   A  nuclide    total     level   isomeric    isomeric    lifetime
                 cross section       cross section  ratio

   50 121 (121Sn) 1.38852E+00    0    6.09364E-01  0.43886
                                 1    7.79156E-01  0.56114   1.38500E+09 sec. 
   50 120 (120Sn) 1.07221E+03    0    1.07221E+03  1.00000
   49 120 (120In) 3.44129E-01    0    7.17711E-02  0.20856
                                 1    2.55359E-01  0.74204   4.62000E+01 sec. 
                                 2    1.69991E-02  0.04940   4.73000E+01 sec. 
   50 119 (119Sn) 1.00048E+03    0    5.10376E+02  0.51013
                                 2    4.90100E+02  0.48987   2.53200E+07 sec. 
   48 117 (117Cd) 6.24498E-03    0    3.17444E-03  0.50832
                                 2    3.07054E-03  0.49168   1.21000E+04 sec. 

   b. Per mass

   A  cross section

  121 1.38852E+00
  120 1.07255E+03
  119 1.00048E+03
  117 6.24498E-03

 Total residual production cross section:  2074.4199219
 Non-elastic cross section              :  2074.3366699

 ########## RESULTS FOR E=  12.00000 ##########

 Energy dependent input flags

 Width fluctuations (flagwidth)            : n
 Unresolved resonance parameters (flagurr) : n
 Preequilibrium (flagpreeq)                : y
 Multiple preequilibrium (flagmulpre)      : n
 Number of continuum excitation energy bins: 40

 ########### REACTION SUMMARY FOR E=  12.00000 ###########

 Center-of-mass energy:   11.899

 1. Total (binary) cross sections

 Total           = 4.63051E+03
   Shape elastic   = 2.53549E+03
   Reaction        = 2.09503E+03
     Compound elastic= 1.09418E-03
     Non-elastic     = 2.09503E+03
       Direct          = 8.61555E+01
       Pre-equilibrium = 2.70681E+02
       Giant resonance = 2.58748E+01
       Compound non-el = 1.71232E+03
     Total elastic   = 2.53549E+03

 2. Binary non-elastic cross sections (non-exclusive)

 gamma   = 4.75388E+00
 neutron = 2.08944E+03
 proton  = 8.17053E-01
 deuteron= 5.99037E-06
 triton  = 4.06808E-25
 helium-3= 0.00000E+00
 alpha   = 1.58872E-02

 3. Total particle production cross sections

 gamma   = 2.10240E+03    Multiplicity= 1.00352E+00
 neutron = 3.46154E+03    Multiplicity= 1.65226E+00
 proton  = 8.17072E-01    Multiplicity= 3.90005E-04
 deuteron= 5.99037E-06    Multiplicity= 2.85933E-09
 triton  = 4.06808E-25    Multiplicity= 1.94178E-28
 helium-3= 0.00000E+00    Multiplicity= 0.00000E+00
 alpha   = 1.58875E-02    Multiplicity= 7.58342E-06

 4. Residual production cross sections

   a. Per isotope

   Z   A  nuclide    total     level   isomeric    isomeric    lifetime
                 cross section       cross section  ratio

   50 121 (121Sn) 1.46076E+00    0    6.24205E-01  0.42732
                                 1    8.36554E-01  0.57268   1.38500E+09 sec. 
   50 120 (120Sn) 7.24068E+02    0    7.24068E+02  1.00000
   49 120 (120In) 8.17071E-01    0    1.57190E-01  0.19238
                                 1    6.14177E-01  0.75168   4.62000E+01 sec. 
                                 2    4.57035E-02  0.05594   4.73000E+01 sec. 
   50 119 (119Sn) 1.36880E+03    0    7.30937E+02  0.53400
                                 2    6.37861E+02  0.46600   2.53200E+07 sec. 
   48 117 (117Cd) 1.58874E-02    0    7.40882E-03  0.46633
                                 2    8.47856E-03  0.53367   1.21000E+04 sec. 

   b. Per mass

   A  cross section

  121 1.46076E+00
  120 7.24885E+02
  119 1.36880E+03
  117 1.58874E-02

 Total residual production cross section:  2095.1589355
 Non-elastic cross section              :  2095.0290527

 ########## RESULTS FOR E=  13.00000 ##########

 Energy dependent input flags

 Width fluctuations (flagwidth)            : n
 Unresolved resonance parameters (flagurr) : n
 Preequilibrium (flagpreeq)                : y
 Multiple preequilibrium (flagmulpre)      : n
 Number of continuum excitation energy bins: 40

 ########### REACTION SUMMARY FOR E=  13.00000 ###########

 Center-of-mass energy:   12.891

 1. Total (binary) cross sections

 Total           = 4.61663E+03
   Shape elastic   = 2.51593E+03
   Reaction        = 2.10071E+03
     Compound elastic= 3.63823E-04
     Non-elastic     = 2.10071E+03
       Direct          = 8.15144E+01
       Pre-equilibrium = 3.13308E+02
       Giant resonance = 2.51213E+01
       Compound non-el = 1.68077E+03
     Total elastic   = 2.51593E+03

 2. Binary non-elastic cross sections (non-exclusive)

 gamma   = 4.48468E+00
 neutron = 2.09452E+03
 proton  = 1.66710E+00
 deuteron= 1.88791E-04
 triton  = 1.26634E-13
 helium-3= 4.52043E-37
 alpha   = 3.81493E-02

 3. Total particle production cross sections

 gamma   = 2.28421E+03    Multiplicity= 1.08735E+00
 neutron = 3.66487E+03    Multiplicity= 1.74459E+00
 proton  = 1.66714E+00    Multiplicity= 7.93609E-04
 deuteron= 1.88791E-04    Multiplicity= 8.98700E-08
 triton  = 1.26634E-13    Multiplicity= 6.02814E-17
 helium-3= 4.52043E-37    Multiplicity= 2.15186E-40
 alpha   = 3.81508E-02    Multiplicity= 1.81609E-05

 4. Residual production cross sections

   a. Per isotope

   Z   A  nuclide    total     level   isomeric    isomeric    lifetime
                 cross section       cross section  ratio

   50 121 (121Sn) 1.49286E+00    0    6.08709E-01  0.40775
                                 1    8.84153E-01  0.59225   1.38500E+09 sec. 
   50 120 (120Sn) 5.30350E+02    0    5.30350E+02  1.00000
   49 120 (120In) 1.66713E+00    0    2.99153E-01  0.17944
                                 1    1.26938E+00  0.76142   4.62000E+01 sec. 
                                 2    9.85963E-02  0.05914   4.73000E+01 sec. 
   50 119 (119Sn) 1.56735E+03    0    8.18083E+02  0.52195
                                 2    7.49271E+02  0.47805   2.53200E+07 sec. 
   48 117 (117Cd) 3.81306E-02    0    1.62409E-02  0.42593
                                 2    2.18897E-02  0.57407   1.21000E+04 sec. 

   b. Per mass

   A  cross section

  121 1.49286E+00
  120 5.32018E+02
  119 1.56735E+03
  117 3.81306E-02

 Total residual production cross section:  2100.9025879
 Non-elastic cross section              :  2100.7097168

 ########## RESULTS FOR E=  14.00000 ##########

 Energy dependent input flags

 Width fluctuations (flagwidth)            : n
 Unresolved resonance parameters (flagurr) : n
 Preequilibrium (flagpreeq)                : y
 Multiple preequilibrium (flagmulpre)      : n
 Number of continuum excitation energy bins: 40

 ########### REACTION SUMMARY FOR E=  14.00000 ###########

 Center-of-mass energy:   13.882

 1. Total (binary) cross sections

 Total           = 4.56741E+03
   Shape elastic   = 2.47641E+03
   Reaction        = 2.09099E+03
     Compound elastic= 1.25110E-04
     Non-elastic     = 2.09099E+03
       Direct          = 7.73071E+01
       Pre-equilibrium = 3.54171E+02
       Giant resonance = 2.46623E+01
       Compound non-el = 1.63485E+03
     Total elastic   = 2.47641E+03

 2. Binary non-elastic cross sections (non-exclusive)

 gamma   = 4.25364E+00
 neutron = 2.08359E+03
 proton  = 3.05183E+00
 deuteron= 3.74582E-03
 triton  = 9.44480E-09
 helium-3= 5.86088E-25
 alpha   = 9.18156E-02

 3. Total particle production cross sections

 gamma   = 2.68958E+03    Multiplicity= 1.28627E+00
 neutron = 3.74908E+03    Multiplicity= 1.79297E+00
 proton  = 3.05195E+00    Multiplicity= 1.45957E-03
 deuteron= 3.74582E-03    Multiplicity= 1.79141E-06
 triton  = 9.44480E-09    Multiplicity= 4.51690E-12
 helium-3= 5.86088E-25    Multiplicity= 2.80292E-28
 alpha   = 9.18241E-02    Multiplicity= 4.39142E-05

 4. Residual production cross sections

   a. Per isotope

   Z   A  nuclide    total     level   isomeric    isomeric    lifetime
                 cross section       cross section  ratio

   50 121 (121Sn) 1.46895E+00    0    5.61567E-01  0.38229
                                 1    9.07388E-01  0.61771   1.38500E+09 sec. 
   50 120 (120Sn) 4.23949E+02    0    4.23949E+02  1.00000
   49 120 (120In) 3.04932E+00    0    5.13378E-01  0.16836
                                 1    2.34726E+00  0.76976   4.62000E+01 sec. 
                                 2    1.88686E-01  0.06188   4.73000E+01 sec. 
   50 119 (119Sn) 1.66269E+03    0    8.40047E+02  0.50523
                                 2    8.22645E+02  0.49477   2.53200E+07 sec. 
   49 119 (119In) 6.37484E-03    0    4.21636E-03  0.66141
                                 1    2.15848E-03  0.33859   1.08000E+03 sec. 
   48 117 (117Cd) 9.15647E-02    0    3.60569E-02  0.39379
                                 2    5.55077E-02  0.60621   1.21000E+04 sec. 

   b. Per mass

   A  cross section

  121 1.46895E+00
  120 4.26999E+02
  119 1.66270E+03
  117 9.15647E-02

 Total residual production cross section:  2091.2570801
 Non-elastic cross section              :  2090.9897461

 ########## RESULTS FOR E=  15.00000 ##########

 Energy dependent input flags

 Width fluctuations (flagwidth)            : n
 Unresolved resonance parameters (flagurr) : n
 Preequilibrium (flagpreeq)                : y
 Multiple preequilibrium (flagmulpre)      : n
 Number of continuum excitation energy bins: 40

 ########### REACTION SUMMARY FOR E=  15.00000 ###########

 Center-of-mass energy:   14.874

 1. Total (binary) cross sections

 Total           = 4.49285E+03
   Shape elastic   = 2.42390E+03
   Reaction        = 2.06895E+03
     Compound elastic= 4.43153E-05
     Non-elastic     = 2.06895E+03
       Direct          = 7.35938E+01
       Pre-equilibrium = 3.92625E+02
       Giant resonance = 2.47005E+01
       Compound non-el = 1.57803E+03
     Total elastic   = 2.42390E+03

 2. Binary non-elastic cross sections (non-exclusive)

 gamma   = 4.05546E+00
 neutron = 2.05956E+03
 proton  = 5.08851E+00
 deuteron= 3.79325E-02
 triton  = 4.76525E-06
 helium-3= 5.07215E-19
 alpha   = 2.10214E-01

 3. Total particle production cross sections

 gamma   = 3.13685E+03    Multiplicity= 1.51615E+00
 neutron = 3.76778E+03    Multiplicity= 1.82111E+00
 proton  = 5.08921E+00    Multiplicity= 2.45980E-03
 deuteron= 3.79325E-02    Multiplicity= 1.83342E-05
 triton  = 4.76525E-06    Multiplicity= 2.30322E-09
 helium-3= 5.07215E-19    Multiplicity= 2.45156E-22
 alpha   = 2.10249E-01    Multiplicity= 1.01621E-04

 4. Residual production cross sections

   a. Per isotope

   Z   A  nuclide    total     level   isomeric    isomeric    lifetime
                 cross section       cross section  ratio

   50 121 (121Sn) 1.38172E+00    0    4.91885E-01  0.35600
                                 1    8.89832E-01  0.64400   1.38500E+09 sec. 
   50 120 (120Sn) 3.56917E+02    0    3.56917E+02  1.00000
   49 120 (120In) 5.04282E+00    0    7.99641E-01  0.15857
                                 1    3.91681E+00  0.77671   4.62000E+01 sec. 
                                 2    3.26374E-01  0.06472   4.73000E+01 sec. 
   50 119 (119Sn) 1.70549E+03    0    8.31856E+02  0.48775
                                 2    8.73636E+02  0.51225   2.53200E+07 sec. 
   49 119 (119In) 8.43552E-02    0    5.89041E-02  0.69829
                                 1    2.54511E-02  0.30171   1.08000E+03 sec. 
   48 117 (117Cd) 2.08147E-01    0    7.68057E-02  0.36900
                                 2    1.31342E-01  0.63100   1.21000E+04 sec. 
   48 116 (116Cd) 2.13495E-03    0    2.13495E-03  1.00000

   b. Per mass

   A  cross section

  121 1.38172E+00
  120 3.61960E+02
  119 1.70558E+03
  117 2.08147E-01
  116 2.13495E-03

 Total residual production cross section:  2069.1289062
 Non-elastic cross section              :  2068.9499512

 ########## RESULTS FOR E=  16.00000 ##########

 Energy dependent input flags

 Width fluctuations (flagwidth)            : n
 Unresolved resonance parameters (flagurr) : n
 Preequilibrium (flagpreeq)                : y
 Multiple preequilibrium (flagmulpre)      : n
 Number of continuum excitation energy bins: 40

 ########### REACTION SUMMARY FOR E=  16.00000 ###########

 Center-of-mass energy:   15.865

 1. Total (binary) cross sections

 Total           = 4.40351E+03
   Shape elastic   = 2.36250E+03
   Reaction        = 2.04101E+03
     Compound elastic= 1.61858E-05
     Non-elastic     = 2.04101E+03
       Direct          = 7.04139E+01
       Pre-equilibrium = 4.29054E+02
       Giant resonance = 2.48882E+01
       Compound non-el = 1.51665E+03
     Total elastic   = 2.36250E+03

 2. Binary non-elastic cross sections (non-exclusive)

 gamma   = 3.87616E+00
 neutron = 2.02869E+03
 proton  = 7.84683E+00
 deuteron= 1.59288E-01
 triton  = 2.09121E-04
 helium-3= 1.16035E-15
 alpha   = 4.38335E-01

 3. Total particle production cross sections

 gamma   = 3.58447E+03    Multiplicity= 1.75623E+00
 neutron = 3.75104E+03    Multiplicity= 1.83783E+00
 proton  = 7.84978E+00    Multiplicity= 3.84603E-03
 deuteron= 1.59288E-01    Multiplicity= 7.80435E-05
 triton  = 2.09121E-04    Multiplicity= 1.02460E-07
 helium-3= 1.16035E-15    Multiplicity= 5.68517E-19
 alpha   = 4.38461E-01    Multiplicity= 2.14826E-04

 4. Residual production cross sections

   a. Per isotope

   Z   A  nuclide    total     level   isomeric    isomeric    lifetime
                 cross section       cross section  ratio

   50 121 (121Sn) 1.23664E+00    0    4.07564E-01  0.32957
                                 1    8.29077E-01  0.67043   1.38500E+09 sec. 
   50 120 (120Sn) 3.12486E+02    0    3.12486E+02  1.00000
   49 120 (120In) 7.51076E+00    0    1.12521E+00  0.14981
                                 1    5.87335E+00  0.78199   4.62000E+01 sec. 
                                 2    5.12202E-01  0.06820   4.73000E+01 sec. 
   50 119 (119Sn) 1.71881E+03    0    8.11482E+02  0.47212
                                 2    9.07327E+02  0.52788   2.53200E+07 sec. 
   49 119 (119In) 4.98319E-01    0    3.63742E-01  0.72994
                                 1    1.34577E-01  0.27006   1.08000E+03 sec. 
   50 118 (118Sn) 2.69010E-01    0    2.69010E-01  1.00000
   48 117 (117Cd) 4.24938E-01    0    1.47002E-01  0.34594
                                 2    2.77936E-01  0.65406   1.21000E+04 sec. 
   48 116 (116Cd) 1.36293E-02    0    1.36293E-02  1.00000

   b. Per mass

   A  cross section

  121 1.23664E+00
  120 3.19996E+02
  119 1.71931E+03
  118 2.69010E-01
  117 4.24938E-01
  116 1.36293E-02

 Total residual production cross section:  2041.2473145
 Non-elastic cross section              :  2041.0100098

 ########## RESULTS FOR E=  17.00000 ##########

 Energy dependent input flags

 Width fluctuations (flagwidth)            : n
 Unresolved resonance parameters (flagurr) : n
 Preequilibrium (flagpreeq)                : y
 Multiple preequilibrium (flagmulpre)      : n
 Number of continuum excitation energy bins: 40

 ########### REACTION SUMMARY FOR E=  17.00000 ###########

 Center-of-mass energy:   16.857

 1. Total (binary) cross sections

 Total           = 4.30859E+03
   Shape elastic   = 2.29437E+03
   Reaction        = 2.01421E+03
     Compound elastic= 6.13302E-06
     Non-elastic     = 2.01421E+03
       Direct          = 6.77259E+01
       Pre-equilibrium = 4.64505E+02
       Giant resonance = 2.52047E+01
       Compound non-el = 1.45677E+03
     Total elastic   = 2.29437E+03

 2. Binary non-elastic cross sections (non-exclusive)

 gamma   = 3.73871E+00
 neutron = 1.99778E+03
 proton  = 1.13655E+01
 deuteron= 4.96090E-01
 triton  = 4.61164E-03
 helium-3= 5.01339E-13
 alpha   = 8.27979E-01

 3. Total particle production cross sections

 gamma   = 3.97629E+03    Multiplicity= 1.97412E+00
 neutron = 3.73561E+03    Multiplicity= 1.85463E+00
 proton  = 1.13729E+01    Multiplicity= 5.64634E-03
 deuteron= 4.96090E-01    Multiplicity= 2.46295E-04
 triton  = 4.61164E-03    Multiplicity= 2.28955E-06
 helium-3= 5.01339E-13    Multiplicity= 2.48901E-16
 alpha   = 8.28332E-01    Multiplicity= 4.11244E-04

 4. Residual production cross sections

   a. Per isotope

   Z   A  nuclide    total     level   isomeric    isomeric    lifetime
                 cross section       cross section  ratio

   50 121 (121Sn) 1.05689E+00    0    3.32801E-01  0.31489
                                 1    7.24091E-01  0.68511   1.38500E+09 sec. 
   50 120 (120Sn) 2.88139E+02    0    2.88139E+02  1.00000
   49 120 (120In) 1.01539E+01    0    1.43378E+00  0.14121
                                 1    7.98622E+00  0.78652   4.62000E+01 sec. 
                                 2    7.33887E-01  0.07228   4.73000E+01 sec. 
   50 119 (119Sn) 1.69104E+03    0    7.65066E+02  0.45242
                                 2    9.25974E+02  0.54758   2.53200E+07 sec. 
   49 119 (119In) 1.71518E+00    0    1.25109E+00  0.72942
                                 1    4.64090E-01  0.27058   1.08000E+03 sec. 
   50 118 (118Sn) 2.14109E+01    0    2.14109E+01  1.00000
   49 118 (118In) 4.61211E-03    0    2.27638E-03  0.49357
                                 1    1.86596E-03  0.40458   2.67000E+02 sec. 
                                 3    4.69772E-04  0.10186   8.50000E+00 sec. 
   48 117 (117Cd) 7.65316E-01    0    2.47803E-01  0.32379
                                 2    5.17513E-01  0.67621   1.21000E+04 sec. 
   48 116 (116Cd) 6.32905E-02    0    6.32905E-02  1.00000

   b. Per mass

   A  cross section

  121 1.05689E+00
  120 2.98293E+02
  119 1.69276E+03
  118 2.14155E+01
  117 7.65316E-01
  116 6.32905E-02

 Total residual production cross section:  2014.3500977
 Non-elastic cross section              :  2014.2099609

 ########## RESULTS FOR E=  18.00000 ##########

 Energy dependent input flags

 Width fluctuations (flagwidth)            : n
 Unresolved resonance parameters (flagurr) : n
 Preequilibrium (flagpreeq)                : y
 Multiple preequilibrium (flagmulpre)      : n
 Number of continuum excitation energy bins: 40

 ########### REACTION SUMMARY FOR E=  18.00000 ###########

 Center-of-mass energy:   17.848

 1. Total (binary) cross sections

 Total           = 4.21488E+03
   Shape elastic   = 2.22139E+03
   Reaction        = 1.99349E+03
     Compound elastic= 2.43764E-06
     Non-elastic     = 1.99349E+03
       Direct          = 6.54180E+01
       Pre-equilibrium = 5.00337E+02
       Giant resonance = 2.56397E+01
       Compound non-el = 1.40210E+03
     Total elastic   = 2.22139E+03

 2. Binary non-elastic cross sections (non-exclusive)

 gamma   = 3.62790E+00
 neutron = 1.97159E+03
 proton  = 1.56602E+01
 deuteron= 1.13146E+00
 triton  = 3.46526E-02
 helium-3= 4.43200E-11
 alpha   = 1.44907E+00

 3. Total particle production cross sections

 gamma   = 4.22074E+03    Multiplicity= 2.11726E+00
 neutron = 3.76617E+03    Multiplicity= 1.88923E+00
 proton  = 1.56743E+01    Multiplicity= 7.86274E-03
 deuteron= 1.13146E+00    Multiplicity= 5.67576E-04
 triton  = 3.46526E-02    Multiplicity= 1.73829E-05
 helium-3= 4.43200E-11    Multiplicity= 2.22324E-14
 alpha   = 1.44986E+00    Multiplicity= 7.27298E-04

 4. Residual production cross sections

   a. Per isotope

   Z   A  nuclide    total     level   isomeric    isomeric    lifetime
                 cross section       cross section  ratio

   50 121 (121Sn) 8.88920E-01    0    2.71193E-01  0.30508
                                 1    6.17727E-01  0.69492   1.38500E+09 sec. 
   50 120 (120Sn) 2.70202E+02    0    2.70202E+02  1.00000
   49 120 (120In) 1.27209E+01    0    1.69133E+00  0.13296
                                 1    1.00533E+01  0.79030   4.62000E+01 sec. 
                                 2    9.76184E-01  0.07674   4.73000E+01 sec. 
   50 119 (119Sn) 1.61992E+03    0    6.86801E+02  0.42397
                                 2    9.33120E+02  0.57603   2.53200E+07 sec. 
   49 119 (119In) 4.08508E+00    0    2.99160E+00  0.73232
                                 1    1.09348E+00  0.26768   1.08000E+03 sec. 
   50 118 (118Sn) 8.43731E+01    0    8.43731E+01  1.00000
   49 118 (118In) 3.46494E-02    0    1.60256E-02  0.46251
                                 1    1.53462E-02  0.44290   2.67000E+02 sec. 
                                 3    3.27761E-03  0.09459   8.50000E+00 sec. 
   48 117 (117Cd) 1.22508E+00    0    3.67601E-01  0.30006
                                 2    8.57476E-01  0.69994   1.21000E+04 sec. 
   48 116 (116Cd) 2.25265E-01    0    2.25265E-01  1.00000

   b. Per mass

   A  cross section

  121 8.88920E-01
  120 2.82923E+02
  119 1.62401E+03
  118 8.44078E+01
  117 1.22508E+00
  116 2.25265E-01

 Total residual production cross section:  1993.6761475
 Non-elastic cross section              :  1993.4899902

 ########## RESULTS FOR E=  19.00000 ##########

 Energy dependent input flags

 Width fluctuations (flagwidth)            : n
 Unresolved resonance parameters (flagurr) : n
 Preequilibrium (flagpreeq)                : y
 Multiple preequilibrium (flagmulpre)      : n
 Number of continuum excitation energy bins: 40

 ########### REACTION SUMMARY FOR E=  19.00000 ###########

 Center-of-mass energy:   18.840

 1. Total (binary) cross sections

 Total           = 4.12649E+03
   Shape elastic   = 2.14604E+03
   Reaction        = 1.98045E+03
     Compound elastic= 1.03583E-06
     Non-elastic     = 1.98045E+03
       Direct          = 6.34011E+01
       Pre-equilibrium = 5.37349E+02
       Giant resonance = 2.59079E+01
       Compound non-el = 1.35379E+03
     Total elastic   = 2.14604E+03

 2. Binary non-elastic cross sections (non-exclusive)

 gamma   = 3.54261E+00
 neutron = 1.95157E+03
 proton  = 2.07098E+01
 deuteron= 2.06753E+00
 triton  = 1.30934E-01
 helium-3= 1.40213E-09
 alpha   = 2.43358E+00

 3. Total particle production cross sections

 gamma   = 4.28000E+03    Multiplicity= 2.16112E+00
 neutron = 3.85598E+03    Multiplicity= 1.94702E+00
 proton  = 2.07337E+01    Multiplicity= 1.04692E-02
 deuteron= 2.06753E+00    Multiplicity= 1.04397E-03
 triton  = 1.30934E-01    Multiplicity= 6.61131E-05
 helium-3= 1.40213E-09    Multiplicity= 7.07988E-13
 alpha   = 2.43511E+00    Multiplicity= 1.22957E-03

 4. Residual production cross sections

   a. Per isotope

   Z   A  nuclide    total     level   isomeric    isomeric    lifetime
                 cross section       cross section  ratio

   50 121 (121Sn) 7.34888E-01    0    2.26859E-01  0.30870
                                 1    5.08029E-01  0.69130   1.38500E+09 sec. 
   50 120 (120Sn) 2.56383E+02    0    2.56383E+02  1.00000
   49 120 (120In) 1.52213E+01    0    1.91025E+00  0.12550
                                 1    1.20794E+01  0.79359   4.62000E+01 sec. 
                                 2    1.23158E+00  0.08091   4.73000E+01 sec. 
   50 119 (119Sn) 1.50092E+03    0    5.86777E+02  0.39095
                                 2    9.14139E+02  0.60905   2.53200E+07 sec. 
   49 119 (119In) 7.58044E+00    0    5.58493E+00  0.73675
                                 1    1.99552E+00  0.26325   1.08000E+03 sec. 
   50 118 (118Sn) 1.97285E+02    0    1.97285E+02  1.00000
   49 118 (118In) 1.30930E-01    0    5.74068E-02  0.43845
                                 1    5.99480E-02  0.45786   2.67000E+02 sec. 
                                 3    1.35756E-02  0.10369   8.50000E+00 sec. 
   48 117 (117Cd) 1.82376E+00    0    5.14413E-01  0.28206
                                 2    1.30935E+00  0.71794   1.21000E+04 sec. 
   48 116 (116Cd) 6.12426E-01    0    6.12426E-01  1.00000

   b. Per mass

   A  cross section

  121 7.34888E-01
  120 2.71604E+02
  119 1.50850E+03
  118 1.97416E+02
  117 1.82376E+00
  116 6.12426E-01

 Total residual production cross section:  1980.6870117
 Non-elastic cross section              :  1980.4499512

 ########## RESULTS FOR E=  20.00000 ##########

 Energy dependent input flags

 Width fluctuations (flagwidth)            : n
 Unresolved resonance parameters (flagurr) : n
 Preequilibrium (flagpreeq)                : y
 Multiple preequilibrium (flagmulpre)      : y
 Number of continuum excitation energy bins: 40

 ########### REACTION SUMMARY FOR E=  20.00000 ###########

 Center-of-mass energy:   19.831

 1. Total (binary) cross sections

 Total           = 4.04562E+03
   Shape elastic   = 2.07166E+03
   Reaction        = 1.97395E+03
     Compound elastic= 4.83695E-07
     Non-elastic     = 1.97395E+03
       Direct          = 6.16429E+01
       Pre-equilibrium = 5.83983E+02
       Giant resonance = 2.59414E+01
       Compound non-el = 1.30238E+03
     Total elastic   = 2.07166E+03

 2. Binary non-elastic cross sections (non-exclusive)

 gamma   = 3.48897E+00
 neutron = 1.93584E+03
 proton  = 2.70013E+01
 deuteron= 3.36393E+00
 triton  = 3.23106E-01
 helium-3= 2.26404E-08
 alpha   = 3.93264E+00

 3. Total particle production cross sections

 gamma   = 4.14948E+03    Multiplicity= 2.10212E+00
 neutron = 4.00266E+03    Multiplicity= 2.02774E+00
 proton  = 2.70779E+01    Multiplicity= 1.37176E-02
 deuteron= 3.36393E+00    Multiplicity= 1.70416E-03
 triton  = 3.23106E-01    Multiplicity= 1.63685E-04
 helium-3= 2.26404E-08    Multiplicity= 1.14696E-11
 alpha   = 3.93533E+00    Multiplicity= 1.99363E-03

 4. Residual production cross sections

   a. Per isotope

   Z   A  nuclide    total     level   isomeric    isomeric    lifetime
                 cross section       cross section  ratio

   50 121 (121Sn) 6.20483E-01    0    1.92707E-01  0.31058
                                 1    4.27776E-01  0.68942   1.38500E+09 sec. 
   50 120 (120Sn) 2.48608E+02    0    2.48608E+02  1.00000
   49 120 (120In) 1.78962E+01    0    2.12264E+00  0.11861
                                 1    1.42518E+01  0.79635   4.62000E+01 sec. 
                                 2    1.52184E+00  0.08504   4.73000E+01 sec. 
   50 119 (119Sn) 1.32684E+03    0    4.86628E+02  0.36676
                                 2    8.40216E+02  0.63324   2.53200E+07 sec. 
   49 119 (119In) 1.25463E+01    0    9.28656E+00  0.74018
                                 1    3.25976E+00  0.25982   1.08000E+03 sec. 
   50 118 (118Sn) 3.63300E+02    0    3.63300E+02  1.00000
   49 118 (118In) 3.23102E-01    0    1.33121E-01  0.41201
                                 1    1.51670E-01  0.46942   2.67000E+02 sec. 
                                 3    3.83110E-02  0.11857   8.50000E+00 sec. 
   48 117 (117Cd) 2.54595E+00    0    6.88313E-01  0.27036
                                 2    1.85764E+00  0.72964   1.21000E+04 sec. 
   48 116 (116Cd) 1.39117E+00    0    1.39117E+00  1.00000

   b. Per mass

   A  cross section

  121 6.20483E-01
  120 2.66505E+02
  119 1.33939E+03
  118 3.63623E+02
  117 2.54595E+00
  116 1.39117E+00

 Total residual production cross section:  1974.0761719
 Non-elastic cross section              :  1973.9499512

 ########## EXCITATION FUNCTIONS ###########

 1. Total (binary) cross sections

file: all.tot
file: total.tot
file: elastic.tot
file: nonelastic.tot
file: reaction.tot

 2. Binary non-elastic cross sections (non-exclusive)

file: binary.tot

 3. Total particle production cross sections

file: gprod.tot
file: nprod.tot
file: pprod.tot
file: dprod.tot
file: tprod.tot
file: hprod.tot
file: aprod.tot

 4. Residual production cross sections

file: rp050121.tot
file: rp050121.L00
file: rp050121.L01
file: rp050120.tot
file: rp049120.tot
file: rp049120.L00
file: rp049120.L01
file: rp049120.L02
file: rp050119.tot
file: rp050119.L00
file: rp050119.L02
file: rp049119.tot
file: rp049119.L00
file: rp049119.L01
file: rp050118.tot
file: rp049118.tot
file: rp049118.L00
file: rp049118.L01
file: rp049118.L03
file: rp048117.tot
file: rp048117.L00
file: rp048117.L02
file: rp048116.tot

 Execution time:  0 hours  0 minutes 16.12 seconds 

 The TALYS team congratulates you with this successful calculation.
