 Doppler Broaden ENDF/B Cross Sections (SIGMA1 2013-1)
 -------------------------------------------------------------------------------
 Retrieval Criteria-----------        MAT
 Monitor Mode-----------------        Off
 Temperature------------------ 1200.00000 Kelvin
 Minimum Cross Section-------- 1.0000D-10 (Default Option)
 Negative Cross Section------- Make = 0 (No Negative Outout)
 Unresolved Resonances Region- Copy (No Broadening)
 -------------------------------------------------------------------------------
 ENDF/B Input and Output Data Filenames
 -------------------------------------------------------------------------------
 z039a089i0.point0                                                       
 z039a089i0.point                                                        
 -------------------------------------------------------------------------------
 Requested MAT Ranges
 -------------------------------------------------------------------------------
     Mimimum    Maximum
 -------------------------------------------------------------------------------
           1       9999
 -------------------------------------------------------------------------------
 Allowable Uncertainty
 -------------------------------------------------------------------------------
      Energy Unceryainty   per-cent
 -------------------------------------------------------------------------------
  0.0         1.00000D-4     0.0100 (Default Option)
 -------------------------------------------------------------------------------
 ENDF/B Tape Label
 -------------------------------------------------------------------------------
                                                                   6000
 -------------------------------------------------------------------------------
 Projectile      MAT  MT ENDF/B     Kelvin     Q-Value   Points   Points
       Material          Format         In          eV       In      Out
 -------------------------------------------------------------------------------
 n    39-Y -89  3925   1  VI    0.0         0.0           97724    43967          
 n    39-Y -89  3925   2  VI    0.0         0.0           97724    43296          
 n    39-Y -89  3925 102  VI    0.0         0.0           97724   122492          
 -------------------------------------------------------------------------------
 Unresolved  278161.500 to 899880.300 eV    MAT Totals   293172   209755
 -------------------------------------------------------------------------------
 ==============================================================================
      MAT Total Execution Time                7.67 Seconds
 ==============================================================================
 -------------------------------------------------------------------------------
                                           Tape Totals   293172   209755
 -------------------------------------------------------------------------------
