 RIPL OMP for           91         232
 ******************************************************************************************
 OMP retrieval flag=  0  RIPL OMP retrieval succeeded                                      
 ******************************************************************************************

    TALYS-1.97 (Version: December 29, 2023)

 Copyright (C) 2023  A.J. Koning, S. Hilaire and S. Goriely

 Dimensions - Cross sections: mb, Energies: MeV, Angles: degrees

 ########## USER INPUT ##########

 USER INPUT FILE

 #
 # p-th232-fp
 #
 # general
 #
 projectile p
 element th
 mass 232
 energy 80.
 #
 partable y
 massdis y
 fymodel 1
 #
 fisbar 89 226 5.0
 #
 # for excitation functions, you may replace the incident
 # energy by an energy grid.
 #

 USER INPUT FILE + DEFAULTS

 Keyword           Value   Variable     Explanation

 #
 # Four main keywords
 #
 projectile          p     ptype0       type of incident particle
 element            Th     Starget      symbol of target nucleus
 mass              232     mass         mass number of target nucleus
 energy             80.000 eninc        incident energy in MeV
 #
 # Basic physical and numerical parameters
 #
 ejectiles g n p d t h a   outtype      outgoing particles
 maxz               12     maxZ         maximal number of protons from the initial compound nucleus
 maxn               32     maxN         maximal number of neutrons from the initial compound nucleus
 bins               40     nbins        number of continuum excitation energy bins
 equidistant         y     flagequi     flag to use equidistant excitation bins instead of logarithmic bins
 equispec            n     flagequispec flag to use equidistant bins for emission spectra
 popmev              n     flagpopmev   flag to use initial population per MeV instead of histograms
 segment             1     segment      number of segments to divide emission energy grid
 maxlevelstar       30     nlevmax      maximum number of included discrete levels for target
 maxlevelsres       10     nlevmaxres   maximum number of included discrete levels for residual nucleus
 maxlevelsbin g     10     nlevbin      maximum number of included discrete levels for gamma    channel
 maxlevelsbin n     10     nlevbin      maximum number of included discrete levels for neutron  channel
 maxlevelsbin p     30     nlevbin      maximum number of included discrete levels for proton   channel
 maxlevelsbin d      5     nlevbin      maximum number of included discrete levels for deuteron channel
 maxlevelsbin t      5     nlevbin      maximum number of included discrete levels for triton   channel
 maxlevelsbin h      5     nlevbin      maximum number of included discrete levels for helium-3 channel
 maxlevelsbin a     10     nlevbin      maximum number of included discrete levels for alpha    channel
 ltarget             0     ltarget      excited level of target
 isomer           1.00E+00 isomer       definition of isomer in seconds
 transpower         10     transpower   power for transmission coefficient limit
 transeps         1.00E-12 transeps     limit for transmission coefficient
 xseps            1.00E-12 xseps        limit for cross sections
 popeps           1.00E-10 popeps       limit for population cross section per nucleus
 Rfiseps          1.00E-09 Rfiseps      ratio for limit for fission cross section per nucleus
 elow             1.00E-06 elow         minimal incident energy for nuclear model calculations
 angles             90     nangle       number of angles
 anglescont         18     nanglecont   number of angles for continuum
 anglesrec           1     nanglerec    number of recoil angles
 maxenrec           20     maxenrec     number of recoil energies
 channels            n     flagchannels flag for exclusive channels calculation
 maxchannel          4     maxchannel   maximal number of outgoing particles in individual channel description
 micro               n     flagmicro    flag for completely microscopic Talys calculation
 best                n     flagbest     flag to use best set of adjusted parameters
 bestbranch          y     flagbestbr   flag to use flag to use only best set of branching ratios
 bestend             n     flagbestend  flag to put best set of parameters at end of input file
 relativistic        y     flagrel      flag for relativistic kinematics
 recoil              n     flagrecoil   flag for calculation of recoils
 labddx              n     flaglabddx   flag for calculation of DDX in LAB system
 recoilaverage       n     flagrecoilav flag for average velocity in recoil calculation
 channelenergy       n     flagEchannel flag for channel energy for emission spectrum
 reaction            y     flagreaction flag for calculation of nuclear reactions
 fit                 n     flagfit      flag to use automatically fitted parameters
 ngfit               n     flagngfit    flag for using fitted (n,g) nuclear model parameters
 nffit               n     flagnffit    flag for using fitted (n,f) nuclear model parameters
 nnfit               n     flagnnfit    flag for using fitted (n,n), (n,2n) and (n,p) nuclear model parameters
 nafit               n     flagnafit    flag for using fitted (n,a) nuclear model parameters
 pnfit               n     flagpnfit    flag for using fitted (p,n) nuclear model parameters
 dnfit               n     flagdnfit    flag for using fitted (d,n) nuclear model parameters
 gnfit               n     flaggnfit    flag for using fitted (g,n) nuclear model parameters
 anfit               n     flaganfit    flag for using fitted (a,n) nuclear model parameters
 gamgamfit           n    flaggamgamfit flag for using fitted Gamma_gamma nuclear model parameters
 macsfit             n     flagmacsfit  flag for using fitted MACS nuclear model parameters
 astro               n     flagastro    flag for calculation of astrophysics reaction rate
 astrogs             n     flagastrogs  flag for calculation of astrophysics reaction rate with target in ground state only
 astroex             n     flagastroex  flag for calculation of astrophysics reaction rate to long-lived excited states
 nonthermlev        -1     nonthermlev  excited level non-thermalized in the calculation of astrophysics rate
 massmodel           2     massmodel    model for theoretical nuclear mass
 expmass             y     flagexpmass  flag for using experimental nuclear mass if available
 disctable           1     disctable    table with discrete levels
 production          n     flagprod     flag for isotope production
 outfy               n     flagoutfy    flag for output detailed fission yield calculation
 gefran          50000     gefran       number of random events for GEF calculation
 Estop            1000.000 Estop        incident energy above which TALYS stops
 rpevap              n     flagrpevap   flag for evaporation of residual products at high incident energies
 maxZrp             12     maxZrp       maximal number of protons from the initial compound nucleus before residual evaporation
 maxNrp             32     maxNrp       maximal number of neutrons from the initial compound nucleus before residual evaporation
 #
 # Optical model
 #
 localomp            y     flaglocalomp flag for local (y) or global (n) optical model
 dispersion          n     flagdisp     flag for dispersive optical model
 jlmomp              n     flagjlm      flag for using semi-microscopic JLM OMP
 riplomp             y     flagriplomp  flag for RIPL OMP
 riplrisk            y     flagriplrisk flag for going outside RIPL mass validity range
 optmodall           n     flagompall   flag for new optical model calculation for all residual nuclei
 incadjust           y     flagincadj   flag for OMP adjustment on incident channel also
 omponly             n     flagomponly  flag to execute ONLY an optical model calculation
 autorot             n     flagautorot  flag for automatic rotational coupled channels calculations for A > 150
 spherical           n     flagspher    flag to force spherical optical model
 soukho              n     flagsoukho   flag for Soukhovitskii OMP for actinides
 coulomb             y     flagcoulomb  flag for Coulomb excitation calculation with ECIS
 statepot            n     flagstate    flag for optical model potential for each excited state
 maxband             0     maxband      highest vibrational band added to rotational model
 maxrot              2     maxrot       number of included excited rotational levels
 sysreaction               sysreaction  particles with reaction cross section from systematics
 rotational                rotational   particles with possible rotational optical model
 core               -1     core         even-even core for weakcoupling (-1 or 1)
 ecissave            n     flagecissave flag for saving ECIS input and output files
 eciscalc            y     flageciscalc flag for new ECIS calculation for outgoing particles and energy grid
 inccalc             y     flaginccalc  flag for new ECIS calculation for incident channel
 endfecis            y     flagendfecis flag for new ECIS calculation for ENDF-6 files
 radialmodel         2     radialmodel  model for radial matter densities (JLM OMP only)
 jlmmode             0     jlmmode      option for JLM imaginary potential normalization
 alphaomp            6     alphaomp     alpha OMP (1=normal, 2= McFadden-Satchler, 3-5= folding potential, 6,8= Avrigeanu, 7=Nolte)
 deuteronomp         4     deuteronomp  deuteron OMP (1=normal, 2=Daehnick, 3=Bojowald, 4=Han-Shi-Shen, 5=An-Cai)
 #
 # Compound nucleus
 #
 widthfluc           n     flagwidth    flag for width fluctuation calculation
 widthmode           2     wmode        designator for width fluctuation model
 WFCfactor           1     WFCfactor    enhancement factor for WFC: 1: Original, 2: Ernebjerg and Herman
 compound            y     flagcomp     flag for compound nucleus model
 fullhf              n     flagfullhf   flag for full spin dependence of transmission coefficients
 eciscompound        n     flageciscomp flag for compound nucleus calculation by ECIS
 cpang               n     flagcpang    flag for compound angular distribution calculation for incident charged particles
 urr                 n     flagurr      flag for URR calculation
 urrnjoy             n     flagurrnjoy  flag for normalization of URR parameters with NJOY method
 lurr                2     lurr         maximal orbital angular momentum for URR
 #
 # Gamma emission
 #
 gammax              2     gammax       number of l-values for gamma multipolarity
 strength            9     strength     model for E1 gamma-ray strength function
 strengthM1          3     strengthM1   model for M1 gamma-ray strength function
 electronconv        y     flagelectron flag for application of electron conversion coefficient
 racap               n     flagracap    flag for radiative capture model
 ldmodelracap        3     ldmodelracap level density model for direct radiative capture
 upbend              y     flagupbend   flag for low-energy upbend of photon strength function
 psfglobal           n    flagpsfglobal flag for global photon strength functions only
 gnorm               n     flaggnorm    flag to normalize PSF to average radiative width
 #
 # Pre-equilibrium
 #
 preequilibrium      y     flagpreeq    flag for pre-equilibrium calculation
 preeqmode           2     preeqmode    designator for pre-equilibrium model
 multipreeq          y     flagmulpre   flag for multiple pre-equilibrium calculation
 mpreeqmode          2     mpreeqmode   designator for multiple pre-equilibrium model
 breakupmodel        1     breakupmodel model for break-up reaction: 1. Kalbach 2. Avrigeanu
 phmodel             1     phmodel      particle-hole state density model
 pairmodel           2     pairmodel    designator for pre-equilibrium pairing model
 preeqspin           2     pespinmodel  model for pre-equilibrium spin distribution
 giantresonance      y     flaggiant    flag for collective contribution from giant resonances
 preeqsurface        y     flagsurface  flag for surface effects in exciton model
 preeqcomplex        y     flagpecomp   flag for Kalbach complex particle emission model
 twocomponent        y     flag2comp    flag for two-component pre-equilibrium model
 ecisdwba            y     flagecisdwba flag for new ECIS calculation for DWBA for MSD
 onestep             n     flagonestep  flag for continuum one-step direct only
 #
 # Level densities
 #
 ldmodel             1     ldmodelall   level density model
 ldmodelCN           1     ldmodelCN    level density model for compound nucleus
 shellmodel          1     shellmodel   model for shell correction energies
 kvibmodel           2     kvibmodel    model for vibrational enhancement
 spincutmodel        1     spincutmodel model for spin cutoff factor for ground state
 asys                n     flagasys     flag for all level density parameters a from systematics
 parity              n     flagparity   flag for non-equal parity distribution
 colenhance          y     flagcolall   flag for collective enhancement of level density for all nuclides
 ctmglobal           n     flagctmglob  flag for global CTM model (no discrete level info)
 gshell              n     flaggshell   flag for energy dependence of single particle level density parameter g
 colldamp            n     flagcolldamp flag for damping of collective effects in effective level density
 #
 # Fission
 #
 fission             y     flagfission  flag for fission
 fismodel            3     fismodel     fission model
 fismodelalt         3     fismodelalt  alternative fission model for default barriers
 hbstate             n     flaghbstate  flag for head band states in fission
 class2              n     flagclass2   flag for class2 states in fission
 fispartdamp         n  flagfispartdamp flag for fission partial damping
 massdis             y     flagmassdis  flag for calculation of fission fragment mass yields
 ffevaporation       y     flagffevap   flag for calculation of particle evaporation from fission fragment mass yields
 fisfeed             n     flagfisfeed  flag for output of fission per excitation bin
 fymodel             1     fymodel      fission yield model, 1: Brosa 2: GEF
 ffmodel             1     ffmodel      fission fragment model, 1: GEF 2: HF3D (Okumura) 3: SPY 4: Langevin-4D 0: own files
 pfnsmodel           2     pfnsmodel    PFNS model, 1: Iwamoto 2: from FF decay
 ffspin              n     flagffspin   flag to use spin distribution in initial FF population
 #
 # Output
 #
 outmain             y     flagmain     flag for main output
 outbasic            n     flagbasic    flag for output of basic information and results
 outpopulation       n     flagpop      flag for output of population
 outcheck            n     flagcheck    flag for output of numerical checks
 outlevels           n     flaglevels   flag for output of discrete level information
 outdensity          n     flagdensity  flag for output of level densities
 outomp              n     flagoutomp   flag for output of optical model parameters
 outkd               n     flagoutkd    flag for output of KD03 OMP parameters
 outdirect           n     flagdirect   flag for output of direct reaction results
 outinverse          n     flaginverse  flag for output of transmission coefficients and inverse reaction cross sections
 outdecay            n     flagdecay    flag for output of decay of each population bin
 outtransenergy      y     flagtransen  flag for output of transmission coefficients per energy
 outecis             n     flagoutecis  flag for output of ECIS results
 outgamma            n     flaggamma    flag for output of gamma-ray information
 outpreequilibrium   n     flagpeout    flag for output of pre-equilibrium results 
 outfission          n     flagfisout   flag for output of fission information
 outdiscrete         n     flagdisc     flag for output of discrete state cross sections
 outspectra          n     flagspec     flag for output of double-differential cross sections
 outbinspectra       n     flagbinspec  flag for output of emission spectrum per excitation bin
 resonance           n     flagres      flag for output of low energy resonance cross sections
 group               n     flaggroup    flag for output of low energy groupwise cross sections
 adddiscrete         y     flagadd      flag for addition of discrete states to spectra
 addelastic          y     flagaddel    flag for addition of elastic peak to spectra
 outangle            n     flagang      flag for output of angular distributions
 outlegendre         n     flaglegendre flag for output of Legendre coefficients
 ddxmode             0     ddxmode      mode for double-differential cross sections
 outdwba             n     flagoutdwba  flag for output of DWBA cross sections for MSD
 outgamdis           n     flaggamdis   flag for output of discrete gamma-ray intensities
 outexcitation       n     flagexc      flag for output of excitation functions
 components          n     flagcompo    flag for output of cross section components
 endf                n     flagendf     flag for information for ENDF-6 file
 endfdetail          n     flagendfdet  flag for detailed ENDF-6 information per channel
 sacs                n     flagsacs     flag for statistical analysis of cross sections
 partable            y     flagpartable flag for output of model parameters on separate file
 block               n     flagblock    flag to block spectra, angle and gamma files

 ########## BASIC REACTION PARAMETERS ##########

 Projectile           : proton      Mass in a.m.u.      :   1.007276
 Target               : Th232       Mass in a.m.u.      : 232.038054

 Included channels:
                     fission 
                     gamma   
                     neutron 
                     proton  
                     deuteron
                     triton  
                     helium-3
                     alpha   

     1 incident energy (LAB):

     80.000

 Q-values for binary reactions:

 Q(p,g):  5.24627
 Q(p,n): -1.28219
 Q(p,p):  0.00000
 Q(p,d): -4.21585
 Q(p,t): -3.07663
 Q(p,h): -6.03391
 Q(p,a):  9.62083

 ########## RESULTS FOR E=  80.00000 ##########

 Energy dependent input flags

 Width fluctuations (flagwidth)            : n
 Unresolved resonance parameters (flagurr) : n
 Preequilibrium (flagpreeq)                : y
 Multiple preequilibrium (flagmulpre)      : y
 Number of continuum excitation energy bins: 40

 ++++++++++ FISSION YIELDS ++++++++++

 Fission yields as function of A

   A       FP yield       FF yield          FP xs          FF xs
   1     0.0000E+00     0.0000E+00     0.0000E+00     0.0000E+00
   2     0.0000E+00     0.0000E+00     0.0000E+00     0.0000E+00
   3     0.0000E+00     0.0000E+00     0.0000E+00     0.0000E+00
   4     0.0000E+00     0.0000E+00     0.0000E+00     0.0000E+00
   5     0.0000E+00     0.0000E+00     0.0000E+00     0.0000E+00
   6     0.0000E+00     0.0000E+00     0.0000E+00     0.0000E+00
   7     0.0000E+00     0.0000E+00     0.0000E+00     0.0000E+00
   8     0.0000E+00     0.0000E+00     0.0000E+00     0.0000E+00
   9     0.0000E+00     0.0000E+00     0.0000E+00     0.0000E+00
  10     0.0000E+00     0.0000E+00     0.0000E+00     0.0000E+00
  11     0.0000E+00     0.0000E+00     0.0000E+00     0.0000E+00
  12     0.0000E+00     0.0000E+00     0.0000E+00     0.0000E+00
  13     0.0000E+00     0.0000E+00     0.0000E+00     0.0000E+00
  14     0.0000E+00     0.0000E+00     0.0000E+00     0.0000E+00
  15     0.0000E+00     0.0000E+00     0.0000E+00     0.0000E+00
  16     0.0000E+00     0.0000E+00     0.0000E+00     0.0000E+00
  17     0.0000E+00     0.0000E+00     0.0000E+00     0.0000E+00
  18     0.0000E+00     0.0000E+00     0.0000E+00     0.0000E+00
  19     0.0000E+00     0.0000E+00     0.0000E+00     0.0000E+00
  20     0.0000E+00     0.0000E+00     0.0000E+00     0.0000E+00
  21     0.0000E+00     0.0000E+00     0.0000E+00     0.0000E+00
  22     0.0000E+00     0.0000E+00     0.0000E+00     0.0000E+00
  23     0.0000E+00     0.0000E+00     0.0000E+00     0.0000E+00
  24     0.0000E+00     0.0000E+00     0.0000E+00     0.0000E+00
  25     0.0000E+00     0.0000E+00     0.0000E+00     0.0000E+00
  26     0.0000E+00     0.0000E+00     0.0000E+00     0.0000E+00
  27     0.0000E+00     0.0000E+00     0.0000E+00     0.0000E+00
  28     0.0000E+00     0.0000E+00     0.0000E+00     0.0000E+00
  29     0.0000E+00     0.0000E+00     0.0000E+00     0.0000E+00
  30     0.0000E+00     0.0000E+00     0.0000E+00     0.0000E+00
  31     0.0000E+00     0.0000E+00     0.0000E+00     0.0000E+00
  32     0.0000E+00     0.0000E+00     0.0000E+00     0.0000E+00
  33     0.0000E+00     0.0000E+00     0.0000E+00     0.0000E+00
  34     0.0000E+00     0.0000E+00     2.1590E-30     0.0000E+00
  35     0.0000E+00     0.0000E+00     9.6142E-25     0.0000E+00
  36     0.0000E+00     0.0000E+00     1.2620E-21     0.0000E+00
  37     2.4640E-23     3.4805E-24     9.2348E-21     1.3045E-21
  38     1.4313E-22     2.8871E-23     5.3643E-20     1.0821E-20
  39     9.6421E-22     1.8193E-22     3.6138E-19     6.8188E-20
  40     5.3316E-20     1.0412E-21     1.9982E-17     3.9022E-19
  41     6.3581E-19     5.5232E-21     2.3830E-16     2.0701E-18
  42     2.3267E-18     1.1063E-19     8.7204E-16     4.1464E-17
  43     7.4510E-18     1.0035E-18     2.7926E-15     3.7610E-16
  44     2.5274E-17     3.6138E-18     9.4724E-15     1.3544E-15
  45     8.7978E-17     1.2021E-17     3.2974E-14     4.5054E-15
  46     2.5121E-16     3.8949E-17     9.4150E-14     1.4598E-14
  47     2.4869E-14     1.3100E-16     9.3206E-12     4.9098E-14
  48     5.7872E-11     3.8582E-16     2.1690E-08     1.4460E-13
  49     2.1457E-10     4.3228E-11     8.0419E-08     1.6202E-08
  50     3.7008E-10     2.2881E-10     1.3870E-07     8.5758E-08
  51     6.2569E-10     4.0072E-10     2.3451E-07     1.5019E-07
  52     1.2390E-09     6.0592E-10     4.6439E-07     2.2709E-07
  53     1.1697E-09     1.3319E-09     4.3841E-07     4.9919E-07
  54     1.0891E-09     1.2519E-09     4.0821E-07     4.6922E-07
  55     1.0400E-09     1.0843E-09     3.8977E-07     4.0639E-07
  56     1.1535E-09     8.9797E-10     4.3233E-07     3.3655E-07
  57     1.9007E-09     7.2407E-10     7.1249E-07     2.7138E-07
  58     4.4629E-09     6.8084E-10     1.6727E-06     2.5518E-07
  59     1.1826E-08     1.0768E-09     4.4325E-06     4.0359E-07
  60     3.1318E-08     2.7293E-09     1.1738E-05     1.0229E-06
  61     8.0546E-08     8.0200E-09     3.0188E-05     3.0059E-06
  62     1.9993E-07     2.3040E-08     7.4933E-05     8.6354E-06
  63     4.7685E-07     6.3616E-08     1.7872E-04     2.3843E-05
  64     1.0903E-06     1.6761E-07     4.0863E-04     6.2820E-05
  65     2.4021E-06     4.2163E-07     9.0028E-04     1.5802E-04
  66     5.0753E-06     1.0124E-06     1.9022E-03     3.7945E-04
  67     1.0387E-05     2.3218E-06     3.8929E-03     8.7020E-04
  68     2.0325E-05     5.0887E-06     7.6176E-03     1.9072E-03
  69     3.8552E-05     1.0670E-05     1.4449E-02     3.9992E-03
  70     7.0347E-05     2.1431E-05     2.6366E-02     8.0324E-03
  71     1.2420E-04     4.1286E-05     4.6551E-02     1.5474E-02
  72     2.1234E-04     7.6397E-05     7.9583E-02     2.8633E-02
  73     3.5068E-04     1.3600E-04     1.3143E-01     5.0971E-02
  74     5.6318E-04     2.3326E-04     2.1108E-01     8.7425E-02
  75     8.7607E-04     3.8608E-04     3.2835E-01     1.4470E-01
  76     1.3251E-03     6.1758E-04     4.9663E-01     2.3147E-01
  77     1.9509E-03     9.5617E-04     7.3120E-01     3.5837E-01
  78     2.7942E-03     1.4350E-03     1.0473E+00     5.3782E-01
  79     3.9052E-03     2.0908E-03     1.4637E+00     7.8361E-01
  80     5.3255E-03     2.9625E-03     1.9960E+00     1.1103E+00
  81     7.0866E-03     4.0905E-03     2.6560E+00     1.5331E+00
  82     9.2439E-03     5.5160E-03     3.4646E+00     2.0674E+00
  83     1.1815E-02     7.2812E-03     4.4283E+00     2.7290E+00
  84     1.4811E-02     9.4282E-03     5.5512E+00     3.5336E+00
  85     1.8288E-02     1.1992E-02     6.8544E+00     4.4944E+00
  86     2.2197E-02     1.4984E-02     8.3194E+00     5.6159E+00
  87     2.6475E-02     1.8372E-02     9.9227E+00     6.8856E+00
  88     3.0933E-02     2.2051E-02     1.1594E+01     8.2647E+00
  89     3.5298E-02     2.5842E-02     1.3229E+01     9.6853E+00
  90     3.9263E-02     2.9499E-02     1.4716E+01     1.1056E+01
  91     4.2474E-02     3.2762E-02     1.5919E+01     1.2279E+01
  92     4.4622E-02     3.5408E-02     1.6724E+01     1.3271E+01
  93     4.5812E-02     3.7308E-02     1.7170E+01     1.3983E+01
  94     4.5988E-02     3.8441E-02     1.7236E+01     1.4407E+01
  95     4.5465E-02     3.8891E-02     1.7040E+01     1.4576E+01
  96     4.4474E-02     3.8804E-02     1.6669E+01     1.4543E+01
  97     4.3209E-02     3.8349E-02     1.6195E+01     1.4373E+01
  98     4.1961E-02     3.7683E-02     1.5727E+01     1.4123E+01
  99     4.0813E-02     3.6931E-02     1.5296E+01     1.3842E+01
 100     3.9806E-02     3.6181E-02     1.4919E+01     1.3561E+01
 101     3.8950E-02     3.5489E-02     1.4599E+01     1.3301E+01
 102     3.8304E-02     3.4883E-02     1.4356E+01     1.3074E+01
 103     3.7828E-02     3.4377E-02     1.4178E+01     1.2884E+01
 104     3.7492E-02     3.3970E-02     1.4052E+01     1.2732E+01
 105     3.7236E-02     3.3659E-02     1.3956E+01     1.2615E+01
 106     3.7050E-02     3.3436E-02     1.3889E+01     1.2532E+01
 107     3.6937E-02     3.3289E-02     1.3844E+01     1.2477E+01
 108     3.6816E-02     3.3205E-02     1.3800E+01     1.2445E+01
 109     3.6692E-02     3.3168E-02     1.3752E+01     1.2431E+01
 110     3.6544E-02     3.3162E-02     1.3697E+01     1.2429E+01
 111     3.6346E-02     3.3173E-02     1.3629E+01     1.2433E+01
 112     3.6164E-02     3.3188E-02     1.3554E+01     1.2439E+01
 113     3.5873E-02     3.3198E-02     1.3448E+01     1.2442E+01
 114     3.5547E-02     3.3197E-02     1.3323E+01     1.2442E+01
 115     3.5186E-02     3.3181E-02     1.3189E+01     1.2436E+01
 116     3.4766E-02     3.3154E-02     1.3030E+01     1.2426E+01
 117     3.4358E-02     3.3120E-02     1.2877E+01     1.2413E+01
 118     3.3883E-02     3.3089E-02     1.2704E+01     1.2402E+01
 119     3.3502E-02     3.3072E-02     1.2557E+01     1.2395E+01
 120     3.3109E-02     3.3086E-02     1.2411E+01     1.2400E+01
 121     3.2791E-02     3.3146E-02     1.2290E+01     1.2423E+01
 122     3.2540E-02     3.3270E-02     1.2197E+01     1.2469E+01
 123     3.2341E-02     3.3471E-02     1.2129E+01     1.2545E+01
 124     3.2292E-02     3.3765E-02     1.2103E+01     1.2655E+01
 125     3.2317E-02     3.4161E-02     1.2116E+01     1.2804E+01
 126     3.2440E-02     3.4672E-02     1.2159E+01     1.2995E+01
 127     3.2660E-02     3.5308E-02     1.2242E+01     1.3233E+01
 128     3.2937E-02     3.6075E-02     1.2354E+01     1.3521E+01
 129     3.3361E-02     3.6961E-02     1.2504E+01     1.3853E+01
 130     3.3670E-02     3.7923E-02     1.2623E+01     1.4213E+01
 131     3.3922E-02     3.8861E-02     1.2714E+01     1.4565E+01
 132     3.3727E-02     3.9616E-02     1.2642E+01     1.4848E+01
 133     3.2907E-02     3.9982E-02     1.2341E+01     1.4985E+01
 134     3.1351E-02     3.9749E-02     1.1750E+01     1.4898E+01
 135     2.8902E-02     3.8760E-02     1.0835E+01     1.4527E+01
 136     2.5781E-02     3.6958E-02     9.6629E+00     1.3852E+01
 137     2.2138E-02     3.4406E-02     8.2979E+00     1.2895E+01
 138     1.8359E-02     3.1269E-02     6.8809E+00     1.1720E+01
 139     1.4704E-02     2.7774E-02     5.5111E+00     1.0410E+01
 140     1.1427E-02     2.4153E-02     4.2838E+00     9.0523E+00
 141     8.6411E-03     2.0604E-02     3.2387E+00     7.7224E+00
 142     6.3779E-03     1.7274E-02     2.3907E+00     6.4743E+00
 143     4.5878E-03     1.4252E-02     1.7195E+00     5.3415E+00
 144     3.2352E-03     1.1579E-02     1.2126E+00     4.3398E+00
 145     2.2240E-03     9.2654E-03     8.3380E-01     3.4726E+00
 146     1.4930E-03     7.2977E-03     5.5958E-01     2.7351E+00
 147     9.7870E-04     5.6525E-03     3.6686E-01     2.1185E+00
 148     6.2140E-04     4.3004E-03     2.3290E-01     1.6118E+00
 149     3.8359E-04     3.2093E-03     1.4378E-01     1.2028E+00
 150     2.2903E-04     2.3463E-03     8.5864E-02     8.7937E-01
 151     1.3219E-04     1.6784E-03     4.9544E-02     6.2904E-01
 152     7.3464E-05     1.1732E-03     2.7537E-02     4.3972E-01
 153     3.9317E-05     8.0040E-04     1.4736E-02     2.9998E-01
 154     2.0155E-05     5.3217E-04     7.5545E-03     1.9946E-01
 155     9.8803E-06     3.4430E-04     3.7038E-03     1.2904E-01
 156     4.6037E-06     2.1637E-04     1.7255E-03     8.1095E-02
 157     2.0511E-06     1.3184E-04     7.6879E-04     4.9412E-02
 158     8.5869E-07     7.7733E-05     3.2183E-04     2.9134E-02
 159     3.4138E-07     4.4260E-05     1.2795E-04     1.6589E-02
 160     1.2748E-07     2.4289E-05     4.7785E-05     9.1035E-03
 161     4.4807E-08     1.2823E-05     1.6794E-05     4.8059E-03
 162     1.4734E-08     6.5003E-06     5.5225E-06     2.4363E-03
 163     4.6155E-09     3.1592E-06     1.7298E-06     1.1840E-03
 164     1.4977E-09     1.4700E-06     5.6133E-07     5.5096E-04
 165     7.1463E-10     6.5418E-07     2.6784E-07     2.4518E-04
 166     6.7121E-10     2.7826E-07     2.5157E-07     1.0429E-04
 167     8.2675E-10     1.1321E-07     3.0986E-07     4.2430E-05
 168     9.8773E-10     4.4245E-08     3.7019E-07     1.6583E-05
 169     1.0892E-09     1.6877E-08     4.0824E-07     6.3255E-06
 170     1.1621E-09     6.5598E-09     4.3553E-07     2.4586E-06
 171     1.2107E-09     2.9080E-09     4.5377E-07     1.0899E-06
 172     5.5850E-10     1.6402E-09     2.0932E-07     6.1473E-07
 173     2.5530E-10     1.2909E-09     9.5685E-08     4.8381E-07
 174     5.2844E-11     1.1776E-09     1.9806E-08     4.4137E-07
 175     4.1836E-18     4.0792E-10     1.5680E-15     1.5289E-07
 176     4.4081E-19     2.3003E-10     1.6521E-16     8.6214E-08
 177     9.3534E-20     4.3431E-11     3.5056E-17     1.6278E-08
 178     1.8740E-20     2.5333E-14     7.0237E-18     9.4947E-12
 179     3.5903E-21     1.9497E-15     1.3456E-18     7.3075E-13
 180     6.1689E-22     4.2535E-16     2.3121E-19     1.5942E-13
 181     1.0029E-22     8.6890E-17     3.7588E-20     3.2566E-14
 182     1.4615E-23     1.2072E-17     5.4777E-21     4.5247E-15
 183     6.8253E-25     6.6647E-19     2.5581E-22     2.4979E-16
 184     3.9862E-33     7.3003E-21     1.5033E-30     2.7361E-18
 185     0.0000E+00     1.2949E-21     0.0000E+00     4.8531E-19
 186     0.0000E+00     2.2032E-22     0.0000E+00     8.2575E-20
 187     0.0000E+00     3.4727E-23     0.0000E+00     1.3015E-20
 188     0.0000E+00     3.6424E-24     0.0000E+00     1.3651E-21
 189     0.0000E+00     0.0000E+00     0.0000E+00     0.0000E+00
 190     0.0000E+00     0.0000E+00     0.0000E+00     0.0000E+00
 191     0.0000E+00     0.0000E+00     0.0000E+00     0.0000E+00
 192     0.0000E+00     0.0000E+00     0.0000E+00     0.0000E+00
 193     0.0000E+00     0.0000E+00     0.0000E+00     0.0000E+00
 194     0.0000E+00     0.0000E+00     0.0000E+00     0.0000E+00
 195     0.0000E+00     0.0000E+00     0.0000E+00     0.0000E+00
 196     0.0000E+00     0.0000E+00     0.0000E+00     0.0000E+00
 197     0.0000E+00     0.0000E+00     0.0000E+00     0.0000E+00
 198     0.0000E+00     0.0000E+00     0.0000E+00     0.0000E+00
 199     0.0000E+00     0.0000E+00     0.0000E+00     0.0000E+00
 200     0.0000E+00     0.0000E+00     0.0000E+00     0.0000E+00
 201     0.0000E+00     0.0000E+00     0.0000E+00     0.0000E+00
 202     0.0000E+00     0.0000E+00     0.0000E+00     0.0000E+00
 203     0.0000E+00     0.0000E+00     0.0000E+00     0.0000E+00
 204     0.0000E+00     0.0000E+00     0.0000E+00     0.0000E+00
 205     0.0000E+00     0.0000E+00     0.0000E+00     0.0000E+00
 206     0.0000E+00     0.0000E+00     0.0000E+00     0.0000E+00
 207     0.0000E+00     0.0000E+00     0.0000E+00     0.0000E+00
 208     0.0000E+00     0.0000E+00     0.0000E+00     0.0000E+00
 209     0.0000E+00     0.0000E+00     0.0000E+00     0.0000E+00
 210     0.0000E+00     0.0000E+00     0.0000E+00     0.0000E+00
 211     0.0000E+00     0.0000E+00     0.0000E+00     0.0000E+00
 212     0.0000E+00     0.0000E+00     0.0000E+00     0.0000E+00
 213     0.0000E+00     0.0000E+00     0.0000E+00     0.0000E+00
 214     0.0000E+00     0.0000E+00     0.0000E+00     0.0000E+00
 215     0.0000E+00     0.0000E+00     0.0000E+00     0.0000E+00
 216     0.0000E+00     0.0000E+00     0.0000E+00     0.0000E+00
 217     0.0000E+00     0.0000E+00     0.0000E+00     0.0000E+00
 218     0.0000E+00     0.0000E+00     0.0000E+00     0.0000E+00
 219     0.0000E+00     0.0000E+00     0.0000E+00     0.0000E+00
 220     0.0000E+00     0.0000E+00     0.0000E+00     0.0000E+00
 221     0.0000E+00     0.0000E+00     0.0000E+00     0.0000E+00
 222     0.0000E+00     0.0000E+00     0.0000E+00     0.0000E+00
 223     0.0000E+00     0.0000E+00     0.0000E+00     0.0000E+00
 224     0.0000E+00     0.0000E+00     0.0000E+00     0.0000E+00
 225     0.0000E+00     0.0000E+00     0.0000E+00     0.0000E+00
 226     0.0000E+00     0.0000E+00     0.0000E+00     0.0000E+00
 227     0.0000E+00     0.0000E+00     0.0000E+00     0.0000E+00
 228     0.0000E+00     0.0000E+00     0.0000E+00     0.0000E+00
 229     0.0000E+00     0.0000E+00     0.0000E+00     0.0000E+00
 230     0.0000E+00     0.0000E+00     0.0000E+00     0.0000E+00
 231     0.0000E+00     0.0000E+00     0.0000E+00     0.0000E+00
 232     0.0000E+00     0.0000E+00     0.0000E+00     0.0000E+00

 Tot     1.9998E+00     2.0000E+00     7.4952E+02     7.4959E+02

 Fission yields as function of Z, A

    Z    A iso     FP yield       FF yield         FP xs          FF xs    Isom. Ratio
   24   61 -1     1.3708E-08     3.5783E-09     5.1376E-06     1.3411E-06
   25   61 -1     4.1179E-08     2.9001E-09     1.5434E-05     1.0869E-06
   24   62 -1     1.3401E-08     7.2490E-09     5.0228E-06     2.7169E-06
   25   62 -1     8.2503E-08     1.0952E-08     3.0922E-05     4.1047E-06
   26   62 -1     8.5185E-08     3.5180E-09     3.1927E-05     1.3185E-06
   24   63 -1     9.1606E-09     1.1099E-08     3.4333E-06     4.1597E-06
   25   63 -1     1.2268E-07     3.0930E-08     4.5978E-05     1.1592E-05
   26   63 -1     2.4279E-07     1.8299E-08     9.0997E-05     6.8585E-06
   27   63 -1     9.4021E-08     2.3363E-09     3.5238E-05     8.7564E-07
   24   64 -1     4.2445E-09     1.2757E-08     1.5908E-06     4.7811E-06
   25   64 -1     1.3320E-07     6.5075E-08     4.9924E-05     2.4390E-05
   26   64 -1     5.2332E-07     7.1614E-08     1.9614E-04     2.6841E-05
   27   64 -1     3.7089E-07     1.6745E-08     1.3901E-04     6.2760E-06
   25   65 -1     1.0116E-07     1.0189E-07     3.7913E-05     3.8190E-05
   26   65 -1     8.3828E-07     2.0887E-07     3.1418E-04     7.8283E-05
   27   65 -1     1.1298E-06     9.0955E-08     4.2343E-04     3.4089E-05
   28   65 -1     3.1156E-07     8.5224E-09     1.1677E-04     3.1941E-06
   25   66 -1     5.4349E-08     1.2134E-07     2.0370E-05     4.5477E-05
   26   66 -1     9.9372E-07     4.5250E-07     3.7244E-04     1.6960E-04
   27   66 -1     2.5760E-06     3.6581E-07     9.6547E-04     1.3710E-04
   28   66 -1     1.2981E-06     6.3024E-08     4.8651E-04     2.3621E-05
   29   66 -1     1.4924E-07     2.2346E-09     5.5934E-05     8.3751E-07
   25   67 -1     1.9222E-08     1.0824E-07     7.2043E-06     4.0568E-05
   26   67 -1     8.4785E-07     7.3122E-07     3.1777E-04     2.7406E-04
   27   67 -1     4.4802E-06     1.0998E-06     1.6791E-03     4.1220E-04
   28   67 -1     4.1632E-06     3.5447E-07     1.5603E-03     1.3285E-04
   29   67 -1     8.3619E-07     2.4112E-08     3.1340E-04     9.0370E-06
   25   68 -1     4.4160E-09     7.4314E-08     1.6551E-06     2.7853E-05
   26   68 -1     5.0433E-07     8.9099E-07     1.8902E-04     3.3394E-04
   27   68 -1     5.7220E-06     2.4535E-06     2.1446E-03     9.1956E-04
   28   68 -1     1.0111E-05     1.4762E-06     3.7897E-03     5.5328E-04
   29   68 -1     3.6604E-06     1.8776E-07     1.3719E-03     7.0373E-05
   30   68 -1     3.1759E-07     4.4145E-09     1.1903E-04     1.6545E-06
   26   69 -1     2.0736E-07     8.2598E-07     7.7716E-05     3.0957E-04
   27   69 -1     5.3575E-06     4.0932E-06     2.0080E-03     1.5341E-03
   28   69 -1     1.8733E-05     4.5650E-06     7.0210E-03     1.7109E-03
   29   69 -1     1.2341E-05     1.0930E-06     4.6254E-03     4.0963E-04
   30   69 -1     1.8444E-06     5.3061E-08     6.9126E-04     1.9887E-05
   26   70 -1     5.5023E-08     5.9143E-07     2.0622E-05     2.2167E-04
   27   70 -1     3.5495E-06     5.1579E-06     1.3303E-03     1.9331E-03
   28   70 -1     2.5899E-05     1.0503E-05     9.7068E-03     3.9366E-03
   29   70 -1     3.1888E-05     4.7186E-06     1.1951E-02     1.7685E-03
   30   70 -1     8.4026E-06     4.3724E-07     3.1492E-03     1.6388E-04
   31   70 -1     5.4961E-07     5.9720E-09     2.0599E-04     2.2383E-06
   26   71 -1     9.0596E-09     3.2741E-07     3.3955E-06     1.2271E-04
   27   71 -1     1.6285E-06     4.9507E-06     6.1036E-04     1.8555E-03
   28   71 -1     2.6300E-05     1.8131E-05     9.8572E-03     6.7954E-03
   29   71 -1     6.2849E-05     1.5116E-05     2.3555E-02     5.6653E-03
   30   71 -1     2.9936E-05     2.6658E-06     1.1220E-02     9.9913E-04
   31   71 -1     3.3923E-06     8.9511E-08     1.2714E-03     3.3548E-05
   27   72 -1     4.9839E-07     3.6773E-06     1.8679E-04     1.3782E-03
   28   72 -1     1.9330E-05     2.3674E-05     7.2446E-03     8.8729E-03
   29   72 -1     9.3792E-05     3.6039E-05     3.5153E-02     1.3507E-02
   30   72 -1     8.1876E-05     1.2055E-05     3.0687E-02     4.5180E-03
   31   72 -1     1.6035E-05     8.0035E-07     6.0100E-03     2.9997E-04
   32   72 -1     8.0544E-07     5.4502E-09     3.0187E-04     2.0427E-06
   27   73 -1     9.7338E-08     2.1339E-06     3.6482E-05     7.9978E-04
   28   73 -1     9.7858E-06     2.3661E-05     3.6676E-03     8.8681E-03
   29   73 -1     1.0306E-04     6.4587E-05     3.8628E-02     2.4207E-02
   30   73 -1     1.7279E-04     4.0293E-05     6.4760E-02     1.5102E-02
   31   73 -1     5.9683E-05     5.1554E-06     2.2369E-02     1.9322E-03
   32   73 -1     5.1762E-06     1.1406E-07     1.9400E-03     4.2750E-05
   27   74 -1     1.1134E-08     9.8569E-07     4.1730E-06     3.6943E-04
   28   74 -1     3.4261E-06     1.8324E-05     1.2841E-03     6.8676E-03
   29   74 -1     8.2739E-05     8.7861E-05     3.1010E-02     3.2930E-02
   30   74 -1     2.7607E-04     1.0032E-04     1.0347E-01     3.7598E-02
   31   74 -1     1.7442E-04     2.4610E-05     6.5373E-02     9.2237E-03
   32   74 -1     2.5538E-05     1.1468E-06     9.5715E-03     4.2982E-04
   33   74 -1     9.7767E-07     4.1436E-09     3.6643E-04     1.5530E-06
   28   75 -1     7.8166E-07     1.1129E-05     2.9296E-04     4.1710E-03
   29   75 -1     4.6958E-05     9.1746E-05     1.7600E-02     3.4386E-02
   30   75 -1     3.2937E-04     1.8797E-04     1.2345E-01     7.0451E-02
   31   75 -1     3.9182E-04     8.6854E-05     1.4685E-01     3.2552E-02
   32   75 -1     1.0037E-04     7.9019E-06     3.7617E-02     2.9616E-03
   33   75 -1     6.7193E-06     1.0474E-07     2.5184E-03     3.9255E-05
   28   76 -1     1.0879E-07     5.4080E-06     4.0773E-05     2.0269E-03
   29   76 -1     1.8465E-05     7.4505E-05     6.9206E-03     2.7924E-02
   30   76 -1     2.8800E-04     2.6801E-04     1.0794E-01     1.0045E-01
   31   76 -1     6.7259E-04     2.2810E-04     2.5208E-01     8.5492E-02
   32   76 -1     3.0999E-04     4.0171E-05     1.1618E-01     1.5056E-02
   33   76 -1     3.4944E-05     1.2751E-06     1.3097E-02     4.7789E-04
   34   76 -1     9.8699E-07     2.2864E-09     3.6992E-04     8.5693E-07
   28   77 -1     8.3969E-09     2.1170E-06     3.1471E-06     7.9343E-04
   29   77 -1     4.8254E-06     4.7422E-05     1.8085E-03     1.7773E-02
   30   77 -1     1.8090E-04     2.9404E-04     6.7801E-02     1.1020E-01
   31   77 -1     8.6741E-04     4.5125E-04     3.2510E-01     1.6913E-01
   32   77 -1     7.4712E-04     1.5161E-04     2.8002E-01     5.6824E-02
   33   77 -1     1.4320E-04     9.6353E-06     5.3671E-02     3.6112E-03
   34   77 -1     7.4492E-06     6.9804E-08     2.7919E-03     2.6162E-05
   29   78 -1     7.8719E-07     2.4300E-05     2.9503E-04     9.1076E-03
   30   78 -1     7.9820E-05     2.5123E-04     2.9916E-02     9.4158E-02
   31   78 -1     8.2863E-04     6.7930E-04     3.1057E-01     2.5460E-01
   32   78 -1     1.3750E-03     4.2544E-04     5.1536E-01     1.5945E-01
   33   78 -1     4.6817E-04     5.2913E-05     1.7547E-01     1.9831E-02
   34   78 -1     4.0992E-05     1.0996E-06     1.5364E-02     4.1214E-04
   29   79 -1     7.3586E-08     1.0084E-05     2.7579E-05     3.7794E-03
   30   79 -1     2.3680E-05     1.6881E-04     8.8751E-03     6.3269E-02
   31   79 -1     5.7450E-04     7.8837E-04     2.1532E-01     2.9547E-01
   32   79 -1     1.9174E-03     8.9802E-04     7.1862E-01     3.3657E-01
   33   79 -1     1.2062E-03     2.1579E-04     4.5208E-01     8.0876E-02
   34   79 -1     1.7619E-04     9.4748E-06     6.6035E-02     3.5511E-03
   35   79 -1     7.1705E-06     3.8393E-08     2.6874E-03     1.4390E-05
   29   80 -1     3.5349E-09     3.5039E-06     1.3248E-06     1.3132E-03
   30   80 -1     4.4919E-06     9.1142E-05     1.6835E-03     3.4159E-02
   31   80 -1     2.8227E-04     7.1310E-04     1.0579E-01     2.6727E-01
   32   80 -1     1.9939E-03     1.4434E-03     7.4730E-01     5.4099E-01
   33   80 -1     2.3900E-03     6.5402E-04     8.9575E-01     2.4512E-01
   34   80 -1     6.1229E-04     5.6585E-05     2.2948E-01     2.1208E-02
   35   80 -1     4.2138E-05     7.1695E-07     1.5793E-02     2.6871E-04
   30   81 -1     4.9689E-07     4.0287E-05     1.8623E-04     1.5099E-02
   31   81 -1     9.4891E-05     5.0917E-04     3.5565E-02     1.9083E-01
   32   81 -1     1.5189E-03     1.7903E-03     5.6926E-01     6.7098E-01
   33   81 -1     3.5979E-03     1.4915E-03     1.3485E+00     5.5899E-01
   34   81 -1     1.6765E-03     2.5085E-04     6.2835E-01     9.4017E-02
   35   81 -1     1.9191E-04     7.4668E-06     7.1928E-02     2.7985E-03
   36   81 -1     6.0577E-06     1.5309E-08     2.2704E-03     5.7378E-06
   30   82 -1     3.0466E-08     1.4779E-05     1.1418E-05     5.5392E-03
   31   82 -1     2.0648E-05     2.9062E-04     7.7388E-03     1.0892E-01
   32   82 -1     8.4117E-04     1.7329E-03     3.1527E-01     6.4949E-01
   33   82 -1     4.0782E-03     2.5955E-03     1.5285E+00     9.7278E-01
   34   82 -1     3.5657E-03     8.3193E-04     1.3364E+00     3.1180E-01
   35   82 -1     6.9949E-04     4.9651E-05     2.6216E-01     1.8609E-02
   36   82 -1     3.8485E-05     3.6471E-07     1.4424E-02     1.3669E-04
   31   83 -1     2.7518E-06     1.3580E-04     1.0314E-03     5.0899E-02
   32   83 -1     3.2173E-04     1.3195E-03     1.2058E-01     4.9455E-01
   33   83 -1     3.4535E-03     3.4944E-03     1.2944E+00     1.3097E+00
   34   83 -1     5.8127E-03     2.0806E-03     2.1786E+00     7.7979E-01
   35   83 -1     2.0350E-03     2.4151E-04     7.6271E-01     9.0516E-02
   36   83 -1     1.8527E-04     4.7180E-06     6.9440E-02     1.7683E-03
   37   83 -1     4.2609E-06     3.5169E-09     1.5970E-03     1.3181E-06
   31   84 -1     1.9750E-07     5.3020E-05     7.4022E-05     1.9871E-02
   32   84 -1     8.0821E-05     8.0073E-04     3.0291E-02     3.0011E-01
   33   84 -1     2.1467E-03     3.6649E-03     8.0458E-01     1.3736E+00
   34   84 -1     7.2016E-03     3.9888E-03     2.6991E+00     1.4950E+00
   35   84 -1     4.6411E-03     8.8345E-04     1.7395E+00     3.3111E-01
   36   84 -1     7.0925E-04     3.6039E-05     2.6582E-01     1.3507E-02
   37   84 -1     3.1587E-05     1.5537E-07     1.1838E-02     5.8231E-05
   31   85 -1     7.2199E-09     1.7456E-05     2.7060E-06     6.5423E-03
   32   85 -1     1.2176E-05     3.9514E-04     4.5635E-03     1.4810E-01
   33   85 -1     9.5886E-04     3.0014E-03     3.5937E-01     1.1249E+00
   34   85 -1     6.7920E-03     5.9293E-03     2.5456E+00     2.2223E+00
   35   85 -1     8.1638E-03     2.4515E-03     3.0597E+00     9.1882E-01
   36   85 -1     2.1968E-03     1.9437E-04     8.2334E-01     7.2849E-02
   37   85 -1     1.6217E-04     2.3575E-06     6.0779E-02     8.8358E-04
   32   86 -1     1.0188E-06     1.6411E-04     3.8184E-04     6.1508E-02
   33   86 -1     2.7827E-04     1.9398E-03     1.0429E-01     7.2701E-01
   34   86 -1     4.8528E-03     6.8413E-03     1.8188E+00     2.5641E+00
   35   86 -1     1.1052E-02     5.2264E-03     4.1424E+00     1.9588E+00
   36   86 -1     5.3356E-03     7.8584E-04     1.9997E+00     2.9453E-01
   37   86 -1     6.5374E-04     2.1747E-05     2.4502E-01     8.1506E-03
   38   86 -1     2.3397E-05     4.8848E-08     8.7692E-03     1.8308E-05
   32   87 -1     4.6654E-08     5.7792E-05     1.7486E-05     2.1660E-02
   33   87 -1     4.7745E-05     1.0106E-03     1.7895E-02     3.7878E-01
   34   87 -1     2.5003E-03     6.0837E-03     9.3710E-01     2.2801E+00
   35   87 -1     1.1594E-02     8.6600E-03     4.3454E+00     3.2457E+00
   36   87 -1     1.0073E-02     2.4259E-03     3.7752E+00     9.0921E-01
   37   87 -1     2.1296E-03     1.3158E-04     7.9815E-01     4.9316E-02
   38   87 -1     1.2936E-04     9.7065E-07     4.8482E-02     3.6380E-04
   33   88 -1     4.4109E-06     4.4294E-04     1.6532E-03     1.6601E-01
   34   88 -1     8.2850E-04     4.1724E-03     3.1052E-01     1.5638E+00
   35   88 -1     9.3161E-03     1.1049E-02     3.4916E+00     4.1411E+00
   36   88 -1     1.4731E-02     5.7690E-03     5.5211E+00     2.1622E+00
   37   88 -1     5.4858E-03     5.8940E-04     2.0560E+00     2.2090E-01
   38   88 -1     5.5137E-04     1.0852E-05     2.0665E-01     4.0671E-03
   39   88 -1     1.5924E-05     9.2251E-09     5.9682E-03     3.4575E-06
   33   89 -1     2.3772E-07     1.6728E-04     8.9098E-05     6.2695E-02
   34   89 -1     1.5718E-04     2.2965E-03     5.8911E-02     8.6070E-01
   35   89 -1     5.3833E-03     1.0727E-02     2.0176E+00     4.0206E+00
   36   89 -1     1.6762E-02     1.0559E-02     6.2823E+00     3.9576E+00
   37   89 -1     1.1008E-02     2.0104E-03     4.1259E+00     7.5347E-01
   38   89 -1     1.8909E-03     7.5966E-05     7.0868E-01     2.8472E-02
   39   89 -1     9.5138E-05     3.3934E-07     3.5657E-02     1.2718E-04
   33   90 -1     6.5578E-09     5.4750E-05     2.4578E-06     2.0520E-02
   34   90 -1     1.6245E-05     1.0635E-03     6.0884E-03     3.9860E-01
   35   90 -1     1.9676E-03     7.9193E-03     7.3746E-01     2.9681E+00
   36   90 -1     1.4555E-02     1.4807E-02     5.4550E+00     5.5495E+00
   37   90 -1     1.7144E-02     5.2728E-03     6.4254E+00     1.9762E+00
   38   90 -1     5.1375E-03     3.7674E-04     1.9255E+00     1.4120E-01
   39   90 -1     4.3431E-04     4.4449E-06     1.6278E-01     1.6659E-03
   34   91 -1     9.7248E-07     4.2647E-04     3.6448E-04     1.5984E-01
   35   91 -1     4.1395E-04     4.5975E-03     1.5515E-01     1.7231E+00
   36   91 -1     8.9683E-03     1.5671E-02     3.3613E+00     5.8735E+00
   37   91 -1     2.0586E-02     1.0600E-02     7.7154E+00     3.9727E+00
   38   91 -1     1.0884E-02     1.4137E-03     4.0791E+00     5.2984E-01
   39   91 -1     1.5557E-03     3.7583E-05     5.8306E-01     1.4086E-02
   40   91 -1     6.6105E-05     9.1773E-08     2.4776E-02     3.4396E-05
   34   92 -1     3.2029E-08     1.4962E-04     1.2004E-05     5.6078E-02
   35   92 -1     4.7527E-05     2.2486E-03     1.7813E-02     8.4276E-01
   36   92 -1     3.5490E-03     1.2559E-02     1.3301E+00     4.7070E+00
   37   92 -1     1.8511E-02     1.6183E-02     6.9380E+00     6.0654E+00
   38   92 -1     1.7731E-02     4.0540E-03     6.6455E+00     1.5194E+00
   39   92 -1     4.4596E-03     2.0882E-04     1.6714E+00     7.8263E-02
   40   92 -1     3.1880E-04     1.5706E-06     1.1949E-01     5.8865E-04
   35   93 -1     3.1554E-06     9.6567E-04     1.1826E-03     3.6193E-01
   36   93 -1     8.0282E-04     7.9047E-03     3.0089E-01     2.9626E+00
   37   93 -1     1.1829E-02     1.8646E-02     4.4335E+00     6.9884E+00
   38   93 -1     2.2020E-02     8.8695E-03     8.2529E+00     3.3242E+00
   39   93 -1     9.9041E-03     8.5958E-04     3.7120E+00     3.2216E-01
   40   93 -1     1.2102E-03     1.5778E-05     4.5358E-01     5.9134E-03
   41   93 -1     4.2949E-05     1.6162E-08     1.6097E-02     6.0576E-06
   35   94 -1     1.2134E-07     3.6588E-04     4.5479E-05     1.3713E-01
   36   94 -1     1.0589E-04     4.1683E-03     3.9688E-02     1.5622E+00
   37   94 -1     4.8815E-03     1.6386E-02     1.8296E+00     6.1415E+00
   38   94 -1     2.0304E-02     1.4716E-02     7.6098E+00     5.5156E+00
   39   94 -1     1.6839E-02     2.6896E-03     6.3110E+00     1.0080E+00
   40   94 -1     3.6336E-03     1.0207E-04     1.3619E+00     3.8257E-02
   41   94 -1     2.2229E-04     4.8116E-07     8.3315E-02     1.8034E-04
   35   95 -1     2.4625E-09     1.2154E-04     9.2292E-07     4.5553E-02
   36   95 -1     8.1750E-06     1.9384E-03     3.0639E-03     7.2650E-01
   37   95 -1     1.2489E-03     1.1441E-02     4.6806E-01     4.2878E+00
   38   95 -1     1.3197E-02     1.8516E-02     4.9463E+00     6.9397E+00
   39   95 -1     2.1587E-02     6.4008E-03     8.0905E+00     2.3990E+00
   40   95 -1     8.5033E-03     4.6539E-04     3.1870E+00     1.7442E-01
   41   95 -1     8.9538E-04     5.6759E-06     3.3558E-01     2.1273E-03
   36   96 -1     3.6290E-07     7.9558E-04     1.3601E-04     2.9818E-01
   37   96 -1     1.8909E-04     6.7128E-03     7.0871E-02     2.5159E+00
   38   96 -1     5.8216E-03     1.8070E-02     2.1819E+00     6.7725E+00
   39   96 -1     2.0332E-02     1.1559E-02     7.6202E+00     4.3321E+00
   40   96 -1     1.5158E-02     1.5876E-03     5.6810E+00     5.9501E-01
   41   96 -1     2.8256E-03     4.4142E-05     1.0590E+00     1.6544E-02
   42   96 -1     1.4818E-04     1.1900E-07     5.5535E-02     4.4602E-05
   36   97 -1     8.4809E-09     2.8715E-04     3.1786E-06     1.0762E-01
   37   97 -1     1.7651E-05     3.4347E-03     6.6154E-03     1.2873E+00
   38   97 -1     1.6438E-03     1.4223E-02     6.1609E-01     5.3307E+00
   39   97 -1     1.3757E-02     1.6037E-02     5.1560E+00     6.0105E+00
   40   97 -1     2.0154E-02     4.1289E-03     7.5534E+00     1.5475E+00
   41   97 -1     6.9927E-03     2.2828E-04     2.6208E+00     8.5557E-02
   42   97 -1     6.3015E-04     1.8214E-06     2.3618E-01     6.8266E-04
   37   98 -1     9.2795E-07     1.5439E-03     3.4779E-04     5.7863E-01
   38   98 -1     2.9632E-04     9.4141E-03     1.1106E-01     3.5283E+00
   39   98 -1     6.4610E-03     1.7546E-02     2.4215E+00     6.5762E+00
   40   98 -1     1.9841E-02     8.2078E-03     7.4361E+00     3.0762E+00
   41   98 -1     1.3150E-02     8.6270E-04     4.9285E+00     3.2333E-01
   42   98 -1     2.1188E-03     1.6769E-05     7.9413E-01     6.2848E-03
   43   98 -1     9.3074E-05     2.0393E-08     3.4884E-02     7.6432E-06
   37   99 -1     2.6777E-08     6.1260E-04     1.0036E-05     2.2960E-01
   38   99 -1     3.3036E-05     5.3906E-03     1.2382E-02     2.0204E+00
   39   99 -1     2.0686E-03     1.5655E-02     7.7529E-01     5.8675E+00
   40   99 -1     1.4157E-02     1.2673E-02     5.3060E+00     4.7498E+00
   41   99 -1     1.8562E-02     2.4724E-03     6.9568E+00     9.2665E-01
   42   99 -1     5.5557E-03     1.0219E-04     2.0822E+00     3.8300E-02
   43   99 -1     4.2971E-04     5.1783E-07     1.6105E-01     1.9408E-04
   38  100 -1     2.1346E-06     2.6994E-03     8.0004E-04     1.0117E+00
   39  100 -1     4.3402E-04     1.1771E-02     1.6267E-01     4.4118E+00
   40  100 -1     7.2223E-03     1.5595E-02     2.7069E+00     5.8448E+00
   41  100 -1     1.9375E-02     5.4553E-03     7.2617E+00     2.0446E+00
   42  100 -1     1.1185E-02     4.3690E-04     4.1919E+00     1.6375E-01
   43  100 -1     1.5319E-03     5.6196E-06     5.7414E-01     2.1062E-03
   38  101 -1     7.6253E-08     1.1832E-03     2.8579E-05     4.4344E-01
   39  101 -1     5.8494E-05     7.6037E-03     2.1923E-02     2.8498E+00
   40  101 -1     2.5855E-03     1.5774E-02     9.6902E-01     5.9118E+00
   41  101 -1     1.4844E-02     9.4225E-03     5.5635E+00     3.5315E+00
   42  101 -1     1.6892E-02     1.3998E-03     6.3310E+00     5.2463E-01
   43  101 -1     4.2907E-03     4.1695E-05     1.6081E+00     1.5627E-02
   44  101 -1     2.7873E-04     1.2270E-07     1.0447E-01     4.5987E-05
   39  102 -1     4.7129E-06     4.2418E-03     1.7664E-03     1.5898E+00
   40  102 -1     6.3213E-04     1.3421E-02     2.3692E-01     5.0302E+00
   41  102 -1     8.2833E-03     1.3079E-02     3.1045E+00     4.9020E+00
   42  102 -1     1.9002E-02     3.4655E-03     7.1218E+00     1.2989E+00
   43  102 -1     9.2806E-03     2.0721E-04     3.4783E+00     7.7663E-02
   44  102 -1     1.0696E-03     1.7379E-06     4.0088E-01     6.5134E-04
   39  103 -1     2.1878E-07     2.0640E-03     8.1996E-05     7.7358E-01
   40  103 -1     1.0169E-04     9.7489E-03     3.8113E-02     3.6538E+00
   41  103 -1     3.3241E-03     1.4917E-02     1.2458E+00     5.5906E+00
   42  103 -1     1.5852E-02     6.7264E-03     5.9413E+00     2.5210E+00
   43  103 -1     1.5150E-02     7.5284E-04     5.6779E+00     2.8216E-01
   44  103 -1     3.2234E-03     1.5210E-05     1.2081E+00     5.7006E-03
   45  103 -1     1.7733E-04     2.1389E-08     6.6461E-02     8.0166E-06
   39  104 -1     5.9526E-09     8.7610E-04     2.2310E-06     3.2836E-01
   40  104 -1     1.0235E-05     6.1034E-03     3.8361E-03     2.2875E+00
   41  104 -1     9.3337E-04     1.4266E-02     3.4982E-01     5.3469E+00
   42  104 -1     9.7321E-03     1.0487E-02     3.6475E+00     3.9304E+00
   43  104 -1     1.8579E-02     2.1029E-03     6.9633E+00     7.8814E-01
   44  104 -1     7.4997E-03     9.1382E-05     2.8108E+00     3.4249E-02
   45  104 -1     7.2091E-04     4.8737E-07     2.7019E-01     1.8266E-04
   40  105 -1     6.3617E-07     3.2970E-03     2.3843E-04     1.2357E+00
   41  105 -1     1.7718E-04     1.1606E-02     6.6405E-02     4.3497E+00
   42  105 -1     4.3588E-03     1.3432E-02     1.6336E+00     5.0341E+00
   43  105 -1     1.6927E-02     4.6083E-03     6.3443E+00     1.7271E+00
   44  105 -1     1.3332E-02     3.8282E-04     4.9968E+00     1.4348E-01
   45  105 -1     2.3349E-03     5.0272E-06     8.7509E-01     1.8842E-03
   46  105 -1     1.0543E-04     2.1500E-09     3.9515E-02     8.0583E-07
   40  106 -1     3.1671E-08     1.5507E-03     1.1870E-05     5.8118E-01
   41  106 -1     2.2281E-05     8.1041E-03     8.3508E-03     3.0374E+00
   42  106 -1     1.3924E-03     1.4359E-02     5.2187E-01     5.3817E+00
   43  106 -1     1.1468E-02     8.0719E-03     4.2981E+00     3.0253E+00
   44  106 -1     1.7805E-02     1.2117E-03     6.6734E+00     4.5414E-01
   45  106 -1     5.8870E-03     3.6600E-05     2.2064E+00     1.3717E-02
   46  106 -1     4.7448E-04     1.1393E-07     1.7783E-01     4.2702E-05
   40  107 -1     2.3331E-09     6.2969E-04     8.7443E-07     2.3600E-01
   41  107 -1     1.8986E-06     4.8796E-03     7.1160E-04     1.8289E+00
   42  107 -1     3.1041E-04     1.3009E-02     1.1634E-01     4.8758E+00
   43  107 -1     5.7188E-03     1.1560E-02     2.1434E+00     4.3325E+00
   44  107 -1     1.7821E-02     3.0027E-03     6.6790E+00     1.1254E+00
   45  107 -1     1.1391E-02     1.8080E-04     4.2694E+00     6.7762E-02
   46  107 -1     1.6331E-03     1.5310E-06     6.1209E-01     5.7382E-04
   41  108 -1     1.6522E-07     2.5336E-03     6.1922E-05     9.4956E-01
   42  108 -1     4.8457E-05     1.0072E-02     1.8161E-02     3.7749E+00
   43  108 -1     2.0741E-03     1.3769E-02     7.7737E-01     5.1604E+00
   44  108 -1     1.3296E-02     5.9346E-03     4.9832E+00     2.2243E+00
   45  108 -1     1.6626E-02     6.5904E-04     6.2312E+00     2.4700E-01
   46  108 -1     4.4763E-03     1.3174E-05     1.6777E+00     4.9376E-03
   47  108 -1     2.9585E-04     2.0265E-08     1.1088E-01     7.5952E-06
   41  109 -1     2.1044E-08     1.1445E-03     7.8872E-06     4.2895E-01
   42  109 -1     5.7674E-06     6.7243E-03     2.1616E-03     2.5202E+00
   43  109 -1     5.4319E-04     1.3810E-02     2.0358E-01     5.1759E+00
   44  109 -1     7.3813E-03     9.4926E-03     2.7665E+00     3.5578E+00
   45  109 -1     1.8239E-02     1.8518E-03     6.8359E+00     6.9405E-01
   46  109 -1     9.3816E-03     7.8749E-05     3.5162E+00     2.9515E-02
   47  109 -1     1.1075E-03     4.2084E-07     4.1508E-01     1.5773E-04
   41  110 -1     2.5724E-09     4.4170E-04     9.6414E-07     1.6555E-01
   42  110 -1     8.0547E-07     3.8688E-03     3.0188E-04     1.4500E+00
   43  110 -1     1.0444E-04     1.1821E-02     3.9143E-02     4.4306E+00
   44  110 -1     3.0342E-03     1.2553E-02     1.1372E+00     4.7046E+00
   45  110 -1     1.4987E-02     4.1253E-03     5.6170E+00     1.5461E+00
   46  110 -1     1.4980E-02     3.3326E-04     5.6146E+00     1.2490E-01
   47  110 -1     3.2592E-03     4.2727E-06     1.2215E+00     1.6014E-03
   48  110 -1     1.7801E-04     2.0763E-09     6.6717E-02     7.7818E-07
   42  111 -1     1.4667E-07     1.9195E-03     5.4970E-05     7.1941E-01
   43  111 -1     1.7230E-05     8.6894E-03     6.4578E-03     3.2567E+00
   44  111 -1     9.1927E-04     1.3919E-02     3.4454E-01     5.2168E+00
   45  111 -1     9.2488E-03     7.3959E-03     3.4664E+00     2.7719E+00
   46  111 -1     1.8009E-02     1.0706E-03     6.7498E+00     4.0125E-01
   47  111 -1     7.4261E-03     3.1033E-05     2.7833E+00     1.1631E-02
   48  111 -1     7.2511E-04     9.7539E-08     2.7177E-01     3.6557E-05
   42  112 -1     2.3289E-08     8.2046E-04     8.7287E-06     3.0750E-01
   43  112 -1     3.4976E-06     5.5141E-03     1.3109E-03     2.0666E+00
   44  112 -1     2.1763E-04     1.3117E-02     8.1565E-02     4.9163E+00
   45  112 -1     4.2616E-03     1.0850E-02     1.5972E+00     4.0666E+00
   46  112 -1     1.6312E-02     2.6903E-03     6.1135E+00     1.0083E+00
   47  112 -1     1.2991E-02     1.5493E-04     4.8691E+00     5.8065E-02
   48  112 -1     2.2753E-03     1.2765E-06     8.5277E-01     4.7842E-04
   42  113 -1     2.2121E-09     3.0041E-04     8.2908E-07     1.1259E-01
   43  113 -1     8.3105E-07     3.0188E-03     3.1147E-04     1.1314E+00
   44  113 -1     4.8965E-05     1.0601E-02     1.8352E-02     3.9731E+00
   45  113 -1     1.5037E-03     1.3277E-02     5.6359E-01     4.9761E+00
   46  113 -1     1.1094E-02     5.4095E-03     4.1578E+00     2.0274E+00
   47  113 -1     1.7107E-02     5.7297E-04     6.4115E+00     2.1475E-01
   48  113 -1     5.6698E-03     1.0878E-05     2.1250E+00     4.0771E-03
   49  113 -1     4.4922E-04     1.7644E-08     1.6836E-01     6.6129E-06
   43  114 -1     1.6519E-07     1.4195E-03     6.1912E-05     5.3200E-01
   44  114 -1     1.3553E-05     7.3854E-03     5.0797E-03     2.7680E+00
   45  114 -1     4.3680E-04     1.3754E-02     1.6371E-01     5.1551E+00
   46  114 -1     5.7635E-03     8.8402E-03     2.1601E+00     3.3133E+00
   47  114 -1     1.6961E-02     1.6375E-03     6.3568E+00     6.1373E-01
   48  114 -1     1.0775E-02     6.5982E-05     4.0383E+00     2.4730E-02
   49  114 -1     1.5406E-03     3.4794E-07     5.7742E-01     1.3041E-04
   43  115 -1     2.1252E-08     5.7076E-04     7.9652E-06     2.1392E-01
   44  115 -1     3.9682E-06     4.4373E-03     1.4873E-03     1.6631E+00
   45  115 -1     1.2994E-04     1.2193E-02     4.8700E-02     4.5700E+00
   46  115 -1     2.3408E-03     1.1963E-02     8.7730E-01     4.4837E+00
   47  115 -1     1.2782E-02     3.7078E-03     4.7906E+00     1.3897E+00
   48  115 -1     1.5534E-02     2.8309E-04     5.8220E+00     1.0610E-01
   49  115 -1     4.1252E-03     3.4769E-06     1.5461E+00     1.3031E-03
   50  115 -1     2.6988E-04     2.0053E-09     1.0115E-01     7.5158E-07
   44  116 -1     9.6305E-07     2.2953E-03     3.6095E-04     8.6025E-01
   45  116 -1     4.6500E-05     9.3137E-03     1.7428E-02     3.4907E+00
   46  116 -1     8.3853E-04     1.3623E-02     3.1428E-01     5.1059E+00
   47  116 -1     7.4219E-03     6.7716E-03     2.7817E+00     2.5380E+00
   48  116 -1     1.6896E-02     9.2593E-04     6.3326E+00     3.4703E-01
   49  116 -1     8.5426E-03     2.5280E-05     3.2017E+00     9.4748E-03
   50  116 -1     9.8929E-04     8.0926E-08     3.7078E-01     3.0331E-05
   44  117 -1     1.6359E-07     1.0201E-03     6.1313E-05     3.8233E-01
   45  117 -1     1.6781E-05     6.1434E-03     6.2895E-03     2.3025E+00
   46  117 -1     3.2282E-04     1.3241E-02     1.2099E-01     4.9625E+00
   47  117 -1     3.4952E-03     1.0157E-02     1.3100E+00     3.8067E+00
   48  117 -1     1.4041E-02     2.3737E-03     5.2626E+00     8.8965E-01
   49  117 -1     1.3453E-02     1.2892E-04     5.0423E+00     4.8319E-02
   50  117 -1     2.8747E-03     1.0401E-06     1.0774E+00     3.8984E-04
   44  118 -1     1.7017E-08     3.8586E-04     6.3777E-06     1.4462E-01
   45  118 -1     4.8615E-06     3.4900E-03     1.8220E-03     1.3080E+00
   46  118 -1     1.4443E-04     1.1082E-02     5.4133E-02     4.1535E+00
   47  118 -1     1.5265E-03     1.2756E-02     5.7212E-01     4.7808E+00
   48  118 -1     9.1173E-03     4.8701E-03     3.4171E+00     1.8253E+00
   49  118 -1     1.6040E-02     4.8472E-04     6.0117E+00     1.8167E-01
   50  118 -1     6.4399E-03     8.6831E-06     2.4136E+00     3.2544E-03
   51  118 -1     6.0946E-04     1.4909E-08     2.2842E-01     5.5877E-06
   45  119 -1     1.0135E-06     1.7111E-03     3.7987E-04     6.4130E-01
   46  119 -1     6.2719E-05     8.0203E-03     2.3507E-02     3.0060E+00
   47  119 -1     7.4155E-04     1.3608E-02     2.7793E-01     5.1001E+00
   48  119 -1     4.9585E-03     8.1408E-03     1.8584E+00     3.0511E+00
   49  119 -1     1.4679E-02     1.4135E-03     5.5016E+00     5.2977E-01
   50  119 -1     1.1076E-02     5.3086E-05     4.1511E+00     1.9896E-02
   51  119 -1     1.9011E-03     2.7322E-07     7.1253E-01     1.0240E-04
   45  120 -1     1.3117E-07     7.1409E-04     4.9162E-05     2.6764E-01
   46  120 -1     2.1368E-05     5.0081E-03     8.0086E-03     1.8770E+00
   47  120 -1     4.0098E-04     1.2490E-02     1.5029E-01     4.6813E+00
   48  120 -1     2.6127E-03     1.1322E-02     9.7922E-01     4.2435E+00
   49  120 -1     1.0614E-02     3.2839E-03     3.9779E+00     1.2308E+00
   50  120 -1     1.4476E-02     2.3300E-04     5.4256E+00     8.7327E-02
   51  120 -1     4.6260E-03     2.7126E-06     1.7338E+00     1.0167E-03
   45  121 -1     9.5812E-09     2.5281E-04     3.5910E-06     9.4751E-02
   46  121 -1     5.1975E-06     2.6883E-03     1.9480E-03     1.0076E+00
   47  121 -1     2.0131E-04     9.9138E-03     7.5450E-02     3.7156E+00
   48  121 -1     1.5445E-03     1.3314E-02     5.7888E-01     4.9902E+00
   49  121 -1     6.6186E-03     6.1710E-03     2.4806E+00     2.3129E+00
   50  121 -1     1.4525E-02     7.8085E-04     5.4440E+00     2.9266E-01
   51  121 -1     8.6595E-03     1.9581E-05     3.2455E+00     7.3390E-03
   52  121 -1     1.1944E-03     6.0965E-08     4.4766E-01     2.2849E-05
   46  122 -1     8.0775E-07     1.2327E-03     3.0274E-04     4.6202E-01
   47  122 -1     8.0046E-05     6.7913E-03     3.0001E-02     2.5454E+00
   48  122 -1     9.7651E-04     1.3426E-02     3.6599E-01     5.0319E+00
   49  122 -1     4.1379E-03     9.5718E-03     1.5509E+00     3.5875E+00
   50  122 -1     1.1653E-02     2.0704E-03     4.3676E+00     7.7599E-01
   51  122 -1     1.2342E-02     1.0224E-04     4.6258E+00     3.8321E-02
   52  122 -1     3.1507E-03     7.7199E-07     1.1809E+00     2.8934E-04
   46  123 -1     7.3894E-08     4.8118E-04     2.7695E-05     1.8034E-01
   47  123 -1     2.2082E-05     4.0022E-03     8.2762E-03     1.5000E+00
   48  123 -1     5.5750E-04     1.1688E-02     2.0895E-01     4.3805E+00
   49  123 -1     2.8851E-03     1.2462E-02     1.0813E+00     4.6707E+00
   50  123 -1     8.2295E-03     4.4165E-03     3.0844E+00     1.6553E+00
   51  123 -1     1.3544E-02     3.9867E-04     5.0762E+00     1.4942E-01
   52  123 -1     6.3859E-03     6.5025E-06     2.3934E+00     2.4371E-03
   53  123 -1     7.1682E-04     1.1022E-08     2.6866E-01     4.1310E-06
   46  124 -1     3.3934E-09     1.5757E-04     1.2718E-06     5.9057E-02
   47  124 -1     4.0088E-06     2.0146E-03     1.5025E-03     7.5505E-01
   48  124 -1     2.5146E-04     8.7950E-03     9.4245E-02     3.2963E+00
   49  124 -1     2.0736E-03     1.3840E-02     7.7715E-01     5.1870E+00
   50  124 -1     5.9776E-03     7.7009E-03     2.2404E+00     2.8863E+00
   51  124 -1     1.1969E-02     1.2144E-03     4.4858E+00     4.5514E-01
   52  124 -1     9.9044E-03     4.0575E-05     3.7121E+00     1.5207E-02
   53  124 -1     2.0078E-03     1.9423E-07     7.5252E-01     7.2798E-05
   47  125 -1     4.2704E-07     8.5630E-04     1.6005E-04     3.2094E-01
   48  125 -1     7.9255E-05     5.6641E-03     2.9704E-02     2.1229E+00
   49  125 -1     1.3318E-03     1.3239E-02     4.9915E-01     4.9620E+00
   50  125 -1     4.7755E-03     1.1205E-02     1.7898E+00     4.1995E+00
   51  125 -1     9.4550E-03     2.9679E-03     3.5437E+00     1.1124E+00
   52  125 -1     1.1852E-02     1.8573E-04     4.4419E+00     6.9612E-02
   53  125 -1     4.4217E-03     1.9511E-06     1.6572E+00     7.3126E-04
   47  126 -1     2.5061E-08     3.0776E-04     9.3926E-06     1.1534E-01
   48  126 -1     1.6532E-05     3.1098E-03     6.1961E-03     1.1655E+00
   49  126 -1     6.7647E-04     1.0916E-02     2.5354E-01     4.0914E+00
   50  126 -1     3.8657E-03     1.3781E-02     1.4488E+00     5.1650E+00
   51  126 -1     7.7473E-03     5.8791E-03     2.9036E+00     2.2035E+00
   52  126 -1     1.1423E-02     6.5680E-04     4.2813E+00     2.4617E-01
   53  126 -1     7.4440E-03     1.4392E-05     2.7900E+00     5.3942E-03
   54  126 -1     1.2161E-03     4.2115E-08     4.5577E-01     1.5784E-05
   48  127 -1     1.9849E-06     1.4456E-03     7.4394E-04     5.4181E-01
   49  127 -1     2.4737E-04     7.6969E-03     9.2715E-02     2.8848E+00
   50  127 -1     2.7909E-03     1.4528E-02     1.0460E+00     5.4451E+00
   51  127 -1     6.9758E-03     9.6213E-03     2.6145E+00     3.6060E+00
   52  127 -1     9.9119E-03     1.8449E-03     3.7149E+00     6.9145E-01
   53  127 -1     9.6571E-03     7.8162E-05     3.6194E+00     2.9295E-02
   54  127 -1     2.8633E-03     5.2854E-07     1.0731E+00     1.9809E-04
   48  128 -1     1.5064E-07     5.6494E-04     5.6459E-05     2.1173E-01
   49  128 -1     5.7889E-05     4.5876E-03     2.1697E-02     1.7194E+00
   50  128 -1     1.6363E-03     1.3143E-02     6.1328E-01     4.9260E+00
   51  128 -1     6.3399E-03     1.3248E-02     2.3762E+00     4.9654E+00
   52  128 -1     8.9393E-03     4.1843E-03     3.3504E+00     1.5683E+00
   53  128 -1     1.0081E-02     3.2090E-04     3.7784E+00     1.2027E-01
   54  128 -1     5.2008E-03     4.5053E-06     1.9492E+00     1.6886E-03
   55  128 -1     6.8199E-04     7.1144E-09     2.5561E-01     2.6664E-06
   48  129 -1     6.2968E-09     1.8662E-04     2.3600E-06     6.9945E-02
   49  129 -1     7.9303E-06     2.3149E-03     2.9722E-03     8.6760E-01
   50  129 -1     6.9663E-04     1.0104E-02     2.6109E-01     3.7867E+00
   51  129 -1     5.2001E-03     1.5512E-02     1.9490E+00     5.8137E+00
   52  129 -1     8.9274E-03     7.7748E-03     3.3459E+00     2.9140E+00
   53  129 -1     9.4115E-03     1.0377E-03     3.5274E+00     3.8893E-01
   54  129 -1     7.2893E-03     2.9011E-05     2.7320E+00     1.0873E-02
   55  129 -1     1.7236E-03     1.2387E-07     6.4601E-01     4.6424E-05
   49  130 -1     6.6895E-07     9.8161E-04     2.5072E-04     3.6790E-01
   50  130 -1     1.8477E-04     6.5220E-03     6.9251E-02     2.4444E+00
   51  130 -1     3.5034E-03     1.5465E-02     1.3131E+00     5.7960E+00
   52  130 -1     8.9786E-03     1.2062E-02     3.3651E+00     4.5208E+00
   53  130 -1     9.1208E-03     2.7025E-03     3.4184E+00     1.0129E+00
   54  130 -1     8.1623E-03     1.3944E-04     3.0592E+00     5.2261E-02
   55  130 -1     3.3623E-03     1.2558E-06     1.2602E+00     4.7066E-04
   49  131 -1     3.6933E-08     3.4945E-04     1.3842E-05     1.3097E-01
   50  131 -1     2.7523E-05     3.5238E-03     1.0315E-02     1.3207E+00
   51  131 -1     1.6966E-03     1.2920E-02     6.3587E-01     4.8424E+00
   52  131 -1     8.2374E-03     1.5799E-02     3.0873E+00     5.9212E+00
   53  131 -1     9.8464E-03     5.7297E-03     3.6904E+00     2.1475E+00
   54  131 -1     8.0554E-03     5.2088E-04     3.0191E+00     1.9522E-01
   55  131 -1     5.0551E-03     9.4506E-06     1.8946E+00     3.5420E-03
   56  131 -1     9.5678E-04     2.4497E-08     3.5860E-01     9.1813E-06
   50  132 -1     2.5105E-06     1.6075E-03     9.4092E-04     6.0249E-01
   51  132 -1     5.0559E-04     8.9215E-03     1.8949E-01     3.3437E+00
   52  132 -1     6.1128E-03     1.7361E-02     2.2910E+00     6.5068E+00
   53  132 -1     1.0718E-02     1.0023E-02     4.0171E+00     3.7567E+00
   54  132 -1     8.1968E-03     1.5442E-03     3.0721E+00     5.7874E-01
   55  132 -1     6.0261E-03     5.3153E-05     2.2585E+00     1.9921E-02
   56  132 -1     1.9922E-03     3.0786E-07     7.4667E-01     1.1538E-04
   50  133 -1     1.6200E-07     6.1735E-04     6.0718E-05     2.3138E-01
   51  133 -1     7.9180E-05     5.1144E-03     2.9676E-02     1.9169E+00
   52  133 -1     3.2374E-03     1.5708E-02     1.2134E+00     5.8874E+00
   53  133 -1     1.0464E-02     1.4583E-02     3.9220E+00     5.4655E+00
   54  133 -1     9.2093E-03     3.7044E-03     3.4516E+00     1.3884E+00
   55  133 -1     6.2339E-03     2.2783E-04     2.3364E+00     8.5391E-02
   56  133 -1     3.1946E-03     2.6667E-06     1.1973E+00     9.9948E-04
   57  133 -1     4.8797E-04     3.7304E-09     1.8289E-01     1.3981E-06
   50  134 -1     7.6187E-09     1.9825E-04     2.8555E-06     7.4301E-02
   51  134 -1     7.7370E-06     2.4746E-03     2.8998E-03     9.2746E-01
   52  134 -1     1.0314E-03     1.1511E-02     3.8658E-01     4.3143E+00
   53  134 -1     8.1884E-03     1.7521E-02     3.0690E+00     6.5667E+00
   54  134 -1     1.0478E-02     7.2562E-03     3.9270E+00     2.7196E+00
   55  134 -1     6.4625E-03     7.6699E-04     2.4221E+00     2.8746E-01
   56  134 -1     4.0327E-03     1.7575E-05     1.5114E+00     6.5869E-03
   57  134 -1     1.0743E-03     6.4328E-08     4.0266E-01     2.4110E-05
   51  135 -1     5.2016E-07     1.0115E-03     1.9495E-04     3.7909E-01
   52  135 -1     1.7809E-04     6.9349E-03     6.6747E-02     2.5991E+00
   53  135 -1     4.4514E-03     1.7014E-02     1.6684E+00     6.3767E+00
   54  135 -1     1.0562E-02     1.1600E-02     3.9585E+00     4.3478E+00
   55  135 -1     7.3368E-03     2.0604E-03     2.7498E+00     7.7223E-01
   56  135 -1     4.3273E-03     8.6437E-05     1.6218E+00     3.2396E-02
   57  135 -1     1.8206E-03     6.5898E-07     6.8235E-01     2.4698E-04
   51  136 -1     2.6994E-08     3.4850E-04     1.0117E-05     1.3062E-01
   52  136 -1     1.8002E-05     3.5367E-03     6.7471E-03     1.3255E+00
   53  136 -1     1.5089E-03     1.3243E-02     5.6553E-01     4.9635E+00
   54  136 -1     8.3006E-03     1.5028E-02     3.1110E+00     5.6324E+00
   55  136 -1     8.4751E-03     4.4594E-03     3.1764E+00     1.6714E+00
   56  136 -1     4.5042E-03     3.2744E-04     1.6881E+00     1.2272E-01
   57  136 -1     2.4232E-03     4.9580E-06     9.0818E-01     1.8582E-03
   58  136 -1     5.2182E-04     1.1175E-08     1.9557E-01     4.1884E-06
   52  137 -1     1.2625E-06     1.5361E-03     4.7318E-04     5.7572E-01
   53  137 -1     2.8698E-04     8.4344E-03     1.0756E-01     3.1612E+00
   54  137 -1     4.5654E-03     1.5571E-02     1.7111E+00     5.8361E+00
   55  137 -1     8.5432E-03     7.7575E-03     3.2019E+00     2.9075E+00
   56  137 -1     5.0367E-03     9.7639E-04     1.8877E+00     3.6595E-01
   57  137 -1     2.6814E-03     2.8126E-05     1.0050E+00     1.0541E-02
   58  137 -1     9.2866E-04     1.3916E-07     3.4805E-01     5.2158E-05
   52  138 -1     7.0636E-08     5.6647E-04     2.6474E-05     2.1231E-01
   53  138 -1     3.2096E-05     4.5658E-03     1.2029E-02     1.7112E+00
   54  138 -1     1.6071E-03     1.2929E-02     6.0232E-01     4.8456E+00
   55  138 -1     6.6675E-03     1.0754E-02     2.4989E+00     4.0305E+00
   56  138 -1     5.7443E-03     2.3103E-03     2.1529E+00     8.6588E-01
   57  138 -1     2.7813E-03     1.2004E-04     1.0424E+00     4.4988E-02
   58  138 -1     1.2921E-03     1.1974E-06     4.8426E-01     4.4877E-04
   52  139 -1     2.5000E-09     1.7636E-04     9.3699E-07     6.6099E-02
   53  139 -1     2.3925E-06     2.1263E-03     8.9669E-04     7.9693E-01
   54  139 -1     3.3920E-04     8.8567E-03     1.2713E-01     3.3194E+00
   55  139 -1     3.7115E-03     1.1873E-02     1.3910E+00     4.4500E+00
   56  139 -1     5.7025E-03     4.3354E-03     2.1373E+00     1.6249E+00
   57  139 -1     3.0251E-03     3.9484E-04     1.1338E+00     1.4798E-01
   58  139 -1     1.4676E-03     7.7927E-06     5.5004E-01     2.9206E-03
   59  139 -1     4.2074E-04     2.4846E-08     1.5769E-01     9.3122E-06
   53  140 -1     1.3491E-07     8.3791E-04     5.0564E-05     3.1404E-01
   54  140 -1     4.4390E-05     5.1802E-03     1.6637E-02     1.9415E+00
   55  140 -1     1.3779E-03     1.0609E-02     5.1644E-01     3.9762E+00
   56  140 -1     4.4651E-03     6.4300E-03     1.6735E+00     2.4099E+00
   57  140 -1     3.3321E-03     1.0128E-03     1.2488E+00     3.7961E-01
   58  140 -1     1.5171E-03     3.7466E-05     5.6859E-01     1.4042E-02
   59  140 -1     6.0388E-04     2.4749E-07     2.2633E-01     9.2758E-05
   53  141 -1     4.4412E-09     2.7780E-04     1.6645E-06     1.0412E-01
   54  141 -1     3.6818E-06     2.6085E-03     1.3799E-03     9.7764E-01
   55  141 -1     3.3282E-04     7.9130E-03     1.2474E-01     2.9658E+00
   56  141 -1     2.5495E-03     7.6145E-03     9.5554E-01     2.8539E+00
   57  141 -1     3.2775E-03     2.0441E-03     1.2284E+00     7.6612E-01
   58  141 -1     1.5982E-03     1.3624E-04     5.9898E-01     5.1060E-02
   59  141 -1     7.0277E-04     1.8056E-06     2.6339E-01     6.7672E-04
   60  141 -1     1.6566E-04     3.5496E-09     6.2087E-02     1.3304E-06
   54  142 -1     2.0722E-07     1.1072E-03     7.7663E-05     4.1496E-01
   55  142 -1     5.0811E-05     5.0709E-03     1.9044E-02     1.9005E+00
   56  142 -1     1.0269E-03     7.3709E-03     3.8489E-01     2.7626E+00
   57  142 -1     2.5950E-03     3.2569E-03     9.7259E-01     1.2206E+00
   58  142 -1     1.7082E-03     3.8121E-04     6.4023E-01     1.4287E-01
   59  142 -1     7.2252E-04     9.8742E-06     2.7080E-01     3.7008E-03
   60  142 -1     2.4553E-04     4.2515E-08     9.2022E-02     1.5934E-05
   54  143 -1     6.4806E-09     3.9308E-04     2.4289E-06     1.4733E-01
   55  143 -1     4.9544E-06     2.7866E-03     1.8569E-03     1.0444E+00
   56  143 -1     2.8156E-04     6.0251E-03     1.0553E-01     2.2582E+00
   57  143 -1     1.5490E-03     4.1598E-03     5.8055E-01     1.5591E+00
   58  143 -1     1.6660E-03     8.3027E-04     6.2439E-01     3.1118E-01
   59  143 -1     7.3648E-04     3.9965E-05     2.7603E-01     1.4979E-02
   60  143 -1     2.9022E-04     3.5045E-07     1.0877E-01     1.3135E-04
   55  144 -1     2.7466E-07     1.2812E-03     1.0294E-04     4.8018E-01
   56  144 -1     5.0505E-05     4.2478E-03     1.8929E-02     1.5921E+00
   57  144 -1     6.7917E-04     4.3837E-03     2.5455E-01     1.6430E+00
   58  144 -1     1.3448E-03     1.4238E-03     5.0401E-01     5.3362E-01
   59  144 -1     7.7031E-04     1.2271E-04     2.8871E-01     4.5990E-02
   60  144 -1     2.9652E-04     2.1762E-06     1.1113E-01     8.1564E-04
   61  144 -1     8.5424E-05     5.9780E-09     3.2017E-02     2.2405E-06
   55  145 -1     8.5698E-09     4.8931E-04     3.2119E-06     1.8339E-01
   56  145 -1     5.5804E-06     2.5546E-03     2.0915E-03     9.5746E-01
   57  145 -1     2.0872E-04     3.9338E-03     7.8228E-02     1.4744E+00
   58  145 -1     8.4502E-04     1.9601E-03     3.1671E-01     7.3462E-01
   59  145 -1     7.5288E-04     2.8967E-04     2.8218E-01     1.0857E-01
   60  145 -1     2.9290E-04     9.8708E-06     1.0978E-01     3.6995E-03
   61  145 -1     1.0236E-04     5.6538E-08     3.8366E-02     2.1190E-05
   56  146 -1     3.3839E-07     1.2831E-03     1.2683E-04     4.8091E-01
   57  146 -1     4.1817E-05     3.0406E-03     1.5673E-02     1.1396E+00
   58  146 -1     3.9765E-04     2.2455E-03     1.4904E-01     8.4159E-01
   59  146 -1     6.2373E-04     5.3486E-04     2.3377E-01     2.0046E-01
   60  146 -1     2.9901E-04     3.3176E-05     1.1207E-01     1.2434E-02
   61  146 -1     1.0316E-04     3.8963E-07     3.8664E-02     1.4603E-04
   56  147 -1     1.1341E-08     5.3268E-04     4.2507E-06     1.9964E-01
   57  147 -1     5.2568E-06     1.9989E-03     1.9702E-03     7.4919E-01
   58  147 -1     1.3279E-04     2.1977E-03     4.9769E-02     8.2367E-01
   59  147 -1     4.1094E-04     7.9511E-04     1.5402E-01     2.9800E-01
   60  147 -1     2.9603E-04     8.5076E-05     1.1095E-01     3.1886E-02
   61  147 -1     9.9272E-05     2.0020E-06     3.7206E-02     7.5033E-04
   62  147 -1     3.0341E-05     7.3376E-09     1.1372E-02     2.7501E-06
   57  148 -1     3.6900E-07     1.0934E-03     1.3830E-04     4.0981E-01
   58  148 -1     2.9130E-05     1.8519E-03     1.0918E-02     6.9407E-01
   59  148 -1     2.0284E-04     9.8756E-04     7.6023E-02     3.7013E-01
   60  148 -1     2.5335E-04     1.7042E-04     9.4956E-02     6.3871E-02
   61  148 -1     9.8696E-05     7.4379E-06     3.6991E-02     2.7877E-03
   62  148 -1     3.0313E-05     5.6218E-08     1.1361E-02     2.1070E-05
   57  149 -1     1.3413E-08     4.9094E-04     5.0270E-06     1.8400E-01
   58  149 -1     3.9827E-06     1.3233E-03     1.4927E-03     4.9597E-01
   59  149 -1     7.1366E-05     1.0484E-03     2.6747E-02     3.9294E-01
   60  149 -1     1.7333E-04     2.7394E-04     6.4962E-02     1.0267E-01
   61  149 -1     9.8400E-05     2.0815E-05     3.6880E-02     7.8012E-03
   62  149 -1     2.8118E-05     3.2798E-07     1.0538E-02     1.2292E-04
   58  150 -1     3.1285E-07     7.8604E-04     1.1725E-04     2.9460E-01
   59  150 -1     1.6694E-05     9.5486E-04     6.2566E-03     3.5788E-01
   60  150 -1     8.8832E-05     3.6705E-04     3.3294E-02     1.3757E-01
   61  150 -1     8.7265E-05     4.5131E-05     3.2707E-02     1.6915E-02
   62  150 -1     2.7230E-05     1.3649E-06     1.0206E-02     5.1154E-04
   63  150 -1     7.3935E-06     6.4716E-09     2.7710E-03     2.4255E-06
   58  151 -1     1.3299E-08     3.8172E-04     4.9842E-06     1.4307E-01
   59  151 -1     2.4700E-06     7.3682E-04     9.2572E-04     2.7616E-01
   60  151 -1     3.2267E-05     4.2131E-04     1.2093E-02     1.5790E-01
   61  151 -1     6.1921E-05     7.8756E-05     2.3208E-02     2.9517E-02
   62  151 -1     2.7185E-05     4.1852E-06     1.0189E-02     1.5686E-03
   63  151 -1     6.6269E-06     4.1808E-08     2.4837E-03     1.5669E-05
   59  152 -1     2.1184E-07     4.7248E-04     7.9396E-05     1.7708E-01
   60  152 -1     7.8662E-06     4.1302E-04     2.9482E-03     1.5480E-01
   61  152 -1     3.2719E-05     1.1361E-04     1.2263E-02     4.2580E-02
   62  152 -1     2.4783E-05     9.8190E-06     9.2885E-03     3.6801E-03
   63  152 -1     6.1626E-06     2.0096E-07     2.3097E-03     7.5320E-05
   59  153 -1     1.0368E-08     2.4776E-04     3.8858E-06     9.2858E-02
   60  153 -1     1.2182E-06     3.4290E-04     4.5656E-04     1.2852E-01
   61  153 -1     1.2156E-05     1.4014E-04     4.5560E-03     5.2523E-02
   62  153 -1     1.8260E-05     1.8477E-05     6.8439E-03     6.9250E-03
   63  153 -1     6.1050E-06     6.8062E-07     2.2881E-03     2.5509E-04
   64  153 -1     1.2807E-06     4.1099E-09     4.8000E-04     1.5404E-06
   60  154 -1     1.1303E-07     2.3582E-04     4.2363E-05     8.8382E-02
   61  154 -1     3.0387E-06     1.4829E-04     1.1389E-03     5.5578E-02
   62  154 -1     9.8795E-06     2.8952E-05     3.7028E-03     1.0851E-02
   63  154 -1     5.7136E-06     1.7466E-06     2.1414E-03     6.5463E-04
   64  154 -1     1.1289E-06     2.2806E-08     4.2310E-04     8.5475E-06
   60  155 -1     5.9407E-09     1.3222E-04     2.2265E-06     4.9554E-02
   61  155 -1     4.8675E-07     1.3202E-04     1.8243E-04     4.9482E-02
   62  155 -1     3.7484E-06     3.8490E-05     1.4049E-03     1.4426E-02
   63  155 -1     4.3014E-06     3.5520E-06     1.6121E-03     1.3313E-03
   64  155 -1     1.0968E-06     8.9056E-08     4.1108E-04     3.3378E-05
   61  156 -1     4.8158E-08     9.6816E-05     1.8049E-05     3.6286E-02
   62  156 -1     9.4508E-07     4.3528E-05     3.5421E-04     1.6314E-02
   63  156 -1     2.3743E-06     5.9764E-06     8.8987E-04     2.2399E-03
   64  156 -1     1.0304E-06     2.4960E-07     3.8617E-04     9.3548E-05
   61  157 -1     2.7769E-09     5.7669E-05     1.0408E-06     2.1614E-02
   62  157 -1     1.5365E-07     4.1448E-05     5.7589E-05     1.5535E-02
   63  157 -1     9.1392E-07     8.5963E-06     3.4253E-04     3.2218E-03
   64  157 -1     7.9546E-07     5.5563E-07     2.9813E-04     2.0825E-04
   65  157 -1     1.5443E-07     9.0721E-09     5.7878E-05     3.4002E-06
   62  158 -1     1.5583E-08     3.2273E-05     5.8406E-06     1.2096E-02
   63  158 -1     2.3142E-07     1.0396E-05     8.6736E-05     3.8963E-03
   64  158 -1     4.4267E-07     1.0086E-06     1.6591E-04     3.7803E-04
   65  158 -1     1.4472E-07     2.9110E-08     5.4240E-05     1.0910E-05
   63  159 -1     3.7540E-08     1.0487E-05     1.4070E-05     3.9304E-03
   64  159 -1     1.7081E-07     1.5465E-06     6.4019E-05     5.7963E-04
   65  159 -1     1.1163E-07     7.0354E-08     4.1839E-05     2.6368E-05
   63  160 -1     3.8042E-09     8.6151E-06     1.4258E-06     3.2289E-03
   64  160 -1     4.3361E-08     1.9944E-06     1.6252E-05     7.4748E-04
   65  160 -1     6.2559E-08     1.3821E-07     2.3447E-05     5.1801E-05
   66  160 -1     1.5449E-08     2.6991E-09     5.7900E-06     1.0116E-06
   64  161 -1     6.9720E-09     2.1288E-06     2.6131E-06     7.9788E-04
   65  161 -1     2.4085E-08     2.2755E-07     9.0271E-06     8.5283E-05
   66  161 -1     1.1746E-08     7.3758E-09     4.4024E-06     2.7644E-06
   65  162 -1     5.9882E-09     3.0853E-07     2.2444E-06     1.1563E-04
   66  162 -1     6.5722E-09     1.5638E-08     2.4632E-06     5.8610E-06
   66  163 -1     2.4807E-09     2.6924E-08     9.2974E-07     1.0091E-05

Total             1.9998E+00     2.0000E+00     7.4952E+02     7.4959E+02

 ########### REACTION SUMMARY FOR E=  80.00000 ###########

 Center-of-mass energy:   79.640

 1. Total (binary) cross sections

   Reaction        = 2.14541E+03
     Compound elastic= 1.00000E-12
     Non-elastic     = 2.14541E+03
       Direct          = 6.52391E+01
       Pre-equilibrium = 1.58654E+03
       Giant resonance = 1.80653E+01
       Compound non-el = 4.75566E+02

 2. Binary non-elastic cross sections (non-exclusive)

 fission = 8.15458E-01
 gamma   = 2.45565E+00
 neutron = 1.10821E+03
 proton  = 8.01127E+02
 deuteron= 1.44771E+02
 triton  = 3.39399E+01
 helium-3= 1.49380E+01
 alpha   = 3.91620E+01

 3. Total particle production cross sections

 gamma   = 1.66544E+03    Multiplicity= 7.76282E-01
 neutron = 7.31799E+03    Multiplicity= 3.41100E+00
 proton  = 1.15805E+03    Multiplicity= 5.39781E-01
 deuteron= 2.18620E+02    Multiplicity= 1.01901E-01
 triton  = 1.84807E+02    Multiplicity= 8.61406E-02
 helium-3= 1.57792E+01    Multiplicity= 7.35487E-03
 alpha   = 1.10221E+02    Multiplicity= 5.13751E-02
 fission = 7.49592E+02

 4. Residual production cross sections

   a. Per isotope

   Z   A  nuclide    total     level   isomeric    isomeric    lifetime
                 cross section       cross section  ratio

   91 233 (233Pa) 6.63352E-02    0    6.63352E-02  1.00000
   91 232 (232Pa) 3.35195E+00    0    3.35195E+00  1.00000
   90 232 (232Th) 7.84742E+01    0    7.84742E+01  1.00000
   91 231 (231Pa) 1.31432E+01    0    1.31432E+01  1.00000
   90 231 (231Th) 1.00287E+02    0    1.00287E+02  1.00000
   89 231 (231Ac) 1.61531E+01    0    1.61531E+01  1.00000
   91 230 (230Pa) 2.58814E+01    0    2.58814E+01  1.00000
   90 230 (230Th) 1.67304E+02    0    1.67304E+02  1.00000
   89 230 (230Ac) 1.09117E+01    0    1.09117E+01  1.00000
   88 230 (230Ra) 3.79058E-02    0    3.79058E-02  1.00000
   91 229 (229Pa) 1.86665E+01    0    1.86665E+01  1.00000
   90 229 (229Th) 1.42447E+02    0    1.42447E+02  1.00000
   89 229 (229Ac) 1.63095E+01    0    1.63095E+01  1.00000
   88 229 (229Ra) 4.53673E-02    0    4.53673E-02  1.00000
   87 229 (229Fr) 2.57817E-06    0    2.57817E-06  1.00000
   91 228 (228Pa) 1.90181E+01    0    1.90181E+01  1.00000
   90 228 (228Th) 1.36662E+02    0    1.36662E+02  1.00000
   89 228 (228Ac) 1.66371E+01    0    1.66371E+01  1.00000
   88 228 (228Ra) 7.55945E-02    0    7.55945E-02  1.00000
   87 228 (228Fr) 6.81634E-06    0    6.81634E-06  1.00000
   91 227 (227Pa) 1.36881E+01    0    1.36881E+01  1.00000
   90 227 (227Th) 1.25158E+02    0    1.25158E+02  1.00000
   89 227 (227Ac) 1.12620E+01    0    1.12620E+01  1.00000
   88 227 (227Ra) 4.33314E-02    0    4.33314E-02  1.00000
   87 227 (227Fr) 4.00509E-06    0    4.00509E-06  1.00000
   91 226 (226Pa) 1.64862E+01    0    1.64862E+01  1.00000
   90 226 (226Th) 1.06760E+02    0    1.06760E+02  1.00000
   89 226 (226Ac) 5.73291E+00    0    5.73291E+00  1.00000
   88 226 (226Ra) 3.90328E-02    0    3.90328E-02  1.00000
   87 226 (226Fr) 1.15587E-05    0    1.15587E-05  1.00000
   86 226 (226Rn) 1.05273E-09    0    1.05273E-09  1.00000
   91 225 (225Pa) 3.05962E+00    0    3.05962E+00  1.00000
   90 225 (225Th) 7.16396E+01    0    7.16396E+01  1.00000
   89 225 (225Ac) 4.52550E+00    0    4.52550E+00  1.00000
   88 225 (225Ra) 1.06439E-01    0    1.06439E-01  1.00000
   87 225 (225Fr) 8.07014E-04    0    8.07014E-04  1.00000
   86 225 (225Rn) 1.26860E-08    0    1.26860E-08  1.00000
   91 224 (224Pa) 8.70724E-01    0    8.70724E-01  1.00000
   90 224 (224Th) 6.22087E+01    0    6.22087E+01  1.00000
   89 224 (224Ac) 5.25501E+00    0    5.25501E+00  1.00000
   88 224 (224Ra) 6.28121E-01    0    6.28121E-01  1.00000
   87 224 (224Fr) 2.64126E-03    0    1.32207E-03  0.50054
                                 1    1.31919E-03  0.49946   1.99800E+02 sec. 
   86 224 (224Rn) 3.93463E-07    0    3.93463E-07  1.00000
   91 223 (223Pa) 7.03653E-03    0    7.03653E-03  1.00000
   90 223 (223Th) 2.11838E+01    0    2.11838E+01  1.00000
   89 223 (223Ac) 1.78756E+01    0    1.78756E+01  1.00000
   88 223 (223Ra) 2.22050E+00    0    2.22050E+00  1.00000
   87 223 (223Fr) 1.73763E-02    0    1.73763E-02  1.00000
   86 223 (223Rn) 1.48213E-06    0    1.48213E-06  1.00000
   85 223 (223At) 1.56412E-10    0    1.56412E-10  1.00000
   91 222 (222Pa) 7.65555E-06    0    7.65555E-06  1.00000
   90 222 (222Th) 1.04993E+00    0    1.04993E+00  1.00000
   89 222 (222Ac) 2.93175E+01    0    2.43740E+01  0.83138
                                 3    4.94351E+00  0.16862   6.30000E+01 sec. 
   88 222 (222Ra) 9.44576E+00    0    9.44576E+00  1.00000
   87 222 (222Fr) 5.75869E-02    0    5.75869E-02  1.00000
   86 222 (222Rn) 6.87447E-05    0    6.87447E-05  1.00000
   85 222 (222At) 6.59800E-09    0    6.59800E-09  1.00000
   90 221 (221Th) 3.83778E-04    0    3.83778E-04  1.00000
   89 221 (221Ac) 1.42268E+01    0    1.42268E+01  1.00000
   88 221 (221Ra) 7.57767E+00    0    7.57767E+00  1.00000
   87 221 (221Fr) 7.65006E-02    0    7.65006E-02  1.00000
   86 221 (221Rn) 1.04587E-03    0    1.04587E-03  1.00000
   85 221 (221At) 2.73666E-07    0    2.73666E-07  1.00000
   90 220 (220Th) 1.97291E-08    0    1.97291E-08  1.00000
   89 220 (220Ac) 8.76717E-01    0    8.76717E-01  1.00000
   88 220 (220Ra) 3.08212E+00    0    3.08212E+00  1.00000
   87 220 (220Fr) 2.99039E-01    0    2.99039E-01  1.00000
   86 220 (220Rn) 6.93290E-03    0    6.93290E-03  1.00000
   85 220 (220At) 1.61888E-08    0    1.61888E-08  1.00000
   84 220 (220Po) 5.94163E-11    0    5.94163E-11  1.00000
   89 219 (219Ac) 6.59401E-03    0    6.59401E-03  1.00000
   88 219 (219Ra) 5.44804E-01    0    5.44804E-01  1.00000
   87 219 (219Fr) 1.85486E+00    0    1.85486E+00  1.00000
   86 219 (219Rn) 1.59018E-02    0    1.59018E-02  1.00000
   85 219 (219At) 3.27602E-05    0    3.27602E-05  1.00000
   84 219 (219Po) 6.56869E-09    0    6.56869E-09  1.00000
   83 219 (219Bi) 1.00000E-12    0    3.62940E-20  0.00000
   89 218 (218Ac) 9.74287E-07    0    9.74287E-07  1.00000
   88 218 (218Ra) 2.68870E-03    0    2.68870E-03  1.00000
   87 218 (218Fr) 1.06858E+00    0    1.06858E+00  1.00000
   86 218 (218Rn) 1.54268E-02    0    1.54268E-02  1.00000
   85 218 (218At) 4.80656E-04    0    4.80656E-04  1.00000
   84 218 (218Po) 6.53089E-08    0    6.53089E-08  1.00000
   83 218 (218Bi) 1.00000E-12    0    7.37325E-20  0.00000
   88 217 (217Ra) 2.53185E-07    0    2.53185E-07  1.00000
   87 217 (217Fr) 1.09962E-01    0    1.09962E-01  1.00000
   86 217 (217Rn) 8.35745E-03    0    8.35745E-03  1.00000
   85 217 (217At) 2.18521E-03    0    2.18521E-03  1.00000
   84 217 (217Po) 2.79942E-07    0    2.79942E-07  1.00000
   83 217 (217Bi) 1.00000E-12    0    2.21413E-15  1.00000
   82 217 (217Pb) 1.00000E-12    0    4.32210E-29  0.00000
   87 216 (216Fr) 1.74182E-03    0    1.74182E-03  1.00000
   86 216 (216Rn) 6.22938E-04    0    6.22938E-04  1.00000
   85 216 (216At) 3.28917E-03    0    3.28917E-03  1.00000
   84 216 (216Po) 2.51391E-07    0    2.51391E-07  1.00000
   83 216 (216Bi) 2.02889E-10    0    5.52662E-11  0.27240
                                 1    1.47623E-10  0.72760   3.96000E+02 sec. 
   82 216 (216Pb) 1.00000E-12    0    6.38190E-20  0.00000
   87 215 (215Fr) 2.96140E-06    0    2.96140E-06  1.00000
   86 215 (215Rn) 2.45989E-06    0    2.45989E-06  1.00000
   85 215 (215At) 1.69394E-03    0    1.69394E-03  1.00000
   84 215 (215Po) 1.63487E-07    0    1.63487E-07  1.00000
   83 215 (215Bi) 1.49289E-09    0    1.49270E-09  0.99987
                                 9    1.90550E-13  0.00013   3.69000E+01 sec. 
   82 215 (215Pb) 1.00000E-12    0    7.99439E-19  0.00000
   87 214 (214Fr) 3.49404E-09    0    3.49404E-09  1.00000
   86 214 (214Rn) 7.05398E-09    0    7.05398E-09  1.00000
   85 214 (214At) 3.79169E-04    0    3.79169E-04  1.00000
   84 214 (214Po) 1.72383E-08    0    1.72383E-08  1.00000
   83 214 (214Bi) 1.49504E-10    0    1.35636E-10  0.90724
                                 9    1.38679E-11  0.09276   9.30000E+01 sec. 
   82 214 (214Pb) 1.00000E-12    0    1.37817E-18  0.00000
   81 214 (214Tl) 1.00000E-12    0    1.51750E-29  0.00000
   85 213 (213At) 5.61787E-05    0    5.61787E-05  1.00000
   84 213 (213Po) 1.17137E-09    0    1.17137E-09  1.00000
   83 213 (213Bi) 1.27300E-07    0    1.27300E-07  1.00000
   82 213 (213Pb) 1.00000E-12    0    5.10859E-18  0.00000
   81 213 (213Tl) 1.00000E-12    0    1.35527E-20  0.00000
   85 212 (212At) 3.64646E-06    0    3.64646E-06  1.00000
   84 212 (212Po) 1.15174E-09    0    1.14051E-09  0.99025
                                57    1.12323E-11  0.00975   4.51000E+01 sec. 
   83 212 (212Bi) 6.49503E-09    0    6.46666E-09  0.99563
                                 5    9.11174E-13  0.00014   1.50000E+03 sec. 
                                12    2.74595E-11  0.00423   4.20000E+02 sec. 
   82 212 (212Pb) 1.00000E-12    0    2.84934E-16  0.00000
   81 212 (212Tl) 1.00000E-12    0    2.96908E-19  0.00000
   85 211 (211At) 1.84759E-08    0    1.84759E-08  1.00000
   83 211 (211Bi) 4.87693E-08    0    4.87693E-08  1.00000
   82 211 (211Pb) 1.00000E-12    0    1.61804E-18  0.00000
   81 211 (211Tl) 1.00000E-12    0    1.08646E-19  0.00000
   83 210 (210Bi) 2.91557E-09    0    9.28128E-10  0.31833
                                 2    1.98744E-09  0.68167   9.59300E+13 sec. 
   82 210 (210Pb) 1.00000E-12    0    1.86489E-14  0.00000
   81 210 (210Tl) 1.00000E-12    0    8.48726E-19  0.00000
   83 209 (209Bi) 1.62213E-08    0    1.62213E-08  1.00000
   81 209 (209Tl) 1.00000E-12    0    3.37045E-19  0.00000
   81 208 (208Tl) 1.00000E-12    0    7.88240E-19  0.00000
   81 207 (207Tl) 1.00000E-12    0    4.35205E-19  0.00000
                                 2    2.39681E-19  0.00000   1.33000E+00 sec. 

   b. Per mass

   A  cross section

  233 6.63352E-02
  232 8.18262E+01
  231 1.29584E+02
  230 2.04135E+02
  229 1.77469E+02
  228 1.72392E+02
  227 1.50151E+02
  226 1.29018E+02
  225 7.93319E+01
  224 6.89651E+01
  223 4.13043E+01
  222 3.98708E+01
  221 2.18824E+01
  220 4.26481E+00
  219 2.42219E+00
  218 1.08718E+00
  217 1.20505E-01
  216 5.65418E-03
  215 1.69953E-03
  214 3.79197E-04
  213 5.63072E-05
  212 3.65411E-06
  211 6.72452E-08
  210 2.91557E-09
  209 1.62213E-08

 Total residual production cross section:  1303.8992920
 Total fission cross section            :   749.5920410
 Fission + res. production cross section:  2053.4912109
 Non-elastic cross section              :  2145.4099121

 4b. Fission cross section per fissioning nuclide

   91 233 (233Pa) 8.46938E-01
   91 232 (232Pa) 5.71595E+01
   90 232 (232Th) 6.64102E+00
   91 231 (231Pa) 6.03792E+01
   90 231 (231Th) 9.72654E+01
   89 231 (231Ac) 3.49091E-01
   91 230 (230Pa) 6.06393E+01
   90 230 (230Th) 1.95206E+01
   89 230 (230Ac) 4.88689E-01
   88 230 (230Ra) 1.72472E-04
   91 229 (229Pa) 5.84003E+01
   90 229 (229Th) 1.05116E+02
   89 229 (229Ac) 2.92757E+00
   88 229 (229Ra) 1.72245E-04
   87 229 (229Fr) 3.53333E-10
   91 228 (228Pa) 6.35732E+01
   90 228 (228Th) 1.63609E+01
   89 228 (228Ac) 3.18912E+00
   88 228 (228Ra) 2.07262E-02
   87 228 (228Fr) 5.36220E-10
   91 227 (227Pa) 5.36043E+01
   90 227 (227Th) 2.14113E+01
   89 227 (227Ac) 1.76094E+00
   88 227 (227Ra) 1.66608E-01
   87 227 (227Fr) 1.45571E-05
   91 226 (226Pa) 4.67324E+01
   90 226 (226Th) 2.08910E+01
   89 226 (226Ac) 2.69121E+01
   88 226 (226Ra) 6.16035E-02
   87 226 (226Fr) 8.45174E-05
   86 226 (226Rn) 5.92512E-12
   91 225 (225Pa) 1.07271E+01
   90 225 (225Th) 5.84571E+00
   89 225 (225Ac) 5.56692E-01
   88 225 (225Ra) 4.86414E-02
   87 225 (225Fr) 1.31155E-02
   86 225 (225Rn) 5.85225E-11
   91 224 (224Pa) 7.24974E-01
   90 224 (224Th) 5.82710E+00
   89 224 (224Ac) 5.20295E-01
   88 224 (224Ra) 1.60859E-02
   87 224 (224Fr) 9.22245E-03
   86 224 (224Rn) 2.34553E-06
   91 223 (223Pa) 4.49612E-03
   90 223 (223Th) 6.03295E-01
   89 223 (223Ac) 1.99670E-01
   88 223 (223Ra) 8.79262E-03
   87 223 (223Fr) 3.76956E-03
   86 223 (223Rn) 3.67629E-06
   85 223 (223At) 3.60300E-13
   91 222 (222Pa) 2.32105E-07
   90 222 (222Th) 7.92001E-03
   89 222 (222Ac) 4.45750E-02
   88 222 (222Ra) 6.82390E-03
   87 222 (222Fr) 1.97748E-03
   86 222 (222Rn) 3.14751E-06
   85 222 (222At) 1.32388E-11
   90 221 (221Th) 8.62843E-08
   89 221 (221Ac) 2.99022E-03
   88 221 (221Ra) 2.54621E-04
   87 221 (221Fr) 3.37351E-04
   86 221 (221Rn) 7.52028E-07
   85 221 (221At) 7.61375E-07
   89 220 (220Ac) 2.46375E-05
   88 220 (220Ra) 1.88095E-05
   87 220 (220Fr) 6.51000E-05
   86 220 (220Rn) 4.87952E-08
   85 220 (220At) 3.32431E-07
   84 220 (220Po) 3.60599E-14
   89 219 (219Ac) 1.65377E-09
   88 219 (219Ra) 1.36559E-09
   87 219 (219Fr) 2.63632E-06
   86 219 (219Rn) 1.61486E-09
   85 219 (219At) 6.01778E-08
   84 219 (219Po) 3.40232E-15
   89 218 (218Ac) 2.08535E-15
   88 218 (218Ra) 4.00470E-13
   87 218 (218Fr) 2.62157E-08
   86 218 (218Rn) 1.28860E-11
   85 218 (218At) 5.10131E-09
   84 218 (218Po) 4.37517E-15
   87 217 (217Fr) 4.93540E-11
   86 217 (217Rn) 7.03259E-14
   85 217 (217At) 1.71944E-10
   84 217 (217Po) 3.10149E-16
   83 217 (217Bi) 1.14793E-15
   87 216 (216Fr) 2.20240E-14
   86 216 (216Rn) 9.16756E-17
   85 216 (216At) 3.59510E-12
   84 216 (216Po) 1.11110E-18
   83 216 (216Bi) 4.07326E-16
   87 215 (215Fr) 5.58687E-26
   85 215 (215At) 5.09205E-15
   84 215 (215Po) 3.40874E-21
   83 215 (215Bi) 1.16163E-17
   85 214 (214At) 6.73448E-18
   83 214 (214Bi) 6.31146E-19
   83 213 (213Bi) 1.29171E-20

 Execution time:  0 hours  5 minutes 20.35 seconds 

 The TALYS team congratulates you with this successful calculation.
